
> mcpmux@0.1.0 test:e2e D:\omc\mcp-mux
> cross-env MCPMUX_REGISTRY_URL=http://localhost:8787 pnpm exec wdio run tests/e2e/wdio.conf.ts

2026-02-01T11:23:51.272Z INFO @wdio/cli:launcher: Run onPrepare hook
[e2e] Cleared bundle cache: C:\Users\mash\AppData\Local\com.mcpmux.desktop\cache\registry-bundle.json
[e2e] Starting Mock Bundle API...
[e2e] Starting Stub MCP HTTP Server...
[e2e] Starting Stub MCP OAuth Server...
node.exe : (node:9788) [DEP0190] DeprecationWarning: Passing args to a child process with shell option true can lead 
to security vulnerabilities, as the arguments are not escaped, only concatenated.
At C:\nvm4w\nodejs\pnpm.ps1:16 char:5
+     & "$basedir/node$exe"  "$basedir/node_modules/pnpm/bin/pnpm.cjs"  ...
+     ~~~~~~~~~~~~~~~~~~~~~~~~~~~~~~~~~~~~~~~~~~~~~~~~~~~~~~~~~~~~~~~~~
    + CategoryInfo          : NotSpecified: ((node:9788) [DE...y concatenated.:String) [], RemoteException
    + FullyQualifiedErrorId : NativeCommandError
 
(Use `node --trace-deprecation ...` to show where the warning was created)
[e2e] Mock Bundle API is ready on port 8787
[e2e] Stub MCP OAuth is ready on port 3458
[e2e] Stub MCP HTTP is ready on port 3457

Execution of 9 workers started at 2026-02-01T11:23:51.397Z

2026-02-01T11:23:51.399Z INFO @wdio/cli:launcher: Run onWorkerStart hook
2026-02-01T11:23:51.400Z INFO @wdio/xvfb: XvfbManager.init() called
2026-02-01T11:23:51.400Z INFO @wdio/xvfb: Xvfb not needed on current platform
2026-02-01T11:23:51.401Z INFO @wdio/local-runner: Start worker 0-0 with arg: run tests/e2e/wdio.conf.ts
2026-02-01T11:23:51.465Z INFO @wdio/xvfb:ProcessFactory: xvfb-run not found, falling back to regular fork
2026-02-01T11:23:51.465Z INFO @wdio/xvfb:ProcessFactory: ProcessFactory: shouldRun=false, isAvailable=false
2026-02-01T11:23:51.465Z INFO @wdio/xvfb:ProcessFactory: Creating worker process with regular fork
[0-0] 2026-02-01T11:23:52.609Z INFO @wdio/local-runner: Run worker command: run
[0-0] Starting msedgedriver 144.0.3719.104 (7d1be999663b6950497e02929a79dc4136d9e376) on port 4445
[0-0] To submit feedback, report a bug, or suggest new features, please visit https://github.com/MicrosoftEdge/EdgeWebDriver
[0-0] 
[0-0] Only local connections are allowed.
[0-0] Please see https://aka.ms/WebDriverSecurity for suggestions on keeping Microsoft Edge WebDriver safe.
[0-0] msedgedriver was started successfully on port 4445.
[mock-bundle-api] [mock-bundle-api] Server running at http://localhost:8787
[mock-bundle-api] [mock-bundle-api] Bundle endpoint: http://localhost:8787/v1/bundle
[mock-bundle-api] Serving 6 test servers
[0-0] RUNNING in undefined - file:///D:/omc/mcp-mux/tests/e2e/specs/app.wdio.ts
[0-0] 2026-02-01T11:23:52.954Z INFO webdriver: Initiate new session using the WebDriver protocol
[0-0] 2026-02-01T11:23:52.954Z INFO @wdio/utils: Connecting to existing driver at http://localhost:4444/
[0-0] 2026-02-01T11:23:52.961Z INFO webdriver: [POST] http://localhost:4444/session
[stub-mcp-oauth] [oauth-server] Stub MCP OAuth server running at http://localhost:3458
[stub-mcp-oauth] [oauth-server] OAuth metadata: http://localhost:3458/.well-known/oauth-authorization-server
[oauth-server] MCP endpoint: http://localhost:3458/mcp (requires Bearer token)
[stub-mcp-http] [http-server] Stub MCP HTTP server running at http://localhost:3457
[stub-mcp-http] [http-server] MCP endpoint: http://localhost:3457/mcp
[http-server] Health check: http://localhost:3457/health
[0-0] 2026-02-01T11:23:54.070Z INFO webdriver: COMMAND getWindowHandle()
[0-0] 2026-02-01T11:23:54.071Z INFO webdriver: [GET] http://localhost:4444/session/890d5f7f47d033b6fe91dbe20f5a8357/window
[0-0] 2026-02-01T11:23:54.077Z INFO webdriver: RESULT F69D1E138FE01FD07082B539286C80B6
[0-0] 2026-02-01T11:23:56.112Z INFO webdriver: COMMAND getTitle()
[0-0] 2026-02-01T11:23:56.113Z INFO webdriver: [GET] http://localhost:4444/session/890d5f7f47d033b6fe91dbe20f5a8357/title
[0-0] 2026-02-01T11:23:56.125Z INFO webdriver: RESULT McpMux
[0-0] 2026-02-01T11:23:56.134Z INFO webdriver: COMMAND findElement("css selector", "[data-testid="nav-dashboard"]")
[0-0] 2026-02-01T11:23:56.135Z INFO webdriver: [POST] http://localhost:4444/session/890d5f7f47d033b6fe91dbe20f5a8357/element
[0-0] 2026-02-01T11:23:56.135Z INFO webdriver: DATA {"using":"css selector","value":"[data-testid=\"nav-dashboard\"]"}
[0-0] 2026-02-01T11:23:56.154Z INFO webdriver: RESULT {
[0-0]   'element-6066-11e4-a52e-4f735466cecf': 'f.F69D1E138FE01FD07082B539286C80B6.d.42B052BE4CC71579D51D247416B976CB.e.44'
[0-0] }
[0-0] 2026-02-01T11:23:56.159Z INFO webdriver: COMMAND executeScript(<fn>, <object>)
[0-0] 2026-02-01T11:23:56.160Z INFO webdriver: [POST] http://localhost:4444/session/890d5f7f47d033b6fe91dbe20f5a8357/execute/sync
[0-0] 2026-02-01T11:23:56.160Z INFO webdriver: DATA {"script":"\n            function webdriverioPolyfill() {\n  var __defProp = Object.defineProperty;\n  var __name = function(target, _value) {\n    return __defProp(target, \"name\", { value: _value, configurable: true });\n  };\n  var __globalThis = typeof globalThis === \"object\" && globalThis || typeof window === \"object\" && window;\n  __globalThis.__name = __name;\n}\n            webdriverioPolyfill();\n            return (function(elem) {\n      try {\n        const style = window.getComputedStyle(elem);\n        return { value: style?.display ?? \"\" };\n      } catch {\n        if (typeof elem.isConnected === \"boolean\" && !elem.isConnected) {\n          throw new Error(\"stale element reference: element is not attached to the page document\");\n        }\n        return { value: \"\" };\n      }\n    }).apply(null, arguments)\n        ","args":[{"element-6066-11e4-a52e-4f735466cecf":"f.F69D1E138FE01FD07082B539286C80B6.d.42B052BE4CC71579D51D247416B976CB.e.44","ELEMENT":"f.F69D1E138FE01FD07082B539286C80B6.d.42B052BE4CC71579D51D247416B976CB.e.44"}]}
[0-0] 2026-02-01T11:23:56.161Z INFO webdriver: COMMAND executeScript(<fn>, <object>)
[0-0] 2026-02-01T11:23:56.161Z INFO webdriver: [POST] http://localhost:4444/session/890d5f7f47d033b6fe91dbe20f5a8357/execute/sync
[0-0] 2026-02-01T11:23:56.161Z INFO webdriver: DATA {"script":"\n            function webdriverioPolyfill() {\n  var __defProp = Object.defineProperty;\n  var __name = function(target, _value) {\n    return __defProp(target, \"name\", { value: _value, configurable: true });\n  };\n  var __globalThis = typeof globalThis === \"object\" && globalThis || typeof window === \"object\" && window;\n  __globalThis.__name = __name;\n}\n            webdriverioPolyfill();\n            return (function checkVisibility(elem, params) {\n      if (typeof elem.checkVisibility === \"function\") {\n        return elem.checkVisibility(params);\n      }\n      return null;\n    }).apply(null, arguments)\n        ","args":[{"element-6066-11e4-a52e-4f735466cecf":"f.F69D1E138FE01FD07082B539286C80B6.d.42B052BE4CC71579D51D247416B976CB.e.44","ELEMENT":"f.F69D1E138FE01FD07082B539286C80B6.d.42B052BE4CC71579D51D247416B976CB.e.44"},{"withinViewport":false,"contentVisibilityAuto":true,"opacityProperty":true,"visibilityProperty":true}]}
[0-0] 2026-02-01T11:23:56.188Z INFO webdriver: RESULT { value: 'flex' }
[0-0] 2026-02-01T11:23:56.190Z INFO webdriver: COMMAND takeScreenshot()
[0-0] 2026-02-01T11:23:56.190Z INFO webdriver: [GET] http://localhost:4444/session/890d5f7f47d033b6fe91dbe20f5a8357/screenshot
[0-0] 2026-02-01T11:23:56.199Z INFO webdriver: RESULT true
[0-0] 2026-02-01T11:23:56.200Z INFO webdriver: COMMAND executeScript(<fn>, <object>)
[0-0] 2026-02-01T11:23:56.200Z INFO webdriver: [POST] http://localhost:4444/session/890d5f7f47d033b6fe91dbe20f5a8357/execute/sync
[0-0] 2026-02-01T11:23:56.201Z INFO webdriver: DATA {"script":"\n            function webdriverioPolyfill() {\n  var __defProp = Object.defineProperty;\n  var __name = function(target, _value) {\n    return __defProp(target, \"name\", { value: _value, configurable: true });\n  };\n  var __globalThis = typeof globalThis === \"object\" && globalThis || typeof window === \"object\" && window;\n  __globalThis.__name = __name;\n}\n            webdriverioPolyfill();\n            return (function(elem) {\n      try {\n        const style = window.getComputedStyle(elem);\n        return { value: style?.display ?? \"\" };\n      } catch {\n        if (typeof elem.isConnected === \"boolean\" && !elem.isConnected) {\n          throw new Error(\"stale element reference: element is not attached to the page document\");\n        }\n        return { value: \"\" };\n      }\n    }).apply(null, arguments)\n        ","args":[{"element-6066-11e4-a52e-4f735466cecf":"f.F69D1E138FE01FD07082B539286C80B6.d.42B052BE4CC71579D51D247416B976CB.e.44","ELEMENT":"f.F69D1E138FE01FD07082B539286C80B6.d.42B052BE4CC71579D51D247416B976CB.e.44"}]}
[0-0] 2026-02-01T11:23:56.201Z INFO webdriver: COMMAND executeScript(<fn>, <object>)
[0-0] 2026-02-01T11:23:56.201Z INFO webdriver: [POST] http://localhost:4444/session/890d5f7f47d033b6fe91dbe20f5a8357/execute/sync
[0-0] 2026-02-01T11:23:56.201Z INFO webdriver: DATA {"script":"\n            function webdriverioPolyfill() {\n  var __defProp = Object.defineProperty;\n  var __name = function(target, _value) {\n    return __defProp(target, \"name\", { value: _value, configurable: true });\n  };\n  var __globalThis = typeof globalThis === \"object\" && globalThis || typeof window === \"object\" && window;\n  __globalThis.__name = __name;\n}\n            webdriverioPolyfill();\n            return (function checkVisibility(elem, params) {\n      if (typeof elem.checkVisibility === \"function\") {\n        return elem.checkVisibility(params);\n      }\n      return null;\n    }).apply(null, arguments)\n        ","args":[{"element-6066-11e4-a52e-4f735466cecf":"f.F69D1E138FE01FD07082B539286C80B6.d.42B052BE4CC71579D51D247416B976CB.e.44","ELEMENT":"f.F69D1E138FE01FD07082B539286C80B6.d.42B052BE4CC71579D51D247416B976CB.e.44"},{"withinViewport":false,"contentVisibilityAuto":true,"opacityProperty":true,"visibilityProperty":true}]}
[0-0] 2026-02-01T11:23:56.203Z INFO webdriver: COMMAND takeScreenshot()
[0-0] 2026-02-01T11:23:56.203Z INFO webdriver: [GET] http://localhost:4444/session/890d5f7f47d033b6fe91dbe20f5a8357/screenshot
[0-0] 2026-02-01T11:23:56.367Z INFO webdriver: RESULT iVBORw0KGgoAAAANSUhEUgAACWAAAAWmCAIAAACDPgzkAAAQAElEQVR4nOzdC...
[0-0] 2026-02-01T11:23:56.369Z INFO webdriver: RESULT { value: 'flex' }
[0-0] 2026-02-01T11:23:56.371Z INFO webdriver: COMMAND takeScreenshot()
[0-0] 2026-02-01T11:23:56.371Z INFO webdriver: [GET] http://localhost:4444/session/890d5f7f47d033b6fe91dbe20f5a8357/screenshot
[0-0] 2026-02-01T11:23:56.505Z INFO webdriver: RESULT iVBORw0KGgoAAAANSUhEUgAACWAAAAWmCAIAAACDPgzkAAAQAElEQVR4nOzdC...
[0-0] 2026-02-01T11:23:56.506Z INFO webdriver: RESULT true
[0-0] 2026-02-01T11:23:56.507Z INFO webdriver: COMMAND takeScreenshot()
[0-0] 2026-02-01T11:23:56.507Z INFO webdriver: [GET] http://localhost:4444/session/890d5f7f47d033b6fe91dbe20f5a8357/screenshot
[0-0] 2026-02-01T11:23:56.511Z INFO webdriver: COMMAND findElement("css selector", "[data-testid="nav-my-servers"]")
[0-0] 2026-02-01T11:23:56.512Z INFO webdriver: [POST] http://localhost:4444/session/890d5f7f47d033b6fe91dbe20f5a8357/element
[0-0] 2026-02-01T11:23:56.512Z INFO webdriver: DATA {"using":"css selector","value":"[data-testid=\"nav-my-servers\"]"}
[0-0] 2026-02-01T11:23:56.635Z INFO webdriver: RESULT iVBORw0KGgoAAAANSUhEUgAACWAAAAWmCAIAAACDPgzkAAAQAElEQVR4nOzdC...
[0-0] 2026-02-01T11:23:56.785Z INFO webdriver: RESULT iVBORw0KGgoAAAANSUhEUgAACWAAAAWmCAIAAACDPgzkAAAQAElEQVR4nOzdC...
[0-0] 2026-02-01T11:23:56.786Z INFO webdriver: RESULT {
[0-0]   'element-6066-11e4-a52e-4f735466cecf': 'f.F69D1E138FE01FD07082B539286C80B6.d.42B052BE4CC71579D51D247416B976CB.e.45'
[0-0] }
[0-0] 2026-02-01T11:23:56.788Z INFO webdriver: COMMAND executeScript(<fn>, <object>)
[0-0] 2026-02-01T11:23:56.788Z INFO webdriver: [POST] http://localhost:4444/session/890d5f7f47d033b6fe91dbe20f5a8357/execute/sync
[0-0] 2026-02-01T11:23:56.788Z INFO webdriver: DATA {"script":"\n            function webdriverioPolyfill() {\n  var __defProp = Object.defineProperty;\n  var __name = function(target, _value) {\n    return __defProp(target, \"name\", { value: _value, configurable: true });\n  };\n  var __globalThis = typeof globalThis === \"object\" && globalThis || typeof window === \"object\" && window;\n  __globalThis.__name = __name;\n}\n            webdriverioPolyfill();\n            return (function(elem) {\n      try {\n        const style = window.getComputedStyle(elem);\n        return { value: style?.display ?? \"\" };\n      } catch {\n        if (typeof elem.isConnected === \"boolean\" && !elem.isConnected) {\n          throw new Error(\"stale element reference: element is not attached to the page document\");\n        }\n        return { value: \"\" };\n      }\n    }).apply(null, arguments)\n        ","args":[{"element-6066-11e4-a52e-4f735466cecf":"f.F69D1E138FE01FD07082B539286C80B6.d.42B052BE4CC71579D51D247416B976CB.e.45","ELEMENT":"f.F69D1E138FE01FD07082B539286C80B6.d.42B052BE4CC71579D51D247416B976CB.e.45"}]}
[0-0] 2026-02-01T11:23:56.789Z INFO webdriver: COMMAND executeScript(<fn>, <object>)
[0-0] 2026-02-01T11:23:56.789Z INFO webdriver: [POST] http://localhost:4444/session/890d5f7f47d033b6fe91dbe20f5a8357/execute/sync
[0-0] 2026-02-01T11:23:56.789Z INFO webdriver: DATA {"script":"\n            function webdriverioPolyfill() {\n  var __defProp = Object.defineProperty;\n  var __name = function(target, _value) {\n    return __defProp(target, \"name\", { value: _value, configurable: true });\n  };\n  var __globalThis = typeof globalThis === \"object\" && globalThis || typeof window === \"object\" && window;\n  __globalThis.__name = __name;\n}\n            webdriverioPolyfill();\n            return (function checkVisibility(elem, params) {\n      if (typeof elem.checkVisibility === \"function\") {\n        return elem.checkVisibility(params);\n      }\n      return null;\n    }).apply(null, arguments)\n        ","args":[{"element-6066-11e4-a52e-4f735466cecf":"f.F69D1E138FE01FD07082B539286C80B6.d.42B052BE4CC71579D51D247416B976CB.e.45","ELEMENT":"f.F69D1E138FE01FD07082B539286C80B6.d.42B052BE4CC71579D51D247416B976CB.e.45"},{"withinViewport":false,"contentVisibilityAuto":true,"opacityProperty":true,"visibilityProperty":true}]}
[0-0] 2026-02-01T11:23:56.799Z INFO webdriver: RESULT { value: 'flex' }
[0-0] 2026-02-01T11:23:56.800Z INFO webdriver: COMMAND takeScreenshot()
[0-0] 2026-02-01T11:23:56.800Z INFO webdriver: [GET] http://localhost:4444/session/890d5f7f47d033b6fe91dbe20f5a8357/screenshot
[0-0] 2026-02-01T11:23:56.804Z INFO webdriver: RESULT true
[0-0] 2026-02-01T11:23:56.805Z INFO webdriver: COMMAND executeScript(<fn>, <object>)
[0-0] 2026-02-01T11:23:56.805Z INFO webdriver: [POST] http://localhost:4444/session/890d5f7f47d033b6fe91dbe20f5a8357/execute/sync
[0-0] 2026-02-01T11:23:56.805Z INFO webdriver: DATA {"script":"\n            function webdriverioPolyfill() {\n  var __defProp = Object.defineProperty;\n  var __name = function(target, _value) {\n    return __defProp(target, \"name\", { value: _value, configurable: true });\n  };\n  var __globalThis = typeof globalThis === \"object\" && globalThis || typeof window === \"object\" && window;\n  __globalThis.__name = __name;\n}\n            webdriverioPolyfill();\n            return (function(elem) {\n      try {\n        const style = window.getComputedStyle(elem);\n        return { value: style?.display ?? \"\" };\n      } catch {\n        if (typeof elem.isConnected === \"boolean\" && !elem.isConnected) {\n          throw new Error(\"stale element reference: element is not attached to the page document\");\n        }\n        return { value: \"\" };\n      }\n    }).apply(null, arguments)\n        ","args":[{"element-6066-11e4-a52e-4f735466cecf":"f.F69D1E138FE01FD07082B539286C80B6.d.42B052BE4CC71579D51D247416B976CB.e.45","ELEMENT":"f.F69D1E138FE01FD07082B539286C80B6.d.42B052BE4CC71579D51D247416B976CB.e.45"}]}
[0-0] 2026-02-01T11:23:56.806Z INFO webdriver: COMMAND executeScript(<fn>, <object>)
[0-0] 2026-02-01T11:23:56.806Z INFO webdriver: [POST] http://localhost:4444/session/890d5f7f47d033b6fe91dbe20f5a8357/execute/sync
[0-0] 2026-02-01T11:23:56.806Z INFO webdriver: DATA {"script":"\n            function webdriverioPolyfill() {\n  var __defProp = Object.defineProperty;\n  var __name = function(target, _value) {\n    return __defProp(target, \"name\", { value: _value, configurable: true });\n  };\n  var __globalThis = typeof globalThis === \"object\" && globalThis || typeof window === \"object\" && window;\n  __globalThis.__name = __name;\n}\n            webdriverioPolyfill();\n            return (function checkVisibility(elem, params) {\n      if (typeof elem.checkVisibility === \"function\") {\n        return elem.checkVisibility(params);\n      }\n      return null;\n    }).apply(null, arguments)\n        ","args":[{"element-6066-11e4-a52e-4f735466cecf":"f.F69D1E138FE01FD07082B539286C80B6.d.42B052BE4CC71579D51D247416B976CB.e.45","ELEMENT":"f.F69D1E138FE01FD07082B539286C80B6.d.42B052BE4CC71579D51D247416B976CB.e.45"},{"withinViewport":false,"contentVisibilityAuto":true,"opacityProperty":true,"visibilityProperty":true}]}
[0-0] 2026-02-01T11:23:56.807Z INFO webdriver: COMMAND takeScreenshot()
[0-0] 2026-02-01T11:23:56.807Z INFO webdriver: [GET] http://localhost:4444/session/890d5f7f47d033b6fe91dbe20f5a8357/screenshot
[0-0] 2026-02-01T11:23:56.943Z INFO webdriver: RESULT iVBORw0KGgoAAAANSUhEUgAACWAAAAWmCAIAAACDPgzkAAAQAElEQVR4nOzdC...
[0-0] 2026-02-01T11:23:56.947Z INFO webdriver: RESULT { value: 'flex' }
[0-0] 2026-02-01T11:23:56.948Z INFO webdriver: COMMAND takeScreenshot()
[0-0] 2026-02-01T11:23:56.948Z INFO webdriver: [GET] http://localhost:4444/session/890d5f7f47d033b6fe91dbe20f5a8357/screenshot
[0-0] 2026-02-01T11:23:56.955Z INFO webdriver: RESULT true
[0-0] 2026-02-01T11:23:56.956Z INFO webdriver: COMMAND takeScreenshot()
[0-0] 2026-02-01T11:23:56.956Z INFO webdriver: [GET] http://localhost:4444/session/890d5f7f47d033b6fe91dbe20f5a8357/screenshot
[0-0] 2026-02-01T11:23:56.957Z INFO webdriver: COMMAND findElement("css selector", "[data-testid="nav-discover"]")
[0-0] 2026-02-01T11:23:56.957Z INFO webdriver: [POST] http://localhost:4444/session/890d5f7f47d033b6fe91dbe20f5a8357/element
[0-0] 2026-02-01T11:23:56.957Z INFO webdriver: DATA {"using":"css selector","value":"[data-testid=\"nav-discover\"]"}
[0-0] 2026-02-01T11:23:57.090Z INFO webdriver: RESULT iVBORw0KGgoAAAANSUhEUgAACWAAAAWmCAIAAACDPgzkAAAQAElEQVR4nOzdC...
[0-0] 2026-02-01T11:23:57.207Z INFO webdriver: RESULT iVBORw0KGgoAAAANSUhEUgAACWAAAAWmCAIAAACDPgzkAAAQAElEQVR4nOzdC...
[0-0] 2026-02-01T11:23:57.334Z INFO webdriver: RESULT {
[0-0]   'element-6066-11e4-a52e-4f735466cecf': 'f.F69D1E138FE01FD07082B539286C80B6.d.42B052BE4CC71579D51D247416B976CB.e.46'
[0-0] }
[0-0] 2026-02-01T11:23:57.336Z INFO webdriver: COMMAND executeScript(<fn>, <object>)
[0-0] 2026-02-01T11:23:57.336Z INFO webdriver: [POST] http://localhost:4444/session/890d5f7f47d033b6fe91dbe20f5a8357/execute/sync
[0-0] 2026-02-01T11:23:57.336Z INFO webdriver: DATA {"script":"\n            function webdriverioPolyfill() {\n  var __defProp = Object.defineProperty;\n  var __name = function(target, _value) {\n    return __defProp(target, \"name\", { value: _value, configurable: true });\n  };\n  var __globalThis = typeof globalThis === \"object\" && globalThis || typeof window === \"object\" && window;\n  __globalThis.__name = __name;\n}\n            webdriverioPolyfill();\n            return (function(elem) {\n      try {\n        const style = window.getComputedStyle(elem);\n        return { value: style?.display ?? \"\" };\n      } catch {\n        if (typeof elem.isConnected === \"boolean\" && !elem.isConnected) {\n          throw new Error(\"stale element reference: element is not attached to the page document\");\n        }\n        return { value: \"\" };\n      }\n    }).apply(null, arguments)\n        ","args":[{"element-6066-11e4-a52e-4f735466cecf":"f.F69D1E138FE01FD07082B539286C80B6.d.42B052BE4CC71579D51D247416B976CB.e.46","ELEMENT":"f.F69D1E138FE01FD07082B539286C80B6.d.42B052BE4CC71579D51D247416B976CB.e.46"}]}
[0-0] 2026-02-01T11:23:57.337Z INFO webdriver: COMMAND executeScript(<fn>, <object>)
[0-0] 2026-02-01T11:23:57.337Z INFO webdriver: [POST] http://localhost:4444/session/890d5f7f47d033b6fe91dbe20f5a8357/execute/sync
[0-0] 2026-02-01T11:23:57.337Z INFO webdriver: DATA {"script":"\n            function webdriverioPolyfill() {\n  var __defProp = Object.defineProperty;\n  var __name = function(target, _value) {\n    return __defProp(target, \"name\", { value: _value, configurable: true });\n  };\n  var __globalThis = typeof globalThis === \"object\" && globalThis || typeof window === \"object\" && window;\n  __globalThis.__name = __name;\n}\n            webdriverioPolyfill();\n            return (function checkVisibility(elem, params) {\n      if (typeof elem.checkVisibility === \"function\") {\n        return elem.checkVisibility(params);\n      }\n      return null;\n    }).apply(null, arguments)\n        ","args":[{"element-6066-11e4-a52e-4f735466cecf":"f.F69D1E138FE01FD07082B539286C80B6.d.42B052BE4CC71579D51D247416B976CB.e.46","ELEMENT":"f.F69D1E138FE01FD07082B539286C80B6.d.42B052BE4CC71579D51D247416B976CB.e.46"},{"withinViewport":false,"contentVisibilityAuto":true,"opacityProperty":true,"visibilityProperty":true}]}
[0-0] 2026-02-01T11:23:57.340Z INFO webdriver: RESULT iVBORw0KGgoAAAANSUhEUgAACWAAAAWmCAIAAACDPgzkAAAQAElEQVR4nOzdC...
[0-0] 2026-02-01T11:23:57.345Z INFO webdriver: RESULT { value: 'flex' }
[0-0] 2026-02-01T11:23:57.346Z INFO webdriver: COMMAND takeScreenshot()
[0-0] 2026-02-01T11:23:57.346Z INFO webdriver: [GET] http://localhost:4444/session/890d5f7f47d033b6fe91dbe20f5a8357/screenshot
[0-0] 2026-02-01T11:23:57.350Z INFO webdriver: RESULT true
[0-0] 2026-02-01T11:23:57.351Z INFO webdriver: COMMAND takeScreenshot()
[0-0] 2026-02-01T11:23:57.351Z INFO webdriver: [GET] http://localhost:4444/session/890d5f7f47d033b6fe91dbe20f5a8357/screenshot
[0-0] 2026-02-01T11:23:57.353Z INFO webdriver: COMMAND findElement("css selector", "[data-testid="nav-discover"]")
[0-0] 2026-02-01T11:23:57.353Z INFO webdriver: [POST] http://localhost:4444/session/890d5f7f47d033b6fe91dbe20f5a8357/element
[0-0] 2026-02-01T11:23:57.353Z INFO webdriver: DATA {"using":"css selector","value":"[data-testid=\"nav-discover\"]"}
[0-0] 2026-02-01T11:23:57.469Z INFO webdriver: RESULT iVBORw0KGgoAAAANSUhEUgAACWAAAAWmCAIAAACDPgzkAAAQAElEQVR4nOzdC...
[0-0] 2026-02-01T11:23:57.590Z INFO webdriver: RESULT iVBORw0KGgoAAAANSUhEUgAACWAAAAWmCAIAAACDPgzkAAAQAElEQVR4nOzdC...
[0-0] 2026-02-01T11:23:57.591Z INFO webdriver: RESULT {
[0-0]   'element-6066-11e4-a52e-4f735466cecf': 'f.F69D1E138FE01FD07082B539286C80B6.d.42B052BE4CC71579D51D247416B976CB.e.46'
[0-0] }
[0-0] 2026-02-01T11:23:57.593Z INFO webdriver: COMMAND elementClick("f.F69D1E138FE01FD07082B539286C80B6.d.42B052BE4CC71579D51D247416B976CB.e.46")
[0-0] 2026-02-01T11:23:57.593Z INFO webdriver: [POST] http://localhost:4444/session/890d5f7f47d033b6fe91dbe20f5a8357/element/f.F69D1E138FE01FD07082B539286C80B6.d.42B052BE4CC71579D51D247416B976CB.e.46/click
[0-0] 2026-02-01T11:23:57.593Z INFO webdriver: DATA {}
[0-0] 2026-02-01T11:23:57.702Z INFO webdriver: RESULT null
[0-0] 2026-02-01T11:23:57.703Z INFO webdriver: COMMAND takeScreenshot()
[0-0] 2026-02-01T11:23:57.703Z INFO webdriver: [GET] http://localhost:4444/session/890d5f7f47d033b6fe91dbe20f5a8357/screenshot
[0-0] 2026-02-01T11:23:57.888Z INFO webdriver: RESULT iVBORw0KGgoAAAANSUhEUgAACWAAAAWmCAIAAACDPgzkAAAQAElEQVR4nOzdB...
[0-0] 2026-02-01T11:23:58.710Z INFO webdriver: COMMAND findElement("css selector", "[data-testid="registry-title"]")
[0-0] 2026-02-01T11:23:58.710Z INFO webdriver: [POST] http://localhost:4444/session/890d5f7f47d033b6fe91dbe20f5a8357/element
[0-0] 2026-02-01T11:23:58.710Z INFO webdriver: DATA {"using":"css selector","value":"[data-testid=\"registry-title\"]"}
[0-0] 2026-02-01T11:23:58.732Z INFO webdriver: RESULT {
[0-0]   'element-6066-11e4-a52e-4f735466cecf': 'f.F69D1E138FE01FD07082B539286C80B6.d.42B052BE4CC71579D51D247416B976CB.e.49'
[0-0] }
[0-0] 2026-02-01T11:23:58.735Z INFO webdriver: COMMAND executeScript(<fn>, <object>)
[0-0] 2026-02-01T11:23:58.736Z INFO webdriver: [POST] http://localhost:4444/session/890d5f7f47d033b6fe91dbe20f5a8357/execute/sync
[0-0] 2026-02-01T11:23:58.736Z INFO webdriver: DATA {"script":"\n            function webdriverioPolyfill() {\n  var __defProp = Object.defineProperty;\n  var __name = function(target, _value) {\n    return __defProp(target, \"name\", { value: _value, configurable: true });\n  };\n  var __globalThis = typeof globalThis === \"object\" && globalThis || typeof window === \"object\" && window;\n  __globalThis.__name = __name;\n}\n            webdriverioPolyfill();\n            return (function(elem) {\n      try {\n        const style = window.getComputedStyle(elem);\n        return { value: style?.display ?? \"\" };\n      } catch {\n        if (typeof elem.isConnected === \"boolean\" && !elem.isConnected) {\n          throw new Error(\"stale element reference: element is not attached to the page document\");\n        }\n        return { value: \"\" };\n      }\n    }).apply(null, arguments)\n        ","args":[{"element-6066-11e4-a52e-4f735466cecf":"f.F69D1E138FE01FD07082B539286C80B6.d.42B052BE4CC71579D51D247416B976CB.e.49","ELEMENT":"f.F69D1E138FE01FD07082B539286C80B6.d.42B052BE4CC71579D51D247416B976CB.e.49"}]}
[0-0] 2026-02-01T11:23:58.737Z INFO webdriver: COMMAND executeScript(<fn>, <object>)
[0-0] 2026-02-01T11:23:58.737Z INFO webdriver: [POST] http://localhost:4444/session/890d5f7f47d033b6fe91dbe20f5a8357/execute/sync
[0-0] 2026-02-01T11:23:58.737Z INFO webdriver: DATA {"script":"\n            function webdriverioPolyfill() {\n  var __defProp = Object.defineProperty;\n  var __name = function(target, _value) {\n    return __defProp(target, \"name\", { value: _value, configurable: true });\n  };\n  var __globalThis = typeof globalThis === \"object\" && globalThis || typeof window === \"object\" && window;\n  __globalThis.__name = __name;\n}\n            webdriverioPolyfill();\n            return (function checkVisibility(elem, params) {\n      if (typeof elem.checkVisibility === \"function\") {\n        return elem.checkVisibility(params);\n      }\n      return null;\n    }).apply(null, arguments)\n        ","args":[{"element-6066-11e4-a52e-4f735466cecf":"f.F69D1E138FE01FD07082B539286C80B6.d.42B052BE4CC71579D51D247416B976CB.e.49","ELEMENT":"f.F69D1E138FE01FD07082B539286C80B6.d.42B052BE4CC71579D51D247416B976CB.e.49"},{"withinViewport":false,"contentVisibilityAuto":true,"opacityProperty":true,"visibilityProperty":true}]}
[0-0] 2026-02-01T11:23:58.748Z INFO webdriver: RESULT { value: 'block' }
[0-0] 2026-02-01T11:23:58.749Z INFO webdriver: COMMAND takeScreenshot()
[0-0] 2026-02-01T11:23:58.749Z INFO webdriver: [GET] http://localhost:4444/session/890d5f7f47d033b6fe91dbe20f5a8357/screenshot
[0-0] 2026-02-01T11:23:58.756Z INFO webdriver: RESULT true
[0-0] 2026-02-01T11:23:58.757Z INFO webdriver: COMMAND takeScreenshot()
[0-0] 2026-02-01T11:23:58.757Z INFO webdriver: [GET] http://localhost:4444/session/890d5f7f47d033b6fe91dbe20f5a8357/screenshot
[0-0] 2026-02-01T11:23:58.760Z INFO webdriver: COMMAND findElement("css selector", "[data-testid="search-input"]")
[0-0] 2026-02-01T11:23:58.760Z INFO webdriver: [POST] http://localhost:4444/session/890d5f7f47d033b6fe91dbe20f5a8357/element
[0-0] 2026-02-01T11:23:58.760Z INFO webdriver: DATA {"using":"css selector","value":"[data-testid=\"search-input\"]"}
[0-0] 2026-02-01T11:23:58.895Z INFO webdriver: RESULT iVBORw0KGgoAAAANSUhEUgAACWAAAAWmCAIAAACDPgzkAAAQAElEQVR4nOzdC...
[0-0] 2026-02-01T11:23:59.041Z INFO webdriver: RESULT iVBORw0KGgoAAAANSUhEUgAACWAAAAWmCAIAAACDPgzkAAAQAElEQVR4nOzdC...
[0-0] 2026-02-01T11:23:59.046Z INFO webdriver: RESULT {
[0-0]   'element-6066-11e4-a52e-4f735466cecf': 'f.F69D1E138FE01FD07082B539286C80B6.d.42B052BE4CC71579D51D247416B976CB.e.68'
[0-0] }
[0-0] 2026-02-01T11:23:59.048Z INFO webdriver: COMMAND executeScript(<fn>, <object>)
[0-0] 2026-02-01T11:23:59.048Z INFO webdriver: [POST] http://localhost:4444/session/890d5f7f47d033b6fe91dbe20f5a8357/execute/sync
[0-0] 2026-02-01T11:23:59.048Z INFO webdriver: DATA {"script":"\n            function webdriverioPolyfill() {\n  var __defProp = Object.defineProperty;\n  var __name = function(target, _value) {\n    return __defProp(target, \"name\", { value: _value, configurable: true });\n  };\n  var __globalThis = typeof globalThis === \"object\" && globalThis || typeof window === \"object\" && window;\n  __globalThis.__name = __name;\n}\n            webdriverioPolyfill();\n            return (function(elem) {\n      try {\n        const style = window.getComputedStyle(elem);\n        return { value: style?.display ?? \"\" };\n      } catch {\n        if (typeof elem.isConnected === \"boolean\" && !elem.isConnected) {\n          throw new Error(\"stale element reference: element is not attached to the page document\");\n        }\n        return { value: \"\" };\n      }\n    }).apply(null, arguments)\n        ","args":[{"element-6066-11e4-a52e-4f735466cecf":"f.F69D1E138FE01FD07082B539286C80B6.d.42B052BE4CC71579D51D247416B976CB.e.68","ELEMENT":"f.F69D1E138FE01FD07082B539286C80B6.d.42B052BE4CC71579D51D247416B976CB.e.68"}]}
[0-0] 2026-02-01T11:23:59.048Z INFO webdriver: COMMAND executeScript(<fn>, <object>)
[0-0] 2026-02-01T11:23:59.049Z INFO webdriver: [POST] http://localhost:4444/session/890d5f7f47d033b6fe91dbe20f5a8357/execute/sync
[0-0] 2026-02-01T11:23:59.049Z INFO webdriver: DATA {"script":"\n            function webdriverioPolyfill() {\n  var __defProp = Object.defineProperty;\n  var __name = function(target, _value) {\n    return __defProp(target, \"name\", { value: _value, configurable: true });\n  };\n  var __globalThis = typeof globalThis === \"object\" && globalThis || typeof window === \"object\" && window;\n  __globalThis.__name = __name;\n}\n            webdriverioPolyfill();\n            return (function checkVisibility(elem, params) {\n      if (typeof elem.checkVisibility === \"function\") {\n        return elem.checkVisibility(params);\n      }\n      return null;\n    }).apply(null, arguments)\n        ","args":[{"element-6066-11e4-a52e-4f735466cecf":"f.F69D1E138FE01FD07082B539286C80B6.d.42B052BE4CC71579D51D247416B976CB.e.68","ELEMENT":"f.F69D1E138FE01FD07082B539286C80B6.d.42B052BE4CC71579D51D247416B976CB.e.68"},{"withinViewport":false,"contentVisibilityAuto":true,"opacityProperty":true,"visibilityProperty":true}]}
[0-0] 2026-02-01T11:23:59.056Z INFO webdriver: RESULT { value: 'inline-block' }
[0-0] 2026-02-01T11:23:59.057Z INFO webdriver: COMMAND takeScreenshot()
[0-0] 2026-02-01T11:23:59.057Z INFO webdriver: [GET] http://localhost:4444/session/890d5f7f47d033b6fe91dbe20f5a8357/screenshot
[0-0] 2026-02-01T11:23:59.063Z INFO webdriver: RESULT true
[0-0] 2026-02-01T11:23:59.064Z INFO webdriver: COMMAND takeScreenshot()
[0-0] 2026-02-01T11:23:59.064Z INFO webdriver: [GET] http://localhost:4444/session/890d5f7f47d033b6fe91dbe20f5a8357/screenshot
[0-0] 2026-02-01T11:23:59.066Z INFO webdriver: COMMAND findElement("css selector", "[data-testid="nav-my-servers"]")
[0-0] 2026-02-01T11:23:59.066Z INFO webdriver: [POST] http://localhost:4444/session/890d5f7f47d033b6fe91dbe20f5a8357/element
[0-0] 2026-02-01T11:23:59.066Z INFO webdriver: DATA {"using":"css selector","value":"[data-testid=\"nav-my-servers\"]"}
[0-0] 2026-02-01T11:23:59.219Z INFO webdriver: RESULT iVBORw0KGgoAAAANSUhEUgAACWAAAAWmCAIAAACDPgzkAAAQAElEQVR4nOzdC...
[0-0] 2026-02-01T11:23:59.398Z INFO webdriver: RESULT iVBORw0KGgoAAAANSUhEUgAACWAAAAWmCAIAAACDPgzkAAAQAElEQVR4nOzdC...
[0-0] 2026-02-01T11:23:59.401Z INFO webdriver: RESULT {
[0-0]   'element-6066-11e4-a52e-4f735466cecf': 'f.F69D1E138FE01FD07082B539286C80B6.d.42B052BE4CC71579D51D247416B976CB.e.45'
[0-0] }
[0-0] 2026-02-01T11:23:59.402Z INFO webdriver: COMMAND elementClick("f.F69D1E138FE01FD07082B539286C80B6.d.42B052BE4CC71579D51D247416B976CB.e.45")
[0-0] 2026-02-01T11:23:59.402Z INFO webdriver: [POST] http://localhost:4444/session/890d5f7f47d033b6fe91dbe20f5a8357/element/f.F69D1E138FE01FD07082B539286C80B6.d.42B052BE4CC71579D51D247416B976CB.e.45/click
[0-0] 2026-02-01T11:23:59.402Z INFO webdriver: DATA {}
[0-0] 2026-02-01T11:23:59.486Z INFO webdriver: RESULT null
[0-0] 2026-02-01T11:23:59.487Z INFO webdriver: COMMAND takeScreenshot()
[0-0] 2026-02-01T11:23:59.487Z INFO webdriver: [GET] http://localhost:4444/session/890d5f7f47d033b6fe91dbe20f5a8357/screenshot
[0-0] 2026-02-01T11:23:59.659Z INFO webdriver: RESULT iVBORw0KGgoAAAANSUhEUgAACWAAAAWmCAIAAACDPgzkAAAQAElEQVR4nOzdC...
[0-0] 2026-02-01T11:24:00.497Z INFO webdriver: COMMAND findElement("css selector", "[data-testid="servers-title"]")
[0-0] 2026-02-01T11:24:00.497Z INFO webdriver: [POST] http://localhost:4444/session/890d5f7f47d033b6fe91dbe20f5a8357/element
[0-0] 2026-02-01T11:24:00.497Z INFO webdriver: DATA {"using":"css selector","value":"[data-testid=\"servers-title\"]"}
[0-0] 2026-02-01T11:24:00.517Z INFO webdriver: RESULT {
[0-0]   'element-6066-11e4-a52e-4f735466cecf': 'f.F69D1E138FE01FD07082B539286C80B6.d.42B052BE4CC71579D51D247416B976CB.e.137'
[0-0] }
[0-0] 2026-02-01T11:24:00.520Z INFO webdriver: COMMAND executeScript(<fn>, <object>)
[0-0] 2026-02-01T11:24:00.520Z INFO webdriver: [POST] http://localhost:4444/session/890d5f7f47d033b6fe91dbe20f5a8357/execute/sync
[0-0] 2026-02-01T11:24:00.520Z INFO webdriver: DATA {"script":"\n            function webdriverioPolyfill() {\n  var __defProp = Object.defineProperty;\n  var __name = function(target, _value) {\n    return __defProp(target, \"name\", { value: _value, configurable: true });\n  };\n  var __globalThis = typeof globalThis === \"object\" && globalThis || typeof window === \"object\" && window;\n  __globalThis.__name = __name;\n}\n            webdriverioPolyfill();\n            return (function(elem) {\n      try {\n        const style = window.getComputedStyle(elem);\n        return { value: style?.display ?? \"\" };\n      } catch {\n        if (typeof elem.isConnected === \"boolean\" && !elem.isConnected) {\n          throw new Error(\"stale element reference: element is not attached to the page document\");\n        }\n        return { value: \"\" };\n      }\n    }).apply(null, arguments)\n        ","args":[{"element-6066-11e4-a52e-4f735466cecf":"f.F69D1E138FE01FD07082B539286C80B6.d.42B052BE4CC71579D51D247416B976CB.e.137","ELEMENT":"f.F69D1E138FE01FD07082B539286C80B6.d.42B052BE4CC71579D51D247416B976CB.e.137"}]}
[0-0] 2026-02-01T11:24:00.521Z INFO webdriver: COMMAND executeScript(<fn>, <object>)
[0-0] 2026-02-01T11:24:00.521Z INFO webdriver: [POST] http://localhost:4444/session/890d5f7f47d033b6fe91dbe20f5a8357/execute/sync
[0-0] 2026-02-01T11:24:00.521Z INFO webdriver: DATA {"script":"\n            function webdriverioPolyfill() {\n  var __defProp = Object.defineProperty;\n  var __name = function(target, _value) {\n    return __defProp(target, \"name\", { value: _value, configurable: true });\n  };\n  var __globalThis = typeof globalThis === \"object\" && globalThis || typeof window === \"object\" && window;\n  __globalThis.__name = __name;\n}\n            webdriverioPolyfill();\n            return (function checkVisibility(elem, params) {\n      if (typeof elem.checkVisibility === \"function\") {\n        return elem.checkVisibility(params);\n      }\n      return null;\n    }).apply(null, arguments)\n        ","args":[{"element-6066-11e4-a52e-4f735466cecf":"f.F69D1E138FE01FD07082B539286C80B6.d.42B052BE4CC71579D51D247416B976CB.e.137","ELEMENT":"f.F69D1E138FE01FD07082B539286C80B6.d.42B052BE4CC71579D51D247416B976CB.e.137"},{"withinViewport":false,"contentVisibilityAuto":true,"opacityProperty":true,"visibilityProperty":true}]}
[0-0] 2026-02-01T11:24:00.531Z INFO webdriver: RESULT { value: 'block' }
[0-0] 2026-02-01T11:24:00.532Z INFO webdriver: COMMAND takeScreenshot()
[0-0] 2026-02-01T11:24:00.532Z INFO webdriver: [GET] http://localhost:4444/session/890d5f7f47d033b6fe91dbe20f5a8357/screenshot
[0-0] 2026-02-01T11:24:00.537Z INFO webdriver: RESULT true
[0-0] 2026-02-01T11:24:00.537Z INFO webdriver: COMMAND takeScreenshot()
[0-0] 2026-02-01T11:24:00.538Z INFO webdriver: [GET] http://localhost:4444/session/890d5f7f47d033b6fe91dbe20f5a8357/screenshot
[0-0] 2026-02-01T11:24:00.539Z INFO webdriver: COMMAND findElement("css selector", "[data-testid="nav-clients"]")
[0-0] 2026-02-01T11:24:00.539Z INFO webdriver: [POST] http://localhost:4444/session/890d5f7f47d033b6fe91dbe20f5a8357/element
[0-0] 2026-02-01T11:24:00.539Z INFO webdriver: DATA {"using":"css selector","value":"[data-testid=\"nav-clients\"]"}
[0-0] 2026-02-01T11:24:00.700Z INFO webdriver: RESULT iVBORw0KGgoAAAANSUhEUgAACWAAAAWmCAIAAACDPgzkAAAQAElEQVR4nOzdC...
[0-0] 2026-02-01T11:24:00.853Z INFO webdriver: RESULT iVBORw0KGgoAAAANSUhEUgAACWAAAAWmCAIAAACDPgzkAAAQAElEQVR4nOzdC...
[0-0] 2026-02-01T11:24:00.860Z INFO webdriver: RESULT {
[0-0]   'element-6066-11e4-a52e-4f735466cecf': 'f.F69D1E138FE01FD07082B539286C80B6.d.42B052BE4CC71579D51D247416B976CB.e.149'
[0-0] }
[0-0] 2026-02-01T11:24:00.862Z INFO webdriver: COMMAND executeScript(<fn>, <object>)
[0-0] 2026-02-01T11:24:00.862Z INFO webdriver: [POST] http://localhost:4444/session/890d5f7f47d033b6fe91dbe20f5a8357/execute/sync
[0-0] 2026-02-01T11:24:00.863Z INFO webdriver: DATA {"script":"\n            function webdriverioPolyfill() {\n  var __defProp = Object.defineProperty;\n  var __name = function(target, _value) {\n    return __defProp(target, \"name\", { value: _value, configurable: true });\n  };\n  var __globalThis = typeof globalThis === \"object\" && globalThis || typeof window === \"object\" && window;\n  __globalThis.__name = __name;\n}\n            webdriverioPolyfill();\n            return (function(elem) {\n      try {\n        const style = window.getComputedStyle(elem);\n        return { value: style?.display ?? \"\" };\n      } catch {\n        if (typeof elem.isConnected === \"boolean\" && !elem.isConnected) {\n          throw new Error(\"stale element reference: element is not attached to the page document\");\n        }\n        return { value: \"\" };\n      }\n    }).apply(null, arguments)\n        ","args":[{"element-6066-11e4-a52e-4f735466cecf":"f.F69D1E138FE01FD07082B539286C80B6.d.42B052BE4CC71579D51D247416B976CB.e.149","ELEMENT":"f.F69D1E138FE01FD07082B539286C80B6.d.42B052BE4CC71579D51D247416B976CB.e.149"}]}
[0-0] 2026-02-01T11:24:00.863Z INFO webdriver: COMMAND executeScript(<fn>, <object>)
[0-0] 2026-02-01T11:24:00.863Z INFO webdriver: [POST] http://localhost:4444/session/890d5f7f47d033b6fe91dbe20f5a8357/execute/sync
[0-0] 2026-02-01T11:24:00.863Z INFO webdriver: DATA {"script":"\n            function webdriverioPolyfill() {\n  var __defProp = Object.defineProperty;\n  var __name = function(target, _value) {\n    return __defProp(target, \"name\", { value: _value, configurable: true });\n  };\n  var __globalThis = typeof globalThis === \"object\" && globalThis || typeof window === \"object\" && window;\n  __globalThis.__name = __name;\n}\n            webdriverioPolyfill();\n            return (function checkVisibility(elem, params) {\n      if (typeof elem.checkVisibility === \"function\") {\n        return elem.checkVisibility(params);\n      }\n      return null;\n    }).apply(null, arguments)\n        ","args":[{"element-6066-11e4-a52e-4f735466cecf":"f.F69D1E138FE01FD07082B539286C80B6.d.42B052BE4CC71579D51D247416B976CB.e.149","ELEMENT":"f.F69D1E138FE01FD07082B539286C80B6.d.42B052BE4CC71579D51D247416B976CB.e.149"},{"withinViewport":false,"contentVisibilityAuto":true,"opacityProperty":true,"visibilityProperty":true}]}
[0-0] 2026-02-01T11:24:00.873Z INFO webdriver: RESULT { value: 'flex' }
[0-0] 2026-02-01T11:24:00.874Z INFO webdriver: COMMAND takeScreenshot()
[0-0] 2026-02-01T11:24:00.874Z INFO webdriver: [GET] http://localhost:4444/session/890d5f7f47d033b6fe91dbe20f5a8357/screenshot
[0-0] 2026-02-01T11:24:00.880Z INFO webdriver: RESULT true
[0-0] 2026-02-01T11:24:00.881Z INFO webdriver: COMMAND executeScript(<fn>, <object>)
[0-0] 2026-02-01T11:24:00.881Z INFO webdriver: [POST] http://localhost:4444/session/890d5f7f47d033b6fe91dbe20f5a8357/execute/sync
[0-0] 2026-02-01T11:24:00.881Z INFO webdriver: DATA {"script":"\n            function webdriverioPolyfill() {\n  var __defProp = Object.defineProperty;\n  var __name = function(target, _value) {\n    return __defProp(target, \"name\", { value: _value, configurable: true });\n  };\n  var __globalThis = typeof globalThis === \"object\" && globalThis || typeof window === \"object\" && window;\n  __globalThis.__name = __name;\n}\n            webdriverioPolyfill();\n            return (function isElementClickable(elem) {\n  if (!elem.getBoundingClientRect || !elem.scrollIntoView || !elem.contains || !elem.getClientRects || !document.elementFromPoint) {\n    return false;\n  }\n  const isOldEdge = !!window.StyleMedia;\n  const scrollIntoViewFullSupport = !(window.safari || isOldEdge);\n  function getOverlappingElement(elem2, context) {\n    context = context || document;\n    const elemDimension = elem2.getBoundingClientRect();\n    const x = elemDimension.left + elem2.clientWidth / 2;\n    const y = elemDimension.top + elem2.clientHeight / 2;\n    return context.elementFromPoint(x, y);\n  }\n  function getOverlappingRects(elem2, context) {\n    context = context || document;\n    const rects = elem2.getClientRects();\n    const rect = rects[0];\n    const x = rect.left + rect.width / 2;\n    const y = rect.top + rect.height / 2;\n    return [context.elementFromPoint(x, y)];\n  }\n  function getOverlappingElements(elem2, context) {\n    return [getOverlappingElement(elem2, context)].concat(getOverlappingRects(elem2, context));\n  }\n  function nodeContains(elem2, otherNode) {\n    if (isOldEdge) {\n      let tmpElement = otherNode;\n      while (tmpElement) {\n        if (tmpElement === elem2) {\n          return true;\n        }\n        tmpElement = tmpElement.parentNode;\n        if (tmpElement && tmpElement.nodeType === 11 && tmpElement.host) {\n          tmpElement = tmpElement.host;\n        }\n      }\n      return false;\n    }\n    return elem2.contains(otherNode);\n  }\n  function isOverlappingElementMatch(elementsFromPoint, elem2) {\n    if (elementsFromPoint.some(function(elementFromPoint) {\n      return elementFromPoint === elem2 || nodeContains(elem2, elementFromPoint);\n    })) {\n      return true;\n    }\n    let elemsWithShadowRoot = [].concat(elementsFromPoint);\n    elemsWithShadowRoot = elemsWithShadowRoot.filter(function(x) {\n      return x && x.shadowRoot && x.shadowRoot.elementFromPoint;\n    });\n    let shadowElementsFromPoint = [];\n    for (let i = 0; i < elemsWithShadowRoot.length; ++i) {\n      const shadowElement = elemsWithShadowRoot[i];\n      shadowElementsFromPoint = shadowElementsFromPoint.concat(\n        getOverlappingElements(elem2, shadowElement.shadowRoot)\n      );\n    }\n    shadowElementsFromPoint = [].concat(shadowElementsFromPoint);\n    shadowElementsFromPoint = shadowElementsFromPoint.filter(function(x) {\n      return !elementsFromPoint.includes(x);\n    });\n    if (shadowElementsFromPoint.length === 0) {\n      return false;\n    }\n    return isOverlappingElementMatch(shadowElementsFromPoint, elem2);\n  }\n  function isElementInViewport(elem2) {\n    if (!elem2.getBoundingClientRect) {\n      return false;\n    }\n    const rect = elem2.getBoundingClientRect();\n    const windowHeight = window.innerHeight || document.documentElement.clientHeight;\n    const windowWidth = window.innerWidth || document.documentElement.clientWidth;\n    const vertInView = rect.top < windowHeight && rect.top + rect.height > 0;\n    const horInView = rect.left < windowWidth && rect.left + rect.width > 0;\n    return vertInView && horInView;\n  }\n  function isEnabled(elem2) {\n    return elem2.disabled !== true;\n  }\n  function hasOverlaps(elem2) {\n    return !isOverlappingElementMatch(getOverlappingElements(elem2), elem2);\n  }\n  function isFullyDisplayedInViewport(elem2) {\n    return isElementInViewport(elem2) && !hasOverlaps(elem2);\n  }\n  function getViewportScrollPositions() {\n    return {\n      x: window.scrollX !== null && window.scrollX !== void 0 ? window.scrollX : window.pageXOffset,\n      y: window.scrollY !== null && window.scrollY !== void 0 ? window.scrollY : window.pageYOffset\n    };\n  }\n  let _isFullyDisplayedInViewport = isFullyDisplayedInViewport(elem);\n  if (!_isFullyDisplayedInViewport) {\n    const { x: originalX, y: originalY } = getViewportScrollPositions();\n    elem.scrollIntoView(scrollIntoViewFullSupport ? { block: \"center\", inline: \"center\" } : false);\n    _isFullyDisplayedInViewport = isFullyDisplayedInViewport(elem);\n    const { x: currentX, y: currentY } = getViewportScrollPositions();\n    if (currentX !== originalX || currentY !== originalY) {\n      window.scroll(originalX, originalY);\n    }\n  }\n  return _isFullyDisplayedInViewport && isEnabled(elem);\n}).apply(null, arguments)\n        ","args":[{"element-6066-11e4-a52e-4f735466cecf":"f.F69D1E138FE01FD07082B539286C80B6.d.42B052BE4CC71579D51D247416B976CB.e.149","ELEMENT":"f.F69D1E138FE01FD07082B539286C80B6.d.42B052BE4CC71579D51D247416B976CB.e.149"}]}
[0-0] 2026-02-01T11:24:00.882Z INFO webdriver: COMMAND takeScreenshot()
[0-0] 2026-02-01T11:24:00.882Z INFO webdriver: [GET] http://localhost:4444/session/890d5f7f47d033b6fe91dbe20f5a8357/screenshot
[0-0] 2026-02-01T11:24:01.030Z INFO webdriver: RESULT iVBORw0KGgoAAAANSUhEUgAACWAAAAWmCAIAAACDPgzkAAAQAElEQVR4nOzdC...
[0-0] 2026-02-01T11:24:01.034Z INFO webdriver: RESULT true
[0-0] 2026-02-01T11:24:01.035Z INFO webdriver: COMMAND elementClick("f.F69D1E138FE01FD07082B539286C80B6.d.42B052BE4CC71579D51D247416B976CB.e.149")
[0-0] 2026-02-01T11:24:01.035Z INFO webdriver: [POST] http://localhost:4444/session/890d5f7f47d033b6fe91dbe20f5a8357/element/f.F69D1E138FE01FD07082B539286C80B6.d.42B052BE4CC71579D51D247416B976CB.e.149/click
[0-0] 2026-02-01T11:24:01.035Z INFO webdriver: DATA {}
[0-0] 2026-02-01T11:24:01.036Z INFO webdriver: COMMAND takeScreenshot()
[0-0] 2026-02-01T11:24:01.036Z INFO webdriver: [GET] http://localhost:4444/session/890d5f7f47d033b6fe91dbe20f5a8357/screenshot
[0-0] 2026-02-01T11:24:01.196Z INFO webdriver: RESULT iVBORw0KGgoAAAANSUhEUgAACWAAAAWmCAIAAACDPgzkAAAQAElEQVR4nOzdC...
[0-0] 2026-02-01T11:24:01.266Z INFO webdriver: RESULT null
[0-0] 2026-02-01T11:24:01.267Z INFO webdriver: COMMAND takeScreenshot()
[0-0] 2026-02-01T11:24:01.267Z INFO webdriver: [GET] http://localhost:4444/session/890d5f7f47d033b6fe91dbe20f5a8357/screenshot
[0-0] 2026-02-01T11:24:01.496Z INFO webdriver: RESULT iVBORw0KGgoAAAANSUhEUgAACWAAAAWmCAIAAACDPgzkAAAQAElEQVR4nOzdC...
[0-0] 2026-02-01T11:24:01.714Z INFO webdriver: RESULT iVBORw0KGgoAAAANSUhEUgAACWAAAAWmCAIAAACDPgzkAAAQAElEQVR4nOzdC...
[0-0] 2026-02-01T11:24:02.768Z INFO webdriver: COMMAND getPageSource()
[0-0] 2026-02-01T11:24:02.768Z INFO webdriver: [GET] http://localhost:4444/session/890d5f7f47d033b6fe91dbe20f5a8357/source
[0-0] 2026-02-01T11:24:02.777Z INFO webdriver: RESULT <html lang="en"><head>
[0-0]     <meta charset="UTF-8">
[0-0]     <link rel="icon" type="image/svg+xml" href="/mcpmux.svg">
[0-0]     <meta name="viewport" content="width=device-width, initial-scale=1.0">
[0-0]     <title>McpMux</title>
[0-0]     <script type="module" crossorigin="" src="/assets/index-CiZJOwjC.js"></script>
[0-0]     <link rel="stylesheet" crossorigin="" href="/assets/index-Df7hU3Vb.css">
[0-0]   </head>
[0-0] 
[0-0]   <body>
[0-0]     <div id="root"><div class="flex h-screen flex-col overflow-hidden bg-[rgb(var(--background))]"><div class="drag-region h-8 flex-shrink-0 bg-[rgb(var(--surface))] border-b border-[rgb(var(--border-subtle))]"></div><div class="flex flex-1 overflow-hidden"><aside class="w-60 flex-shrink-0 border-r border-[rgb(var(--border-subtle))]"><nav class="flex h-full flex-col bg-[rgb(var(--surface))]"><div class="flex-shrink-0 p-4 border-b border-[rgb(var(--border-subtle))]"><div class="space-y-3"><div class="flex items-center justify-between"><div class="flex items-center gap-2"><svg xmlns="http://www.w3.org/2000/svg" width="24" height="24" viewBox="0 0 24 24" fill="none" stroke="currentColor" stroke-width="2" stroke-linecap="round" stroke-linejoin="round" class="lucide lucide-zap h-6 w-6 text-primary-500" aria-hidden="true"><path d="M4 14a1 1 0 0 1-.78-1.63l9.9-10.2a.5.5 0 0 1 .86.46l-1.92 6.02A1 1 0 0 0 13 10h7a1 1 0 0 1 .78 1.63l-9.9 10.2a.5.5 0 0 1-.86-.46l1.92-6.02A1 1 0 0 0 11 14z"></path></svg><span class="font-bold text-lg">McpMux</span></div><button class="p-1.5 rounded-lg hover:bg-surface-hover transition-colors" title="Dark mode"><svg xmlns="http://www.w3.org/2000/svg" width="24" height="24" viewBox="0 0 24 24" fill="none" stroke="currentColor" stroke-width="2" stroke-linecap="round" stroke-linejoin="round" class="lucide lucide-moon h-4 w-4" aria-hidden="true"><path d="M20.985 12.486a9 9 0 1 1-9.473-9.472c.405-.022.617.46.402.803a6 6 0 0 0 8.268 8.268c.344-.215.825-.004.803.401"></path></svg></button></div><div class="relative w-full"><button class="w-full flex items-center justify-between gap-2 px-3 py-2.5 rounded-xl border border-[rgb(var(--border))] bg-[rgb(var(--surface))] hover:bg-[rgb(var(--surface-hover))] hover:border-[rgb(var(--primary))/30] transition-all duration-150 group"><span class="flex items-center gap-3 min-w-0"><span class="text-xl">≡ƒÅá</span><span class="font-medium text-sm truncate">Personal</span></span><svg xmlns="http://www.w3.org/2000/svg" width="24" height="24" viewBox="0 0 24 24" fill="none" stroke="currentColor" stroke-width="2" stroke-linecap="round" stroke-linejoin="round" class="lucide lucide-chevron-down h-4 w-4 flex-shrink-0 text-[rgb(var(--muted))] group-hover:text-[rgb(var(--foreground))] transition-all duration-200" aria-hidden="true"><path d="m6 9 6 6 6-6"></path></svg></button></div></div></div><div class="flex-1 overflow-y-auto p-3"><div class="mb-6"><div class="space-y-0.5"><button data-testid="nav-dashboard" class="flex w-full items-center gap-3 rounded-lg px-3 py-2.5 text-sm font-medium transition-all duration-150 text-[rgb(var(--muted))] hover:text-[rgb(var(--foreground))] hover:bg-[rgb(var(--surface-hover))]"><span class="h-5 w-5 flex items-center justify-center transition-colors"><svg xmlns="http://www.w3.org/2000/svg" width="24" height="24" viewBox="0 0 24 24" fill="none" stroke="currentColor" stroke-width="2" stroke-linecap="round" stroke-linejoin="round" class="lucide lucide-house h-4 w-4" aria-hidden="true"><path d="M15 21v-8a1 1 0 0 0-1-1h-4a1 1 0 0 0-1 1v8"></path><path d="M3 10a2 2 0 0 1 .709-1.528l7-6a2 2 0 0 1 2.582 0l7 6A2 2 0 0 1 21 10v9a2 2 0 0 1-2 2H5a2 2 0 0 1-2-2z"></path></svg></span><span>Dashboard</span></button><button data-testid="nav-my-servers" class="flex w-full items-center gap-3 rounded-lg px-3 py-2.5 text-sm font-medium transition-all duration-150 text-[rgb(var(--muted))] hover:text-[rgb(var(--foreground))] hover:bg-[rgb(var(--surface-hover))]"><span class="h-5 w-5 flex items-center justify-center transition-colors"><svg xmlns="http://www.w3.org/2000/svg" width="24" height="24" viewBox="0 0 24 24" fill="none" stroke="currentColor" stroke-width="2" stroke-linecap="round" stroke-linejoin="round" class="lucide lucide-zap h-4 w-4" aria-hidden="true"><path d="M4 14a1 1 0 0 1-.78-1.63l9.9-10.2a.5.5 0 0 1 .86.46l-1.92 6.02A1 1 0 0 0 13 10h7a1 1 0 0 1 .78 1.63l-9.9 10.2a.5.5 0 0 1-.86-.46l1.92-6.02A1 1 0 0 0 11 14z"></path></svg></span><span>My Servers</span></button><button data-testid="nav-discover" class="flex w-full items-center gap-3 rounded-lg px-3 py-2.5 text-sm font-medium transition-all duration-150 text-[rgb(var(--muted))] hover:text-[rgb(var(--foreground))] hover:bg-[rgb(var(--surface-hover))]"><span class="h-5 w-5 flex items-center justify-center transition-colors"><svg xmlns="http://www.w3.org/2000/svg" width="24" height="24" viewBox="0 0 24 24" fill="none" stroke="currentColor" stroke-width="2" stroke-linecap="round" stroke-linejoin="round" class="lucide lucide-server h-4 w-4" aria-hidden="true"><rect width="20" height="8" x="2" y="2" rx="2" ry="2"></rect><rect width="20" height="8" x="2" y="14" rx="2" ry="2"></rect><line x1="6" x2="6.01" y1="6" y2="6"></line><line x1="6" x2="6.01" y1="18" y2="18"></line></svg></span><span>Discover</span></button></div></div><div class="mb-6"><h3 class="mb-2 px-3 text-[11px] font-semibold uppercase tracking-wider text-[rgb(var(--muted-foreground))]">Workspaces</h3><div class="space-y-0.5"><button data-testid="nav-spaces" class="flex w-full items-center gap-3 rounded-lg px-3 py-2.5 text-sm font-medium transition-all duration-150 text-[rgb(var(--muted))] hover:text-[rgb(var(--foreground))] hover:bg-[rgb(var(--surface-hover))]"><span class="h-5 w-5 flex items-center justify-center transition-colors"><svg xmlns="http://www.w3.org/2000/svg" width="24" height="24" viewBox="0 0 24 24" fill="none" stroke="currentColor" stroke-width="2" stroke-linecap="round" stroke-linejoin="round" class="lucide lucide-globe h-4 w-4" aria-hidden="true"><circle cx="12" cy="12" r="10"></circle><path d="M12 2a14.5 14.5 0 0 0 0 20 14.5 14.5 0 0 0 0-20"></path><path d="M2 12h20"></path></svg></span><span>Spaces</span></button><button data-testid="nav-featuresets" class="flex w-full items-center gap-3 rounded-lg px-3 py-2.5 text-sm font-medium transition-all duration-150 text-[rgb(var(--muted))] hover:text-[rgb(var(--foreground))] hover:bg-[rgb(var(--surface-hover))]"><span class="h-5 w-5 flex items-center justify-center transition-colors"><svg xmlns="http://www.w3.org/2000/svg" width="24" height="24" viewBox="0 0 24 24" fill="none" stroke="currentColor" stroke-width="2" stroke-linecap="round" stroke-linejoin="round" class="lucide lucide-wrench h-4 w-4" aria-hidden="true"><path d="M14.7 6.3a1 1 0 0 0 0 1.4l1.6 1.6a1 1 0 0 0 1.4 0l3.106-3.105c.32-.322.863-.22.983.218a6 6 0 0 1-8.259 7.057l-7.91 7.91a1 1 0 0 1-2.999-3l7.91-7.91a6 6 0 0 1 7.057-8.259c.438.12.54.662.219.984z"></path></svg></span><span>FeatureSets</span></button></div></div><div class="mb-6"><h3 class="mb-2 px-3 text-[11px] font-semibold uppercase tracking-wider text-[rgb(var(--muted-foreground))]">Connections</h3><div class="space-y-0.5"><button data-testid="nav-clients" class="flex w-full items-center gap-3 rounded-lg px-3 py-2.5 text-sm font-medium transition-all duration-150 hover:text-[rgb(var(--foreground))] bg-[rgb(var(--primary))/10] text-[rgb(var(--primary))] hover:bg-[rgb(var(--primary))/15]"><span class="h-5 w-5 flex items-center justify-center transition-colors text-[rgb(var(--primary))]"><svg xmlns="http://www.w3.org/2000/svg" width="24" height="24" viewBox="0 0 24 24" fill="none" stroke="currentColor" stroke-width="2" stroke-linecap="round" stroke-linejoin="round" class="lucide lucide-monitor h-4 w-4" aria-hidden="true"><rect width="20" height="14" x="2" y="3" rx="2"></rect><line x1="8" x2="16" y1="21" y2="21"></line><line x1="12" x2="12" y1="17" y2="21"></line></svg></span><span>Clients</span></button></div></div><div class="mb-6"><div class="space-y-0.5"><button data-testid="nav-settings" class="flex w-full items-center gap-3 rounded-lg px-3 py-2.5 text-sm font-medium transition-all duration-150 text-[rgb(var(--muted))] hover:text-[rgb(var(--foreground))] hover:bg-[rgb(var(--surface-hover))]"><span class="h-5 w-5 flex items-center justify-center transition-colors"><svg xmlns="http://www.w3.org/2000/svg" width="24" height="24" viewBox="0 0 24 24" fill="none" stroke="currentColor" stroke-width="2" stroke-linecap="round" stroke-linejoin="round" class="lucide lucide-settings h-4 w-4" aria-hidden="true"><path d="M9.671 4.136a2.34 2.34 0 0 1 4.659 0 2.34 2.34 0 0 0 3.319 1.915 2.34 2.34 0 0 1 2.33 4.033 2.34 2.34 0 0 0 0 3.831 2.34 2.34 0 0 1-2.33 4.033 2.34 2.34 0 0 0-3.319 1.915 2.34 2.34 0 0 1-4.659 0 2.34 2.34 0 0 0-3.32-1.915 2.34 2.34 0 0 1-2.33-4.033 2.34 2.34 0 0 0 0-3.831A2.34 2.34 0 0 1 6.35 6.051a2.34 2.34 0 0 0 3.319-1.915"></path><circle cx="12" cy="12" r="3"></circle></svg></span><span>Settings</span></button></div></div></div><div class="flex-shrink-0 p-4 border-t border-[rgb(var(--border-subtle))]"><div class="text-xs text-[rgb(var(--muted))]"><div>McpMux v0.1.0</div><div>Gateway: localhost:9315</div></div></div></nav></aside><main class="flex-1 overflow-auto p-6 bg-[rgb(var(--background))]"><div class="animate-fade-in"><div class="h-full flex flex-col relative"><div class="flex-shrink-0 p-8 border-b border-[rgb(var(--border-subtle))]"><div class="max-w-[2000px] mx-auto"><div class="flex items-center justify-between mb-6"><div><h1 class="text-3xl font-bold">Connected Clients</h1><p class="text-base text-[rgb(var(--muted))] mt-2">Manage OAuth clients and their permissions</p></div><button class="inline-flex items-center justify-center gap-2 rounded-lg font-medium transition-all duration-150 ease-out focus-visible:outline-none focus-visible:ring-2 focus-visible:ring-[rgb(var(--primary))] focus-visible:ring-offset-2 disabled:pointer-events-none disabled:opacity-50 active:scale-[0.98] text-[rgb(var(--foreground))] hover:bg-[rgb(var(--surface-hover))] h-10 px-4"><svg xmlns="http://www.w3.org/2000/svg" width="24" height="24" viewBox="0 0 24 24" fill="none" stroke="currentColor" stroke-width="2" stroke-linecap="round" stroke-linejoin="round" class="lucide lucide-refresh-cw h-4 w-4 mr-2" aria-hidden="true"><path d="M3 12a9 9 0 0 1 9-9 9.75 9.75 0 0 1 6.74 2.74L21 8"></path><path d="M21 3v5h-5"></path><path d="M21 12a9 9 0 0 1-9 9 9.75 9.75 0 0 1-6.74-2.74L3 16"></path><path d="M8 16H3v5"></path></svg>Refresh</button></div><div class="relative max-w-3xl"><svg xmlns="http://www.w3.org/2000/svg" width="24" height="24" viewBox="0 0 24 24" fill="none" stroke="currentColor" stroke-width="2" stroke-linecap="round" stroke-linejoin="round" class="lucide lucide-search absolute left-4 top-1/2 -translate-y-1/2 h-5 w-5 text-[rgb(var(--muted))]" aria-hidden="true"><path d="m21 21-4.34-4.34"></path><circle cx="11" cy="11" r="8"></circle></svg><input placeholder="Search clients by name or ID..." class="w-full pl-12 pr-4 py-3 text-base bg-[rgb(var(--surface))] border border-[rgb(var(--border))] rounded-xl focus:outline-none focus:ring-2 focus:ring-primary-500 focus:border-primary-500 transition-all" type="text" value=""></div></div></div><div class="flex-1 overflow-auto px-8 py-8"><div class="max-w-[2000px] mx-auto"><div class="grid gap-5 auto-fill-cards"><div class="rounded-xl border border-[rgb(var(--border-subtle))] bg-[rgb(var(--card))] p-6 shadow-[0_1px_3px_0_rgb(0_0_0/0.1),0_1px_2px_-1px_rgb(0_0_0/0.1)] dark:shadow-[0_1px_3px_0_rgb(0_0_0/0.3),0_1px_2px_-1px_rgb(0_0_0/0.2)] cursor-pointer transition-all hover:shadow-lg hover:scale-[1.01]"><div class="p-6"><div class="flex items-start gap-4 mb-5"><div class="w-16 h-16 flex items-center justify-center text-4xl bg-[rgb(var(--surface))] rounded-xl flex-shrink-0 border border-[rgb(var(--border-subtle))]">ΓÜí</div><div class="flex-1 min-w-0"><h3 class="font-semibold text-lg truncate mb-1.5">Cursor</h3><p class="text-sm text-[rgb(var(--muted))] truncate">Cursor</p></div></div><div class="mb-4"><span class="inline-flex items-center gap-2 text-sm px-3 py-1.5 rounded-full font-medium bg-gray-100 dark:bg-gray-800 text-gray-600 dark:text-gray-400"><svg xmlns="http://www.w3.org/2000/svg" width="24" height="24" viewBox="0 0 24 24" fill="none" stroke="currentColor" stroke-width="2" stroke-linecap="round" stroke-linejoin="round" class="lucide lucide-wifi-off h-4 w-4" aria-hidden="true"><path d="M12 20h.01"></path><path d="M8.5 16.429a5 5 0 0 1 7 0"></path><path d="M5 12.859a10 10 0 0 1 5.17-2.69"></path><path d="M19 12.859a10 10 0 0 0-2.007-1.523"></path><path d="M2 8.82a15 15 0 0 1 4.177-2.643"></path><path d="M22 8.82a15 15 0 0 0-11.288-3.764"></path><path d="m2 2 20 20"></path></svg> Inactive</span></div><div class="flex items-center gap-2.5 text-sm text-[rgb(var(--foreground))] mb-2"><svg xmlns="http://www.w3.org/2000/svg" width="24" height="24" viewBox="0 0 24 24" fill="none" stroke="currentColor" stroke-width="2" stroke-linecap="round" stroke-linejoin="round" class="lucide lucide-lock-open h-4 w-4 text-green-500" aria-hidden="true"><rect width="18" height="11" x="3" y="11" rx="2" ry="2"></rect><path d="M7 11V7a5 5 0 0 1 9.9-1"></path></svg><span class="font-medium">Follow Active Space</span></div></div></div></div></div></div></div></div></main></div><div class="h-7 flex-shrink-0 border-t border-[rgb(var(--border-subtle))] bg-[rgb(var(--surface))] px-4"><div class="flex h-full items-center justify-between text-xs text-[rgb(var(--muted))]"><div class="flex items-center gap-4"><span class="flex items-center gap-1.5"><span class="h-2 w-2 rounded-full bg-green-500"></span>Gateway Active</span><span>Active Space: Personal</span></div><div class="flex items-center gap-4"><span>5 Servers ΓÇó 97 Tools</span></div></div></div></div></div>
[0-0] 
[0-0]   
[0-0] 
[0-0] </body></html>
[0-0] 2026-02-01T11:24:02.781Z INFO webdriver: COMMAND findElement("css selector", "[data-testid="nav-featuresets"]")
[0-0] 2026-02-01T11:24:02.781Z INFO webdriver: [POST] http://localhost:4444/session/890d5f7f47d033b6fe91dbe20f5a8357/element
[0-0] 2026-02-01T11:24:02.781Z INFO webdriver: DATA {"using":"css selector","value":"[data-testid=\"nav-featuresets\"]"}
[0-0] 2026-02-01T11:24:02.796Z INFO webdriver: RESULT {
[0-0]   'element-6066-11e4-a52e-4f735466cecf': 'f.F69D1E138FE01FD07082B539286C80B6.d.42B052BE4CC71579D51D247416B976CB.e.162'
[0-0] }
[0-0] 2026-02-01T11:24:02.799Z INFO webdriver: COMMAND executeScript(<fn>, <object>)
[0-0] 2026-02-01T11:24:02.799Z INFO webdriver: [POST] http://localhost:4444/session/890d5f7f47d033b6fe91dbe20f5a8357/execute/sync
[0-0] 2026-02-01T11:24:02.799Z INFO webdriver: DATA {"script":"\n            function webdriverioPolyfill() {\n  var __defProp = Object.defineProperty;\n  var __name = function(target, _value) {\n    return __defProp(target, \"name\", { value: _value, configurable: true });\n  };\n  var __globalThis = typeof globalThis === \"object\" && globalThis || typeof window === \"object\" && window;\n  __globalThis.__name = __name;\n}\n            webdriverioPolyfill();\n            return (function(elem) {\n      try {\n        const style = window.getComputedStyle(elem);\n        return { value: style?.display ?? \"\" };\n      } catch {\n        if (typeof elem.isConnected === \"boolean\" && !elem.isConnected) {\n          throw new Error(\"stale element reference: element is not attached to the page document\");\n        }\n        return { value: \"\" };\n      }\n    }).apply(null, arguments)\n        ","args":[{"element-6066-11e4-a52e-4f735466cecf":"f.F69D1E138FE01FD07082B539286C80B6.d.42B052BE4CC71579D51D247416B976CB.e.162","ELEMENT":"f.F69D1E138FE01FD07082B539286C80B6.d.42B052BE4CC71579D51D247416B976CB.e.162"}]}
[0-0] 2026-02-01T11:24:02.799Z INFO webdriver: COMMAND executeScript(<fn>, <object>)
[0-0] 2026-02-01T11:24:02.800Z INFO webdriver: [POST] http://localhost:4444/session/890d5f7f47d033b6fe91dbe20f5a8357/execute/sync
[0-0] 2026-02-01T11:24:02.800Z INFO webdriver: DATA {"script":"\n            function webdriverioPolyfill() {\n  var __defProp = Object.defineProperty;\n  var __name = function(target, _value) {\n    return __defProp(target, \"name\", { value: _value, configurable: true });\n  };\n  var __globalThis = typeof globalThis === \"object\" && globalThis || typeof window === \"object\" && window;\n  __globalThis.__name = __name;\n}\n            webdriverioPolyfill();\n            return (function checkVisibility(elem, params) {\n      if (typeof elem.checkVisibility === \"function\") {\n        return elem.checkVisibility(params);\n      }\n      return null;\n    }).apply(null, arguments)\n        ","args":[{"element-6066-11e4-a52e-4f735466cecf":"f.F69D1E138FE01FD07082B539286C80B6.d.42B052BE4CC71579D51D247416B976CB.e.162","ELEMENT":"f.F69D1E138FE01FD07082B539286C80B6.d.42B052BE4CC71579D51D247416B976CB.e.162"},{"withinViewport":false,"contentVisibilityAuto":true,"opacityProperty":true,"visibilityProperty":true}]}
[0-0] 2026-02-01T11:24:02.809Z INFO webdriver: RESULT { value: 'flex' }
[0-0] 2026-02-01T11:24:02.810Z INFO webdriver: COMMAND takeScreenshot()
[0-0] 2026-02-01T11:24:02.810Z INFO webdriver: [GET] http://localhost:4444/session/890d5f7f47d033b6fe91dbe20f5a8357/screenshot
[0-0] 2026-02-01T11:24:02.816Z INFO webdriver: RESULT true
[0-0] 2026-02-01T11:24:02.816Z INFO webdriver: COMMAND executeScript(<fn>, <object>)
[0-0] 2026-02-01T11:24:02.816Z INFO webdriver: [POST] http://localhost:4444/session/890d5f7f47d033b6fe91dbe20f5a8357/execute/sync
[0-0] 2026-02-01T11:24:02.817Z INFO webdriver: DATA {"script":"\n            function webdriverioPolyfill() {\n  var __defProp = Object.defineProperty;\n  var __name = function(target, _value) {\n    return __defProp(target, \"name\", { value: _value, configurable: true });\n  };\n  var __globalThis = typeof globalThis === \"object\" && globalThis || typeof window === \"object\" && window;\n  __globalThis.__name = __name;\n}\n            webdriverioPolyfill();\n            return (function isElementClickable(elem) {\n  if (!elem.getBoundingClientRect || !elem.scrollIntoView || !elem.contains || !elem.getClientRects || !document.elementFromPoint) {\n    return false;\n  }\n  const isOldEdge = !!window.StyleMedia;\n  const scrollIntoViewFullSupport = !(window.safari || isOldEdge);\n  function getOverlappingElement(elem2, context) {\n    context = context || document;\n    const elemDimension = elem2.getBoundingClientRect();\n    const x = elemDimension.left + elem2.clientWidth / 2;\n    const y = elemDimension.top + elem2.clientHeight / 2;\n    return context.elementFromPoint(x, y);\n  }\n  function getOverlappingRects(elem2, context) {\n    context = context || document;\n    const rects = elem2.getClientRects();\n    const rect = rects[0];\n    const x = rect.left + rect.width / 2;\n    const y = rect.top + rect.height / 2;\n    return [context.elementFromPoint(x, y)];\n  }\n  function getOverlappingElements(elem2, context) {\n    return [getOverlappingElement(elem2, context)].concat(getOverlappingRects(elem2, context));\n  }\n  function nodeContains(elem2, otherNode) {\n    if (isOldEdge) {\n      let tmpElement = otherNode;\n      while (tmpElement) {\n        if (tmpElement === elem2) {\n          return true;\n        }\n        tmpElement = tmpElement.parentNode;\n        if (tmpElement && tmpElement.nodeType === 11 && tmpElement.host) {\n          tmpElement = tmpElement.host;\n        }\n      }\n      return false;\n    }\n    return elem2.contains(otherNode);\n  }\n  function isOverlappingElementMatch(elementsFromPoint, elem2) {\n    if (elementsFromPoint.some(function(elementFromPoint) {\n      return elementFromPoint === elem2 || nodeContains(elem2, elementFromPoint);\n    })) {\n      return true;\n    }\n    let elemsWithShadowRoot = [].concat(elementsFromPoint);\n    elemsWithShadowRoot = elemsWithShadowRoot.filter(function(x) {\n      return x && x.shadowRoot && x.shadowRoot.elementFromPoint;\n    });\n    let shadowElementsFromPoint = [];\n    for (let i = 0; i < elemsWithShadowRoot.length; ++i) {\n      const shadowElement = elemsWithShadowRoot[i];\n      shadowElementsFromPoint = shadowElementsFromPoint.concat(\n        getOverlappingElements(elem2, shadowElement.shadowRoot)\n      );\n    }\n    shadowElementsFromPoint = [].concat(shadowElementsFromPoint);\n    shadowElementsFromPoint = shadowElementsFromPoint.filter(function(x) {\n      return !elementsFromPoint.includes(x);\n    });\n    if (shadowElementsFromPoint.length === 0) {\n      return false;\n    }\n    return isOverlappingElementMatch(shadowElementsFromPoint, elem2);\n  }\n  function isElementInViewport(elem2) {\n    if (!elem2.getBoundingClientRect) {\n      return false;\n    }\n    const rect = elem2.getBoundingClientRect();\n    const windowHeight = window.innerHeight || document.documentElement.clientHeight;\n    const windowWidth = window.innerWidth || document.documentElement.clientWidth;\n    const vertInView = rect.top < windowHeight && rect.top + rect.height > 0;\n    const horInView = rect.left < windowWidth && rect.left + rect.width > 0;\n    return vertInView && horInView;\n  }\n  function isEnabled(elem2) {\n    return elem2.disabled !== true;\n  }\n  function hasOverlaps(elem2) {\n    return !isOverlappingElementMatch(getOverlappingElements(elem2), elem2);\n  }\n  function isFullyDisplayedInViewport(elem2) {\n    return isElementInViewport(elem2) && !hasOverlaps(elem2);\n  }\n  function getViewportScrollPositions() {\n    return {\n      x: window.scrollX !== null && window.scrollX !== void 0 ? window.scrollX : window.pageXOffset,\n      y: window.scrollY !== null && window.scrollY !== void 0 ? window.scrollY : window.pageYOffset\n    };\n  }\n  let _isFullyDisplayedInViewport = isFullyDisplayedInViewport(elem);\n  if (!_isFullyDisplayedInViewport) {\n    const { x: originalX, y: originalY } = getViewportScrollPositions();\n    elem.scrollIntoView(scrollIntoViewFullSupport ? { block: \"center\", inline: \"center\" } : false);\n    _isFullyDisplayedInViewport = isFullyDisplayedInViewport(elem);\n    const { x: currentX, y: currentY } = getViewportScrollPositions();\n    if (currentX !== originalX || currentY !== originalY) {\n      window.scroll(originalX, originalY);\n    }\n  }\n  return _isFullyDisplayedInViewport && isEnabled(elem);\n}).apply(null, arguments)\n        ","args":[{"element-6066-11e4-a52e-4f735466cecf":"f.F69D1E138FE01FD07082B539286C80B6.d.42B052BE4CC71579D51D247416B976CB.e.162","ELEMENT":"f.F69D1E138FE01FD07082B539286C80B6.d.42B052BE4CC71579D51D247416B976CB.e.162"}]}
[0-0] 2026-02-01T11:24:02.818Z INFO webdriver: COMMAND takeScreenshot()
[0-0] 2026-02-01T11:24:02.818Z INFO webdriver: [GET] http://localhost:4444/session/890d5f7f47d033b6fe91dbe20f5a8357/screenshot
[0-0] 2026-02-01T11:24:02.994Z INFO webdriver: RESULT iVBORw0KGgoAAAANSUhEUgAACWAAAAWmCAIAAACDPgzkAAAQAElEQVR4nOzdC...
[0-0] 2026-02-01T11:24:02.999Z INFO webdriver: RESULT true
[0-0] 2026-02-01T11:24:03.000Z INFO webdriver: COMMAND elementClick("f.F69D1E138FE01FD07082B539286C80B6.d.42B052BE4CC71579D51D247416B976CB.e.162")
[0-0] 2026-02-01T11:24:03.000Z INFO webdriver: [POST] http://localhost:4444/session/890d5f7f47d033b6fe91dbe20f5a8357/element/f.F69D1E138FE01FD07082B539286C80B6.d.42B052BE4CC71579D51D247416B976CB.e.162/click
[0-0] 2026-02-01T11:24:03.000Z INFO webdriver: DATA {}
[0-0] 2026-02-01T11:24:03.003Z INFO webdriver: COMMAND takeScreenshot()
[0-0] 2026-02-01T11:24:03.003Z INFO webdriver: [GET] http://localhost:4444/session/890d5f7f47d033b6fe91dbe20f5a8357/screenshot
[0-0] 2026-02-01T11:24:03.180Z INFO webdriver: RESULT iVBORw0KGgoAAAANSUhEUgAACWAAAAWmCAIAAACDPgzkAAAQAElEQVR4nOzdC...
[0-0] 2026-02-01T11:24:03.254Z INFO webdriver: RESULT null
[0-0] 2026-02-01T11:24:03.255Z INFO webdriver: COMMAND takeScreenshot()
[0-0] 2026-02-01T11:24:03.256Z INFO webdriver: [GET] http://localhost:4444/session/890d5f7f47d033b6fe91dbe20f5a8357/screenshot
[0-0] 2026-02-01T11:24:03.518Z INFO webdriver: RESULT iVBORw0KGgoAAAANSUhEUgAACWAAAAWmCAIAAACDPgzkAAAQAElEQVR4nOzdC...
[0-0] 2026-02-01T11:24:03.728Z INFO webdriver: RESULT iVBORw0KGgoAAAANSUhEUgAACWAAAAWmCAIAAACDPgzkAAAQAElEQVR4nOzdB...
[0-0] 2026-02-01T11:24:04.760Z INFO webdriver: COMMAND getPageSource()
[0-0] 2026-02-01T11:24:04.760Z INFO webdriver: [GET] http://localhost:4444/session/890d5f7f47d033b6fe91dbe20f5a8357/source
[0-0] 2026-02-01T11:24:04.769Z INFO webdriver: RESULT <html lang="en"><head>
[0-0]     <meta charset="UTF-8">
[0-0]     <link rel="icon" type="image/svg+xml" href="/mcpmux.svg">
[0-0]     <meta name="viewport" content="width=device-width, initial-scale=1.0">
[0-0]     <title>McpMux</title>
[0-0]     <script type="module" crossorigin="" src="/assets/index-CiZJOwjC.js"></script>
[0-0]     <link rel="stylesheet" crossorigin="" href="/assets/index-Df7hU3Vb.css">
[0-0]   </head>
[0-0] 
[0-0]   <body>
[0-0]     <div id="root"><div class="flex h-screen flex-col overflow-hidden bg-[rgb(var(--background))]"><div class="drag-region h-8 flex-shrink-0 bg-[rgb(var(--surface))] border-b border-[rgb(var(--border-subtle))]"></div><div class="flex flex-1 overflow-hidden"><aside class="w-60 flex-shrink-0 border-r border-[rgb(var(--border-subtle))]"><nav class="flex h-full flex-col bg-[rgb(var(--surface))]"><div class="flex-shrink-0 p-4 border-b border-[rgb(var(--border-subtle))]"><div class="space-y-3"><div class="flex items-center justify-between"><div class="flex items-center gap-2"><svg xmlns="http://www.w3.org/2000/svg" width="24" height="24" viewBox="0 0 24 24" fill="none" stroke="currentColor" stroke-width="2" stroke-linecap="round" stroke-linejoin="round" class="lucide lucide-zap h-6 w-6 text-primary-500" aria-hidden="true"><path d="M4 14a1 1 0 0 1-.78-1.63l9.9-10.2a.5.5 0 0 1 .86.46l-1.92 6.02A1 1 0 0 0 13 10h7a1 1 0 0 1 .78 1.63l-9.9 10.2a.5.5 0 0 1-.86-.46l1.92-6.02A1 1 0 0 0 11 14z"></path></svg><span class="font-bold text-lg">McpMux</span></div><button class="p-1.5 rounded-lg hover:bg-surface-hover transition-colors" title="Dark mode"><svg xmlns="http://www.w3.org/2000/svg" width="24" height="24" viewBox="0 0 24 24" fill="none" stroke="currentColor" stroke-width="2" stroke-linecap="round" stroke-linejoin="round" class="lucide lucide-moon h-4 w-4" aria-hidden="true"><path d="M20.985 12.486a9 9 0 1 1-9.473-9.472c.405-.022.617.46.402.803a6 6 0 0 0 8.268 8.268c.344-.215.825-.004.803.401"></path></svg></button></div><div class="relative w-full"><button class="w-full flex items-center justify-between gap-2 px-3 py-2.5 rounded-xl border border-[rgb(var(--border))] bg-[rgb(var(--surface))] hover:bg-[rgb(var(--surface-hover))] hover:border-[rgb(var(--primary))/30] transition-all duration-150 group"><span class="flex items-center gap-3 min-w-0"><span class="text-xl">≡ƒÅá</span><span class="font-medium text-sm truncate">Personal</span></span><svg xmlns="http://www.w3.org/2000/svg" width="24" height="24" viewBox="0 0 24 24" fill="none" stroke="currentColor" stroke-width="2" stroke-linecap="round" stroke-linejoin="round" class="lucide lucide-chevron-down h-4 w-4 flex-shrink-0 text-[rgb(var(--muted))] group-hover:text-[rgb(var(--foreground))] transition-all duration-200" aria-hidden="true"><path d="m6 9 6 6 6-6"></path></svg></button></div></div></div><div class="flex-1 overflow-y-auto p-3"><div class="mb-6"><div class="space-y-0.5"><button data-testid="nav-dashboard" class="flex w-full items-center gap-3 rounded-lg px-3 py-2.5 text-sm font-medium transition-all duration-150 text-[rgb(var(--muted))] hover:text-[rgb(var(--foreground))] hover:bg-[rgb(var(--surface-hover))]"><span class="h-5 w-5 flex items-center justify-center transition-colors"><svg xmlns="http://www.w3.org/2000/svg" width="24" height="24" viewBox="0 0 24 24" fill="none" stroke="currentColor" stroke-width="2" stroke-linecap="round" stroke-linejoin="round" class="lucide lucide-house h-4 w-4" aria-hidden="true"><path d="M15 21v-8a1 1 0 0 0-1-1h-4a1 1 0 0 0-1 1v8"></path><path d="M3 10a2 2 0 0 1 .709-1.528l7-6a2 2 0 0 1 2.582 0l7 6A2 2 0 0 1 21 10v9a2 2 0 0 1-2 2H5a2 2 0 0 1-2-2z"></path></svg></span><span>Dashboard</span></button><button data-testid="nav-my-servers" class="flex w-full items-center gap-3 rounded-lg px-3 py-2.5 text-sm font-medium transition-all duration-150 text-[rgb(var(--muted))] hover:text-[rgb(var(--foreground))] hover:bg-[rgb(var(--surface-hover))]"><span class="h-5 w-5 flex items-center justify-center transition-colors"><svg xmlns="http://www.w3.org/2000/svg" width="24" height="24" viewBox="0 0 24 24" fill="none" stroke="currentColor" stroke-width="2" stroke-linecap="round" stroke-linejoin="round" class="lucide lucide-zap h-4 w-4" aria-hidden="true"><path d="M4 14a1 1 0 0 1-.78-1.63l9.9-10.2a.5.5 0 0 1 .86.46l-1.92 6.02A1 1 0 0 0 13 10h7a1 1 0 0 1 .78 1.63l-9.9 10.2a.5.5 0 0 1-.86-.46l1.92-6.02A1 1 0 0 0 11 14z"></path></svg></span><span>My Servers</span></button><button data-testid="nav-discover" class="flex w-full items-center gap-3 rounded-lg px-3 py-2.5 text-sm font-medium transition-all duration-150 text-[rgb(var(--muted))] hover:text-[rgb(var(--foreground))] hover:bg-[rgb(var(--surface-hover))]"><span class="h-5 w-5 flex items-center justify-center transition-colors"><svg xmlns="http://www.w3.org/2000/svg" width="24" height="24" viewBox="0 0 24 24" fill="none" stroke="currentColor" stroke-width="2" stroke-linecap="round" stroke-linejoin="round" class="lucide lucide-server h-4 w-4" aria-hidden="true"><rect width="20" height="8" x="2" y="2" rx="2" ry="2"></rect><rect width="20" height="8" x="2" y="14" rx="2" ry="2"></rect><line x1="6" x2="6.01" y1="6" y2="6"></line><line x1="6" x2="6.01" y1="18" y2="18"></line></svg></span><span>Discover</span></button></div></div><div class="mb-6"><h3 class="mb-2 px-3 text-[11px] font-semibold uppercase tracking-wider text-[rgb(var(--muted-foreground))]">Workspaces</h3><div class="space-y-0.5"><button data-testid="nav-spaces" class="flex w-full items-center gap-3 rounded-lg px-3 py-2.5 text-sm font-medium transition-all duration-150 text-[rgb(var(--muted))] hover:text-[rgb(var(--foreground))] hover:bg-[rgb(var(--surface-hover))]"><span class="h-5 w-5 flex items-center justify-center transition-colors"><svg xmlns="http://www.w3.org/2000/svg" width="24" height="24" viewBox="0 0 24 24" fill="none" stroke="currentColor" stroke-width="2" stroke-linecap="round" stroke-linejoin="round" class="lucide lucide-globe h-4 w-4" aria-hidden="true"><circle cx="12" cy="12" r="10"></circle><path d="M12 2a14.5 14.5 0 0 0 0 20 14.5 14.5 0 0 0 0-20"></path><path d="M2 12h20"></path></svg></span><span>Spaces</span></button><button data-testid="nav-featuresets" class="flex w-full items-center gap-3 rounded-lg px-3 py-2.5 text-sm font-medium transition-all duration-150 hover:text-[rgb(var(--foreground))] bg-[rgb(var(--primary))/10] text-[rgb(var(--primary))] hover:bg-[rgb(var(--primary))/15]"><span class="h-5 w-5 flex items-center justify-center transition-colors text-[rgb(var(--primary))]"><svg xmlns="http://www.w3.org/2000/svg" width="24" height="24" viewBox="0 0 24 24" fill="none" stroke="currentColor" stroke-width="2" stroke-linecap="round" stroke-linejoin="round" class="lucide lucide-wrench h-4 w-4" aria-hidden="true"><path d="M14.7 6.3a1 1 0 0 0 0 1.4l1.6 1.6a1 1 0 0 0 1.4 0l3.106-3.105c.32-.322.863-.22.983.218a6 6 0 0 1-8.259 7.057l-7.91 7.91a1 1 0 0 1-2.999-3l7.91-7.91a6 6 0 0 1 7.057-8.259c.438.12.54.662.219.984z"></path></svg></span><span>FeatureSets</span></button></div></div><div class="mb-6"><h3 class="mb-2 px-3 text-[11px] font-semibold uppercase tracking-wider text-[rgb(var(--muted-foreground))]">Connections</h3><div class="space-y-0.5"><button data-testid="nav-clients" class="flex w-full items-center gap-3 rounded-lg px-3 py-2.5 text-sm font-medium transition-all duration-150 text-[rgb(var(--muted))] hover:text-[rgb(var(--foreground))] hover:bg-[rgb(var(--surface-hover))]"><span class="h-5 w-5 flex items-center justify-center transition-colors"><svg xmlns="http://www.w3.org/2000/svg" width="24" height="24" viewBox="0 0 24 24" fill="none" stroke="currentColor" stroke-width="2" stroke-linecap="round" stroke-linejoin="round" class="lucide lucide-monitor h-4 w-4" aria-hidden="true"><rect width="20" height="14" x="2" y="3" rx="2"></rect><line x1="8" x2="16" y1="21" y2="21"></line><line x1="12" x2="12" y1="17" y2="21"></line></svg></span><span>Clients</span></button></div></div><div class="mb-6"><div class="space-y-0.5"><button data-testid="nav-settings" class="flex w-full items-center gap-3 rounded-lg px-3 py-2.5 text-sm font-medium transition-all duration-150 text-[rgb(var(--muted))] hover:text-[rgb(var(--foreground))] hover:bg-[rgb(var(--surface-hover))]"><span class="h-5 w-5 flex items-center justify-center transition-colors"><svg xmlns="http://www.w3.org/2000/svg" width="24" height="24" viewBox="0 0 24 24" fill="none" stroke="currentColor" stroke-width="2" stroke-linecap="round" stroke-linejoin="round" class="lucide lucide-settings h-4 w-4" aria-hidden="true"><path d="M9.671 4.136a2.34 2.34 0 0 1 4.659 0 2.34 2.34 0 0 0 3.319 1.915 2.34 2.34 0 0 1 2.33 4.033 2.34 2.34 0 0 0 0 3.831 2.34 2.34 0 0 1-2.33 4.033 2.34 2.34 0 0 0-3.319 1.915 2.34 2.34 0 0 1-4.659 0 2.34 2.34 0 0 0-3.32-1.915 2.34 2.34 0 0 1-2.33-4.033 2.34 2.34 0 0 0 0-3.831A2.34 2.34 0 0 1 6.35 6.051a2.34 2.34 0 0 0 3.319-1.915"></path><circle cx="12" cy="12" r="3"></circle></svg></span><span>Settings</span></button></div></div></div><div class="flex-shrink-0 p-4 border-t border-[rgb(var(--border-subtle))]"><div class="text-xs text-[rgb(var(--muted))]"><div>McpMux v0.1.0</div><div>Gateway: localhost:9315</div></div></div></nav></aside><main class="flex-1 overflow-auto p-6 bg-[rgb(var(--background))]"><div class="animate-fade-in"><div class="h-full flex flex-col relative"><div class="flex-shrink-0 p-8 border-b border-[rgb(var(--border-subtle))]"><div class="max-w-[2000px] mx-auto"><div class="flex flex-col sm:flex-row sm:items-start sm:justify-between gap-4 mb-6"><div class="flex-1 min-w-0"><div class="flex flex-wrap items-center gap-3 mb-2"><h1 class="text-3xl font-bold">Feature Sets</h1><span class="px-2 py-0.5 rounded-full bg-[rgb(var(--surface-elevated))] text-xs border border-[rgb(var(--border))] whitespace-nowrap">≡ƒÅá Personal</span></div><p class="text-base text-[rgb(var(--muted))]">Manage reusable collections of features, prompts, and resources</p></div><div class="flex gap-3 flex-shrink-0"><button class="inline-flex items-center justify-center gap-2 rounded-lg font-medium transition-all duration-150 ease-out focus-visible:outline-none focus-visible:ring-2 focus-visible:ring-[rgb(var(--primary))] focus-visible:ring-offset-2 disabled:pointer-events-none disabled:opacity-50 active:scale-[0.98] text-[rgb(var(--foreground))] hover:bg-[rgb(var(--surface-hover))] h-10 px-4"><svg xmlns="http://www.w3.org/2000/svg" width="24" height="24" viewBox="0 0 24 24" fill="none" stroke="currentColor" stroke-width="2" stroke-linecap="round" stroke-linejoin="round" class="lucide lucide-refresh-cw h-4 w-4 mr-2" aria-hidden="true"><path d="M3 12a9 9 0 0 1 9-9 9.75 9.75 0 0 1 6.74 2.74L21 8"></path><path d="M21 3v5h-5"></path><path d="M21 12a9 9 0 0 1-9 9 9.75 9.75 0 0 1-6.74-2.74L3 16"></path><path d="M8 16H3v5"></path></svg>Refresh</button><button class="inline-flex items-center justify-center gap-2 rounded-lg font-medium transition-all duration-150 ease-out focus-visible:outline-none focus-visible:ring-2 focus-visible:ring-[rgb(var(--primary))] focus-visible:ring-offset-2 disabled:pointer-events-none disabled:opacity-50 active:scale-[0.98] bg-[rgb(var(--primary))] text-[rgb(var(--primary-foreground))] hover:bg-[rgb(var(--primary-hover))] shadow-sm hover:shadow h-10 px-4"><svg xmlns="http://www.w3.org/2000/svg" width="24" height="24" viewBox="0 0 24 24" fill="none" stroke="currentColor" stroke-width="2" stroke-linecap="round" stroke-linejoin="round" class="lucide lucide-plus h-4 w-4 mr-2" aria-hidden="true"><path d="M5 12h14"></path><path d="M12 5v14"></path></svg>Create Feature Set</button></div></div><div class="relative max-w-3xl"><svg xmlns="http://www.w3.org/2000/svg" width="24" height="24" viewBox="0 0 24 24" fill="none" stroke="currentColor" stroke-width="2" stroke-linecap="round" stroke-linejoin="round" class="lucide lucide-search absolute left-4 top-1/2 -translate-y-1/2 h-5 w-5 text-[rgb(var(--muted))]" aria-hidden="true"><path d="m21 21-4.34-4.34"></path><circle cx="11" cy="11" r="8"></circle></svg><input placeholder="Search feature sets..." class="w-full pl-12 pr-4 py-3 text-base bg-[rgb(var(--surface))] border border-[rgb(var(--border))] rounded-xl focus:outline-none focus:ring-2 focus:ring-primary-500 focus:border-primary-500 transition-all" type="text" value=""></div></div></div><div class="flex-1 overflow-auto px-8 py-8"><div class="max-w-[2000px] mx-auto"><div class="grid gap-5 auto-fill-cards"><div class="rounded-xl border border-[rgb(var(--border-subtle))] bg-[rgb(var(--card))] p-6 shadow-[0_1px_3px_0_rgb(0_0_0/0.1),0_1px_2px_-1px_rgb(0_0_0/0.1)] dark:shadow-[0_1px_3px_0_rgb(0_0_0/0.3),0_1px_2px_-1px_rgb(0_0_0/0.2)] cursor-pointer transition-all hover:shadow-lg hover:scale-[1.01]"><div class="p-6"><div class="flex items-start gap-4 mb-5"><div class="w-16 h-16 flex items-center justify-center bg-[rgb(var(--surface))] rounded-xl flex-shrink-0 border border-[rgb(var(--border-subtle))]"><span class="text-xl">≡ƒîÉ</span></div><div class="flex-1 min-w-0"><h3 class="font-semibold text-lg truncate mb-1.5 flex items-center gap-2">All Features</h3><span class="inline-flex items-center px-2.5 py-0.5 rounded-full text-xs font-medium bg-blue-100 dark:bg-blue-900/30 text-blue-700 dark:text-blue-300">All Features</span></div></div><p class="text-sm text-[rgb(var(--muted))] line-clamp-2 mb-4 h-10">All features from all connected MCP servers in this space</p><div class="flex items-center justify-between text-xs text-[rgb(var(--muted))] border-t border-[rgb(var(--border-subtle))] pt-4"><div class="flex items-center gap-1.5"><span class="italic">All features</span></div><span class="italic">Auto-managed</span></div></div></div><div class="rounded-xl border border-[rgb(var(--border-subtle))] bg-[rgb(var(--card))] p-6 shadow-[0_1px_3px_0_rgb(0_0_0/0.1),0_1px_2px_-1px_rgb(0_0_0/0.1)] dark:shadow-[0_1px_3px_0_rgb(0_0_0/0.3),0_1px_2px_-1px_rgb(0_0_0/0.2)] cursor-pointer transition-all hover:shadow-lg hover:scale-[1.01]"><div class="p-6"><div class="flex items-start gap-4 mb-5"><div class="w-16 h-16 flex items-center justify-center bg-[rgb(var(--surface))] rounded-xl flex-shrink-0 border border-[rgb(var(--border-subtle))]"><span class="text-xl">Γ¡É</span></div><div class="flex-1 min-w-0"><h3 class="font-semibold text-lg truncate mb-1.5 flex items-center gap-2">Default</h3><span class="inline-flex items-center px-2.5 py-0.5 rounded-full text-xs font-medium bg-blue-100 dark:bg-blue-900/30 text-blue-700 dark:text-blue-300">Default</span></div></div><p class="text-sm text-[rgb(var(--muted))] line-clamp-2 mb-4 h-10">Features automatically granted to all connected clients in this space</p><div class="flex items-center justify-between text-xs text-[rgb(var(--muted))] border-t border-[rgb(var(--border-subtle))] pt-4"><div class="flex items-center gap-1.5"><span>0 members</span></div><span class="flex items-center gap-1 hover:text-primary-500 transition-colors">Configure <svg xmlns="http://www.w3.org/2000/svg" width="24" height="24" viewBox="0 0 24 24" fill="none" stroke="currentColor" stroke-width="2" stroke-linecap="round" stroke-linejoin="round" class="lucide lucide-settings h-3 w-3" aria-hidden="true"><path d="M9.671 4.136a2.34 2.34 0 0 1 4.659 0 2.34 2.34 0 0 0 3.319 1.915 2.34 2.34 0 0 1 2.33 4.033 2.34 2.34 0 0 0 0 3.831 2.34 2.34 0 0 1-2.33 4.033 2.34 2.34 0 0 0-3.319 1.915 2.34 2.34 0 0 1-4.659 0 2.34 2.34 0 0 0-3.32-1.915 2.34 2.34 0 0 1-2.33-4.033 2.34 2.34 0 0 0 0-3.831A2.34 2.34 0 0 1 6.35 6.051a2.34 2.34 0 0 0 3.319-1.915"></path><circle cx="12" cy="12" r="3"></circle></svg></span></div></div></div></div></div></div></div></div></main></div><div class="h-7 flex-shrink-0 border-t border-[rgb(var(--border-subtle))] bg-[rgb(var(--surface))] px-4"><div class="flex h-full items-center justify-between text-xs text-[rgb(var(--muted))]"><div class="flex items-center gap-4"><span class="flex items-center gap-1.5"><span class="h-2 w-2 rounded-full bg-green-500"></span>Gateway Active</span><span>Active Space: Personal</span></div><div class="flex items-center gap-4"><span>5 Servers ΓÇó 97 Tools</span></div></div></div></div></div>
[0-0] 
[0-0]   
[0-0] 
[0-0] </body></html>
[0-0] 2026-02-01T11:24:04.772Z INFO webdriver: COMMAND findElement("css selector", "[data-testid="nav-dashboard"]")
[0-0] 2026-02-01T11:24:04.772Z INFO webdriver: [POST] http://localhost:4444/session/890d5f7f47d033b6fe91dbe20f5a8357/element
[0-0] 2026-02-01T11:24:04.772Z INFO webdriver: DATA {"using":"css selector","value":"[data-testid=\"nav-dashboard\"]"}
[0-0] 2026-02-01T11:24:04.784Z INFO webdriver: RESULT {
[0-0]   'element-6066-11e4-a52e-4f735466cecf': 'f.F69D1E138FE01FD07082B539286C80B6.d.42B052BE4CC71579D51D247416B976CB.e.44'
[0-0] }
[0-0] 2026-02-01T11:24:04.786Z INFO webdriver: COMMAND executeScript(<fn>, <object>)
[0-0] 2026-02-01T11:24:04.787Z INFO webdriver: [POST] http://localhost:4444/session/890d5f7f47d033b6fe91dbe20f5a8357/execute/sync
[0-0] 2026-02-01T11:24:04.788Z INFO webdriver: DATA {"script":"\n            function webdriverioPolyfill() {\n  var __defProp = Object.defineProperty;\n  var __name = function(target, _value) {\n    return __defProp(target, \"name\", { value: _value, configurable: true });\n  };\n  var __globalThis = typeof globalThis === \"object\" && globalThis || typeof window === \"object\" && window;\n  __globalThis.__name = __name;\n}\n            webdriverioPolyfill();\n            return (function(elem) {\n      try {\n        const style = window.getComputedStyle(elem);\n        return { value: style?.display ?? \"\" };\n      } catch {\n        if (typeof elem.isConnected === \"boolean\" && !elem.isConnected) {\n          throw new Error(\"stale element reference: element is not attached to the page document\");\n        }\n        return { value: \"\" };\n      }\n    }).apply(null, arguments)\n        ","args":[{"element-6066-11e4-a52e-4f735466cecf":"f.F69D1E138FE01FD07082B539286C80B6.d.42B052BE4CC71579D51D247416B976CB.e.44","ELEMENT":"f.F69D1E138FE01FD07082B539286C80B6.d.42B052BE4CC71579D51D247416B976CB.e.44"}]}
[0-0] 2026-02-01T11:24:04.788Z INFO webdriver: COMMAND executeScript(<fn>, <object>)
[0-0] 2026-02-01T11:24:04.789Z INFO webdriver: [POST] http://localhost:4444/session/890d5f7f47d033b6fe91dbe20f5a8357/execute/sync
[0-0] 2026-02-01T11:24:04.789Z INFO webdriver: DATA {"script":"\n            function webdriverioPolyfill() {\n  var __defProp = Object.defineProperty;\n  var __name = function(target, _value) {\n    return __defProp(target, \"name\", { value: _value, configurable: true });\n  };\n  var __globalThis = typeof globalThis === \"object\" && globalThis || typeof window === \"object\" && window;\n  __globalThis.__name = __name;\n}\n            webdriverioPolyfill();\n            return (function checkVisibility(elem, params) {\n      if (typeof elem.checkVisibility === \"function\") {\n        return elem.checkVisibility(params);\n      }\n      return null;\n    }).apply(null, arguments)\n        ","args":[{"element-6066-11e4-a52e-4f735466cecf":"f.F69D1E138FE01FD07082B539286C80B6.d.42B052BE4CC71579D51D247416B976CB.e.44","ELEMENT":"f.F69D1E138FE01FD07082B539286C80B6.d.42B052BE4CC71579D51D247416B976CB.e.44"},{"withinViewport":false,"contentVisibilityAuto":true,"opacityProperty":true,"visibilityProperty":true}]}
[0-0] 2026-02-01T11:24:04.799Z INFO webdriver: RESULT { value: 'flex' }
[0-0] 2026-02-01T11:24:04.800Z INFO webdriver: COMMAND takeScreenshot()
[0-0] 2026-02-01T11:24:04.800Z INFO webdriver: [GET] http://localhost:4444/session/890d5f7f47d033b6fe91dbe20f5a8357/screenshot
[0-0] 2026-02-01T11:24:04.807Z INFO webdriver: RESULT true
[0-0] 2026-02-01T11:24:04.807Z INFO webdriver: COMMAND executeScript(<fn>, <object>)
[0-0] 2026-02-01T11:24:04.807Z INFO webdriver: [POST] http://localhost:4444/session/890d5f7f47d033b6fe91dbe20f5a8357/execute/sync
[0-0] 2026-02-01T11:24:04.807Z INFO webdriver: DATA {"script":"\n            function webdriverioPolyfill() {\n  var __defProp = Object.defineProperty;\n  var __name = function(target, _value) {\n    return __defProp(target, \"name\", { value: _value, configurable: true });\n  };\n  var __globalThis = typeof globalThis === \"object\" && globalThis || typeof window === \"object\" && window;\n  __globalThis.__name = __name;\n}\n            webdriverioPolyfill();\n            return (function(elem) {\n      try {\n        const style = window.getComputedStyle(elem);\n        return { value: style?.display ?? \"\" };\n      } catch {\n        if (typeof elem.isConnected === \"boolean\" && !elem.isConnected) {\n          throw new Error(\"stale element reference: element is not attached to the page document\");\n        }\n        return { value: \"\" };\n      }\n    }).apply(null, arguments)\n        ","args":[{"element-6066-11e4-a52e-4f735466cecf":"f.F69D1E138FE01FD07082B539286C80B6.d.42B052BE4CC71579D51D247416B976CB.e.44","ELEMENT":"f.F69D1E138FE01FD07082B539286C80B6.d.42B052BE4CC71579D51D247416B976CB.e.44"}]}
[0-0] 2026-02-01T11:24:04.808Z INFO webdriver: COMMAND executeScript(<fn>, <object>)
[0-0] 2026-02-01T11:24:04.808Z INFO webdriver: [POST] http://localhost:4444/session/890d5f7f47d033b6fe91dbe20f5a8357/execute/sync
[0-0] 2026-02-01T11:24:04.808Z INFO webdriver: DATA {"script":"\n            function webdriverioPolyfill() {\n  var __defProp = Object.defineProperty;\n  var __name = function(target, _value) {\n    return __defProp(target, \"name\", { value: _value, configurable: true });\n  };\n  var __globalThis = typeof globalThis === \"object\" && globalThis || typeof window === \"object\" && window;\n  __globalThis.__name = __name;\n}\n            webdriverioPolyfill();\n            return (function checkVisibility(elem, params) {\n      if (typeof elem.checkVisibility === \"function\") {\n        return elem.checkVisibility(params);\n      }\n      return null;\n    }).apply(null, arguments)\n        ","args":[{"element-6066-11e4-a52e-4f735466cecf":"f.F69D1E138FE01FD07082B539286C80B6.d.42B052BE4CC71579D51D247416B976CB.e.44","ELEMENT":"f.F69D1E138FE01FD07082B539286C80B6.d.42B052BE4CC71579D51D247416B976CB.e.44"},{"withinViewport":false,"contentVisibilityAuto":true,"opacityProperty":true,"visibilityProperty":true}]}
[0-0] 2026-02-01T11:24:04.810Z INFO webdriver: COMMAND takeScreenshot()
[0-0] 2026-02-01T11:24:04.810Z INFO webdriver: [GET] http://localhost:4444/session/890d5f7f47d033b6fe91dbe20f5a8357/screenshot
[0-0] 2026-02-01T11:24:04.965Z INFO webdriver: RESULT iVBORw0KGgoAAAANSUhEUgAACWAAAAWmCAIAAACDPgzkAAAQAElEQVR4nOzdB...
[0-0] 2026-02-01T11:24:04.967Z INFO webdriver: RESULT { value: 'flex' }
[0-0] 2026-02-01T11:24:04.968Z INFO webdriver: COMMAND takeScreenshot()
[0-0] 2026-02-01T11:24:04.968Z INFO webdriver: [GET] http://localhost:4444/session/890d5f7f47d033b6fe91dbe20f5a8357/screenshot
[0-0] 2026-02-01T11:24:05.180Z INFO webdriver: RESULT iVBORw0KGgoAAAANSUhEUgAACWAAAAWmCAIAAACDPgzkAAAQAElEQVR4nOzdB...
[0-0] 2026-02-01T11:24:05.182Z INFO webdriver: RESULT true
[0-0] 2026-02-01T11:24:05.184Z INFO webdriver: COMMAND takeScreenshot()
[0-0] 2026-02-01T11:24:05.184Z INFO webdriver: [GET] http://localhost:4444/session/890d5f7f47d033b6fe91dbe20f5a8357/screenshot
[0-0] 2026-02-01T11:24:05.187Z INFO webdriver: COMMAND findElement("css selector", "[data-testid="nav-discover"]")
[0-0] 2026-02-01T11:24:05.187Z INFO webdriver: [POST] http://localhost:4444/session/890d5f7f47d033b6fe91dbe20f5a8357/element
[0-0] 2026-02-01T11:24:05.187Z INFO webdriver: DATA {"using":"css selector","value":"[data-testid=\"nav-discover\"]"}
[0-0] 2026-02-01T11:24:05.409Z INFO webdriver: RESULT iVBORw0KGgoAAAANSUhEUgAACWAAAAWmCAIAAACDPgzkAAAQAElEQVR4nOzdB...
[0-0] 2026-02-01T11:24:05.630Z INFO webdriver: RESULT iVBORw0KGgoAAAANSUhEUgAACWAAAAWmCAIAAACDPgzkAAAQAElEQVR4nOzdB...
[0-0] 2026-02-01T11:24:05.633Z INFO webdriver: RESULT {
[0-0]   'element-6066-11e4-a52e-4f735466cecf': 'f.F69D1E138FE01FD07082B539286C80B6.d.42B052BE4CC71579D51D247416B976CB.e.46'
[0-0] }
[0-0] 2026-02-01T11:24:05.635Z INFO webdriver: COMMAND elementClick("f.F69D1E138FE01FD07082B539286C80B6.d.42B052BE4CC71579D51D247416B976CB.e.46")
[0-0] 2026-02-01T11:24:05.635Z INFO webdriver: [POST] http://localhost:4444/session/890d5f7f47d033b6fe91dbe20f5a8357/element/f.F69D1E138FE01FD07082B539286C80B6.d.42B052BE4CC71579D51D247416B976CB.e.46/click
[0-0] 2026-02-01T11:24:05.635Z INFO webdriver: DATA {}
[0-0] 2026-02-01T11:24:05.731Z INFO webdriver: RESULT null
[0-0] 2026-02-01T11:24:05.731Z INFO webdriver: COMMAND takeScreenshot()
[0-0] 2026-02-01T11:24:05.731Z INFO webdriver: [GET] http://localhost:4444/session/890d5f7f47d033b6fe91dbe20f5a8357/screenshot
[0-0] 2026-02-01T11:24:06.005Z INFO webdriver: RESULT iVBORw0KGgoAAAANSUhEUgAACWAAAAWmCAIAAACDPgzkAAAQAElEQVR4nOzdC...
[0-0] 2026-02-01T11:24:09.756Z INFO webdriver: COMMAND getPageSource()
[0-0] 2026-02-01T11:24:09.756Z INFO webdriver: [GET] http://localhost:4444/session/890d5f7f47d033b6fe91dbe20f5a8357/source
[0-0] 2026-02-01T11:24:09.767Z INFO webdriver: RESULT <html lang="en"><head>
[0-0]     <meta charset="UTF-8">
[0-0]     <link rel="icon" type="image/svg+xml" href="/mcpmux.svg">
[0-0]     <meta name="viewport" content="width=device-width, initial-scale=1.0">
[0-0]     <title>McpMux</title>
[0-0]     <script type="module" crossorigin="" src="/assets/index-CiZJOwjC.js"></script>
[0-0]     <link rel="stylesheet" crossorigin="" href="/assets/index-Df7hU3Vb.css">
[0-0]   </head>
[0-0] 
[0-0]   <body>
[0-0]     <div id="root"><div class="flex h-screen flex-col overflow-hidden bg-[rgb(var(--background))]"><div class="drag-region h-8 flex-shrink-0 bg-[rgb(var(--surface))] border-b border-[rgb(var(--border-subtle))]"></div><div class="flex flex-1 overflow-hidden"><aside class="w-60 flex-shrink-0 border-r border-[rgb(var(--border-subtle))]"><nav class="flex h-full flex-col bg-[rgb(var(--surface))]"><div class="flex-shrink-0 p-4 border-b border-[rgb(var(--border-subtle))]"><div class="space-y-3"><div class="flex items-center justify-between"><div class="flex items-center gap-2"><svg xmlns="http://www.w3.org/2000/svg" width="24" height="24" viewBox="0 0 24 24" fill="none" stroke="currentColor" stroke-width="2" stroke-linecap="round" stroke-linejoin="round" class="lucide lucide-zap h-6 w-6 text-primary-500" aria-hidden="true"><path d="M4 14a1 1 0 0 1-.78-1.63l9.9-10.2a.5.5 0 0 1 .86.46l-1.92 6.02A1 1 0 0 0 13 10h7a1 1 0 0 1 .78 1.63l-9.9 10.2a.5.5 0 0 1-.86-.46l1.92-6.02A1 1 0 0 0 11 14z"></path></svg><span class="font-bold text-lg">McpMux</span></div><button class="p-1.5 rounded-lg hover:bg-surface-hover transition-colors" title="Dark mode"><svg xmlns="http://www.w3.org/2000/svg" width="24" height="24" viewBox="0 0 24 24" fill="none" stroke="currentColor" stroke-width="2" stroke-linecap="round" stroke-linejoin="round" class="lucide lucide-moon h-4 w-4" aria-hidden="true"><path d="M20.985 12.486a9 9 0 1 1-9.473-9.472c.405-.022.617.46.402.803a6 6 0 0 0 8.268 8.268c.344-.215.825-.004.803.401"></path></svg></button></div><div class="relative w-full"><button class="w-full flex items-center justify-between gap-2 px-3 py-2.5 rounded-xl border border-[rgb(var(--border))] bg-[rgb(var(--surface))] hover:bg-[rgb(var(--surface-hover))] hover:border-[rgb(var(--primary))/30] transition-all duration-150 group"><span class="flex items-center gap-3 min-w-0"><span class="text-xl">≡ƒÅá</span><span class="font-medium text-sm truncate">Personal</span></span><svg xmlns="http://www.w3.org/2000/svg" width="24" height="24" viewBox="0 0 24 24" fill="none" stroke="currentColor" stroke-width="2" stroke-linecap="round" stroke-linejoin="round" class="lucide lucide-chevron-down h-4 w-4 flex-shrink-0 text-[rgb(var(--muted))] group-hover:text-[rgb(var(--foreground))] transition-all duration-200" aria-hidden="true"><path d="m6 9 6 6 6-6"></path></svg></button></div></div></div><div class="flex-1 overflow-y-auto p-3"><div class="mb-6"><div class="space-y-0.5"><button data-testid="nav-dashboard" class="flex w-full items-center gap-3 rounded-lg px-3 py-2.5 text-sm font-medium transition-all duration-150 text-[rgb(var(--muted))] hover:text-[rgb(var(--foreground))] hover:bg-[rgb(var(--surface-hover))]"><span class="h-5 w-5 flex items-center justify-center transition-colors"><svg xmlns="http://www.w3.org/2000/svg" width="24" height="24" viewBox="0 0 24 24" fill="none" stroke="currentColor" stroke-width="2" stroke-linecap="round" stroke-linejoin="round" class="lucide lucide-house h-4 w-4" aria-hidden="true"><path d="M15 21v-8a1 1 0 0 0-1-1h-4a1 1 0 0 0-1 1v8"></path><path d="M3 10a2 2 0 0 1 .709-1.528l7-6a2 2 0 0 1 2.582 0l7 6A2 2 0 0 1 21 10v9a2 2 0 0 1-2 2H5a2 2 0 0 1-2-2z"></path></svg></span><span>Dashboard</span></button><button data-testid="nav-my-servers" class="flex w-full items-center gap-3 rounded-lg px-3 py-2.5 text-sm font-medium transition-all duration-150 text-[rgb(var(--muted))] hover:text-[rgb(var(--foreground))] hover:bg-[rgb(var(--surface-hover))]"><span class="h-5 w-5 flex items-center justify-center transition-colors"><svg xmlns="http://www.w3.org/2000/svg" width="24" height="24" viewBox="0 0 24 24" fill="none" stroke="currentColor" stroke-width="2" stroke-linecap="round" stroke-linejoin="round" class="lucide lucide-zap h-4 w-4" aria-hidden="true"><path d="M4 14a1 1 0 0 1-.78-1.63l9.9-10.2a.5.5 0 0 1 .86.46l-1.92 6.02A1 1 0 0 0 13 10h7a1 1 0 0 1 .78 1.63l-9.9 10.2a.5.5 0 0 1-.86-.46l1.92-6.02A1 1 0 0 0 11 14z"></path></svg></span><span>My Servers</span></button><button data-testid="nav-discover" class="flex w-full items-center gap-3 rounded-lg px-3 py-2.5 text-sm font-medium transition-all duration-150 hover:text-[rgb(var(--foreground))] bg-[rgb(var(--primary))/10] text-[rgb(var(--primary))] hover:bg-[rgb(var(--primary))/15]"><span class="h-5 w-5 flex items-center justify-center transition-colors text-[rgb(var(--primary))]"><svg xmlns="http://www.w3.org/2000/svg" width="24" height="24" viewBox="0 0 24 24" fill="none" stroke="currentColor" stroke-width="2" stroke-linecap="round" stroke-linejoin="round" class="lucide lucide-server h-4 w-4" aria-hidden="true"><rect width="20" height="8" x="2" y="2" rx="2" ry="2"></rect><rect width="20" height="8" x="2" y="14" rx="2" ry="2"></rect><line x1="6" x2="6.01" y1="6" y2="6"></line><line x1="6" x2="6.01" y1="18" y2="18"></line></svg></span><span>Discover</span></button></div></div><div class="mb-6"><h3 class="mb-2 px-3 text-[11px] font-semibold uppercase tracking-wider text-[rgb(var(--muted-foreground))]">Workspaces</h3><div class="space-y-0.5"><button data-testid="nav-spaces" class="flex w-full items-center gap-3 rounded-lg px-3 py-2.5 text-sm font-medium transition-all duration-150 text-[rgb(var(--muted))] hover:text-[rgb(var(--foreground))] hover:bg-[rgb(var(--surface-hover))]"><span class="h-5 w-5 flex items-center justify-center transition-colors"><svg xmlns="http://www.w3.org/2000/svg" width="24" height="24" viewBox="0 0 24 24" fill="none" stroke="currentColor" stroke-width="2" stroke-linecap="round" stroke-linejoin="round" class="lucide lucide-globe h-4 w-4" aria-hidden="true"><circle cx="12" cy="12" r="10"></circle><path d="M12 2a14.5 14.5 0 0 0 0 20 14.5 14.5 0 0 0 0-20"></path><path d="M2 12h20"></path></svg></span><span>Spaces</span></button><button data-testid="nav-featuresets" class="flex w-full items-center gap-3 rounded-lg px-3 py-2.5 text-sm font-medium transition-all duration-150 text-[rgb(var(--muted))] hover:text-[rgb(var(--foreground))] hover:bg-[rgb(var(--surface-hover))]"><span class="h-5 w-5 flex items-center justify-center transition-colors"><svg xmlns="http://www.w3.org/2000/svg" width="24" height="24" viewBox="0 0 24 24" fill="none" stroke="currentColor" stroke-width="2" stroke-linecap="round" stroke-linejoin="round" class="lucide lucide-wrench h-4 w-4" aria-hidden="true"><path d="M14.7 6.3a1 1 0 0 0 0 1.4l1.6 1.6a1 1 0 0 0 1.4 0l3.106-3.105c.32-.322.863-.22.983.218a6 6 0 0 1-8.259 7.057l-7.91 7.91a1 1 0 0 1-2.999-3l7.91-7.91a6 6 0 0 1 7.057-8.259c.438.12.54.662.219.984z"></path></svg></span><span>FeatureSets</span></button></div></div><div class="mb-6"><h3 class="mb-2 px-3 text-[11px] font-semibold uppercase tracking-wider text-[rgb(var(--muted-foreground))]">Connections</h3><div class="space-y-0.5"><button data-testid="nav-clients" class="flex w-full items-center gap-3 rounded-lg px-3 py-2.5 text-sm font-medium transition-all duration-150 text-[rgb(var(--muted))] hover:text-[rgb(var(--foreground))] hover:bg-[rgb(var(--surface-hover))]"><span class="h-5 w-5 flex items-center justify-center transition-colors"><svg xmlns="http://www.w3.org/2000/svg" width="24" height="24" viewBox="0 0 24 24" fill="none" stroke="currentColor" stroke-width="2" stroke-linecap="round" stroke-linejoin="round" class="lucide lucide-monitor h-4 w-4" aria-hidden="true"><rect width="20" height="14" x="2" y="3" rx="2"></rect><line x1="8" x2="16" y1="21" y2="21"></line><line x1="12" x2="12" y1="17" y2="21"></line></svg></span><span>Clients</span></button></div></div><div class="mb-6"><div class="space-y-0.5"><button data-testid="nav-settings" class="flex w-full items-center gap-3 rounded-lg px-3 py-2.5 text-sm font-medium transition-all duration-150 text-[rgb(var(--muted))] hover:text-[rgb(var(--foreground))] hover:bg-[rgb(var(--surface-hover))]"><span class="h-5 w-5 flex items-center justify-center transition-colors"><svg xmlns="http://www.w3.org/2000/svg" width="24" height="24" viewBox="0 0 24 24" fill="none" stroke="currentColor" stroke-width="2" stroke-linecap="round" stroke-linejoin="round" class="lucide lucide-settings h-4 w-4" aria-hidden="true"><path d="M9.671 4.136a2.34 2.34 0 0 1 4.659 0 2.34 2.34 0 0 0 3.319 1.915 2.34 2.34 0 0 1 2.33 4.033 2.34 2.34 0 0 0 0 3.831 2.34 2.34 0 0 1-2.33 4.033 2.34 2.34 0 0 0-3.319 1.915 2.34 2.34 0 0 1-4.659 0 2.34 2.34 0 0 0-3.32-1.915 2.34 2.34 0 0 1-2.33-4.033 2.34 2.34 0 0 0 0-3.831A2.34 2.34 0 0 1 6.35 6.051a2.34 2.34 0 0 0 3.319-1.915"></path><circle cx="12" cy="12" r="3"></circle></svg></span><span>Settings</span></button></div></div></div><div class="flex-shrink-0 p-4 border-t border-[rgb(var(--border-subtle))]"><div class="text-xs text-[rgb(var(--muted))]"><div>McpMux v0.1.0</div><div>Gateway: localhost:9315</div></div></div></nav></aside><main class="flex-1 overflow-auto p-6 bg-[rgb(var(--background))]"><div class="animate-fade-in"><div class="h-full flex flex-col" data-testid="registry-page"><div class="p-6 border-b border-[rgb(var(--border-subtle))]"><div class="flex items-center gap-3 mb-1"><h1 class="text-2xl font-bold" data-testid="registry-title">Discover Servers</h1></div><p class="text-sm text-[rgb(var(--muted))]">Browse and install MCP servers from the registry</p></div><div class="p-4 border-b border-[rgb(var(--border-subtle))] space-y-4"><div class="relative"><svg class="absolute left-3 top-1/2 -translate-y-1/2 w-5 h-5 text-[rgb(var(--muted))]" fill="none" viewBox="0 0 24 24" stroke="currentColor"><path stroke-linecap="round" stroke-linejoin="round" stroke-width="2" d="M21 21l-6-6m2-5a7 7 0 11-14 0 7 7 0 0114 0z"></path></svg><input placeholder="Search servers..." class="input w-full pl-10" data-testid="search-input" type="text" value=""></div><div class="flex flex-wrap items-center gap-3"><div class="relative"><select class="appearance-none bg-[rgb(var(--surface-hover))] border rounded-lg pl-3 pr-8 py-1.5 text-sm focus:outline-none focus:ring-2 focus:ring-[rgb(var(--primary))]/50 cursor-pointer border-[rgb(var(--border-subtle))] text-[rgb(var(--muted))]"><option value="all">All Categories</option><option value="developer-tools">≡ƒÆ╗ Developer Tools</option><option value="file-system">≡ƒôé File System</option><option value="cloud">Γÿü∩╕Å Cloud</option></select><svg xmlns="http://www.w3.org/2000/svg" width="24" height="24" viewBox="0 0 24 24" fill="none" stroke="currentColor" stroke-width="2" stroke-linecap="round" stroke-linejoin="round" class="lucide lucide-chevron-down absolute right-2 top-1/2 -translate-y-1/2 w-4 h-4 pointer-events-none text-[rgb(var(--muted))]" aria-hidden="true"><path d="m6 9 6 6 6-6"></path></svg></div><div class="relative"><select class="appearance-none bg-[rgb(var(--surface-hover))] border rounded-lg pl-3 pr-8 py-1.5 text-sm focus:outline-none focus:ring-2 focus:ring-[rgb(var(--primary))]/50 cursor-pointer border-[rgb(var(--border-subtle))] text-[rgb(var(--muted))]"><option value="all">All</option><option value="none">No Auth</option><option value="api_key">API Key</option><option value="oauth">OAuth</option></select><svg xmlns="http://www.w3.org/2000/svg" width="24" height="24" viewBox="0 0 24 24" fill="none" stroke="currentColor" stroke-width="2" stroke-linecap="round" stroke-linejoin="round" class="lucide lucide-chevron-down absolute right-2 top-1/2 -translate-y-1/2 w-4 h-4 pointer-events-none text-[rgb(var(--muted))]" aria-hidden="true"><path d="m6 9 6 6 6-6"></path></svg></div><div class="relative"><select class="appearance-none bg-[rgb(var(--surface-hover))] border rounded-lg pl-3 pr-8 py-1.5 text-sm focus:outline-none focus:ring-2 focus:ring-[rgb(var(--primary))]/50 cursor-pointer border-[rgb(var(--border-subtle))] text-[rgb(var(--muted))]"><option value="all">All</option><option value="http">Remote (HTTP)</option><option value="stdio">Local (Stdio)</option></select><svg xmlns="http://www.w3.org/2000/svg" width="24" height="24" viewBox="0 0 24 24" fill="none" stroke="currentColor" stroke-width="2" stroke-linecap="round" stroke-linejoin="round" class="lucide lucide-chevron-down absolute right-2 top-1/2 -translate-y-1/2 w-4 h-4 pointer-events-none text-[rgb(var(--muted))]" aria-hidden="true"><path d="m6 9 6 6 6-6"></path></svg></div><div class="ml-auto flex items-center gap-2"><span class="text-sm text-[rgb(var(--muted))]">Sort:</span><select class="bg-[rgb(var(--surface-hover))] border border-[rgb(var(--border-subtle))] rounded-lg px-3 py-1.5 text-sm focus:outline-none focus:ring-2 focus:ring-[rgb(var(--primary))]/50"><option value="name_asc">Name A-Z</option></select></div></div></div><div class="flex-1 overflow-y-auto p-4 registry-grid-container"><div class="grid grid-cols-1 md:grid-cols-2 xl:grid-cols-3 gap-4"><div class="group relative bg-[rgb(var(--card))] border border-[rgb(var(--border-subtle))] rounded-xl p-5 
[0-0]                  hover:border-[rgb(var(--primary))]/50 hover:shadow-lg
[0-0]                  transition-all duration-200 cursor-pointer shadow-sm" data-testid="server-card-api-key-server"><div class="flex items-start gap-3 mb-3"><div class="text-3xl flex-shrink-0">≡ƒöæ</div><div class="flex-1 min-w-0"><div class="flex items-center gap-1.5"><h3 class="font-semibold truncate" title="API Key Server" data-testid="server-name-api-key-server">API Key Server</h3><span class="text-[rgb(var(--info))] flex-shrink-0" title="Verified Publisher">Γ£ô</span></div><p class="text-xs text-[rgb(var(--muted))] truncate">by McpMux Test</p></div></div><p class="text-sm text-[rgb(var(--muted))] line-clamp-2 mb-4">Server requiring an API key input for testing input handling</p><div class="flex flex-wrap gap-2 mb-4"><span class="px-2 py-0.5 text-xs rounded-full bg-purple-500/20 text-purple-600 dark:text-purple-400">Local</span><span class="px-2 py-0.5 text-xs rounded-full bg-[rgb(var(--warning))]/20 text-[rgb(var(--warning))]">API Key</span></div><div class="flex flex-wrap gap-1 mb-4"><span class="px-2 py-0.5 text-xs rounded bg-[rgb(var(--surface-hover))] text-[rgb(var(--muted))]">developer-tools</span></div><div class="flex justify-end"><button class="px-4 py-1.5 text-sm rounded-lg bg-[rgb(var(--primary))] text-[rgb(var(--primary-foreground))]
[0-0]                        hover:bg-[rgb(var(--primary-hover))] transition-colors disabled:opacity-50" data-testid="install-btn-api-key-server">Install</button></div></div><div class="group relative bg-[rgb(var(--card))] border border-[rgb(var(--border-subtle))] rounded-xl p-5 
[0-0]                  hover:border-[rgb(var(--primary))]/50 hover:shadow-lg
[0-0]                  transition-all duration-200 cursor-pointer shadow-sm" data-testid="server-card-directory-server"><div class="flex items-start gap-3 mb-3"><div class="text-3xl flex-shrink-0">≡ƒôé</div><div class="flex-1 min-w-0"><div class="flex items-center gap-1.5"><h3 class="font-semibold truncate" title="Directory Server" data-testid="server-name-directory-server">Directory Server</h3><span class="text-[rgb(var(--info))] flex-shrink-0" title="Verified Publisher">Γ£ô</span></div><p class="text-xs text-[rgb(var(--muted))] truncate">by McpMux Test</p></div></div><p class="text-sm text-[rgb(var(--muted))] line-clamp-2 mb-4">Server with directory path input for testing path inputs</p><div class="flex flex-wrap gap-2 mb-4"><span class="px-2 py-0.5 text-xs rounded-full bg-purple-500/20 text-purple-600 dark:text-purple-400">Local</span><span class="px-2 py-0.5 text-xs rounded-full bg-[rgb(var(--success))]/20 text-[rgb(var(--success))]">No Auth</span></div><div class="flex flex-wrap gap-1 mb-4"><span class="px-2 py-0.5 text-xs rounded bg-[rgb(var(--surface-hover))] text-[rgb(var(--muted))]">file-system</span></div><div class="flex justify-end"><button class="px-4 py-1.5 text-sm rounded-lg border border-[rgb(var(--error))]/30 text-[rgb(var(--error))]
[0-0]                        hover:bg-[rgb(var(--error))]/10 transition-colors disabled:opacity-50" data-testid="uninstall-btn-directory-server">Uninstall</button></div></div><div class="group relative bg-[rgb(var(--card))] border border-[rgb(var(--border-subtle))] rounded-xl p-5 
[0-0]                  hover:border-[rgb(var(--primary))]/50 hover:shadow-lg
[0-0]                  transition-all duration-200 cursor-pointer shadow-sm" data-testid="server-card-echo-server"><div class="flex items-start gap-3 mb-3"><div class="text-3xl flex-shrink-0">≡ƒöè</div><div class="flex-1 min-w-0"><div class="flex items-center gap-1.5"><h3 class="font-semibold truncate" title="Echo Server" data-testid="server-name-echo-server">Echo Server</h3><span class="text-[rgb(var(--info))] flex-shrink-0" title="Verified Publisher">Γ£ô</span></div><p class="text-xs text-[rgb(var(--muted))] truncate">by McpMux Test</p></div></div><p class="text-sm text-[rgb(var(--muted))] line-clamp-2 mb-4">Simple echo server for testing - returns what you send</p><div class="flex flex-wrap gap-2 mb-4"><span class="px-2 py-0.5 text-xs rounded-full bg-purple-500/20 text-purple-600 dark:text-purple-400">Local</span><span class="px-2 py-0.5 text-xs rounded-full bg-[rgb(var(--success))]/20 text-[rgb(var(--success))]">No Auth</span></div><div class="flex flex-wrap gap-1 mb-4"><span class="px-2 py-0.5 text-xs rounded bg-[rgb(var(--surface-hover))] text-[rgb(var(--muted))]">developer-tools</span></div><div class="flex justify-end"><button class="px-4 py-1.5 text-sm rounded-lg bg-[rgb(var(--primary))] text-[rgb(var(--primary-foreground))]
[0-0]                        hover:bg-[rgb(var(--primary-hover))] transition-colors disabled:opacity-50" data-testid="install-btn-echo-server">Install</button></div></div><div class="group relative bg-[rgb(var(--card))] border border-[rgb(var(--border-subtle))] rounded-xl p-5 
[0-0]                  hover:border-[rgb(var(--primary))]/50 hover:shadow-lg
[0-0]                  transition-all duration-200 cursor-pointer shadow-sm" data-testid="server-card-http-apikey-server"><div class="flex items-start gap-3 mb-3"><div class="text-3xl flex-shrink-0">≡ƒöÆ</div><div class="flex-1 min-w-0"><div class="flex items-center gap-1.5"><h3 class="font-semibold truncate" title="HTTP Server (API Key)" data-testid="server-name-http-apikey-server">HTTP Server (API Key)</h3><span class="text-[rgb(var(--info))] flex-shrink-0" title="Verified Publisher">Γ£ô</span></div><p class="text-xs text-[rgb(var(--muted))] truncate">by McpMux Test</p></div></div><p class="text-sm text-[rgb(var(--muted))] line-clamp-2 mb-4">HTTP server requiring API key in header</p><div class="flex flex-wrap gap-2 mb-4"><span class="px-2 py-0.5 text-xs rounded-full bg-[rgb(var(--primary))]/20 text-[rgb(var(--primary))]">HTTP</span><span class="px-2 py-0.5 text-xs rounded-full bg-[rgb(var(--warning))]/20 text-[rgb(var(--warning))]">API Key</span></div><div class="flex flex-wrap gap-1 mb-4"><span class="px-2 py-0.5 text-xs rounded bg-[rgb(var(--surface-hover))] text-[rgb(var(--muted))]">search</span></div><div class="flex justify-end"><button class="px-4 py-1.5 text-sm rounded-lg bg-[rgb(var(--primary))] text-[rgb(var(--primary-foreground))]
[0-0]                        hover:bg-[rgb(var(--primary-hover))] transition-colors disabled:opacity-50" data-testid="install-btn-http-apikey-server">Install</button></div></div><div class="group relative bg-[rgb(var(--card))] border border-[rgb(var(--border-subtle))] rounded-xl p-5 
[0-0]                  hover:border-[rgb(var(--primary))]/50 hover:shadow-lg
[0-0]                  transition-all duration-200 cursor-pointer shadow-sm" data-testid="server-card-http-noauth-server"><div class="flex items-start gap-3 mb-3"><div class="text-3xl flex-shrink-0">≡ƒîÉ</div><div class="flex-1 min-w-0"><div class="flex items-center gap-1.5"><h3 class="font-semibold truncate" title="HTTP Server (No Auth)" data-testid="server-name-http-noauth-server">HTTP Server (No Auth)</h3><span class="text-[rgb(var(--info))] flex-shrink-0" title="Verified Publisher">Γ£ô</span></div><p class="text-xs text-[rgb(var(--muted))] truncate">by McpMux Test</p></div></div><p class="text-sm text-[rgb(var(--muted))] line-clamp-2 mb-4">HTTP server without authentication for testing remote connections</p><div class="flex flex-wrap gap-2 mb-4"><span class="px-2 py-0.5 text-xs rounded-full bg-[rgb(var(--primary))]/20 text-[rgb(var(--primary))]">HTTP</span><span class="px-2 py-0.5 text-xs rounded-full bg-[rgb(var(--success))]/20 text-[rgb(var(--success))]">No Auth</span></div><div class="flex flex-wrap gap-1 mb-4"><span class="px-2 py-0.5 text-xs rounded bg-[rgb(var(--surface-hover))] text-[rgb(var(--muted))]">cloud</span></div><div class="flex justify-end"><button class="px-4 py-1.5 text-sm rounded-lg bg-[rgb(var(--primary))] text-[rgb(var(--primary-foreground))]
[0-0]                        hover:bg-[rgb(var(--primary-hover))] transition-colors disabled:opacity-50" data-testid="install-btn-http-noauth-server">Install</button></div></div><div class="group relative bg-[rgb(var(--card))] border border-[rgb(var(--border-subtle))] rounded-xl p-5 
[0-0]                  hover:border-[rgb(var(--primary))]/50 hover:shadow-lg
[0-0]                  transition-all duration-200 cursor-pointer shadow-sm" data-testid="server-card-http-oauth-server"><div class="flex items-start gap-3 mb-3"><div class="text-3xl flex-shrink-0">≡ƒöÉ</div><div class="flex-1 min-w-0"><div class="flex items-center gap-1.5"><h3 class="font-semibold truncate" title="HTTP Server (OAuth)" data-testid="server-name-http-oauth-server">HTTP Server (OAuth)</h3><span class="text-[rgb(var(--info))] flex-shrink-0" title="Verified Publisher">Γ£ô</span></div><p class="text-xs text-[rgb(var(--muted))] truncate">by McpMux Test</p></div></div><p class="text-sm text-[rgb(var(--muted))] line-clamp-2 mb-4">HTTP server with OAuth authentication for testing auth flows</p><div class="flex flex-wrap gap-2 mb-4"><span class="px-2 py-0.5 text-xs rounded-full bg-[rgb(var(--primary))]/20 text-[rgb(var(--primary))]">HTTP</span><span class="px-2 py-0.5 text-xs rounded-full bg-[rgb(var(--info))]/20 text-[rgb(var(--info))]">OAuth</span></div><div class="flex flex-wrap gap-1 mb-4"><span class="px-2 py-0.5 text-xs rounded bg-[rgb(var(--surface-hover))] text-[rgb(var(--muted))]">productivity</span></div><div class="flex justify-end"><button class="px-4 py-1.5 text-sm rounded-lg bg-[rgb(var(--primary))] text-[rgb(var(--primary-foreground))]
[0-0]                        hover:bg-[rgb(var(--primary-hover))] transition-colors disabled:opacity-50" data-testid="install-btn-http-oauth-server">Install</button></div></div></div></div><div class="p-4 border-t border-[rgb(var(--border-subtle))] flex items-center justify-between bg-[rgb(var(--surface))]"><div class="text-sm text-[rgb(var(--muted))]" data-testid="server-count">6 servers found<span class="ml-2 border-l border-[rgb(var(--border-subtle))] pl-2">1 installed</span></div></div></div></div></main></div><div class="h-7 flex-shrink-0 border-t border-[rgb(var(--border-subtle))] bg-[rgb(var(--surface))] px-4"><div class="flex h-full items-center justify-between text-xs text-[rgb(var(--muted))]"><div class="flex items-center gap-4"><span class="flex items-center gap-1.5"><span class="h-2 w-2 rounded-full bg-green-500"></span>Gateway Active</span><span>Active Space: Personal</span></div><div class="flex items-center gap-4"><span>5 Servers ΓÇó 97 Tools</span></div></div></div></div></div>
[0-0] 
[0-0]   
[0-0] 
[0-0] </body></html>
[0-0] 2026-02-01T11:24:09.771Z INFO webdriver: COMMAND findElement("css selector", "[data-testid="search-input"]")
[0-0] 2026-02-01T11:24:09.772Z INFO webdriver: [POST] http://localhost:4444/session/890d5f7f47d033b6fe91dbe20f5a8357/element
[0-0] 2026-02-01T11:24:09.772Z INFO webdriver: DATA {"using":"css selector","value":"[data-testid=\"search-input\"]"}
[0-0] 2026-02-01T11:24:09.787Z INFO webdriver: RESULT {
[0-0]   'element-6066-11e4-a52e-4f735466cecf': 'f.F69D1E138FE01FD07082B539286C80B6.d.42B052BE4CC71579D51D247416B976CB.e.253'
[0-0] }
[0-0] 2026-02-01T11:24:09.790Z INFO webdriver: COMMAND elementClear("f.F69D1E138FE01FD07082B539286C80B6.d.42B052BE4CC71579D51D247416B976CB.e.253")
[0-0] 2026-02-01T11:24:09.790Z INFO webdriver: [POST] http://localhost:4444/session/890d5f7f47d033b6fe91dbe20f5a8357/element/f.F69D1E138FE01FD07082B539286C80B6.d.42B052BE4CC71579D51D247416B976CB.e.253/clear
[0-0] 2026-02-01T11:24:09.790Z INFO webdriver: DATA {}
[0-0] 2026-02-01T11:24:09.864Z INFO webdriver: RESULT null
[0-0] 2026-02-01T11:24:09.864Z INFO webdriver: COMMAND takeScreenshot()
[0-0] 2026-02-01T11:24:09.864Z INFO webdriver: [GET] http://localhost:4444/session/890d5f7f47d033b6fe91dbe20f5a8357/screenshot
[0-0] 2026-02-01T11:24:10.167Z INFO webdriver: RESULT iVBORw0KGgoAAAANSUhEUgAACWAAAAWmCAIAAACDPgzkAAAQAElEQVR4nOzdC...
[0-0] 2026-02-01T11:24:10.168Z INFO webdriver: COMMAND elementClear("f.F69D1E138FE01FD07082B539286C80B6.d.42B052BE4CC71579D51D247416B976CB.e.253")
[0-0] 2026-02-01T11:24:10.168Z INFO webdriver: [POST] http://localhost:4444/session/890d5f7f47d033b6fe91dbe20f5a8357/element/f.F69D1E138FE01FD07082B539286C80B6.d.42B052BE4CC71579D51D247416B976CB.e.253/clear
[0-0] 2026-02-01T11:24:10.169Z INFO webdriver: DATA {}
[0-0] 2026-02-01T11:24:10.221Z INFO webdriver: RESULT null
[0-0] 2026-02-01T11:24:10.222Z INFO webdriver: COMMAND elementSendKeys("f.F69D1E138FE01FD07082B539286C80B6.d.42B052BE4CC71579D51D247416B976CB.e.253", "<Screenshot[base64]>")
[0-0] 2026-02-01T11:24:10.223Z INFO webdriver: [POST] http://localhost:4444/session/890d5f7f47d033b6fe91dbe20f5a8357/element/f.F69D1E138FE01FD07082B539286C80B6.d.42B052BE4CC71579D51D247416B976CB.e.253/value
[0-0] 2026-02-01T11:24:10.223Z INFO webdriver: DATA {"text":"Echo"}
[0-0] 2026-02-01T11:24:10.224Z INFO webdriver: COMMAND takeScreenshot()
[0-0] 2026-02-01T11:24:10.224Z INFO webdriver: [GET] http://localhost:4444/session/890d5f7f47d033b6fe91dbe20f5a8357/screenshot
[0-0] 2026-02-01T11:24:10.321Z INFO webdriver: RESULT null
[0-0] 2026-02-01T11:24:10.321Z INFO webdriver: COMMAND takeScreenshot()
[0-0] 2026-02-01T11:24:10.321Z INFO webdriver: [GET] http://localhost:4444/session/890d5f7f47d033b6fe91dbe20f5a8357/screenshot
[0-0] 2026-02-01T11:24:10.573Z INFO webdriver: RESULT iVBORw0KGgoAAAANSUhEUgAACWAAAAWmCAIAAACDPgzkAAAQAElEQVR4nOzdC...
[0-0] 2026-02-01T11:24:10.810Z INFO webdriver: RESULT iVBORw0KGgoAAAANSUhEUgAACWAAAAWmCAIAAACDPgzkAAAQAElEQVR4nOzdC...
[0-0] 2026-02-01T11:24:11.335Z INFO webdriver: COMMAND getPageSource()
[0-0] 2026-02-01T11:24:11.335Z INFO webdriver: [GET] http://localhost:4444/session/890d5f7f47d033b6fe91dbe20f5a8357/source
[0-0] 2026-02-01T11:24:11.349Z INFO webdriver: RESULT <html lang="en"><head>
[0-0]     <meta charset="UTF-8">
[0-0]     <link rel="icon" type="image/svg+xml" href="/mcpmux.svg">
[0-0]     <meta name="viewport" content="width=device-width, initial-scale=1.0">
[0-0]     <title>McpMux</title>
[0-0]     <script type="module" crossorigin="" src="/assets/index-CiZJOwjC.js"></script>
[0-0]     <link rel="stylesheet" crossorigin="" href="/assets/index-Df7hU3Vb.css">
[0-0]   </head>
[0-0] 
[0-0]   <body>
[0-0]     <div id="root"><div class="flex h-screen flex-col overflow-hidden bg-[rgb(var(--background))]"><div class="drag-region h-8 flex-shrink-0 bg-[rgb(var(--surface))] border-b border-[rgb(var(--border-subtle))]"></div><div class="flex flex-1 overflow-hidden"><aside class="w-60 flex-shrink-0 border-r border-[rgb(var(--border-subtle))]"><nav class="flex h-full flex-col bg-[rgb(var(--surface))]"><div class="flex-shrink-0 p-4 border-b border-[rgb(var(--border-subtle))]"><div class="space-y-3"><div class="flex items-center justify-between"><div class="flex items-center gap-2"><svg xmlns="http://www.w3.org/2000/svg" width="24" height="24" viewBox="0 0 24 24" fill="none" stroke="currentColor" stroke-width="2" stroke-linecap="round" stroke-linejoin="round" class="lucide lucide-zap h-6 w-6 text-primary-500" aria-hidden="true"><path d="M4 14a1 1 0 0 1-.78-1.63l9.9-10.2a.5.5 0 0 1 .86.46l-1.92 6.02A1 1 0 0 0 13 10h7a1 1 0 0 1 .78 1.63l-9.9 10.2a.5.5 0 0 1-.86-.46l1.92-6.02A1 1 0 0 0 11 14z"></path></svg><span class="font-bold text-lg">McpMux</span></div><button class="p-1.5 rounded-lg hover:bg-surface-hover transition-colors" title="Dark mode"><svg xmlns="http://www.w3.org/2000/svg" width="24" height="24" viewBox="0 0 24 24" fill="none" stroke="currentColor" stroke-width="2" stroke-linecap="round" stroke-linejoin="round" class="lucide lucide-moon h-4 w-4" aria-hidden="true"><path d="M20.985 12.486a9 9 0 1 1-9.473-9.472c.405-.022.617.46.402.803a6 6 0 0 0 8.268 8.268c.344-.215.825-.004.803.401"></path></svg></button></div><div class="relative w-full"><button class="w-full flex items-center justify-between gap-2 px-3 py-2.5 rounded-xl border border-[rgb(var(--border))] bg-[rgb(var(--surface))] hover:bg-[rgb(var(--surface-hover))] hover:border-[rgb(var(--primary))/30] transition-all duration-150 group"><span class="flex items-center gap-3 min-w-0"><span class="text-xl">≡ƒÅá</span><span class="font-medium text-sm truncate">Personal</span></span><svg xmlns="http://www.w3.org/2000/svg" width="24" height="24" viewBox="0 0 24 24" fill="none" stroke="currentColor" stroke-width="2" stroke-linecap="round" stroke-linejoin="round" class="lucide lucide-chevron-down h-4 w-4 flex-shrink-0 text-[rgb(var(--muted))] group-hover:text-[rgb(var(--foreground))] transition-all duration-200" aria-hidden="true"><path d="m6 9 6 6 6-6"></path></svg></button></div></div></div><div class="flex-1 overflow-y-auto p-3"><div class="mb-6"><div class="space-y-0.5"><button data-testid="nav-dashboard" class="flex w-full items-center gap-3 rounded-lg px-3 py-2.5 text-sm font-medium transition-all duration-150 text-[rgb(var(--muted))] hover:text-[rgb(var(--foreground))] hover:bg-[rgb(var(--surface-hover))]"><span class="h-5 w-5 flex items-center justify-center transition-colors"><svg xmlns="http://www.w3.org/2000/svg" width="24" height="24" viewBox="0 0 24 24" fill="none" stroke="currentColor" stroke-width="2" stroke-linecap="round" stroke-linejoin="round" class="lucide lucide-house h-4 w-4" aria-hidden="true"><path d="M15 21v-8a1 1 0 0 0-1-1h-4a1 1 0 0 0-1 1v8"></path><path d="M3 10a2 2 0 0 1 .709-1.528l7-6a2 2 0 0 1 2.582 0l7 6A2 2 0 0 1 21 10v9a2 2 0 0 1-2 2H5a2 2 0 0 1-2-2z"></path></svg></span><span>Dashboard</span></button><button data-testid="nav-my-servers" class="flex w-full items-center gap-3 rounded-lg px-3 py-2.5 text-sm font-medium transition-all duration-150 text-[rgb(var(--muted))] hover:text-[rgb(var(--foreground))] hover:bg-[rgb(var(--surface-hover))]"><span class="h-5 w-5 flex items-center justify-center transition-colors"><svg xmlns="http://www.w3.org/2000/svg" width="24" height="24" viewBox="0 0 24 24" fill="none" stroke="currentColor" stroke-width="2" stroke-linecap="round" stroke-linejoin="round" class="lucide lucide-zap h-4 w-4" aria-hidden="true"><path d="M4 14a1 1 0 0 1-.78-1.63l9.9-10.2a.5.5 0 0 1 .86.46l-1.92 6.02A1 1 0 0 0 13 10h7a1 1 0 0 1 .78 1.63l-9.9 10.2a.5.5 0 0 1-.86-.46l1.92-6.02A1 1 0 0 0 11 14z"></path></svg></span><span>My Servers</span></button><button data-testid="nav-discover" class="flex w-full items-center gap-3 rounded-lg px-3 py-2.5 text-sm font-medium transition-all duration-150 hover:text-[rgb(var(--foreground))] bg-[rgb(var(--primary))/10] text-[rgb(var(--primary))] hover:bg-[rgb(var(--primary))/15]"><span class="h-5 w-5 flex items-center justify-center transition-colors text-[rgb(var(--primary))]"><svg xmlns="http://www.w3.org/2000/svg" width="24" height="24" viewBox="0 0 24 24" fill="none" stroke="currentColor" stroke-width="2" stroke-linecap="round" stroke-linejoin="round" class="lucide lucide-server h-4 w-4" aria-hidden="true"><rect width="20" height="8" x="2" y="2" rx="2" ry="2"></rect><rect width="20" height="8" x="2" y="14" rx="2" ry="2"></rect><line x1="6" x2="6.01" y1="6" y2="6"></line><line x1="6" x2="6.01" y1="18" y2="18"></line></svg></span><span>Discover</span></button></div></div><div class="mb-6"><h3 class="mb-2 px-3 text-[11px] font-semibold uppercase tracking-wider text-[rgb(var(--muted-foreground))]">Workspaces</h3><div class="space-y-0.5"><button data-testid="nav-spaces" class="flex w-full items-center gap-3 rounded-lg px-3 py-2.5 text-sm font-medium transition-all duration-150 text-[rgb(var(--muted))] hover:text-[rgb(var(--foreground))] hover:bg-[rgb(var(--surface-hover))]"><span class="h-5 w-5 flex items-center justify-center transition-colors"><svg xmlns="http://www.w3.org/2000/svg" width="24" height="24" viewBox="0 0 24 24" fill="none" stroke="currentColor" stroke-width="2" stroke-linecap="round" stroke-linejoin="round" class="lucide lucide-globe h-4 w-4" aria-hidden="true"><circle cx="12" cy="12" r="10"></circle><path d="M12 2a14.5 14.5 0 0 0 0 20 14.5 14.5 0 0 0 0-20"></path><path d="M2 12h20"></path></svg></span><span>Spaces</span></button><button data-testid="nav-featuresets" class="flex w-full items-center gap-3 rounded-lg px-3 py-2.5 text-sm font-medium transition-all duration-150 text-[rgb(var(--muted))] hover:text-[rgb(var(--foreground))] hover:bg-[rgb(var(--surface-hover))]"><span class="h-5 w-5 flex items-center justify-center transition-colors"><svg xmlns="http://www.w3.org/2000/svg" width="24" height="24" viewBox="0 0 24 24" fill="none" stroke="currentColor" stroke-width="2" stroke-linecap="round" stroke-linejoin="round" class="lucide lucide-wrench h-4 w-4" aria-hidden="true"><path d="M14.7 6.3a1 1 0 0 0 0 1.4l1.6 1.6a1 1 0 0 0 1.4 0l3.106-3.105c.32-.322.863-.22.983.218a6 6 0 0 1-8.259 7.057l-7.91 7.91a1 1 0 0 1-2.999-3l7.91-7.91a6 6 0 0 1 7.057-8.259c.438.12.54.662.219.984z"></path></svg></span><span>FeatureSets</span></button></div></div><div class="mb-6"><h3 class="mb-2 px-3 text-[11px] font-semibold uppercase tracking-wider text-[rgb(var(--muted-foreground))]">Connections</h3><div class="space-y-0.5"><button data-testid="nav-clients" class="flex w-full items-center gap-3 rounded-lg px-3 py-2.5 text-sm font-medium transition-all duration-150 text-[rgb(var(--muted))] hover:text-[rgb(var(--foreground))] hover:bg-[rgb(var(--surface-hover))]"><span class="h-5 w-5 flex items-center justify-center transition-colors"><svg xmlns="http://www.w3.org/2000/svg" width="24" height="24" viewBox="0 0 24 24" fill="none" stroke="currentColor" stroke-width="2" stroke-linecap="round" stroke-linejoin="round" class="lucide lucide-monitor h-4 w-4" aria-hidden="true"><rect width="20" height="14" x="2" y="3" rx="2"></rect><line x1="8" x2="16" y1="21" y2="21"></line><line x1="12" x2="12" y1="17" y2="21"></line></svg></span><span>Clients</span></button></div></div><div class="mb-6"><div class="space-y-0.5"><button data-testid="nav-settings" class="flex w-full items-center gap-3 rounded-lg px-3 py-2.5 text-sm font-medium transition-all duration-150 text-[rgb(var(--muted))] hover:text-[rgb(var(--foreground))] hover:bg-[rgb(var(--surface-hover))]"><span class="h-5 w-5 flex items-center justify-center transition-colors"><svg xmlns="http://www.w3.org/2000/svg" width="24" height="24" viewBox="0 0 24 24" fill="none" stroke="currentColor" stroke-width="2" stroke-linecap="round" stroke-linejoin="round" class="lucide lucide-settings h-4 w-4" aria-hidden="true"><path d="M9.671 4.136a2.34 2.34 0 0 1 4.659 0 2.34 2.34 0 0 0 3.319 1.915 2.34 2.34 0 0 1 2.33 4.033 2.34 2.34 0 0 0 0 3.831 2.34 2.34 0 0 1-2.33 4.033 2.34 2.34 0 0 0-3.319 1.915 2.34 2.34 0 0 1-4.659 0 2.34 2.34 0 0 0-3.32-1.915 2.34 2.34 0 0 1-2.33-4.033 2.34 2.34 0 0 0 0-3.831A2.34 2.34 0 0 1 6.35 6.051a2.34 2.34 0 0 0 3.319-1.915"></path><circle cx="12" cy="12" r="3"></circle></svg></span><span>Settings</span></button></div></div></div><div class="flex-shrink-0 p-4 border-t border-[rgb(var(--border-subtle))]"><div class="text-xs text-[rgb(var(--muted))]"><div>McpMux v0.1.0</div><div>Gateway: localhost:9315</div></div></div></nav></aside><main class="flex-1 overflow-auto p-6 bg-[rgb(var(--background))]"><div class="animate-fade-in"><div class="h-full flex flex-col" data-testid="registry-page"><div class="p-6 border-b border-[rgb(var(--border-subtle))]"><div class="flex items-center gap-3 mb-1"><h1 class="text-2xl font-bold" data-testid="registry-title">Discover Servers</h1></div><p class="text-sm text-[rgb(var(--muted))]">Browse and install MCP servers from the registry</p></div><div class="p-4 border-b border-[rgb(var(--border-subtle))] space-y-4"><div class="relative"><svg class="absolute left-3 top-1/2 -translate-y-1/2 w-5 h-5 text-[rgb(var(--muted))]" fill="none" viewBox="0 0 24 24" stroke="currentColor"><path stroke-linecap="round" stroke-linejoin="round" stroke-width="2" d="M21 21l-6-6m2-5a7 7 0 11-14 0 7 7 0 0114 0z"></path></svg><input placeholder="Search servers..." class="input w-full pl-10" data-testid="search-input" type="text" value="Echo"></div><div class="flex flex-wrap items-center gap-3"><div class="relative"><select class="appearance-none bg-[rgb(var(--surface-hover))] border rounded-lg pl-3 pr-8 py-1.5 text-sm focus:outline-none focus:ring-2 focus:ring-[rgb(var(--primary))]/50 cursor-pointer border-[rgb(var(--border-subtle))] text-[rgb(var(--muted))]"><option value="all">All Categories</option><option value="developer-tools">≡ƒÆ╗ Developer Tools</option><option value="file-system">≡ƒôé File System</option><option value="cloud">Γÿü∩╕Å Cloud</option></select><svg xmlns="http://www.w3.org/2000/svg" width="24" height="24" viewBox="0 0 24 24" fill="none" stroke="currentColor" stroke-width="2" stroke-linecap="round" stroke-linejoin="round" class="lucide lucide-chevron-down absolute right-2 top-1/2 -translate-y-1/2 w-4 h-4 pointer-events-none text-[rgb(var(--muted))]" aria-hidden="true"><path d="m6 9 6 6 6-6"></path></svg></div><div class="relative"><select class="appearance-none bg-[rgb(var(--surface-hover))] border rounded-lg pl-3 pr-8 py-1.5 text-sm focus:outline-none focus:ring-2 focus:ring-[rgb(var(--primary))]/50 cursor-pointer border-[rgb(var(--border-subtle))] text-[rgb(var(--muted))]"><option value="all">All</option><option value="none">No Auth</option><option value="api_key">API Key</option><option value="oauth">OAuth</option></select><svg xmlns="http://www.w3.org/2000/svg" width="24" height="24" viewBox="0 0 24 24" fill="none" stroke="currentColor" stroke-width="2" stroke-linecap="round" stroke-linejoin="round" class="lucide lucide-chevron-down absolute right-2 top-1/2 -translate-y-1/2 w-4 h-4 pointer-events-none text-[rgb(var(--muted))]" aria-hidden="true"><path d="m6 9 6 6 6-6"></path></svg></div><div class="relative"><select class="appearance-none bg-[rgb(var(--surface-hover))] border rounded-lg pl-3 pr-8 py-1.5 text-sm focus:outline-none focus:ring-2 focus:ring-[rgb(var(--primary))]/50 cursor-pointer border-[rgb(var(--border-subtle))] text-[rgb(var(--muted))]"><option value="all">All</option><option value="http">Remote (HTTP)</option><option value="stdio">Local (Stdio)</option></select><svg xmlns="http://www.w3.org/2000/svg" width="24" height="24" viewBox="0 0 24 24" fill="none" stroke="currentColor" stroke-width="2" stroke-linecap="round" stroke-linejoin="round" class="lucide lucide-chevron-down absolute right-2 top-1/2 -translate-y-1/2 w-4 h-4 pointer-events-none text-[rgb(var(--muted))]" aria-hidden="true"><path d="m6 9 6 6 6-6"></path></svg></div><div class="ml-auto flex items-center gap-2"><span class="text-sm text-[rgb(var(--muted))]">Sort:</span><select class="bg-[rgb(var(--surface-hover))] border border-[rgb(var(--border-subtle))] rounded-lg px-3 py-1.5 text-sm focus:outline-none focus:ring-2 focus:ring-[rgb(var(--primary))]/50"><option value="name_asc">Name A-Z</option></select></div></div></div><div class="flex-1 overflow-y-auto p-4 registry-grid-container"><div class="grid grid-cols-1 md:grid-cols-2 xl:grid-cols-3 gap-4"><div class="group relative bg-[rgb(var(--card))] border border-[rgb(var(--border-subtle))] rounded-xl p-5 
[0-0]                  hover:border-[rgb(var(--primary))]/50 hover:shadow-lg
[0-0]                  transition-all duration-200 cursor-pointer shadow-sm" data-testid="server-card-echo-server"><div class="flex items-start gap-3 mb-3"><div class="text-3xl flex-shrink-0">≡ƒöè</div><div class="flex-1 min-w-0"><div class="flex items-center gap-1.5"><h3 class="font-semibold truncate" title="Echo Server" data-testid="server-name-echo-server">Echo Server</h3><span class="text-[rgb(var(--info))] flex-shrink-0" title="Verified Publisher">Γ£ô</span></div><p class="text-xs text-[rgb(var(--muted))] truncate">by McpMux Test</p></div></div><p class="text-sm text-[rgb(var(--muted))] line-clamp-2 mb-4">Simple echo server for testing - returns what you send</p><div class="flex flex-wrap gap-2 mb-4"><span class="px-2 py-0.5 text-xs rounded-full bg-purple-500/20 text-purple-600 dark:text-purple-400">Local</span><span class="px-2 py-0.5 text-xs rounded-full bg-[rgb(var(--success))]/20 text-[rgb(var(--success))]">No Auth</span></div><div class="flex flex-wrap gap-1 mb-4"><span class="px-2 py-0.5 text-xs rounded bg-[rgb(var(--surface-hover))] text-[rgb(var(--muted))]">developer-tools</span></div><div class="flex justify-end"><button class="px-4 py-1.5 text-sm rounded-lg bg-[rgb(var(--primary))] text-[rgb(var(--primary-foreground))]
[0-0]                        hover:bg-[rgb(var(--primary-hover))] transition-colors disabled:opacity-50" data-testid="install-btn-echo-server">Install</button></div></div></div></div><div class="p-4 border-t border-[rgb(var(--border-subtle))] flex items-center justify-between bg-[rgb(var(--surface))]"><div class="text-sm text-[rgb(var(--muted))]" data-testid="server-count">1 server found<span class="ml-2 border-l border-[rgb(var(--border-subtle))] pl-2">1 installed</span></div></div></div></div></main></div><div class="h-7 flex-shrink-0 border-t border-[rgb(var(--border-subtle))] bg-[rgb(var(--surface))] px-4"><div class="flex h-full items-center justify-between text-xs text-[rgb(var(--muted))]"><div class="flex items-center gap-4"><span class="flex items-center gap-1.5"><span class="h-2 w-2 rounded-full bg-green-500"></span>Gateway Active</span><span>Active Space: Personal</span></div><div class="flex items-center gap-4"><span>5 Servers ΓÇó 97 Tools</span></div></div></div></div></div>
[0-0] 
[0-0]   
[0-0] 
[0-0] </body></html>
[0-0] 2026-02-01T11:24:11.353Z INFO webdriver: COMMAND findElement("css selector", "[data-testid="search-input"]")
[0-0] 2026-02-01T11:24:11.353Z INFO webdriver: [POST] http://localhost:4444/session/890d5f7f47d033b6fe91dbe20f5a8357/element
[0-0] 2026-02-01T11:24:11.353Z INFO webdriver: DATA {"using":"css selector","value":"[data-testid=\"search-input\"]"}
[0-0] 2026-02-01T11:24:11.376Z INFO webdriver: RESULT {
[0-0]   'element-6066-11e4-a52e-4f735466cecf': 'f.F69D1E138FE01FD07082B539286C80B6.d.42B052BE4CC71579D51D247416B976CB.e.253'
[0-0] }
[0-0] 2026-02-01T11:24:11.380Z INFO webdriver: COMMAND elementClear("f.F69D1E138FE01FD07082B539286C80B6.d.42B052BE4CC71579D51D247416B976CB.e.253")
[0-0] 2026-02-01T11:24:11.380Z INFO webdriver: [POST] http://localhost:4444/session/890d5f7f47d033b6fe91dbe20f5a8357/element/f.F69D1E138FE01FD07082B539286C80B6.d.42B052BE4CC71579D51D247416B976CB.e.253/clear
[0-0] 2026-02-01T11:24:11.380Z INFO webdriver: DATA {}
[0-0] 2026-02-01T11:24:11.456Z INFO webdriver: RESULT null
[0-0] 2026-02-01T11:24:11.457Z INFO webdriver: COMMAND takeScreenshot()
[0-0] 2026-02-01T11:24:11.457Z INFO webdriver: [GET] http://localhost:4444/session/890d5f7f47d033b6fe91dbe20f5a8357/screenshot
[0-0] 2026-02-01T11:24:11.703Z INFO webdriver: RESULT iVBORw0KGgoAAAANSUhEUgAACWAAAAWmCAIAAACDPgzkAAAQAElEQVR4nOzdC...
[0-0] 2026-02-01T11:24:12.460Z INFO webdriver: COMMAND getPageSource()
[0-0] 2026-02-01T11:24:12.460Z INFO webdriver: [GET] http://localhost:4444/session/890d5f7f47d033b6fe91dbe20f5a8357/source
[0-0] 2026-02-01T11:24:12.474Z INFO webdriver: RESULT <html lang="en"><head>
[0-0]     <meta charset="UTF-8">
[0-0]     <link rel="icon" type="image/svg+xml" href="/mcpmux.svg">
[0-0]     <meta name="viewport" content="width=device-width, initial-scale=1.0">
[0-0]     <title>McpMux</title>
[0-0]     <script type="module" crossorigin="" src="/assets/index-CiZJOwjC.js"></script>
[0-0]     <link rel="stylesheet" crossorigin="" href="/assets/index-Df7hU3Vb.css">
[0-0]   </head>
[0-0] 
[0-0]   <body>
[0-0]     <div id="root"><div class="flex h-screen flex-col overflow-hidden bg-[rgb(var(--background))]"><div class="drag-region h-8 flex-shrink-0 bg-[rgb(var(--surface))] border-b border-[rgb(var(--border-subtle))]"></div><div class="flex flex-1 overflow-hidden"><aside class="w-60 flex-shrink-0 border-r border-[rgb(var(--border-subtle))]"><nav class="flex h-full flex-col bg-[rgb(var(--surface))]"><div class="flex-shrink-0 p-4 border-b border-[rgb(var(--border-subtle))]"><div class="space-y-3"><div class="flex items-center justify-between"><div class="flex items-center gap-2"><svg xmlns="http://www.w3.org/2000/svg" width="24" height="24" viewBox="0 0 24 24" fill="none" stroke="currentColor" stroke-width="2" stroke-linecap="round" stroke-linejoin="round" class="lucide lucide-zap h-6 w-6 text-primary-500" aria-hidden="true"><path d="M4 14a1 1 0 0 1-.78-1.63l9.9-10.2a.5.5 0 0 1 .86.46l-1.92 6.02A1 1 0 0 0 13 10h7a1 1 0 0 1 .78 1.63l-9.9 10.2a.5.5 0 0 1-.86-.46l1.92-6.02A1 1 0 0 0 11 14z"></path></svg><span class="font-bold text-lg">McpMux</span></div><button class="p-1.5 rounded-lg hover:bg-surface-hover transition-colors" title="Dark mode"><svg xmlns="http://www.w3.org/2000/svg" width="24" height="24" viewBox="0 0 24 24" fill="none" stroke="currentColor" stroke-width="2" stroke-linecap="round" stroke-linejoin="round" class="lucide lucide-moon h-4 w-4" aria-hidden="true"><path d="M20.985 12.486a9 9 0 1 1-9.473-9.472c.405-.022.617.46.402.803a6 6 0 0 0 8.268 8.268c.344-.215.825-.004.803.401"></path></svg></button></div><div class="relative w-full"><button class="w-full flex items-center justify-between gap-2 px-3 py-2.5 rounded-xl border border-[rgb(var(--border))] bg-[rgb(var(--surface))] hover:bg-[rgb(var(--surface-hover))] hover:border-[rgb(var(--primary))/30] transition-all duration-150 group"><span class="flex items-center gap-3 min-w-0"><span class="text-xl">≡ƒÅá</span><span class="font-medium text-sm truncate">Personal</span></span><svg xmlns="http://www.w3.org/2000/svg" width="24" height="24" viewBox="0 0 24 24" fill="none" stroke="currentColor" stroke-width="2" stroke-linecap="round" stroke-linejoin="round" class="lucide lucide-chevron-down h-4 w-4 flex-shrink-0 text-[rgb(var(--muted))] group-hover:text-[rgb(var(--foreground))] transition-all duration-200" aria-hidden="true"><path d="m6 9 6 6 6-6"></path></svg></button></div></div></div><div class="flex-1 overflow-y-auto p-3"><div class="mb-6"><div class="space-y-0.5"><button data-testid="nav-dashboard" class="flex w-full items-center gap-3 rounded-lg px-3 py-2.5 text-sm font-medium transition-all duration-150 text-[rgb(var(--muted))] hover:text-[rgb(var(--foreground))] hover:bg-[rgb(var(--surface-hover))]"><span class="h-5 w-5 flex items-center justify-center transition-colors"><svg xmlns="http://www.w3.org/2000/svg" width="24" height="24" viewBox="0 0 24 24" fill="none" stroke="currentColor" stroke-width="2" stroke-linecap="round" stroke-linejoin="round" class="lucide lucide-house h-4 w-4" aria-hidden="true"><path d="M15 21v-8a1 1 0 0 0-1-1h-4a1 1 0 0 0-1 1v8"></path><path d="M3 10a2 2 0 0 1 .709-1.528l7-6a2 2 0 0 1 2.582 0l7 6A2 2 0 0 1 21 10v9a2 2 0 0 1-2 2H5a2 2 0 0 1-2-2z"></path></svg></span><span>Dashboard</span></button><button data-testid="nav-my-servers" class="flex w-full items-center gap-3 rounded-lg px-3 py-2.5 text-sm font-medium transition-all duration-150 text-[rgb(var(--muted))] hover:text-[rgb(var(--foreground))] hover:bg-[rgb(var(--surface-hover))]"><span class="h-5 w-5 flex items-center justify-center transition-colors"><svg xmlns="http://www.w3.org/2000/svg" width="24" height="24" viewBox="0 0 24 24" fill="none" stroke="currentColor" stroke-width="2" stroke-linecap="round" stroke-linejoin="round" class="lucide lucide-zap h-4 w-4" aria-hidden="true"><path d="M4 14a1 1 0 0 1-.78-1.63l9.9-10.2a.5.5 0 0 1 .86.46l-1.92 6.02A1 1 0 0 0 13 10h7a1 1 0 0 1 .78 1.63l-9.9 10.2a.5.5 0 0 1-.86-.46l1.92-6.02A1 1 0 0 0 11 14z"></path></svg></span><span>My Servers</span></button><button data-testid="nav-discover" class="flex w-full items-center gap-3 rounded-lg px-3 py-2.5 text-sm font-medium transition-all duration-150 hover:text-[rgb(var(--foreground))] bg-[rgb(var(--primary))/10] text-[rgb(var(--primary))] hover:bg-[rgb(var(--primary))/15]"><span class="h-5 w-5 flex items-center justify-center transition-colors text-[rgb(var(--primary))]"><svg xmlns="http://www.w3.org/2000/svg" width="24" height="24" viewBox="0 0 24 24" fill="none" stroke="currentColor" stroke-width="2" stroke-linecap="round" stroke-linejoin="round" class="lucide lucide-server h-4 w-4" aria-hidden="true"><rect width="20" height="8" x="2" y="2" rx="2" ry="2"></rect><rect width="20" height="8" x="2" y="14" rx="2" ry="2"></rect><line x1="6" x2="6.01" y1="6" y2="6"></line><line x1="6" x2="6.01" y1="18" y2="18"></line></svg></span><span>Discover</span></button></div></div><div class="mb-6"><h3 class="mb-2 px-3 text-[11px] font-semibold uppercase tracking-wider text-[rgb(var(--muted-foreground))]">Workspaces</h3><div class="space-y-0.5"><button data-testid="nav-spaces" class="flex w-full items-center gap-3 rounded-lg px-3 py-2.5 text-sm font-medium transition-all duration-150 text-[rgb(var(--muted))] hover:text-[rgb(var(--foreground))] hover:bg-[rgb(var(--surface-hover))]"><span class="h-5 w-5 flex items-center justify-center transition-colors"><svg xmlns="http://www.w3.org/2000/svg" width="24" height="24" viewBox="0 0 24 24" fill="none" stroke="currentColor" stroke-width="2" stroke-linecap="round" stroke-linejoin="round" class="lucide lucide-globe h-4 w-4" aria-hidden="true"><circle cx="12" cy="12" r="10"></circle><path d="M12 2a14.5 14.5 0 0 0 0 20 14.5 14.5 0 0 0 0-20"></path><path d="M2 12h20"></path></svg></span><span>Spaces</span></button><button data-testid="nav-featuresets" class="flex w-full items-center gap-3 rounded-lg px-3 py-2.5 text-sm font-medium transition-all duration-150 text-[rgb(var(--muted))] hover:text-[rgb(var(--foreground))] hover:bg-[rgb(var(--surface-hover))]"><span class="h-5 w-5 flex items-center justify-center transition-colors"><svg xmlns="http://www.w3.org/2000/svg" width="24" height="24" viewBox="0 0 24 24" fill="none" stroke="currentColor" stroke-width="2" stroke-linecap="round" stroke-linejoin="round" class="lucide lucide-wrench h-4 w-4" aria-hidden="true"><path d="M14.7 6.3a1 1 0 0 0 0 1.4l1.6 1.6a1 1 0 0 0 1.4 0l3.106-3.105c.32-.322.863-.22.983.218a6 6 0 0 1-8.259 7.057l-7.91 7.91a1 1 0 0 1-2.999-3l7.91-7.91a6 6 0 0 1 7.057-8.259c.438.12.54.662.219.984z"></path></svg></span><span>FeatureSets</span></button></div></div><div class="mb-6"><h3 class="mb-2 px-3 text-[11px] font-semibold uppercase tracking-wider text-[rgb(var(--muted-foreground))]">Connections</h3><div class="space-y-0.5"><button data-testid="nav-clients" class="flex w-full items-center gap-3 rounded-lg px-3 py-2.5 text-sm font-medium transition-all duration-150 text-[rgb(var(--muted))] hover:text-[rgb(var(--foreground))] hover:bg-[rgb(var(--surface-hover))]"><span class="h-5 w-5 flex items-center justify-center transition-colors"><svg xmlns="http://www.w3.org/2000/svg" width="24" height="24" viewBox="0 0 24 24" fill="none" stroke="currentColor" stroke-width="2" stroke-linecap="round" stroke-linejoin="round" class="lucide lucide-monitor h-4 w-4" aria-hidden="true"><rect width="20" height="14" x="2" y="3" rx="2"></rect><line x1="8" x2="16" y1="21" y2="21"></line><line x1="12" x2="12" y1="17" y2="21"></line></svg></span><span>Clients</span></button></div></div><div class="mb-6"><div class="space-y-0.5"><button data-testid="nav-settings" class="flex w-full items-center gap-3 rounded-lg px-3 py-2.5 text-sm font-medium transition-all duration-150 text-[rgb(var(--muted))] hover:text-[rgb(var(--foreground))] hover:bg-[rgb(var(--surface-hover))]"><span class="h-5 w-5 flex items-center justify-center transition-colors"><svg xmlns="http://www.w3.org/2000/svg" width="24" height="24" viewBox="0 0 24 24" fill="none" stroke="currentColor" stroke-width="2" stroke-linecap="round" stroke-linejoin="round" class="lucide lucide-settings h-4 w-4" aria-hidden="true"><path d="M9.671 4.136a2.34 2.34 0 0 1 4.659 0 2.34 2.34 0 0 0 3.319 1.915 2.34 2.34 0 0 1 2.33 4.033 2.34 2.34 0 0 0 0 3.831 2.34 2.34 0 0 1-2.33 4.033 2.34 2.34 0 0 0-3.319 1.915 2.34 2.34 0 0 1-4.659 0 2.34 2.34 0 0 0-3.32-1.915 2.34 2.34 0 0 1-2.33-4.033 2.34 2.34 0 0 0 0-3.831A2.34 2.34 0 0 1 6.35 6.051a2.34 2.34 0 0 0 3.319-1.915"></path><circle cx="12" cy="12" r="3"></circle></svg></span><span>Settings</span></button></div></div></div><div class="flex-shrink-0 p-4 border-t border-[rgb(var(--border-subtle))]"><div class="text-xs text-[rgb(var(--muted))]"><div>McpMux v0.1.0</div><div>Gateway: localhost:9315</div></div></div></nav></aside><main class="flex-1 overflow-auto p-6 bg-[rgb(var(--background))]"><div class="animate-fade-in"><div class="h-full flex flex-col" data-testid="registry-page"><div class="p-6 border-b border-[rgb(var(--border-subtle))]"><div class="flex items-center gap-3 mb-1"><h1 class="text-2xl font-bold" data-testid="registry-title">Discover Servers</h1></div><p class="text-sm text-[rgb(var(--muted))]">Browse and install MCP servers from the registry</p></div><div class="p-4 border-b border-[rgb(var(--border-subtle))] space-y-4"><div class="relative"><svg class="absolute left-3 top-1/2 -translate-y-1/2 w-5 h-5 text-[rgb(var(--muted))]" fill="none" viewBox="0 0 24 24" stroke="currentColor"><path stroke-linecap="round" stroke-linejoin="round" stroke-width="2" d="M21 21l-6-6m2-5a7 7 0 11-14 0 7 7 0 0114 0z"></path></svg><input placeholder="Search servers..." class="input w-full pl-10" data-testid="search-input" type="text" value="Echo"></div><div class="flex flex-wrap items-center gap-3"><div class="relative"><select class="appearance-none bg-[rgb(var(--surface-hover))] border rounded-lg pl-3 pr-8 py-1.5 text-sm focus:outline-none focus:ring-2 focus:ring-[rgb(var(--primary))]/50 cursor-pointer border-[rgb(var(--border-subtle))] text-[rgb(var(--muted))]"><option value="all">All Categories</option><option value="developer-tools">≡ƒÆ╗ Developer Tools</option><option value="file-system">≡ƒôé File System</option><option value="cloud">Γÿü∩╕Å Cloud</option></select><svg xmlns="http://www.w3.org/2000/svg" width="24" height="24" viewBox="0 0 24 24" fill="none" stroke="currentColor" stroke-width="2" stroke-linecap="round" stroke-linejoin="round" class="lucide lucide-chevron-down absolute right-2 top-1/2 -translate-y-1/2 w-4 h-4 pointer-events-none text-[rgb(var(--muted))]" aria-hidden="true"><path d="m6 9 6 6 6-6"></path></svg></div><div class="relative"><select class="appearance-none bg-[rgb(var(--surface-hover))] border rounded-lg pl-3 pr-8 py-1.5 text-sm focus:outline-none focus:ring-2 focus:ring-[rgb(var(--primary))]/50 cursor-pointer border-[rgb(var(--border-subtle))] text-[rgb(var(--muted))]"><option value="all">All</option><option value="none">No Auth</option><option value="api_key">API Key</option><option value="oauth">OAuth</option></select><svg xmlns="http://www.w3.org/2000/svg" width="24" height="24" viewBox="0 0 24 24" fill="none" stroke="currentColor" stroke-width="2" stroke-linecap="round" stroke-linejoin="round" class="lucide lucide-chevron-down absolute right-2 top-1/2 -translate-y-1/2 w-4 h-4 pointer-events-none text-[rgb(var(--muted))]" aria-hidden="true"><path d="m6 9 6 6 6-6"></path></svg></div><div class="relative"><select class="appearance-none bg-[rgb(var(--surface-hover))] border rounded-lg pl-3 pr-8 py-1.5 text-sm focus:outline-none focus:ring-2 focus:ring-[rgb(var(--primary))]/50 cursor-pointer border-[rgb(var(--border-subtle))] text-[rgb(var(--muted))]"><option value="all">All</option><option value="http">Remote (HTTP)</option><option value="stdio">Local (Stdio)</option></select><svg xmlns="http://www.w3.org/2000/svg" width="24" height="24" viewBox="0 0 24 24" fill="none" stroke="currentColor" stroke-width="2" stroke-linecap="round" stroke-linejoin="round" class="lucide lucide-chevron-down absolute right-2 top-1/2 -translate-y-1/2 w-4 h-4 pointer-events-none text-[rgb(var(--muted))]" aria-hidden="true"><path d="m6 9 6 6 6-6"></path></svg></div><div class="ml-auto flex items-center gap-2"><span class="text-sm text-[rgb(var(--muted))]">Sort:</span><select class="bg-[rgb(var(--surface-hover))] border border-[rgb(var(--border-subtle))] rounded-lg px-3 py-1.5 text-sm focus:outline-none focus:ring-2 focus:ring-[rgb(var(--primary))]/50"><option value="name_asc">Name A-Z</option></select></div></div></div><div class="flex-1 overflow-y-auto p-4 registry-grid-container"><div class="grid grid-cols-1 md:grid-cols-2 xl:grid-cols-3 gap-4"><div class="group relative bg-[rgb(var(--card))] border border-[rgb(var(--border-subtle))] rounded-xl p-5 
[0-0]                  hover:border-[rgb(var(--primary))]/50 hover:shadow-lg
[0-0]                  transition-all duration-200 cursor-pointer shadow-sm" data-testid="server-card-echo-server"><div class="flex items-start gap-3 mb-3"><div class="text-3xl flex-shrink-0">≡ƒöè</div><div class="flex-1 min-w-0"><div class="flex items-center gap-1.5"><h3 class="font-semibold truncate" title="Echo Server" data-testid="server-name-echo-server">Echo Server</h3><span class="text-[rgb(var(--info))] flex-shrink-0" title="Verified Publisher">Γ£ô</span></div><p class="text-xs text-[rgb(var(--muted))] truncate">by McpMux Test</p></div></div><p class="text-sm text-[rgb(var(--muted))] line-clamp-2 mb-4">Simple echo server for testing - returns what you send</p><div class="flex flex-wrap gap-2 mb-4"><span class="px-2 py-0.5 text-xs rounded-full bg-purple-500/20 text-purple-600 dark:text-purple-400">Local</span><span class="px-2 py-0.5 text-xs rounded-full bg-[rgb(var(--success))]/20 text-[rgb(var(--success))]">No Auth</span></div><div class="flex flex-wrap gap-1 mb-4"><span class="px-2 py-0.5 text-xs rounded bg-[rgb(var(--surface-hover))] text-[rgb(var(--muted))]">developer-tools</span></div><div class="flex justify-end"><button class="px-4 py-1.5 text-sm rounded-lg bg-[rgb(var(--primary))] text-[rgb(var(--primary-foreground))]
[0-0]                        hover:bg-[rgb(var(--primary-hover))] transition-colors disabled:opacity-50" data-testid="install-btn-echo-server">Install</button></div></div></div></div><div class="p-4 border-t border-[rgb(var(--border-subtle))] flex items-center justify-between bg-[rgb(var(--surface))]"><div class="text-sm text-[rgb(var(--muted))]" data-testid="server-count">1 server found<span class="ml-2 border-l border-[rgb(var(--border-subtle))] pl-2">1 installed</span></div></div></div></div></main></div><div class="h-7 flex-shrink-0 border-t border-[rgb(var(--border-subtle))] bg-[rgb(var(--surface))] px-4"><div class="flex h-full items-center justify-between text-xs text-[rgb(var(--muted))]"><div class="flex items-center gap-4"><span class="flex items-center gap-1.5"><span class="h-2 w-2 rounded-full bg-green-500"></span>Gateway Active</span><span>Active Space: Personal</span></div><div class="flex items-center gap-4"><span>5 Servers ΓÇó 97 Tools</span></div></div></div></div></div>
[0-0] 
[0-0]   
[0-0] 
[0-0] </body></html>
[0-0] 2026-02-01T11:24:12.477Z INFO webdriver: COMMAND deleteSession()
[0-0] 2026-02-01T11:24:12.477Z INFO webdriver: [DELETE] http://localhost:4444/session/890d5f7f47d033b6fe91dbe20f5a8357
[0-0] 2026-02-01T11:24:12.511Z INFO webdriver: RESULT null
[0-0] PASSED in undefined - file:///D:/omc/mcp-mux/tests/e2e/specs/app.wdio.ts
2026-02-01T11:24:12.650Z INFO @wdio/cli:launcher: Run onWorkerEnd hook
2026-02-01T11:24:12.651Z INFO @wdio/cli:launcher: Run onWorkerStart hook
2026-02-01T11:24:12.652Z INFO @wdio/local-runner: Start worker 0-1 with arg: run tests/e2e/wdio.conf.ts
2026-02-01T11:24:12.725Z INFO @wdio/xvfb:ProcessFactory: xvfb-run not found, falling back to regular fork
2026-02-01T11:24:12.726Z INFO @wdio/xvfb:ProcessFactory: ProcessFactory: shouldRun=false, isAvailable=false
2026-02-01T11:24:12.726Z INFO @wdio/xvfb:ProcessFactory: Creating worker process with regular fork
[0-1] 2026-02-01T11:24:14.043Z INFO @wdio/local-runner: Run worker command: run
[0-1] Starting msedgedriver 144.0.3719.104 (7d1be999663b6950497e02929a79dc4136d9e376) on port 4445
[0-1] To submit feedback, report a bug, or suggest new features, please visit https://github.com/MicrosoftEdge/EdgeWebDriver
[0-1] 
[0-1] Only local connections are allowed.
[0-1] Please see https://aka.ms/WebDriverSecurity for suggestions on keeping Microsoft Edge WebDriver safe.
[0-1] msedgedriver was started successfully on port 4445.
[0-1] RUNNING in undefined - file:///D:/omc/mcp-mux/tests/e2e/specs/clients.wdio.ts
[0-1] 2026-02-01T11:24:14.401Z INFO webdriver: Initiate new session using the WebDriver protocol
[0-1] 2026-02-01T11:24:14.402Z INFO @wdio/utils: Connecting to existing driver at http://localhost:4444/
[0-1] 2026-02-01T11:24:14.409Z INFO webdriver: [POST] http://localhost:4444/session
[0-1] 2026-02-01T11:24:15.557Z INFO webdriver: COMMAND getWindowHandle()
[0-1] 2026-02-01T11:24:15.558Z INFO webdriver: [GET] http://localhost:4444/session/f7a72aac382e34aaeed96da7e11db815/window
[0-1] 2026-02-01T11:24:15.565Z INFO webdriver: RESULT 918F7712B00124654995029BDE82EC5C
[0-1] 2026-02-01T11:24:15.585Z INFO webdriver: COMMAND findElement("css selector", "[data-testid="nav-clients"]")
[0-1] 2026-02-01T11:24:15.586Z INFO webdriver: [POST] http://localhost:4444/session/f7a72aac382e34aaeed96da7e11db815/element
[0-1] 2026-02-01T11:24:15.586Z INFO webdriver: DATA {"using":"css selector","value":"[data-testid=\"nav-clients\"]"}
[0-1] 2026-02-01T11:24:15.599Z INFO webdriver: RESULT {
[0-1]   'element-6066-11e4-a52e-4f735466cecf': 'f.918F7712B00124654995029BDE82EC5C.d.AB6504911CF80AA26696AA7158360250.e.21'
[0-1] }
[0-1] 2026-02-01T11:24:15.603Z INFO webdriver: COMMAND elementClick("f.918F7712B00124654995029BDE82EC5C.d.AB6504911CF80AA26696AA7158360250.e.21")
[0-1] 2026-02-01T11:24:15.603Z INFO webdriver: [POST] http://localhost:4444/session/f7a72aac382e34aaeed96da7e11db815/element/f.918F7712B00124654995029BDE82EC5C.d.AB6504911CF80AA26696AA7158360250.e.21/click
[0-1] 2026-02-01T11:24:15.603Z INFO webdriver: DATA {}
[0-1] 2026-02-01T11:24:15.700Z INFO webdriver: RESULT null
[0-1] 2026-02-01T11:24:15.702Z INFO webdriver: COMMAND takeScreenshot()
[0-1] 2026-02-01T11:24:15.702Z INFO webdriver: [GET] http://localhost:4444/session/f7a72aac382e34aaeed96da7e11db815/screenshot
[0-1] 2026-02-01T11:24:15.876Z INFO webdriver: RESULT iVBORw0KGgoAAAANSUhEUgAACWAAAAWmCAIAAACDPgzkAAAQAElEQVR4nOzdC...
[0-1] 2026-02-01T11:24:17.706Z INFO webdriver: COMMAND takeScreenshot()
[0-1] 2026-02-01T11:24:17.707Z INFO webdriver: [GET] http://localhost:4444/session/f7a72aac382e34aaeed96da7e11db815/screenshot
[0-1] 2026-02-01T11:24:17.858Z INFO webdriver: RESULT iVBORw0KGgoAAAANSUhEUgAACWAAAAWmCAIAAACDPgzkAAAQAElEQVR4nOzdC...
[0-1] 2026-02-01T11:24:17.861Z INFO webdriver: COMMAND getPageSource()
[0-1] 2026-02-01T11:24:17.862Z INFO webdriver: [GET] http://localhost:4444/session/f7a72aac382e34aaeed96da7e11db815/source
[0-1] 2026-02-01T11:24:17.872Z INFO webdriver: RESULT <html lang="en"><head>
[0-1]     <meta charset="UTF-8">
[0-1]     <link rel="icon" type="image/svg+xml" href="/mcpmux.svg">
[0-1]     <meta name="viewport" content="width=device-width, initial-scale=1.0">
[0-1]     <title>McpMux</title>
[0-1]     <script type="module" crossorigin="" src="/assets/index-CiZJOwjC.js"></script>
[0-1]     <link rel="stylesheet" crossorigin="" href="/assets/index-Df7hU3Vb.css">
[0-1]   </head>
[0-1] 
[0-1]   <body>
[0-1]     <div id="root"><div class="flex h-screen flex-col overflow-hidden bg-[rgb(var(--background))]"><div class="drag-region h-8 flex-shrink-0 bg-[rgb(var(--surface))] border-b border-[rgb(var(--border-subtle))]"></div><div class="flex flex-1 overflow-hidden"><aside class="w-60 flex-shrink-0 border-r border-[rgb(var(--border-subtle))]"><nav class="flex h-full flex-col bg-[rgb(var(--surface))]"><div class="flex-shrink-0 p-4 border-b border-[rgb(var(--border-subtle))]"><div class="space-y-3"><div class="flex items-center justify-between"><div class="flex items-center gap-2"><svg xmlns="http://www.w3.org/2000/svg" width="24" height="24" viewBox="0 0 24 24" fill="none" stroke="currentColor" stroke-width="2" stroke-linecap="round" stroke-linejoin="round" class="lucide lucide-zap h-6 w-6 text-primary-500" aria-hidden="true"><path d="M4 14a1 1 0 0 1-.78-1.63l9.9-10.2a.5.5 0 0 1 .86.46l-1.92 6.02A1 1 0 0 0 13 10h7a1 1 0 0 1 .78 1.63l-9.9 10.2a.5.5 0 0 1-.86-.46l1.92-6.02A1 1 0 0 0 11 14z"></path></svg><span class="font-bold text-lg">McpMux</span></div><button class="p-1.5 rounded-lg hover:bg-surface-hover transition-colors" title="Dark mode"><svg xmlns="http://www.w3.org/2000/svg" width="24" height="24" viewBox="0 0 24 24" fill="none" stroke="currentColor" stroke-width="2" stroke-linecap="round" stroke-linejoin="round" class="lucide lucide-moon h-4 w-4" aria-hidden="true"><path d="M20.985 12.486a9 9 0 1 1-9.473-9.472c.405-.022.617.46.402.803a6 6 0 0 0 8.268 8.268c.344-.215.825-.004.803.401"></path></svg></button></div><div class="relative w-full"><button class="w-full flex items-center justify-between gap-2 px-3 py-2.5 rounded-xl border border-[rgb(var(--border))] bg-[rgb(var(--surface))] hover:bg-[rgb(var(--surface-hover))] hover:border-[rgb(var(--primary))/30] transition-all duration-150 group"><span class="flex items-center gap-3 min-w-0"><span class="text-xl">≡ƒÅá</span><span class="font-medium text-sm truncate">Personal</span></span><svg xmlns="http://www.w3.org/2000/svg" width="24" height="24" viewBox="0 0 24 24" fill="none" stroke="currentColor" stroke-width="2" stroke-linecap="round" stroke-linejoin="round" class="lucide lucide-chevron-down h-4 w-4 flex-shrink-0 text-[rgb(var(--muted))] group-hover:text-[rgb(var(--foreground))] transition-all duration-200" aria-hidden="true"><path d="m6 9 6 6 6-6"></path></svg></button></div></div></div><div class="flex-1 overflow-y-auto p-3"><div class="mb-6"><div class="space-y-0.5"><button data-testid="nav-dashboard" class="flex w-full items-center gap-3 rounded-lg px-3 py-2.5 text-sm font-medium transition-all duration-150 text-[rgb(var(--muted))] hover:text-[rgb(var(--foreground))] hover:bg-[rgb(var(--surface-hover))]"><span class="h-5 w-5 flex items-center justify-center transition-colors"><svg xmlns="http://www.w3.org/2000/svg" width="24" height="24" viewBox="0 0 24 24" fill="none" stroke="currentColor" stroke-width="2" stroke-linecap="round" stroke-linejoin="round" class="lucide lucide-house h-4 w-4" aria-hidden="true"><path d="M15 21v-8a1 1 0 0 0-1-1h-4a1 1 0 0 0-1 1v8"></path><path d="M3 10a2 2 0 0 1 .709-1.528l7-6a2 2 0 0 1 2.582 0l7 6A2 2 0 0 1 21 10v9a2 2 0 0 1-2 2H5a2 2 0 0 1-2-2z"></path></svg></span><span>Dashboard</span></button><button data-testid="nav-my-servers" class="flex w-full items-center gap-3 rounded-lg px-3 py-2.5 text-sm font-medium transition-all duration-150 text-[rgb(var(--muted))] hover:text-[rgb(var(--foreground))] hover:bg-[rgb(var(--surface-hover))]"><span class="h-5 w-5 flex items-center justify-center transition-colors"><svg xmlns="http://www.w3.org/2000/svg" width="24" height="24" viewBox="0 0 24 24" fill="none" stroke="currentColor" stroke-width="2" stroke-linecap="round" stroke-linejoin="round" class="lucide lucide-zap h-4 w-4" aria-hidden="true"><path d="M4 14a1 1 0 0 1-.78-1.63l9.9-10.2a.5.5 0 0 1 .86.46l-1.92 6.02A1 1 0 0 0 13 10h7a1 1 0 0 1 .78 1.63l-9.9 10.2a.5.5 0 0 1-.86-.46l1.92-6.02A1 1 0 0 0 11 14z"></path></svg></span><span>My Servers</span></button><button data-testid="nav-discover" class="flex w-full items-center gap-3 rounded-lg px-3 py-2.5 text-sm font-medium transition-all duration-150 text-[rgb(var(--muted))] hover:text-[rgb(var(--foreground))] hover:bg-[rgb(var(--surface-hover))]"><span class="h-5 w-5 flex items-center justify-center transition-colors"><svg xmlns="http://www.w3.org/2000/svg" width="24" height="24" viewBox="0 0 24 24" fill="none" stroke="currentColor" stroke-width="2" stroke-linecap="round" stroke-linejoin="round" class="lucide lucide-server h-4 w-4" aria-hidden="true"><rect width="20" height="8" x="2" y="2" rx="2" ry="2"></rect><rect width="20" height="8" x="2" y="14" rx="2" ry="2"></rect><line x1="6" x2="6.01" y1="6" y2="6"></line><line x1="6" x2="6.01" y1="18" y2="18"></line></svg></span><span>Discover</span></button></div></div><div class="mb-6"><h3 class="mb-2 px-3 text-[11px] font-semibold uppercase tracking-wider text-[rgb(var(--muted-foreground))]">Workspaces</h3><div class="space-y-0.5"><button data-testid="nav-spaces" class="flex w-full items-center gap-3 rounded-lg px-3 py-2.5 text-sm font-medium transition-all duration-150 text-[rgb(var(--muted))] hover:text-[rgb(var(--foreground))] hover:bg-[rgb(var(--surface-hover))]"><span class="h-5 w-5 flex items-center justify-center transition-colors"><svg xmlns="http://www.w3.org/2000/svg" width="24" height="24" viewBox="0 0 24 24" fill="none" stroke="currentColor" stroke-width="2" stroke-linecap="round" stroke-linejoin="round" class="lucide lucide-globe h-4 w-4" aria-hidden="true"><circle cx="12" cy="12" r="10"></circle><path d="M12 2a14.5 14.5 0 0 0 0 20 14.5 14.5 0 0 0 0-20"></path><path d="M2 12h20"></path></svg></span><span>Spaces</span></button><button data-testid="nav-featuresets" class="flex w-full items-center gap-3 rounded-lg px-3 py-2.5 text-sm font-medium transition-all duration-150 text-[rgb(var(--muted))] hover:text-[rgb(var(--foreground))] hover:bg-[rgb(var(--surface-hover))]"><span class="h-5 w-5 flex items-center justify-center transition-colors"><svg xmlns="http://www.w3.org/2000/svg" width="24" height="24" viewBox="0 0 24 24" fill="none" stroke="currentColor" stroke-width="2" stroke-linecap="round" stroke-linejoin="round" class="lucide lucide-wrench h-4 w-4" aria-hidden="true"><path d="M14.7 6.3a1 1 0 0 0 0 1.4l1.6 1.6a1 1 0 0 0 1.4 0l3.106-3.105c.32-.322.863-.22.983.218a6 6 0 0 1-8.259 7.057l-7.91 7.91a1 1 0 0 1-2.999-3l7.91-7.91a6 6 0 0 1 7.057-8.259c.438.12.54.662.219.984z"></path></svg></span><span>FeatureSets</span></button></div></div><div class="mb-6"><h3 class="mb-2 px-3 text-[11px] font-semibold uppercase tracking-wider text-[rgb(var(--muted-foreground))]">Connections</h3><div class="space-y-0.5"><button data-testid="nav-clients" class="flex w-full items-center gap-3 rounded-lg px-3 py-2.5 text-sm font-medium transition-all duration-150 hover:text-[rgb(var(--foreground))] bg-[rgb(var(--primary))/10] text-[rgb(var(--primary))] hover:bg-[rgb(var(--primary))/15]"><span class="h-5 w-5 flex items-center justify-center transition-colors text-[rgb(var(--primary))]"><svg xmlns="http://www.w3.org/2000/svg" width="24" height="24" viewBox="0 0 24 24" fill="none" stroke="currentColor" stroke-width="2" stroke-linecap="round" stroke-linejoin="round" class="lucide lucide-monitor h-4 w-4" aria-hidden="true"><rect width="20" height="14" x="2" y="3" rx="2"></rect><line x1="8" x2="16" y1="21" y2="21"></line><line x1="12" x2="12" y1="17" y2="21"></line></svg></span><span>Clients</span></button></div></div><div class="mb-6"><div class="space-y-0.5"><button data-testid="nav-settings" class="flex w-full items-center gap-3 rounded-lg px-3 py-2.5 text-sm font-medium transition-all duration-150 text-[rgb(var(--muted))] hover:text-[rgb(var(--foreground))] hover:bg-[rgb(var(--surface-hover))]"><span class="h-5 w-5 flex items-center justify-center transition-colors"><svg xmlns="http://www.w3.org/2000/svg" width="24" height="24" viewBox="0 0 24 24" fill="none" stroke="currentColor" stroke-width="2" stroke-linecap="round" stroke-linejoin="round" class="lucide lucide-settings h-4 w-4" aria-hidden="true"><path d="M9.671 4.136a2.34 2.34 0 0 1 4.659 0 2.34 2.34 0 0 0 3.319 1.915 2.34 2.34 0 0 1 2.33 4.033 2.34 2.34 0 0 0 0 3.831 2.34 2.34 0 0 1-2.33 4.033 2.34 2.34 0 0 0-3.319 1.915 2.34 2.34 0 0 1-4.659 0 2.34 2.34 0 0 0-3.32-1.915 2.34 2.34 0 0 1-2.33-4.033 2.34 2.34 0 0 0 0-3.831A2.34 2.34 0 0 1 6.35 6.051a2.34 2.34 0 0 0 3.319-1.915"></path><circle cx="12" cy="12" r="3"></circle></svg></span><span>Settings</span></button></div></div></div><div class="flex-shrink-0 p-4 border-t border-[rgb(var(--border-subtle))]"><div class="text-xs text-[rgb(var(--muted))]"><div>McpMux v0.1.0</div><div>Gateway: localhost:9315</div></div></div></nav></aside><main class="flex-1 overflow-auto p-6 bg-[rgb(var(--background))]"><div class="animate-fade-in"><div class="h-full flex flex-col relative"><div class="flex-shrink-0 p-8 border-b border-[rgb(var(--border-subtle))]"><div class="max-w-[2000px] mx-auto"><div class="flex items-center justify-between mb-6"><div><h1 class="text-3xl font-bold">Connected Clients</h1><p class="text-base text-[rgb(var(--muted))] mt-2">Manage OAuth clients and their permissions</p></div><button class="inline-flex items-center justify-center gap-2 rounded-lg font-medium transition-all duration-150 ease-out focus-visible:outline-none focus-visible:ring-2 focus-visible:ring-[rgb(var(--primary))] focus-visible:ring-offset-2 disabled:pointer-events-none disabled:opacity-50 active:scale-[0.98] text-[rgb(var(--foreground))] hover:bg-[rgb(var(--surface-hover))] h-10 px-4"><svg xmlns="http://www.w3.org/2000/svg" width="24" height="24" viewBox="0 0 24 24" fill="none" stroke="currentColor" stroke-width="2" stroke-linecap="round" stroke-linejoin="round" class="lucide lucide-refresh-cw h-4 w-4 mr-2" aria-hidden="true"><path d="M3 12a9 9 0 0 1 9-9 9.75 9.75 0 0 1 6.74 2.74L21 8"></path><path d="M21 3v5h-5"></path><path d="M21 12a9 9 0 0 1-9 9 9.75 9.75 0 0 1-6.74-2.74L3 16"></path><path d="M8 16H3v5"></path></svg>Refresh</button></div><div class="relative max-w-3xl"><svg xmlns="http://www.w3.org/2000/svg" width="24" height="24" viewBox="0 0 24 24" fill="none" stroke="currentColor" stroke-width="2" stroke-linecap="round" stroke-linejoin="round" class="lucide lucide-search absolute left-4 top-1/2 -translate-y-1/2 h-5 w-5 text-[rgb(var(--muted))]" aria-hidden="true"><path d="m21 21-4.34-4.34"></path><circle cx="11" cy="11" r="8"></circle></svg><input placeholder="Search clients by name or ID..." class="w-full pl-12 pr-4 py-3 text-base bg-[rgb(var(--surface))] border border-[rgb(var(--border))] rounded-xl focus:outline-none focus:ring-2 focus:ring-primary-500 focus:border-primary-500 transition-all" type="text" value=""></div></div></div><div class="flex-1 overflow-auto px-8 py-8"><div class="max-w-[2000px] mx-auto"><div class="grid gap-5 auto-fill-cards"><div class="rounded-xl border border-[rgb(var(--border-subtle))] bg-[rgb(var(--card))] p-6 shadow-[0_1px_3px_0_rgb(0_0_0/0.1),0_1px_2px_-1px_rgb(0_0_0/0.1)] dark:shadow-[0_1px_3px_0_rgb(0_0_0/0.3),0_1px_2px_-1px_rgb(0_0_0/0.2)] cursor-pointer transition-all hover:shadow-lg hover:scale-[1.01]"><div class="p-6"><div class="flex items-start gap-4 mb-5"><div class="w-16 h-16 flex items-center justify-center text-4xl bg-[rgb(var(--surface))] rounded-xl flex-shrink-0 border border-[rgb(var(--border-subtle))]">ΓÜí</div><div class="flex-1 min-w-0"><h3 class="font-semibold text-lg truncate mb-1.5">Cursor</h3><p class="text-sm text-[rgb(var(--muted))] truncate">Cursor</p></div></div><div class="mb-4"><span class="inline-flex items-center gap-2 text-sm px-3 py-1.5 rounded-full font-medium bg-gray-100 dark:bg-gray-800 text-gray-600 dark:text-gray-400"><svg xmlns="http://www.w3.org/2000/svg" width="24" height="24" viewBox="0 0 24 24" fill="none" stroke="currentColor" stroke-width="2" stroke-linecap="round" stroke-linejoin="round" class="lucide lucide-wifi-off h-4 w-4" aria-hidden="true"><path d="M12 20h.01"></path><path d="M8.5 16.429a5 5 0 0 1 7 0"></path><path d="M5 12.859a10 10 0 0 1 5.17-2.69"></path><path d="M19 12.859a10 10 0 0 0-2.007-1.523"></path><path d="M2 8.82a15 15 0 0 1 4.177-2.643"></path><path d="M22 8.82a15 15 0 0 0-11.288-3.764"></path><path d="m2 2 20 20"></path></svg> Inactive</span></div><div class="flex items-center gap-2.5 text-sm text-[rgb(var(--foreground))] mb-2"><svg xmlns="http://www.w3.org/2000/svg" width="24" height="24" viewBox="0 0 24 24" fill="none" stroke="currentColor" stroke-width="2" stroke-linecap="round" stroke-linejoin="round" class="lucide lucide-lock-open h-4 w-4 text-green-500" aria-hidden="true"><rect width="18" height="11" x="3" y="11" rx="2" ry="2"></rect><path d="M7 11V7a5 5 0 0 1 9.9-1"></path></svg><span class="font-medium">Follow Active Space</span></div></div></div></div></div></div></div></div></main></div><div class="h-7 flex-shrink-0 border-t border-[rgb(var(--border-subtle))] bg-[rgb(var(--surface))] px-4"><div class="flex h-full items-center justify-between text-xs text-[rgb(var(--muted))]"><div class="flex items-center gap-4"><span class="flex items-center gap-1.5"><span class="h-2 w-2 rounded-full bg-green-500"></span>Gateway Active</span><span>Active Space: Personal</span></div><div class="flex items-center gap-4"><span>5 Servers ΓÇó 97 Tools</span></div></div></div></div></div>
[0-1] 
[0-1]   
[0-1] 
[0-1] </body></html>
[0-1] [DEBUG] Has Cursor: true
[0-1] [DEBUG] Has VS Code: false
[0-1] [DEBUG] Has Claude: false
[0-1] 2026-02-01T11:24:17.880Z INFO webdriver: COMMAND findElements("css selector", "[data-testid^="client-card-"]")
[0-1] 2026-02-01T11:24:17.881Z INFO webdriver: [POST] http://localhost:4444/session/f7a72aac382e34aaeed96da7e11db815/elements
[0-1] 2026-02-01T11:24:17.881Z INFO webdriver: DATA {"using":"css selector","value":"[data-testid^=\"client-card-\"]"}
[0-1] 2026-02-01T11:24:17.902Z INFO webdriver: RESULT []
[0-1] 2026-02-01T11:24:17.907Z INFO webdriver: COMMAND getPageSource()
[0-1] 2026-02-01T11:24:17.907Z INFO webdriver: [GET] http://localhost:4444/session/f7a72aac382e34aaeed96da7e11db815/source
[0-1] 2026-02-01T11:24:17.914Z INFO webdriver: RESULT <html lang="en"><head>
[0-1]     <meta charset="UTF-8">
[0-1]     <link rel="icon" type="image/svg+xml" href="/mcpmux.svg">
[0-1]     <meta name="viewport" content="width=device-width, initial-scale=1.0">
[0-1]     <title>McpMux</title>
[0-1]     <script type="module" crossorigin="" src="/assets/index-CiZJOwjC.js"></script>
[0-1]     <link rel="stylesheet" crossorigin="" href="/assets/index-Df7hU3Vb.css">
[0-1]   </head>
[0-1] 
[0-1]   <body>
[0-1]     <div id="root"><div class="flex h-screen flex-col overflow-hidden bg-[rgb(var(--background))]"><div class="drag-region h-8 flex-shrink-0 bg-[rgb(var(--surface))] border-b border-[rgb(var(--border-subtle))]"></div><div class="flex flex-1 overflow-hidden"><aside class="w-60 flex-shrink-0 border-r border-[rgb(var(--border-subtle))]"><nav class="flex h-full flex-col bg-[rgb(var(--surface))]"><div class="flex-shrink-0 p-4 border-b border-[rgb(var(--border-subtle))]"><div class="space-y-3"><div class="flex items-center justify-between"><div class="flex items-center gap-2"><svg xmlns="http://www.w3.org/2000/svg" width="24" height="24" viewBox="0 0 24 24" fill="none" stroke="currentColor" stroke-width="2" stroke-linecap="round" stroke-linejoin="round" class="lucide lucide-zap h-6 w-6 text-primary-500" aria-hidden="true"><path d="M4 14a1 1 0 0 1-.78-1.63l9.9-10.2a.5.5 0 0 1 .86.46l-1.92 6.02A1 1 0 0 0 13 10h7a1 1 0 0 1 .78 1.63l-9.9 10.2a.5.5 0 0 1-.86-.46l1.92-6.02A1 1 0 0 0 11 14z"></path></svg><span class="font-bold text-lg">McpMux</span></div><button class="p-1.5 rounded-lg hover:bg-surface-hover transition-colors" title="Dark mode"><svg xmlns="http://www.w3.org/2000/svg" width="24" height="24" viewBox="0 0 24 24" fill="none" stroke="currentColor" stroke-width="2" stroke-linecap="round" stroke-linejoin="round" class="lucide lucide-moon h-4 w-4" aria-hidden="true"><path d="M20.985 12.486a9 9 0 1 1-9.473-9.472c.405-.022.617.46.402.803a6 6 0 0 0 8.268 8.268c.344-.215.825-.004.803.401"></path></svg></button></div><div class="relative w-full"><button class="w-full flex items-center justify-between gap-2 px-3 py-2.5 rounded-xl border border-[rgb(var(--border))] bg-[rgb(var(--surface))] hover:bg-[rgb(var(--surface-hover))] hover:border-[rgb(var(--primary))/30] transition-all duration-150 group"><span class="flex items-center gap-3 min-w-0"><span class="text-xl">≡ƒÅá</span><span class="font-medium text-sm truncate">Personal</span></span><svg xmlns="http://www.w3.org/2000/svg" width="24" height="24" viewBox="0 0 24 24" fill="none" stroke="currentColor" stroke-width="2" stroke-linecap="round" stroke-linejoin="round" class="lucide lucide-chevron-down h-4 w-4 flex-shrink-0 text-[rgb(var(--muted))] group-hover:text-[rgb(var(--foreground))] transition-all duration-200" aria-hidden="true"><path d="m6 9 6 6 6-6"></path></svg></button></div></div></div><div class="flex-1 overflow-y-auto p-3"><div class="mb-6"><div class="space-y-0.5"><button data-testid="nav-dashboard" class="flex w-full items-center gap-3 rounded-lg px-3 py-2.5 text-sm font-medium transition-all duration-150 text-[rgb(var(--muted))] hover:text-[rgb(var(--foreground))] hover:bg-[rgb(var(--surface-hover))]"><span class="h-5 w-5 flex items-center justify-center transition-colors"><svg xmlns="http://www.w3.org/2000/svg" width="24" height="24" viewBox="0 0 24 24" fill="none" stroke="currentColor" stroke-width="2" stroke-linecap="round" stroke-linejoin="round" class="lucide lucide-house h-4 w-4" aria-hidden="true"><path d="M15 21v-8a1 1 0 0 0-1-1h-4a1 1 0 0 0-1 1v8"></path><path d="M3 10a2 2 0 0 1 .709-1.528l7-6a2 2 0 0 1 2.582 0l7 6A2 2 0 0 1 21 10v9a2 2 0 0 1-2 2H5a2 2 0 0 1-2-2z"></path></svg></span><span>Dashboard</span></button><button data-testid="nav-my-servers" class="flex w-full items-center gap-3 rounded-lg px-3 py-2.5 text-sm font-medium transition-all duration-150 text-[rgb(var(--muted))] hover:text-[rgb(var(--foreground))] hover:bg-[rgb(var(--surface-hover))]"><span class="h-5 w-5 flex items-center justify-center transition-colors"><svg xmlns="http://www.w3.org/2000/svg" width="24" height="24" viewBox="0 0 24 24" fill="none" stroke="currentColor" stroke-width="2" stroke-linecap="round" stroke-linejoin="round" class="lucide lucide-zap h-4 w-4" aria-hidden="true"><path d="M4 14a1 1 0 0 1-.78-1.63l9.9-10.2a.5.5 0 0 1 .86.46l-1.92 6.02A1 1 0 0 0 13 10h7a1 1 0 0 1 .78 1.63l-9.9 10.2a.5.5 0 0 1-.86-.46l1.92-6.02A1 1 0 0 0 11 14z"></path></svg></span><span>My Servers</span></button><button data-testid="nav-discover" class="flex w-full items-center gap-3 rounded-lg px-3 py-2.5 text-sm font-medium transition-all duration-150 text-[rgb(var(--muted))] hover:text-[rgb(var(--foreground))] hover:bg-[rgb(var(--surface-hover))]"><span class="h-5 w-5 flex items-center justify-center transition-colors"><svg xmlns="http://www.w3.org/2000/svg" width="24" height="24" viewBox="0 0 24 24" fill="none" stroke="currentColor" stroke-width="2" stroke-linecap="round" stroke-linejoin="round" class="lucide lucide-server h-4 w-4" aria-hidden="true"><rect width="20" height="8" x="2" y="2" rx="2" ry="2"></rect><rect width="20" height="8" x="2" y="14" rx="2" ry="2"></rect><line x1="6" x2="6.01" y1="6" y2="6"></line><line x1="6" x2="6.01" y1="18" y2="18"></line></svg></span><span>Discover</span></button></div></div><div class="mb-6"><h3 class="mb-2 px-3 text-[11px] font-semibold uppercase tracking-wider text-[rgb(var(--muted-foreground))]">Workspaces</h3><div class="space-y-0.5"><button data-testid="nav-spaces" class="flex w-full items-center gap-3 rounded-lg px-3 py-2.5 text-sm font-medium transition-all duration-150 text-[rgb(var(--muted))] hover:text-[rgb(var(--foreground))] hover:bg-[rgb(var(--surface-hover))]"><span class="h-5 w-5 flex items-center justify-center transition-colors"><svg xmlns="http://www.w3.org/2000/svg" width="24" height="24" viewBox="0 0 24 24" fill="none" stroke="currentColor" stroke-width="2" stroke-linecap="round" stroke-linejoin="round" class="lucide lucide-globe h-4 w-4" aria-hidden="true"><circle cx="12" cy="12" r="10"></circle><path d="M12 2a14.5 14.5 0 0 0 0 20 14.5 14.5 0 0 0 0-20"></path><path d="M2 12h20"></path></svg></span><span>Spaces</span></button><button data-testid="nav-featuresets" class="flex w-full items-center gap-3 rounded-lg px-3 py-2.5 text-sm font-medium transition-all duration-150 text-[rgb(var(--muted))] hover:text-[rgb(var(--foreground))] hover:bg-[rgb(var(--surface-hover))]"><span class="h-5 w-5 flex items-center justify-center transition-colors"><svg xmlns="http://www.w3.org/2000/svg" width="24" height="24" viewBox="0 0 24 24" fill="none" stroke="currentColor" stroke-width="2" stroke-linecap="round" stroke-linejoin="round" class="lucide lucide-wrench h-4 w-4" aria-hidden="true"><path d="M14.7 6.3a1 1 0 0 0 0 1.4l1.6 1.6a1 1 0 0 0 1.4 0l3.106-3.105c.32-.322.863-.22.983.218a6 6 0 0 1-8.259 7.057l-7.91 7.91a1 1 0 0 1-2.999-3l7.91-7.91a6 6 0 0 1 7.057-8.259c.438.12.54.662.219.984z"></path></svg></span><span>FeatureSets</span></button></div></div><div class="mb-6"><h3 class="mb-2 px-3 text-[11px] font-semibold uppercase tracking-wider text-[rgb(var(--muted-foreground))]">Connections</h3><div class="space-y-0.5"><button data-testid="nav-clients" class="flex w-full items-center gap-3 rounded-lg px-3 py-2.5 text-sm font-medium transition-all duration-150 hover:text-[rgb(var(--foreground))] bg-[rgb(var(--primary))/10] text-[rgb(var(--primary))] hover:bg-[rgb(var(--primary))/15]"><span class="h-5 w-5 flex items-center justify-center transition-colors text-[rgb(var(--primary))]"><svg xmlns="http://www.w3.org/2000/svg" width="24" height="24" viewBox="0 0 24 24" fill="none" stroke="currentColor" stroke-width="2" stroke-linecap="round" stroke-linejoin="round" class="lucide lucide-monitor h-4 w-4" aria-hidden="true"><rect width="20" height="14" x="2" y="3" rx="2"></rect><line x1="8" x2="16" y1="21" y2="21"></line><line x1="12" x2="12" y1="17" y2="21"></line></svg></span><span>Clients</span></button></div></div><div class="mb-6"><div class="space-y-0.5"><button data-testid="nav-settings" class="flex w-full items-center gap-3 rounded-lg px-3 py-2.5 text-sm font-medium transition-all duration-150 text-[rgb(var(--muted))] hover:text-[rgb(var(--foreground))] hover:bg-[rgb(var(--surface-hover))]"><span class="h-5 w-5 flex items-center justify-center transition-colors"><svg xmlns="http://www.w3.org/2000/svg" width="24" height="24" viewBox="0 0 24 24" fill="none" stroke="currentColor" stroke-width="2" stroke-linecap="round" stroke-linejoin="round" class="lucide lucide-settings h-4 w-4" aria-hidden="true"><path d="M9.671 4.136a2.34 2.34 0 0 1 4.659 0 2.34 2.34 0 0 0 3.319 1.915 2.34 2.34 0 0 1 2.33 4.033 2.34 2.34 0 0 0 0 3.831 2.34 2.34 0 0 1-2.33 4.033 2.34 2.34 0 0 0-3.319 1.915 2.34 2.34 0 0 1-4.659 0 2.34 2.34 0 0 0-3.32-1.915 2.34 2.34 0 0 1-2.33-4.033 2.34 2.34 0 0 0 0-3.831A2.34 2.34 0 0 1 6.35 6.051a2.34 2.34 0 0 0 3.319-1.915"></path><circle cx="12" cy="12" r="3"></circle></svg></span><span>Settings</span></button></div></div></div><div class="flex-shrink-0 p-4 border-t border-[rgb(var(--border-subtle))]"><div class="text-xs text-[rgb(var(--muted))]"><div>McpMux v0.1.0</div><div>Gateway: localhost:9315</div></div></div></nav></aside><main class="flex-1 overflow-auto p-6 bg-[rgb(var(--background))]"><div class="animate-fade-in"><div class="h-full flex flex-col relative"><div class="flex-shrink-0 p-8 border-b border-[rgb(var(--border-subtle))]"><div class="max-w-[2000px] mx-auto"><div class="flex items-center justify-between mb-6"><div><h1 class="text-3xl font-bold">Connected Clients</h1><p class="text-base text-[rgb(var(--muted))] mt-2">Manage OAuth clients and their permissions</p></div><button class="inline-flex items-center justify-center gap-2 rounded-lg font-medium transition-all duration-150 ease-out focus-visible:outline-none focus-visible:ring-2 focus-visible:ring-[rgb(var(--primary))] focus-visible:ring-offset-2 disabled:pointer-events-none disabled:opacity-50 active:scale-[0.98] text-[rgb(var(--foreground))] hover:bg-[rgb(var(--surface-hover))] h-10 px-4"><svg xmlns="http://www.w3.org/2000/svg" width="24" height="24" viewBox="0 0 24 24" fill="none" stroke="currentColor" stroke-width="2" stroke-linecap="round" stroke-linejoin="round" class="lucide lucide-refresh-cw h-4 w-4 mr-2" aria-hidden="true"><path d="M3 12a9 9 0 0 1 9-9 9.75 9.75 0 0 1 6.74 2.74L21 8"></path><path d="M21 3v5h-5"></path><path d="M21 12a9 9 0 0 1-9 9 9.75 9.75 0 0 1-6.74-2.74L3 16"></path><path d="M8 16H3v5"></path></svg>Refresh</button></div><div class="relative max-w-3xl"><svg xmlns="http://www.w3.org/2000/svg" width="24" height="24" viewBox="0 0 24 24" fill="none" stroke="currentColor" stroke-width="2" stroke-linecap="round" stroke-linejoin="round" class="lucide lucide-search absolute left-4 top-1/2 -translate-y-1/2 h-5 w-5 text-[rgb(var(--muted))]" aria-hidden="true"><path d="m21 21-4.34-4.34"></path><circle cx="11" cy="11" r="8"></circle></svg><input placeholder="Search clients by name or ID..." class="w-full pl-12 pr-4 py-3 text-base bg-[rgb(var(--surface))] border border-[rgb(var(--border))] rounded-xl focus:outline-none focus:ring-2 focus:ring-primary-500 focus:border-primary-500 transition-all" type="text" value=""></div></div></div><div class="flex-1 overflow-auto px-8 py-8"><div class="max-w-[2000px] mx-auto"><div class="grid gap-5 auto-fill-cards"><div class="rounded-xl border border-[rgb(var(--border-subtle))] bg-[rgb(var(--card))] p-6 shadow-[0_1px_3px_0_rgb(0_0_0/0.1),0_1px_2px_-1px_rgb(0_0_0/0.1)] dark:shadow-[0_1px_3px_0_rgb(0_0_0/0.3),0_1px_2px_-1px_rgb(0_0_0/0.2)] cursor-pointer transition-all hover:shadow-lg hover:scale-[1.01]"><div class="p-6"><div class="flex items-start gap-4 mb-5"><div class="w-16 h-16 flex items-center justify-center text-4xl bg-[rgb(var(--surface))] rounded-xl flex-shrink-0 border border-[rgb(var(--border-subtle))]">ΓÜí</div><div class="flex-1 min-w-0"><h3 class="font-semibold text-lg truncate mb-1.5">Cursor</h3><p class="text-sm text-[rgb(var(--muted))] truncate">Cursor</p></div></div><div class="mb-4"><span class="inline-flex items-center gap-2 text-sm px-3 py-1.5 rounded-full font-medium bg-gray-100 dark:bg-gray-800 text-gray-600 dark:text-gray-400"><svg xmlns="http://www.w3.org/2000/svg" width="24" height="24" viewBox="0 0 24 24" fill="none" stroke="currentColor" stroke-width="2" stroke-linecap="round" stroke-linejoin="round" class="lucide lucide-wifi-off h-4 w-4" aria-hidden="true"><path d="M12 20h.01"></path><path d="M8.5 16.429a5 5 0 0 1 7 0"></path><path d="M5 12.859a10 10 0 0 1 5.17-2.69"></path><path d="M19 12.859a10 10 0 0 0-2.007-1.523"></path><path d="M2 8.82a15 15 0 0 1 4.177-2.643"></path><path d="M22 8.82a15 15 0 0 0-11.288-3.764"></path><path d="m2 2 20 20"></path></svg> Inactive</span></div><div class="flex items-center gap-2.5 text-sm text-[rgb(var(--foreground))] mb-2"><svg xmlns="http://www.w3.org/2000/svg" width="24" height="24" viewBox="0 0 24 24" fill="none" stroke="currentColor" stroke-width="2" stroke-linecap="round" stroke-linejoin="round" class="lucide lucide-lock-open h-4 w-4 text-green-500" aria-hidden="true"><rect width="18" height="11" x="3" y="11" rx="2" ry="2"></rect><path d="M7 11V7a5 5 0 0 1 9.9-1"></path></svg><span class="font-medium">Follow Active Space</span></div></div></div></div></div></div></div></div></main></div><div class="h-7 flex-shrink-0 border-t border-[rgb(var(--border-subtle))] bg-[rgb(var(--surface))] px-4"><div class="flex h-full items-center justify-between text-xs text-[rgb(var(--muted))]"><div class="flex items-center gap-4"><span class="flex items-center gap-1.5"><span class="h-2 w-2 rounded-full bg-green-500"></span>Gateway Active</span><span>Active Space: Personal</span></div><div class="flex items-center gap-4"><span>5 Servers ΓÇó 97 Tools</span></div></div></div></div></div>
[0-1] 
[0-1]   
[0-1] 
[0-1] </body></html>
[0-1] 2026-02-01T11:24:17.918Z INFO webdriver: COMMAND takeScreenshot()
[0-1] 2026-02-01T11:24:17.919Z INFO webdriver: [GET] http://localhost:4444/session/f7a72aac382e34aaeed96da7e11db815/screenshot
[0-1] 2026-02-01T11:24:18.076Z INFO webdriver: RESULT iVBORw0KGgoAAAANSUhEUgAACWAAAAWmCAIAAACDPgzkAAAQAElEQVR4nOzdC...
[0-1] 2026-02-01T11:24:18.078Z INFO webdriver: COMMAND getPageSource()
[0-1] 2026-02-01T11:24:18.079Z INFO webdriver: [GET] http://localhost:4444/session/f7a72aac382e34aaeed96da7e11db815/source
[0-1] 2026-02-01T11:24:18.088Z INFO webdriver: RESULT <html lang="en"><head>
[0-1]     <meta charset="UTF-8">
[0-1]     <link rel="icon" type="image/svg+xml" href="/mcpmux.svg">
[0-1]     <meta name="viewport" content="width=device-width, initial-scale=1.0">
[0-1]     <title>McpMux</title>
[0-1]     <script type="module" crossorigin="" src="/assets/index-CiZJOwjC.js"></script>
[0-1]     <link rel="stylesheet" crossorigin="" href="/assets/index-Df7hU3Vb.css">
[0-1]   </head>
[0-1] 
[0-1]   <body>
[0-1]     <div id="root"><div class="flex h-screen flex-col overflow-hidden bg-[rgb(var(--background))]"><div class="drag-region h-8 flex-shrink-0 bg-[rgb(var(--surface))] border-b border-[rgb(var(--border-subtle))]"></div><div class="flex flex-1 overflow-hidden"><aside class="w-60 flex-shrink-0 border-r border-[rgb(var(--border-subtle))]"><nav class="flex h-full flex-col bg-[rgb(var(--surface))]"><div class="flex-shrink-0 p-4 border-b border-[rgb(var(--border-subtle))]"><div class="space-y-3"><div class="flex items-center justify-between"><div class="flex items-center gap-2"><svg xmlns="http://www.w3.org/2000/svg" width="24" height="24" viewBox="0 0 24 24" fill="none" stroke="currentColor" stroke-width="2" stroke-linecap="round" stroke-linejoin="round" class="lucide lucide-zap h-6 w-6 text-primary-500" aria-hidden="true"><path d="M4 14a1 1 0 0 1-.78-1.63l9.9-10.2a.5.5 0 0 1 .86.46l-1.92 6.02A1 1 0 0 0 13 10h7a1 1 0 0 1 .78 1.63l-9.9 10.2a.5.5 0 0 1-.86-.46l1.92-6.02A1 1 0 0 0 11 14z"></path></svg><span class="font-bold text-lg">McpMux</span></div><button class="p-1.5 rounded-lg hover:bg-surface-hover transition-colors" title="Dark mode"><svg xmlns="http://www.w3.org/2000/svg" width="24" height="24" viewBox="0 0 24 24" fill="none" stroke="currentColor" stroke-width="2" stroke-linecap="round" stroke-linejoin="round" class="lucide lucide-moon h-4 w-4" aria-hidden="true"><path d="M20.985 12.486a9 9 0 1 1-9.473-9.472c.405-.022.617.46.402.803a6 6 0 0 0 8.268 8.268c.344-.215.825-.004.803.401"></path></svg></button></div><div class="relative w-full"><button class="w-full flex items-center justify-between gap-2 px-3 py-2.5 rounded-xl border border-[rgb(var(--border))] bg-[rgb(var(--surface))] hover:bg-[rgb(var(--surface-hover))] hover:border-[rgb(var(--primary))/30] transition-all duration-150 group"><span class="flex items-center gap-3 min-w-0"><span class="text-xl">≡ƒÅá</span><span class="font-medium text-sm truncate">Personal</span></span><svg xmlns="http://www.w3.org/2000/svg" width="24" height="24" viewBox="0 0 24 24" fill="none" stroke="currentColor" stroke-width="2" stroke-linecap="round" stroke-linejoin="round" class="lucide lucide-chevron-down h-4 w-4 flex-shrink-0 text-[rgb(var(--muted))] group-hover:text-[rgb(var(--foreground))] transition-all duration-200" aria-hidden="true"><path d="m6 9 6 6 6-6"></path></svg></button></div></div></div><div class="flex-1 overflow-y-auto p-3"><div class="mb-6"><div class="space-y-0.5"><button data-testid="nav-dashboard" class="flex w-full items-center gap-3 rounded-lg px-3 py-2.5 text-sm font-medium transition-all duration-150 text-[rgb(var(--muted))] hover:text-[rgb(var(--foreground))] hover:bg-[rgb(var(--surface-hover))]"><span class="h-5 w-5 flex items-center justify-center transition-colors"><svg xmlns="http://www.w3.org/2000/svg" width="24" height="24" viewBox="0 0 24 24" fill="none" stroke="currentColor" stroke-width="2" stroke-linecap="round" stroke-linejoin="round" class="lucide lucide-house h-4 w-4" aria-hidden="true"><path d="M15 21v-8a1 1 0 0 0-1-1h-4a1 1 0 0 0-1 1v8"></path><path d="M3 10a2 2 0 0 1 .709-1.528l7-6a2 2 0 0 1 2.582 0l7 6A2 2 0 0 1 21 10v9a2 2 0 0 1-2 2H5a2 2 0 0 1-2-2z"></path></svg></span><span>Dashboard</span></button><button data-testid="nav-my-servers" class="flex w-full items-center gap-3 rounded-lg px-3 py-2.5 text-sm font-medium transition-all duration-150 text-[rgb(var(--muted))] hover:text-[rgb(var(--foreground))] hover:bg-[rgb(var(--surface-hover))]"><span class="h-5 w-5 flex items-center justify-center transition-colors"><svg xmlns="http://www.w3.org/2000/svg" width="24" height="24" viewBox="0 0 24 24" fill="none" stroke="currentColor" stroke-width="2" stroke-linecap="round" stroke-linejoin="round" class="lucide lucide-zap h-4 w-4" aria-hidden="true"><path d="M4 14a1 1 0 0 1-.78-1.63l9.9-10.2a.5.5 0 0 1 .86.46l-1.92 6.02A1 1 0 0 0 13 10h7a1 1 0 0 1 .78 1.63l-9.9 10.2a.5.5 0 0 1-.86-.46l1.92-6.02A1 1 0 0 0 11 14z"></path></svg></span><span>My Servers</span></button><button data-testid="nav-discover" class="flex w-full items-center gap-3 rounded-lg px-3 py-2.5 text-sm font-medium transition-all duration-150 text-[rgb(var(--muted))] hover:text-[rgb(var(--foreground))] hover:bg-[rgb(var(--surface-hover))]"><span class="h-5 w-5 flex items-center justify-center transition-colors"><svg xmlns="http://www.w3.org/2000/svg" width="24" height="24" viewBox="0 0 24 24" fill="none" stroke="currentColor" stroke-width="2" stroke-linecap="round" stroke-linejoin="round" class="lucide lucide-server h-4 w-4" aria-hidden="true"><rect width="20" height="8" x="2" y="2" rx="2" ry="2"></rect><rect width="20" height="8" x="2" y="14" rx="2" ry="2"></rect><line x1="6" x2="6.01" y1="6" y2="6"></line><line x1="6" x2="6.01" y1="18" y2="18"></line></svg></span><span>Discover</span></button></div></div><div class="mb-6"><h3 class="mb-2 px-3 text-[11px] font-semibold uppercase tracking-wider text-[rgb(var(--muted-foreground))]">Workspaces</h3><div class="space-y-0.5"><button data-testid="nav-spaces" class="flex w-full items-center gap-3 rounded-lg px-3 py-2.5 text-sm font-medium transition-all duration-150 text-[rgb(var(--muted))] hover:text-[rgb(var(--foreground))] hover:bg-[rgb(var(--surface-hover))]"><span class="h-5 w-5 flex items-center justify-center transition-colors"><svg xmlns="http://www.w3.org/2000/svg" width="24" height="24" viewBox="0 0 24 24" fill="none" stroke="currentColor" stroke-width="2" stroke-linecap="round" stroke-linejoin="round" class="lucide lucide-globe h-4 w-4" aria-hidden="true"><circle cx="12" cy="12" r="10"></circle><path d="M12 2a14.5 14.5 0 0 0 0 20 14.5 14.5 0 0 0 0-20"></path><path d="M2 12h20"></path></svg></span><span>Spaces</span></button><button data-testid="nav-featuresets" class="flex w-full items-center gap-3 rounded-lg px-3 py-2.5 text-sm font-medium transition-all duration-150 text-[rgb(var(--muted))] hover:text-[rgb(var(--foreground))] hover:bg-[rgb(var(--surface-hover))]"><span class="h-5 w-5 flex items-center justify-center transition-colors"><svg xmlns="http://www.w3.org/2000/svg" width="24" height="24" viewBox="0 0 24 24" fill="none" stroke="currentColor" stroke-width="2" stroke-linecap="round" stroke-linejoin="round" class="lucide lucide-wrench h-4 w-4" aria-hidden="true"><path d="M14.7 6.3a1 1 0 0 0 0 1.4l1.6 1.6a1 1 0 0 0 1.4 0l3.106-3.105c.32-.322.863-.22.983.218a6 6 0 0 1-8.259 7.057l-7.91 7.91a1 1 0 0 1-2.999-3l7.91-7.91a6 6 0 0 1 7.057-8.259c.438.12.54.662.219.984z"></path></svg></span><span>FeatureSets</span></button></div></div><div class="mb-6"><h3 class="mb-2 px-3 text-[11px] font-semibold uppercase tracking-wider text-[rgb(var(--muted-foreground))]">Connections</h3><div class="space-y-0.5"><button data-testid="nav-clients" class="flex w-full items-center gap-3 rounded-lg px-3 py-2.5 text-sm font-medium transition-all duration-150 hover:text-[rgb(var(--foreground))] bg-[rgb(var(--primary))/10] text-[rgb(var(--primary))] hover:bg-[rgb(var(--primary))/15]"><span class="h-5 w-5 flex items-center justify-center transition-colors text-[rgb(var(--primary))]"><svg xmlns="http://www.w3.org/2000/svg" width="24" height="24" viewBox="0 0 24 24" fill="none" stroke="currentColor" stroke-width="2" stroke-linecap="round" stroke-linejoin="round" class="lucide lucide-monitor h-4 w-4" aria-hidden="true"><rect width="20" height="14" x="2" y="3" rx="2"></rect><line x1="8" x2="16" y1="21" y2="21"></line><line x1="12" x2="12" y1="17" y2="21"></line></svg></span><span>Clients</span></button></div></div><div class="mb-6"><div class="space-y-0.5"><button data-testid="nav-settings" class="flex w-full items-center gap-3 rounded-lg px-3 py-2.5 text-sm font-medium transition-all duration-150 text-[rgb(var(--muted))] hover:text-[rgb(var(--foreground))] hover:bg-[rgb(var(--surface-hover))]"><span class="h-5 w-5 flex items-center justify-center transition-colors"><svg xmlns="http://www.w3.org/2000/svg" width="24" height="24" viewBox="0 0 24 24" fill="none" stroke="currentColor" stroke-width="2" stroke-linecap="round" stroke-linejoin="round" class="lucide lucide-settings h-4 w-4" aria-hidden="true"><path d="M9.671 4.136a2.34 2.34 0 0 1 4.659 0 2.34 2.34 0 0 0 3.319 1.915 2.34 2.34 0 0 1 2.33 4.033 2.34 2.34 0 0 0 0 3.831 2.34 2.34 0 0 1-2.33 4.033 2.34 2.34 0 0 0-3.319 1.915 2.34 2.34 0 0 1-4.659 0 2.34 2.34 0 0 0-3.32-1.915 2.34 2.34 0 0 1-2.33-4.033 2.34 2.34 0 0 0 0-3.831A2.34 2.34 0 0 1 6.35 6.051a2.34 2.34 0 0 0 3.319-1.915"></path><circle cx="12" cy="12" r="3"></circle></svg></span><span>Settings</span></button></div></div></div><div class="flex-shrink-0 p-4 border-t border-[rgb(var(--border-subtle))]"><div class="text-xs text-[rgb(var(--muted))]"><div>McpMux v0.1.0</div><div>Gateway: localhost:9315</div></div></div></nav></aside><main class="flex-1 overflow-auto p-6 bg-[rgb(var(--background))]"><div class="animate-fade-in"><div class="h-full flex flex-col relative"><div class="flex-shrink-0 p-8 border-b border-[rgb(var(--border-subtle))]"><div class="max-w-[2000px] mx-auto"><div class="flex items-center justify-between mb-6"><div><h1 class="text-3xl font-bold">Connected Clients</h1><p class="text-base text-[rgb(var(--muted))] mt-2">Manage OAuth clients and their permissions</p></div><button class="inline-flex items-center justify-center gap-2 rounded-lg font-medium transition-all duration-150 ease-out focus-visible:outline-none focus-visible:ring-2 focus-visible:ring-[rgb(var(--primary))] focus-visible:ring-offset-2 disabled:pointer-events-none disabled:opacity-50 active:scale-[0.98] text-[rgb(var(--foreground))] hover:bg-[rgb(var(--surface-hover))] h-10 px-4"><svg xmlns="http://www.w3.org/2000/svg" width="24" height="24" viewBox="0 0 24 24" fill="none" stroke="currentColor" stroke-width="2" stroke-linecap="round" stroke-linejoin="round" class="lucide lucide-refresh-cw h-4 w-4 mr-2" aria-hidden="true"><path d="M3 12a9 9 0 0 1 9-9 9.75 9.75 0 0 1 6.74 2.74L21 8"></path><path d="M21 3v5h-5"></path><path d="M21 12a9 9 0 0 1-9 9 9.75 9.75 0 0 1-6.74-2.74L3 16"></path><path d="M8 16H3v5"></path></svg>Refresh</button></div><div class="relative max-w-3xl"><svg xmlns="http://www.w3.org/2000/svg" width="24" height="24" viewBox="0 0 24 24" fill="none" stroke="currentColor" stroke-width="2" stroke-linecap="round" stroke-linejoin="round" class="lucide lucide-search absolute left-4 top-1/2 -translate-y-1/2 h-5 w-5 text-[rgb(var(--muted))]" aria-hidden="true"><path d="m21 21-4.34-4.34"></path><circle cx="11" cy="11" r="8"></circle></svg><input placeholder="Search clients by name or ID..." class="w-full pl-12 pr-4 py-3 text-base bg-[rgb(var(--surface))] border border-[rgb(var(--border))] rounded-xl focus:outline-none focus:ring-2 focus:ring-primary-500 focus:border-primary-500 transition-all" type="text" value=""></div></div></div><div class="flex-1 overflow-auto px-8 py-8"><div class="max-w-[2000px] mx-auto"><div class="grid gap-5 auto-fill-cards"><div class="rounded-xl border border-[rgb(var(--border-subtle))] bg-[rgb(var(--card))] p-6 shadow-[0_1px_3px_0_rgb(0_0_0/0.1),0_1px_2px_-1px_rgb(0_0_0/0.1)] dark:shadow-[0_1px_3px_0_rgb(0_0_0/0.3),0_1px_2px_-1px_rgb(0_0_0/0.2)] cursor-pointer transition-all hover:shadow-lg hover:scale-[1.01]"><div class="p-6"><div class="flex items-start gap-4 mb-5"><div class="w-16 h-16 flex items-center justify-center text-4xl bg-[rgb(var(--surface))] rounded-xl flex-shrink-0 border border-[rgb(var(--border-subtle))]">ΓÜí</div><div class="flex-1 min-w-0"><h3 class="font-semibold text-lg truncate mb-1.5">Cursor</h3><p class="text-sm text-[rgb(var(--muted))] truncate">Cursor</p></div></div><div class="mb-4"><span class="inline-flex items-center gap-2 text-sm px-3 py-1.5 rounded-full font-medium bg-gray-100 dark:bg-gray-800 text-gray-600 dark:text-gray-400"><svg xmlns="http://www.w3.org/2000/svg" width="24" height="24" viewBox="0 0 24 24" fill="none" stroke="currentColor" stroke-width="2" stroke-linecap="round" stroke-linejoin="round" class="lucide lucide-wifi-off h-4 w-4" aria-hidden="true"><path d="M12 20h.01"></path><path d="M8.5 16.429a5 5 0 0 1 7 0"></path><path d="M5 12.859a10 10 0 0 1 5.17-2.69"></path><path d="M19 12.859a10 10 0 0 0-2.007-1.523"></path><path d="M2 8.82a15 15 0 0 1 4.177-2.643"></path><path d="M22 8.82a15 15 0 0 0-11.288-3.764"></path><path d="m2 2 20 20"></path></svg> Inactive</span></div><div class="flex items-center gap-2.5 text-sm text-[rgb(var(--foreground))] mb-2"><svg xmlns="http://www.w3.org/2000/svg" width="24" height="24" viewBox="0 0 24 24" fill="none" stroke="currentColor" stroke-width="2" stroke-linecap="round" stroke-linejoin="round" class="lucide lucide-lock-open h-4 w-4 text-green-500" aria-hidden="true"><rect width="18" height="11" x="3" y="11" rx="2" ry="2"></rect><path d="M7 11V7a5 5 0 0 1 9.9-1"></path></svg><span class="font-medium">Follow Active Space</span></div></div></div></div></div></div></div></div></main></div><div class="h-7 flex-shrink-0 border-t border-[rgb(var(--border-subtle))] bg-[rgb(var(--surface))] px-4"><div class="flex h-full items-center justify-between text-xs text-[rgb(var(--muted))]"><div class="flex items-center gap-4"><span class="flex items-center gap-1.5"><span class="h-2 w-2 rounded-full bg-green-500"></span>Gateway Active</span><span>Active Space: Personal</span></div><div class="flex items-center gap-4"><span>5 Servers ΓÇó 97 Tools</span></div></div></div></div></div>
[0-1] 
[0-1]   
[0-1] 
[0-1] </body></html>
[0-1] [DEBUG] Has Permissions section: true
[0-1] [DEBUG] Has Default mentioned: false
[0-1] 2026-02-01T11:24:18.092Z INFO webdriver: COMMAND getPageSource()
[0-1] 2026-02-01T11:24:18.092Z INFO webdriver: [GET] http://localhost:4444/session/f7a72aac382e34aaeed96da7e11db815/source
[0-1] 2026-02-01T11:24:18.101Z INFO webdriver: RESULT <html lang="en"><head>
[0-1]     <meta charset="UTF-8">
[0-1]     <link rel="icon" type="image/svg+xml" href="/mcpmux.svg">
[0-1]     <meta name="viewport" content="width=device-width, initial-scale=1.0">
[0-1]     <title>McpMux</title>
[0-1]     <script type="module" crossorigin="" src="/assets/index-CiZJOwjC.js"></script>
[0-1]     <link rel="stylesheet" crossorigin="" href="/assets/index-Df7hU3Vb.css">
[0-1]   </head>
[0-1] 
[0-1]   <body>
[0-1]     <div id="root"><div class="flex h-screen flex-col overflow-hidden bg-[rgb(var(--background))]"><div class="drag-region h-8 flex-shrink-0 bg-[rgb(var(--surface))] border-b border-[rgb(var(--border-subtle))]"></div><div class="flex flex-1 overflow-hidden"><aside class="w-60 flex-shrink-0 border-r border-[rgb(var(--border-subtle))]"><nav class="flex h-full flex-col bg-[rgb(var(--surface))]"><div class="flex-shrink-0 p-4 border-b border-[rgb(var(--border-subtle))]"><div class="space-y-3"><div class="flex items-center justify-between"><div class="flex items-center gap-2"><svg xmlns="http://www.w3.org/2000/svg" width="24" height="24" viewBox="0 0 24 24" fill="none" stroke="currentColor" stroke-width="2" stroke-linecap="round" stroke-linejoin="round" class="lucide lucide-zap h-6 w-6 text-primary-500" aria-hidden="true"><path d="M4 14a1 1 0 0 1-.78-1.63l9.9-10.2a.5.5 0 0 1 .86.46l-1.92 6.02A1 1 0 0 0 13 10h7a1 1 0 0 1 .78 1.63l-9.9 10.2a.5.5 0 0 1-.86-.46l1.92-6.02A1 1 0 0 0 11 14z"></path></svg><span class="font-bold text-lg">McpMux</span></div><button class="p-1.5 rounded-lg hover:bg-surface-hover transition-colors" title="Dark mode"><svg xmlns="http://www.w3.org/2000/svg" width="24" height="24" viewBox="0 0 24 24" fill="none" stroke="currentColor" stroke-width="2" stroke-linecap="round" stroke-linejoin="round" class="lucide lucide-moon h-4 w-4" aria-hidden="true"><path d="M20.985 12.486a9 9 0 1 1-9.473-9.472c.405-.022.617.46.402.803a6 6 0 0 0 8.268 8.268c.344-.215.825-.004.803.401"></path></svg></button></div><div class="relative w-full"><button class="w-full flex items-center justify-between gap-2 px-3 py-2.5 rounded-xl border border-[rgb(var(--border))] bg-[rgb(var(--surface))] hover:bg-[rgb(var(--surface-hover))] hover:border-[rgb(var(--primary))/30] transition-all duration-150 group"><span class="flex items-center gap-3 min-w-0"><span class="text-xl">≡ƒÅá</span><span class="font-medium text-sm truncate">Personal</span></span><svg xmlns="http://www.w3.org/2000/svg" width="24" height="24" viewBox="0 0 24 24" fill="none" stroke="currentColor" stroke-width="2" stroke-linecap="round" stroke-linejoin="round" class="lucide lucide-chevron-down h-4 w-4 flex-shrink-0 text-[rgb(var(--muted))] group-hover:text-[rgb(var(--foreground))] transition-all duration-200" aria-hidden="true"><path d="m6 9 6 6 6-6"></path></svg></button></div></div></div><div class="flex-1 overflow-y-auto p-3"><div class="mb-6"><div class="space-y-0.5"><button data-testid="nav-dashboard" class="flex w-full items-center gap-3 rounded-lg px-3 py-2.5 text-sm font-medium transition-all duration-150 text-[rgb(var(--muted))] hover:text-[rgb(var(--foreground))] hover:bg-[rgb(var(--surface-hover))]"><span class="h-5 w-5 flex items-center justify-center transition-colors"><svg xmlns="http://www.w3.org/2000/svg" width="24" height="24" viewBox="0 0 24 24" fill="none" stroke="currentColor" stroke-width="2" stroke-linecap="round" stroke-linejoin="round" class="lucide lucide-house h-4 w-4" aria-hidden="true"><path d="M15 21v-8a1 1 0 0 0-1-1h-4a1 1 0 0 0-1 1v8"></path><path d="M3 10a2 2 0 0 1 .709-1.528l7-6a2 2 0 0 1 2.582 0l7 6A2 2 0 0 1 21 10v9a2 2 0 0 1-2 2H5a2 2 0 0 1-2-2z"></path></svg></span><span>Dashboard</span></button><button data-testid="nav-my-servers" class="flex w-full items-center gap-3 rounded-lg px-3 py-2.5 text-sm font-medium transition-all duration-150 text-[rgb(var(--muted))] hover:text-[rgb(var(--foreground))] hover:bg-[rgb(var(--surface-hover))]"><span class="h-5 w-5 flex items-center justify-center transition-colors"><svg xmlns="http://www.w3.org/2000/svg" width="24" height="24" viewBox="0 0 24 24" fill="none" stroke="currentColor" stroke-width="2" stroke-linecap="round" stroke-linejoin="round" class="lucide lucide-zap h-4 w-4" aria-hidden="true"><path d="M4 14a1 1 0 0 1-.78-1.63l9.9-10.2a.5.5 0 0 1 .86.46l-1.92 6.02A1 1 0 0 0 13 10h7a1 1 0 0 1 .78 1.63l-9.9 10.2a.5.5 0 0 1-.86-.46l1.92-6.02A1 1 0 0 0 11 14z"></path></svg></span><span>My Servers</span></button><button data-testid="nav-discover" class="flex w-full items-center gap-3 rounded-lg px-3 py-2.5 text-sm font-medium transition-all duration-150 text-[rgb(var(--muted))] hover:text-[rgb(var(--foreground))] hover:bg-[rgb(var(--surface-hover))]"><span class="h-5 w-5 flex items-center justify-center transition-colors"><svg xmlns="http://www.w3.org/2000/svg" width="24" height="24" viewBox="0 0 24 24" fill="none" stroke="currentColor" stroke-width="2" stroke-linecap="round" stroke-linejoin="round" class="lucide lucide-server h-4 w-4" aria-hidden="true"><rect width="20" height="8" x="2" y="2" rx="2" ry="2"></rect><rect width="20" height="8" x="2" y="14" rx="2" ry="2"></rect><line x1="6" x2="6.01" y1="6" y2="6"></line><line x1="6" x2="6.01" y1="18" y2="18"></line></svg></span><span>Discover</span></button></div></div><div class="mb-6"><h3 class="mb-2 px-3 text-[11px] font-semibold uppercase tracking-wider text-[rgb(var(--muted-foreground))]">Workspaces</h3><div class="space-y-0.5"><button data-testid="nav-spaces" class="flex w-full items-center gap-3 rounded-lg px-3 py-2.5 text-sm font-medium transition-all duration-150 text-[rgb(var(--muted))] hover:text-[rgb(var(--foreground))] hover:bg-[rgb(var(--surface-hover))]"><span class="h-5 w-5 flex items-center justify-center transition-colors"><svg xmlns="http://www.w3.org/2000/svg" width="24" height="24" viewBox="0 0 24 24" fill="none" stroke="currentColor" stroke-width="2" stroke-linecap="round" stroke-linejoin="round" class="lucide lucide-globe h-4 w-4" aria-hidden="true"><circle cx="12" cy="12" r="10"></circle><path d="M12 2a14.5 14.5 0 0 0 0 20 14.5 14.5 0 0 0 0-20"></path><path d="M2 12h20"></path></svg></span><span>Spaces</span></button><button data-testid="nav-featuresets" class="flex w-full items-center gap-3 rounded-lg px-3 py-2.5 text-sm font-medium transition-all duration-150 text-[rgb(var(--muted))] hover:text-[rgb(var(--foreground))] hover:bg-[rgb(var(--surface-hover))]"><span class="h-5 w-5 flex items-center justify-center transition-colors"><svg xmlns="http://www.w3.org/2000/svg" width="24" height="24" viewBox="0 0 24 24" fill="none" stroke="currentColor" stroke-width="2" stroke-linecap="round" stroke-linejoin="round" class="lucide lucide-wrench h-4 w-4" aria-hidden="true"><path d="M14.7 6.3a1 1 0 0 0 0 1.4l1.6 1.6a1 1 0 0 0 1.4 0l3.106-3.105c.32-.322.863-.22.983.218a6 6 0 0 1-8.259 7.057l-7.91 7.91a1 1 0 0 1-2.999-3l7.91-7.91a6 6 0 0 1 7.057-8.259c.438.12.54.662.219.984z"></path></svg></span><span>FeatureSets</span></button></div></div><div class="mb-6"><h3 class="mb-2 px-3 text-[11px] font-semibold uppercase tracking-wider text-[rgb(var(--muted-foreground))]">Connections</h3><div class="space-y-0.5"><button data-testid="nav-clients" class="flex w-full items-center gap-3 rounded-lg px-3 py-2.5 text-sm font-medium transition-all duration-150 hover:text-[rgb(var(--foreground))] bg-[rgb(var(--primary))/10] text-[rgb(var(--primary))] hover:bg-[rgb(var(--primary))/15]"><span class="h-5 w-5 flex items-center justify-center transition-colors text-[rgb(var(--primary))]"><svg xmlns="http://www.w3.org/2000/svg" width="24" height="24" viewBox="0 0 24 24" fill="none" stroke="currentColor" stroke-width="2" stroke-linecap="round" stroke-linejoin="round" class="lucide lucide-monitor h-4 w-4" aria-hidden="true"><rect width="20" height="14" x="2" y="3" rx="2"></rect><line x1="8" x2="16" y1="21" y2="21"></line><line x1="12" x2="12" y1="17" y2="21"></line></svg></span><span>Clients</span></button></div></div><div class="mb-6"><div class="space-y-0.5"><button data-testid="nav-settings" class="flex w-full items-center gap-3 rounded-lg px-3 py-2.5 text-sm font-medium transition-all duration-150 text-[rgb(var(--muted))] hover:text-[rgb(var(--foreground))] hover:bg-[rgb(var(--surface-hover))]"><span class="h-5 w-5 flex items-center justify-center transition-colors"><svg xmlns="http://www.w3.org/2000/svg" width="24" height="24" viewBox="0 0 24 24" fill="none" stroke="currentColor" stroke-width="2" stroke-linecap="round" stroke-linejoin="round" class="lucide lucide-settings h-4 w-4" aria-hidden="true"><path d="M9.671 4.136a2.34 2.34 0 0 1 4.659 0 2.34 2.34 0 0 0 3.319 1.915 2.34 2.34 0 0 1 2.33 4.033 2.34 2.34 0 0 0 0 3.831 2.34 2.34 0 0 1-2.33 4.033 2.34 2.34 0 0 0-3.319 1.915 2.34 2.34 0 0 1-4.659 0 2.34 2.34 0 0 0-3.32-1.915 2.34 2.34 0 0 1-2.33-4.033 2.34 2.34 0 0 0 0-3.831A2.34 2.34 0 0 1 6.35 6.051a2.34 2.34 0 0 0 3.319-1.915"></path><circle cx="12" cy="12" r="3"></circle></svg></span><span>Settings</span></button></div></div></div><div class="flex-shrink-0 p-4 border-t border-[rgb(var(--border-subtle))]"><div class="text-xs text-[rgb(var(--muted))]"><div>McpMux v0.1.0</div><div>Gateway: localhost:9315</div></div></div></nav></aside><main class="flex-1 overflow-auto p-6 bg-[rgb(var(--background))]"><div class="animate-fade-in"><div class="h-full flex flex-col relative"><div class="flex-shrink-0 p-8 border-b border-[rgb(var(--border-subtle))]"><div class="max-w-[2000px] mx-auto"><div class="flex items-center justify-between mb-6"><div><h1 class="text-3xl font-bold">Connected Clients</h1><p class="text-base text-[rgb(var(--muted))] mt-2">Manage OAuth clients and their permissions</p></div><button class="inline-flex items-center justify-center gap-2 rounded-lg font-medium transition-all duration-150 ease-out focus-visible:outline-none focus-visible:ring-2 focus-visible:ring-[rgb(var(--primary))] focus-visible:ring-offset-2 disabled:pointer-events-none disabled:opacity-50 active:scale-[0.98] text-[rgb(var(--foreground))] hover:bg-[rgb(var(--surface-hover))] h-10 px-4"><svg xmlns="http://www.w3.org/2000/svg" width="24" height="24" viewBox="0 0 24 24" fill="none" stroke="currentColor" stroke-width="2" stroke-linecap="round" stroke-linejoin="round" class="lucide lucide-refresh-cw h-4 w-4 mr-2" aria-hidden="true"><path d="M3 12a9 9 0 0 1 9-9 9.75 9.75 0 0 1 6.74 2.74L21 8"></path><path d="M21 3v5h-5"></path><path d="M21 12a9 9 0 0 1-9 9 9.75 9.75 0 0 1-6.74-2.74L3 16"></path><path d="M8 16H3v5"></path></svg>Refresh</button></div><div class="relative max-w-3xl"><svg xmlns="http://www.w3.org/2000/svg" width="24" height="24" viewBox="0 0 24 24" fill="none" stroke="currentColor" stroke-width="2" stroke-linecap="round" stroke-linejoin="round" class="lucide lucide-search absolute left-4 top-1/2 -translate-y-1/2 h-5 w-5 text-[rgb(var(--muted))]" aria-hidden="true"><path d="m21 21-4.34-4.34"></path><circle cx="11" cy="11" r="8"></circle></svg><input placeholder="Search clients by name or ID..." class="w-full pl-12 pr-4 py-3 text-base bg-[rgb(var(--surface))] border border-[rgb(var(--border))] rounded-xl focus:outline-none focus:ring-2 focus:ring-primary-500 focus:border-primary-500 transition-all" type="text" value=""></div></div></div><div class="flex-1 overflow-auto px-8 py-8"><div class="max-w-[2000px] mx-auto"><div class="grid gap-5 auto-fill-cards"><div class="rounded-xl border border-[rgb(var(--border-subtle))] bg-[rgb(var(--card))] p-6 shadow-[0_1px_3px_0_rgb(0_0_0/0.1),0_1px_2px_-1px_rgb(0_0_0/0.1)] dark:shadow-[0_1px_3px_0_rgb(0_0_0/0.3),0_1px_2px_-1px_rgb(0_0_0/0.2)] cursor-pointer transition-all hover:shadow-lg hover:scale-[1.01]"><div class="p-6"><div class="flex items-start gap-4 mb-5"><div class="w-16 h-16 flex items-center justify-center text-4xl bg-[rgb(var(--surface))] rounded-xl flex-shrink-0 border border-[rgb(var(--border-subtle))]">ΓÜí</div><div class="flex-1 min-w-0"><h3 class="font-semibold text-lg truncate mb-1.5">Cursor</h3><p class="text-sm text-[rgb(var(--muted))] truncate">Cursor</p></div></div><div class="mb-4"><span class="inline-flex items-center gap-2 text-sm px-3 py-1.5 rounded-full font-medium bg-gray-100 dark:bg-gray-800 text-gray-600 dark:text-gray-400"><svg xmlns="http://www.w3.org/2000/svg" width="24" height="24" viewBox="0 0 24 24" fill="none" stroke="currentColor" stroke-width="2" stroke-linecap="round" stroke-linejoin="round" class="lucide lucide-wifi-off h-4 w-4" aria-hidden="true"><path d="M12 20h.01"></path><path d="M8.5 16.429a5 5 0 0 1 7 0"></path><path d="M5 12.859a10 10 0 0 1 5.17-2.69"></path><path d="M19 12.859a10 10 0 0 0-2.007-1.523"></path><path d="M2 8.82a15 15 0 0 1 4.177-2.643"></path><path d="M22 8.82a15 15 0 0 0-11.288-3.764"></path><path d="m2 2 20 20"></path></svg> Inactive</span></div><div class="flex items-center gap-2.5 text-sm text-[rgb(var(--foreground))] mb-2"><svg xmlns="http://www.w3.org/2000/svg" width="24" height="24" viewBox="0 0 24 24" fill="none" stroke="currentColor" stroke-width="2" stroke-linecap="round" stroke-linejoin="round" class="lucide lucide-lock-open h-4 w-4 text-green-500" aria-hidden="true"><rect width="18" height="11" x="3" y="11" rx="2" ry="2"></rect><path d="M7 11V7a5 5 0 0 1 9.9-1"></path></svg><span class="font-medium">Follow Active Space</span></div></div></div></div></div></div></div></div></main></div><div class="h-7 flex-shrink-0 border-t border-[rgb(var(--border-subtle))] bg-[rgb(var(--surface))] px-4"><div class="flex h-full items-center justify-between text-xs text-[rgb(var(--muted))]"><div class="flex items-center gap-4"><span class="flex items-center gap-1.5"><span class="h-2 w-2 rounded-full bg-green-500"></span>Gateway Active</span><span>Active Space: Personal</span></div><div class="flex items-center gap-4"><span>5 Servers ΓÇó 97 Tools</span></div></div></div></div></div>
[0-1] 
[0-1]   
[0-1] 
[0-1] </body></html>
[0-1] [DEBUG] Has Effective Features: true
[0-1] 2026-02-01T11:24:18.102Z INFO webdriver: COMMAND takeScreenshot()
[0-1] 2026-02-01T11:24:18.102Z INFO webdriver: [GET] http://localhost:4444/session/f7a72aac382e34aaeed96da7e11db815/screenshot
[0-1] 2026-02-01T11:24:18.261Z INFO webdriver: RESULT iVBORw0KGgoAAAANSUhEUgAACWAAAAWmCAIAAACDPgzkAAAQAElEQVR4nOzdC...
[0-1] 2026-02-01T11:24:18.269Z INFO webdriver: COMMAND findElement("css selector", "[data-testid="nav-clients"]")
[0-1] 2026-02-01T11:24:18.269Z INFO webdriver: [POST] http://localhost:4444/session/f7a72aac382e34aaeed96da7e11db815/element
[0-1] 2026-02-01T11:24:18.270Z INFO webdriver: DATA {"using":"css selector","value":"[data-testid=\"nav-clients\"]"}
[0-1] 2026-02-01T11:24:18.284Z INFO webdriver: RESULT {
[0-1]   'element-6066-11e4-a52e-4f735466cecf': 'f.918F7712B00124654995029BDE82EC5C.d.AB6504911CF80AA26696AA7158360250.e.21'
[0-1] }
[0-1] 2026-02-01T11:24:18.287Z INFO webdriver: COMMAND elementClick("f.918F7712B00124654995029BDE82EC5C.d.AB6504911CF80AA26696AA7158360250.e.21")
[0-1] 2026-02-01T11:24:18.287Z INFO webdriver: [POST] http://localhost:4444/session/f7a72aac382e34aaeed96da7e11db815/element/f.918F7712B00124654995029BDE82EC5C.d.AB6504911CF80AA26696AA7158360250.e.21/click
[0-1] 2026-02-01T11:24:18.287Z INFO webdriver: DATA {}
[0-1] 2026-02-01T11:24:18.374Z INFO webdriver: RESULT null
[0-1] 2026-02-01T11:24:18.375Z INFO webdriver: COMMAND takeScreenshot()
[0-1] 2026-02-01T11:24:18.375Z INFO webdriver: [GET] http://localhost:4444/session/f7a72aac382e34aaeed96da7e11db815/screenshot
[0-1] 2026-02-01T11:24:18.515Z INFO webdriver: RESULT iVBORw0KGgoAAAANSUhEUgAACWAAAAWmCAIAAACDPgzkAAAQAElEQVR4nOzdC...
[0-1] 2026-02-01T11:24:20.382Z INFO webdriver: COMMAND findElements("css selector", "[data-testid^="client-card-"]")
[0-1] 2026-02-01T11:24:20.383Z INFO webdriver: [POST] http://localhost:4444/session/f7a72aac382e34aaeed96da7e11db815/elements
[0-1] 2026-02-01T11:24:20.383Z INFO webdriver: DATA {"using":"css selector","value":"[data-testid^=\"client-card-\"]"}
[0-1] 2026-02-01T11:24:20.402Z INFO webdriver: RESULT []
[0-1] 2026-02-01T11:24:20.405Z INFO webdriver: COMMAND takeScreenshot()
[0-1] 2026-02-01T11:24:20.406Z INFO webdriver: [GET] http://localhost:4444/session/f7a72aac382e34aaeed96da7e11db815/screenshot
[0-1] 2026-02-01T11:24:20.573Z INFO webdriver: RESULT iVBORw0KGgoAAAANSUhEUgAACWAAAAWmCAIAAACDPgzkAAAQAElEQVR4nOzdC...
[0-1] 2026-02-01T11:24:20.575Z INFO webdriver: COMMAND getPageSource()
[0-1] 2026-02-01T11:24:20.576Z INFO webdriver: [GET] http://localhost:4444/session/f7a72aac382e34aaeed96da7e11db815/source
[0-1] 2026-02-01T11:24:20.583Z INFO webdriver: RESULT <html lang="en"><head>
[0-1]     <meta charset="UTF-8">
[0-1]     <link rel="icon" type="image/svg+xml" href="/mcpmux.svg">
[0-1]     <meta name="viewport" content="width=device-width, initial-scale=1.0">
[0-1]     <title>McpMux</title>
[0-1]     <script type="module" crossorigin="" src="/assets/index-CiZJOwjC.js"></script>
[0-1]     <link rel="stylesheet" crossorigin="" href="/assets/index-Df7hU3Vb.css">
[0-1]   </head>
[0-1] 
[0-1]   <body>
[0-1]     <div id="root"><div class="flex h-screen flex-col overflow-hidden bg-[rgb(var(--background))]"><div class="drag-region h-8 flex-shrink-0 bg-[rgb(var(--surface))] border-b border-[rgb(var(--border-subtle))]"></div><div class="flex flex-1 overflow-hidden"><aside class="w-60 flex-shrink-0 border-r border-[rgb(var(--border-subtle))]"><nav class="flex h-full flex-col bg-[rgb(var(--surface))]"><div class="flex-shrink-0 p-4 border-b border-[rgb(var(--border-subtle))]"><div class="space-y-3"><div class="flex items-center justify-between"><div class="flex items-center gap-2"><svg xmlns="http://www.w3.org/2000/svg" width="24" height="24" viewBox="0 0 24 24" fill="none" stroke="currentColor" stroke-width="2" stroke-linecap="round" stroke-linejoin="round" class="lucide lucide-zap h-6 w-6 text-primary-500" aria-hidden="true"><path d="M4 14a1 1 0 0 1-.78-1.63l9.9-10.2a.5.5 0 0 1 .86.46l-1.92 6.02A1 1 0 0 0 13 10h7a1 1 0 0 1 .78 1.63l-9.9 10.2a.5.5 0 0 1-.86-.46l1.92-6.02A1 1 0 0 0 11 14z"></path></svg><span class="font-bold text-lg">McpMux</span></div><button class="p-1.5 rounded-lg hover:bg-surface-hover transition-colors" title="Dark mode"><svg xmlns="http://www.w3.org/2000/svg" width="24" height="24" viewBox="0 0 24 24" fill="none" stroke="currentColor" stroke-width="2" stroke-linecap="round" stroke-linejoin="round" class="lucide lucide-moon h-4 w-4" aria-hidden="true"><path d="M20.985 12.486a9 9 0 1 1-9.473-9.472c.405-.022.617.46.402.803a6 6 0 0 0 8.268 8.268c.344-.215.825-.004.803.401"></path></svg></button></div><div class="relative w-full"><button class="w-full flex items-center justify-between gap-2 px-3 py-2.5 rounded-xl border border-[rgb(var(--border))] bg-[rgb(var(--surface))] hover:bg-[rgb(var(--surface-hover))] hover:border-[rgb(var(--primary))/30] transition-all duration-150 group"><span class="flex items-center gap-3 min-w-0"><span class="text-xl">≡ƒÅá</span><span class="font-medium text-sm truncate">Personal</span></span><svg xmlns="http://www.w3.org/2000/svg" width="24" height="24" viewBox="0 0 24 24" fill="none" stroke="currentColor" stroke-width="2" stroke-linecap="round" stroke-linejoin="round" class="lucide lucide-chevron-down h-4 w-4 flex-shrink-0 text-[rgb(var(--muted))] group-hover:text-[rgb(var(--foreground))] transition-all duration-200" aria-hidden="true"><path d="m6 9 6 6 6-6"></path></svg></button></div></div></div><div class="flex-1 overflow-y-auto p-3"><div class="mb-6"><div class="space-y-0.5"><button data-testid="nav-dashboard" class="flex w-full items-center gap-3 rounded-lg px-3 py-2.5 text-sm font-medium transition-all duration-150 text-[rgb(var(--muted))] hover:text-[rgb(var(--foreground))] hover:bg-[rgb(var(--surface-hover))]"><span class="h-5 w-5 flex items-center justify-center transition-colors"><svg xmlns="http://www.w3.org/2000/svg" width="24" height="24" viewBox="0 0 24 24" fill="none" stroke="currentColor" stroke-width="2" stroke-linecap="round" stroke-linejoin="round" class="lucide lucide-house h-4 w-4" aria-hidden="true"><path d="M15 21v-8a1 1 0 0 0-1-1h-4a1 1 0 0 0-1 1v8"></path><path d="M3 10a2 2 0 0 1 .709-1.528l7-6a2 2 0 0 1 2.582 0l7 6A2 2 0 0 1 21 10v9a2 2 0 0 1-2 2H5a2 2 0 0 1-2-2z"></path></svg></span><span>Dashboard</span></button><button data-testid="nav-my-servers" class="flex w-full items-center gap-3 rounded-lg px-3 py-2.5 text-sm font-medium transition-all duration-150 text-[rgb(var(--muted))] hover:text-[rgb(var(--foreground))] hover:bg-[rgb(var(--surface-hover))]"><span class="h-5 w-5 flex items-center justify-center transition-colors"><svg xmlns="http://www.w3.org/2000/svg" width="24" height="24" viewBox="0 0 24 24" fill="none" stroke="currentColor" stroke-width="2" stroke-linecap="round" stroke-linejoin="round" class="lucide lucide-zap h-4 w-4" aria-hidden="true"><path d="M4 14a1 1 0 0 1-.78-1.63l9.9-10.2a.5.5 0 0 1 .86.46l-1.92 6.02A1 1 0 0 0 13 10h7a1 1 0 0 1 .78 1.63l-9.9 10.2a.5.5 0 0 1-.86-.46l1.92-6.02A1 1 0 0 0 11 14z"></path></svg></span><span>My Servers</span></button><button data-testid="nav-discover" class="flex w-full items-center gap-3 rounded-lg px-3 py-2.5 text-sm font-medium transition-all duration-150 text-[rgb(var(--muted))] hover:text-[rgb(var(--foreground))] hover:bg-[rgb(var(--surface-hover))]"><span class="h-5 w-5 flex items-center justify-center transition-colors"><svg xmlns="http://www.w3.org/2000/svg" width="24" height="24" viewBox="0 0 24 24" fill="none" stroke="currentColor" stroke-width="2" stroke-linecap="round" stroke-linejoin="round" class="lucide lucide-server h-4 w-4" aria-hidden="true"><rect width="20" height="8" x="2" y="2" rx="2" ry="2"></rect><rect width="20" height="8" x="2" y="14" rx="2" ry="2"></rect><line x1="6" x2="6.01" y1="6" y2="6"></line><line x1="6" x2="6.01" y1="18" y2="18"></line></svg></span><span>Discover</span></button></div></div><div class="mb-6"><h3 class="mb-2 px-3 text-[11px] font-semibold uppercase tracking-wider text-[rgb(var(--muted-foreground))]">Workspaces</h3><div class="space-y-0.5"><button data-testid="nav-spaces" class="flex w-full items-center gap-3 rounded-lg px-3 py-2.5 text-sm font-medium transition-all duration-150 text-[rgb(var(--muted))] hover:text-[rgb(var(--foreground))] hover:bg-[rgb(var(--surface-hover))]"><span class="h-5 w-5 flex items-center justify-center transition-colors"><svg xmlns="http://www.w3.org/2000/svg" width="24" height="24" viewBox="0 0 24 24" fill="none" stroke="currentColor" stroke-width="2" stroke-linecap="round" stroke-linejoin="round" class="lucide lucide-globe h-4 w-4" aria-hidden="true"><circle cx="12" cy="12" r="10"></circle><path d="M12 2a14.5 14.5 0 0 0 0 20 14.5 14.5 0 0 0 0-20"></path><path d="M2 12h20"></path></svg></span><span>Spaces</span></button><button data-testid="nav-featuresets" class="flex w-full items-center gap-3 rounded-lg px-3 py-2.5 text-sm font-medium transition-all duration-150 text-[rgb(var(--muted))] hover:text-[rgb(var(--foreground))] hover:bg-[rgb(var(--surface-hover))]"><span class="h-5 w-5 flex items-center justify-center transition-colors"><svg xmlns="http://www.w3.org/2000/svg" width="24" height="24" viewBox="0 0 24 24" fill="none" stroke="currentColor" stroke-width="2" stroke-linecap="round" stroke-linejoin="round" class="lucide lucide-wrench h-4 w-4" aria-hidden="true"><path d="M14.7 6.3a1 1 0 0 0 0 1.4l1.6 1.6a1 1 0 0 0 1.4 0l3.106-3.105c.32-.322.863-.22.983.218a6 6 0 0 1-8.259 7.057l-7.91 7.91a1 1 0 0 1-2.999-3l7.91-7.91a6 6 0 0 1 7.057-8.259c.438.12.54.662.219.984z"></path></svg></span><span>FeatureSets</span></button></div></div><div class="mb-6"><h3 class="mb-2 px-3 text-[11px] font-semibold uppercase tracking-wider text-[rgb(var(--muted-foreground))]">Connections</h3><div class="space-y-0.5"><button data-testid="nav-clients" class="flex w-full items-center gap-3 rounded-lg px-3 py-2.5 text-sm font-medium transition-all duration-150 hover:text-[rgb(var(--foreground))] bg-[rgb(var(--primary))/10] text-[rgb(var(--primary))] hover:bg-[rgb(var(--primary))/15]"><span class="h-5 w-5 flex items-center justify-center transition-colors text-[rgb(var(--primary))]"><svg xmlns="http://www.w3.org/2000/svg" width="24" height="24" viewBox="0 0 24 24" fill="none" stroke="currentColor" stroke-width="2" stroke-linecap="round" stroke-linejoin="round" class="lucide lucide-monitor h-4 w-4" aria-hidden="true"><rect width="20" height="14" x="2" y="3" rx="2"></rect><line x1="8" x2="16" y1="21" y2="21"></line><line x1="12" x2="12" y1="17" y2="21"></line></svg></span><span>Clients</span></button></div></div><div class="mb-6"><div class="space-y-0.5"><button data-testid="nav-settings" class="flex w-full items-center gap-3 rounded-lg px-3 py-2.5 text-sm font-medium transition-all duration-150 text-[rgb(var(--muted))] hover:text-[rgb(var(--foreground))] hover:bg-[rgb(var(--surface-hover))]"><span class="h-5 w-5 flex items-center justify-center transition-colors"><svg xmlns="http://www.w3.org/2000/svg" width="24" height="24" viewBox="0 0 24 24" fill="none" stroke="currentColor" stroke-width="2" stroke-linecap="round" stroke-linejoin="round" class="lucide lucide-settings h-4 w-4" aria-hidden="true"><path d="M9.671 4.136a2.34 2.34 0 0 1 4.659 0 2.34 2.34 0 0 0 3.319 1.915 2.34 2.34 0 0 1 2.33 4.033 2.34 2.34 0 0 0 0 3.831 2.34 2.34 0 0 1-2.33 4.033 2.34 2.34 0 0 0-3.319 1.915 2.34 2.34 0 0 1-4.659 0 2.34 2.34 0 0 0-3.32-1.915 2.34 2.34 0 0 1-2.33-4.033 2.34 2.34 0 0 0 0-3.831A2.34 2.34 0 0 1 6.35 6.051a2.34 2.34 0 0 0 3.319-1.915"></path><circle cx="12" cy="12" r="3"></circle></svg></span><span>Settings</span></button></div></div></div><div class="flex-shrink-0 p-4 border-t border-[rgb(var(--border-subtle))]"><div class="text-xs text-[rgb(var(--muted))]"><div>McpMux v0.1.0</div><div>Gateway: localhost:9315</div></div></div></nav></aside><main class="flex-1 overflow-auto p-6 bg-[rgb(var(--background))]"><div class="animate-fade-in"><div class="h-full flex flex-col relative"><div class="flex-shrink-0 p-8 border-b border-[rgb(var(--border-subtle))]"><div class="max-w-[2000px] mx-auto"><div class="flex items-center justify-between mb-6"><div><h1 class="text-3xl font-bold">Connected Clients</h1><p class="text-base text-[rgb(var(--muted))] mt-2">Manage OAuth clients and their permissions</p></div><button class="inline-flex items-center justify-center gap-2 rounded-lg font-medium transition-all duration-150 ease-out focus-visible:outline-none focus-visible:ring-2 focus-visible:ring-[rgb(var(--primary))] focus-visible:ring-offset-2 disabled:pointer-events-none disabled:opacity-50 active:scale-[0.98] text-[rgb(var(--foreground))] hover:bg-[rgb(var(--surface-hover))] h-10 px-4"><svg xmlns="http://www.w3.org/2000/svg" width="24" height="24" viewBox="0 0 24 24" fill="none" stroke="currentColor" stroke-width="2" stroke-linecap="round" stroke-linejoin="round" class="lucide lucide-refresh-cw h-4 w-4 mr-2" aria-hidden="true"><path d="M3 12a9 9 0 0 1 9-9 9.75 9.75 0 0 1 6.74 2.74L21 8"></path><path d="M21 3v5h-5"></path><path d="M21 12a9 9 0 0 1-9 9 9.75 9.75 0 0 1-6.74-2.74L3 16"></path><path d="M8 16H3v5"></path></svg>Refresh</button></div><div class="relative max-w-3xl"><svg xmlns="http://www.w3.org/2000/svg" width="24" height="24" viewBox="0 0 24 24" fill="none" stroke="currentColor" stroke-width="2" stroke-linecap="round" stroke-linejoin="round" class="lucide lucide-search absolute left-4 top-1/2 -translate-y-1/2 h-5 w-5 text-[rgb(var(--muted))]" aria-hidden="true"><path d="m21 21-4.34-4.34"></path><circle cx="11" cy="11" r="8"></circle></svg><input placeholder="Search clients by name or ID..." class="w-full pl-12 pr-4 py-3 text-base bg-[rgb(var(--surface))] border border-[rgb(var(--border))] rounded-xl focus:outline-none focus:ring-2 focus:ring-primary-500 focus:border-primary-500 transition-all" type="text" value=""></div></div></div><div class="flex-1 overflow-auto px-8 py-8"><div class="max-w-[2000px] mx-auto"><div class="grid gap-5 auto-fill-cards"><div class="rounded-xl border border-[rgb(var(--border-subtle))] bg-[rgb(var(--card))] p-6 shadow-[0_1px_3px_0_rgb(0_0_0/0.1),0_1px_2px_-1px_rgb(0_0_0/0.1)] dark:shadow-[0_1px_3px_0_rgb(0_0_0/0.3),0_1px_2px_-1px_rgb(0_0_0/0.2)] cursor-pointer transition-all hover:shadow-lg hover:scale-[1.01]"><div class="p-6"><div class="flex items-start gap-4 mb-5"><div class="w-16 h-16 flex items-center justify-center text-4xl bg-[rgb(var(--surface))] rounded-xl flex-shrink-0 border border-[rgb(var(--border-subtle))]">ΓÜí</div><div class="flex-1 min-w-0"><h3 class="font-semibold text-lg truncate mb-1.5">Cursor</h3><p class="text-sm text-[rgb(var(--muted))] truncate">Cursor</p></div></div><div class="mb-4"><span class="inline-flex items-center gap-2 text-sm px-3 py-1.5 rounded-full font-medium bg-gray-100 dark:bg-gray-800 text-gray-600 dark:text-gray-400"><svg xmlns="http://www.w3.org/2000/svg" width="24" height="24" viewBox="0 0 24 24" fill="none" stroke="currentColor" stroke-width="2" stroke-linecap="round" stroke-linejoin="round" class="lucide lucide-wifi-off h-4 w-4" aria-hidden="true"><path d="M12 20h.01"></path><path d="M8.5 16.429a5 5 0 0 1 7 0"></path><path d="M5 12.859a10 10 0 0 1 5.17-2.69"></path><path d="M19 12.859a10 10 0 0 0-2.007-1.523"></path><path d="M2 8.82a15 15 0 0 1 4.177-2.643"></path><path d="M22 8.82a15 15 0 0 0-11.288-3.764"></path><path d="m2 2 20 20"></path></svg> Inactive</span></div><div class="flex items-center gap-2.5 text-sm text-[rgb(var(--foreground))] mb-2"><svg xmlns="http://www.w3.org/2000/svg" width="24" height="24" viewBox="0 0 24 24" fill="none" stroke="currentColor" stroke-width="2" stroke-linecap="round" stroke-linejoin="round" class="lucide lucide-lock-open h-4 w-4 text-green-500" aria-hidden="true"><rect width="18" height="11" x="3" y="11" rx="2" ry="2"></rect><path d="M7 11V7a5 5 0 0 1 9.9-1"></path></svg><span class="font-medium">Follow Active Space</span></div></div></div></div></div></div></div></div></main></div><div class="h-7 flex-shrink-0 border-t border-[rgb(var(--border-subtle))] bg-[rgb(var(--surface))] px-4"><div class="flex h-full items-center justify-between text-xs text-[rgb(var(--muted))]"><div class="flex items-center gap-4"><span class="flex items-center gap-1.5"><span class="h-2 w-2 rounded-full bg-green-500"></span>Gateway Active</span><span>Active Space: Personal</span></div><div class="flex items-center gap-4"><span>5 Servers ΓÇó 97 Tools</span></div></div></div></div></div>
[0-1] 
[0-1]   
[0-1] 
[0-1] </body></html>
[0-1] [DEBUG] Has connection mode options: true
[0-1] 2026-02-01T11:24:20.584Z INFO webdriver: COMMAND deleteSession()
[0-1] 2026-02-01T11:24:20.585Z INFO webdriver: [DELETE] http://localhost:4444/session/f7a72aac382e34aaeed96da7e11db815
[0-1] 2026-02-01T11:24:20.622Z INFO webdriver: RESULT null
[0-1] PASSED in undefined - file:///D:/omc/mcp-mux/tests/e2e/specs/clients.wdio.ts
2026-02-01T11:24:20.767Z INFO @wdio/cli:launcher: Run onWorkerEnd hook
2026-02-01T11:24:20.768Z INFO @wdio/cli:launcher: Run onWorkerStart hook
2026-02-01T11:24:20.769Z INFO @wdio/local-runner: Start worker 0-2 with arg: run tests/e2e/wdio.conf.ts
2026-02-01T11:24:20.865Z INFO @wdio/xvfb:ProcessFactory: xvfb-run not found, falling back to regular fork
2026-02-01T11:24:20.865Z INFO @wdio/xvfb:ProcessFactory: ProcessFactory: shouldRun=false, isAvailable=false
2026-02-01T11:24:20.865Z INFO @wdio/xvfb:ProcessFactory: Creating worker process with regular fork
[0-2] 2026-02-01T11:24:22.118Z INFO @wdio/local-runner: Run worker command: run
[0-2] Starting msedgedriver 144.0.3719.104 (7d1be999663b6950497e02929a79dc4136d9e376) on port 4445
[0-2] To submit feedback, report a bug, or suggest new features, please visit https://github.com/MicrosoftEdge/EdgeWebDriver
[0-2] 
[0-2] Only local connections are allowed.
[0-2] Please see https://aka.ms/WebDriverSecurity for suggestions on keeping Microsoft Edge WebDriver safe.
[0-2] msedgedriver was started successfully on port 4445.
[0-2] RUNNING in undefined - file:///D:/omc/mcp-mux/tests/e2e/specs/comprehensive.wdio.ts
[0-2] 2026-02-01T11:24:22.493Z INFO webdriver: Initiate new session using the WebDriver protocol
[0-2] 2026-02-01T11:24:22.493Z INFO @wdio/utils: Connecting to existing driver at http://localhost:4444/
[0-2] 2026-02-01T11:24:22.506Z INFO webdriver: [POST] http://localhost:4444/session
[0-2] 2026-02-01T11:24:23.730Z INFO webdriver: COMMAND getWindowHandle()
[0-2] 2026-02-01T11:24:23.731Z INFO webdriver: [GET] http://localhost:4444/session/774eca2810947fb445075fac237baf4d/window
[0-2] 2026-02-01T11:24:23.738Z INFO webdriver: RESULT 8C5308B497F5F613DFA5106FEC5C81D1
[0-2] 2026-02-01T11:24:23.744Z INFO webdriver: COMMAND executeScript(<fn>, <object>)
[0-2] 2026-02-01T11:24:23.745Z INFO webdriver: [POST] http://localhost:4444/session/774eca2810947fb445075fac237baf4d/execute/sync
[0-2] 2026-02-01T11:24:23.745Z INFO webdriver: DATA {"script":"\n            function webdriverioPolyfill() {\n  var __defProp = Object.defineProperty;\n  var __name = function(target, _value) {\n    return __defProp(target, \"name\", { value: _value, configurable: true });\n  };\n  var __globalThis = typeof globalThis === \"object\" && globalThis || typeof window === \"object\" && window;\n  __globalThis.__name = __name;\n}\n            webdriverioPolyfill();\n            return (async(cmd,cmdArgs)=>{if(!window.__TAURI_TEST_API__){throw new Error(\"Tauri Test API not available\")}return window.__TAURI_TEST_API__.invoke(cmd,cmdArgs)}).apply(null, arguments)\n        ","args":["get_active_space",{}]}
[0-2] 2026-02-01T11:24:23.765Z INFO webdriver: RESULT {
[0-2]   created_at: '2026-02-01T10:14:28.868166400Z',
[0-2]   description: null,
[0-2]   icon: '≡ƒÅá',
[0-2]   id: '97ecb604-4b50-4fb2-962a-acb3c9cccd2f',
[0-2]   is_default: true,
[0-2]   name: 'Personal',
[0-2]   sort_order: 0,
[0-2]   updated_at: '2026-02-01T10:14:28.868166400Z'
[0-2] }
[0-2] [setup] Default space: 97ecb604-4b50-4fb2-962a-acb3c9cccd2f
[0-2] 2026-02-01T11:24:23.766Z INFO webdriver: COMMAND executeScript(<fn>, <object>)
[0-2] 2026-02-01T11:24:23.767Z INFO webdriver: [POST] http://localhost:4444/session/774eca2810947fb445075fac237baf4d/execute/sync
[0-2] 2026-02-01T11:24:23.767Z INFO webdriver: DATA {"script":"\n            function webdriverioPolyfill() {\n  var __defProp = Object.defineProperty;\n  var __name = function(target, _value) {\n    return __defProp(target, \"name\", { value: _value, configurable: true });\n  };\n  var __globalThis = typeof globalThis === \"object\" && globalThis || typeof window === \"object\" && window;\n  __globalThis.__name = __name;\n}\n            webdriverioPolyfill();\n            return (async(cmd,cmdArgs)=>{if(!window.__TAURI_TEST_API__){throw new Error(\"Tauri Test API not available\")}return window.__TAURI_TEST_API__.invoke(cmd,cmdArgs)}).apply(null, arguments)\n        ","args":["create_space",{"name":"Work Projects","icon":"≡ƒÆ╝"}]}
[0-2] 2026-02-01T11:24:23.788Z INFO webdriver: RESULT {
[0-2]   created_at: '2026-02-01T11:24:23.779612400Z',
[0-2]   description: null,
[0-2]   icon: '≡ƒÆ╝',
[0-2]   id: '85af4cb8-f2af-49e1-86b4-9c607d1d5971',
[0-2]   is_default: false,
[0-2]   name: 'Work Projects',
[0-2]   sort_order: 0,
[0-2]   updated_at: '2026-02-01T11:24:23.779612400Z'
[0-2] }
[0-2] [setup] Work space: 85af4cb8-f2af-49e1-86b4-9c607d1d5971
[0-2] 2026-02-01T11:24:23.789Z INFO webdriver: COMMAND executeScript(<fn>, <object>)
[0-2] 2026-02-01T11:24:23.789Z INFO webdriver: [POST] http://localhost:4444/session/774eca2810947fb445075fac237baf4d/execute/sync
[0-2] 2026-02-01T11:24:23.789Z INFO webdriver: DATA {"script":"\n            function webdriverioPolyfill() {\n  var __defProp = Object.defineProperty;\n  var __name = function(target, _value) {\n    return __defProp(target, \"name\", { value: _value, configurable: true });\n  };\n  var __globalThis = typeof globalThis === \"object\" && globalThis || typeof window === \"object\" && window;\n  __globalThis.__name = __name;\n}\n            webdriverioPolyfill();\n            return (async(cmd,cmdArgs)=>{if(!window.__TAURI_TEST_API__){throw new Error(\"Tauri Test API not available\")}return window.__TAURI_TEST_API__.invoke(cmd,cmdArgs)}).apply(null, arguments)\n        ","args":["create_space",{"name":"Personal","icon":"≡ƒÅá"}]}
[0-2] 2026-02-01T11:24:23.807Z INFO webdriver: RESULT {
[0-2]   created_at: '2026-02-01T11:24:23.797618300Z',
[0-2]   description: null,
[0-2]   icon: '≡ƒÅá',
[0-2]   id: '25835abe-ef94-48d5-9e7b-2dda0a499a81',
[0-2]   is_default: false,
[0-2]   name: 'Personal',
[0-2]   sort_order: 0,
[0-2]   updated_at: '2026-02-01T11:24:23.797618300Z'
[0-2] }
[0-2] [setup] Personal space: 25835abe-ef94-48d5-9e7b-2dda0a499a81
[0-2] 2026-02-01T11:24:23.825Z INFO webdriver: COMMAND executeScript(<fn>, <object>)
[0-2] 2026-02-01T11:24:23.825Z INFO webdriver: [POST] http://localhost:4444/session/774eca2810947fb445075fac237baf4d/execute/sync
[0-2] 2026-02-01T11:24:23.826Z INFO webdriver: DATA {"script":"\n            function webdriverioPolyfill() {\n  var __defProp = Object.defineProperty;\n  var __name = function(target, _value) {\n    return __defProp(target, \"name\", { value: _value, configurable: true });\n  };\n  var __globalThis = typeof globalThis === \"object\" && globalThis || typeof window === \"object\" && window;\n  __globalThis.__name = __name;\n}\n            webdriverioPolyfill();\n            return (async(cmd,cmdArgs)=>{if(!window.__TAURI_TEST_API__){throw new Error(\"Tauri Test API not available\")}return window.__TAURI_TEST_API__.invoke(cmd,cmdArgs)}).apply(null, arguments)\n        ","args":["install_server",{"id":"echo-server","spaceId":"85af4cb8-f2af-49e1-86b4-9c607d1d5971"}]}
[0-2] 2026-02-01T11:24:23.851Z INFO webdriver: RESULT {
[0-2]   args_append: [],
[0-2]   cached_definition: '{"id":"echo-server","name":"Echo Server","description":"Simple echo server for testing - returns what you send","alias":"echo","auth":{"type":"none"},"icon":"≡ƒöè","transport":{"type":"stdio","command":"node","args":["--experimental-strip-types","tests/e2e/mocks/stub-mcp-server/stdio-server.ts"],"env":{},"metadata":{"inputs":[]}},"categories":["developer-tools"],"publisher":{"name":"McpMux Test","domain":null,"verified":true,"official":false},"source":{"type":"Registry","url":"http://localhost:8787","name":"McpMux Registry"}}',
[0-2]   created_at: '2026-02-01T11:24:23.844953400Z',
[0-2]   enabled: false,
[0-2]   env_overrides: {},
[0-2]   extra_headers: {},
[0-2]   id: 'a9a0e8b2-a493-487a-8804-773b4fcb2070',
[0-2]   input_values: {},
[0-2]   oauth_connected: false,
[0-2]   server_id: 'echo-server',
[0-2]   server_name: 'Echo Server',
[0-2]   source: { type: 'registry' },
[0-2]   space_id: '85af4cb8-f2af-49e1-86b4-9c607d1d5971',
[0-2]   updated_at: '2026-02-01T11:24:23.844953400Z'
[0-2] }
[0-2] 2026-02-01T11:24:23.853Z INFO webdriver: COMMAND executeScript(<fn>, <object>)
[0-2] 2026-02-01T11:24:23.853Z INFO webdriver: [POST] http://localhost:4444/session/774eca2810947fb445075fac237baf4d/execute/sync
[0-2] 2026-02-01T11:24:23.853Z INFO webdriver: DATA {"script":"\n            function webdriverioPolyfill() {\n  var __defProp = Object.defineProperty;\n  var __name = function(target, _value) {\n    return __defProp(target, \"name\", { value: _value, configurable: true });\n  };\n  var __globalThis = typeof globalThis === \"object\" && globalThis || typeof window === \"object\" && window;\n  __globalThis.__name = __name;\n}\n            webdriverioPolyfill();\n            return (async(cmd,cmdArgs)=>{if(!window.__TAURI_TEST_API__){throw new Error(\"Tauri Test API not available\")}return window.__TAURI_TEST_API__.invoke(cmd,cmdArgs)}).apply(null, arguments)\n        ","args":["list_installed_servers",{"spaceId":"85af4cb8-f2af-49e1-86b4-9c607d1d5971"}]}
[0-2] 2026-02-01T11:24:23.855Z INFO webdriver: COMMAND takeScreenshot()
[0-2] 2026-02-01T11:24:23.856Z INFO webdriver: [GET] http://localhost:4444/session/774eca2810947fb445075fac237baf4d/screenshot
[0-2] 2026-02-01T11:24:23.868Z INFO webdriver: RESULT [
[0-2]   {
[0-2]     args_append: [],
[0-2]     cached_definition: '{"id":"echo-server","name":"Echo Server","description":"Simple echo server for testing - returns what you send","alias":"echo","auth":{"type":"none"},"icon":"≡ƒöè","transport":{"type":"stdio","command":"node","args":["--experimental-strip-types","tests/e2e/mocks/stub-mcp-server/stdio-server.ts"],"env":{},"metadata":{"inputs":[]}},"categories":["developer-tools"],"publisher":{"name":"McpMux Test","domain":null,"verified":true,"official":false},"source":{"type":"Registry","url":"http://localhost:8787","name":"McpMux Registry"}}',
[0-2]     created_at: '2026-02-01T11:24:23.844953400Z',
[0-2]     enabled: false,
[0-2]     env_overrides: {},
[0-2]     extra_headers: {},
[0-2]     id: 'a9a0e8b2-a493-487a-8804-773b4fcb2070',
[0-2]     input_values: {},
[0-2]     oauth_connected: false,
[0-2]     server_id: 'echo-server',
[0-2]     server_name: 'Echo Server',
[0-2]     source: { type: 'registry' },
[0-2]     space_id: '85af4cb8-f2af-49e1-86b4-9c607d1d5971',
[0-2]     updated_at: '2026-02-01T11:24:23.844953400Z'
[0-2]   }
[0-2] ]
[0-2] 2026-02-01T11:24:23.868Z INFO webdriver: COMMAND executeScript(<fn>, <object>)
[0-2] 2026-02-01T11:24:23.869Z INFO webdriver: [POST] http://localhost:4444/session/774eca2810947fb445075fac237baf4d/execute/sync
[0-2] 2026-02-01T11:24:23.869Z INFO webdriver: DATA {"script":"\n            function webdriverioPolyfill() {\n  var __defProp = Object.defineProperty;\n  var __name = function(target, _value) {\n    return __defProp(target, \"name\", { value: _value, configurable: true });\n  };\n  var __globalThis = typeof globalThis === \"object\" && globalThis || typeof window === \"object\" && window;\n  __globalThis.__name = __name;\n}\n            webdriverioPolyfill();\n            return (async(cmd,cmdArgs)=>{if(!window.__TAURI_TEST_API__){throw new Error(\"Tauri Test API not available\")}return window.__TAURI_TEST_API__.invoke(cmd,cmdArgs)}).apply(null, arguments)\n        ","args":["list_installed_servers",{"spaceId":"25835abe-ef94-48d5-9e7b-2dda0a499a81"}]}
[0-2] 2026-02-01T11:24:23.870Z INFO webdriver: COMMAND takeScreenshot()
[0-2] 2026-02-01T11:24:23.870Z INFO webdriver: [GET] http://localhost:4444/session/774eca2810947fb445075fac237baf4d/screenshot
[0-2] 2026-02-01T11:24:24.065Z INFO webdriver: RESULT iVBORw0KGgoAAAANSUhEUgAACWAAAAWmCAIAAACDPgzkAAAQAElEQVR4nOzdB...
[0-2] 2026-02-01T11:24:24.222Z INFO webdriver: RESULT iVBORw0KGgoAAAANSUhEUgAACWAAAAWmCAIAAACDPgzkAAAQAElEQVR4nOzdC...
[0-2] 2026-02-01T11:24:24.233Z INFO webdriver: RESULT []
[0-2] [test] Work servers: 1
[0-2] [test] Personal servers: 0
[0-2] 2026-02-01T11:24:24.236Z INFO webdriver: COMMAND takeScreenshot()
[0-2] 2026-02-01T11:24:24.236Z INFO webdriver: [GET] http://localhost:4444/session/774eca2810947fb445075fac237baf4d/screenshot
[0-2] 2026-02-01T11:24:24.238Z INFO webdriver: COMMAND executeScript(<fn>, <object>)
[0-2] 2026-02-01T11:24:24.239Z INFO webdriver: [POST] http://localhost:4444/session/774eca2810947fb445075fac237baf4d/execute/sync
[0-2] 2026-02-01T11:24:24.239Z INFO webdriver: DATA {"script":"\n            function webdriverioPolyfill() {\n  var __defProp = Object.defineProperty;\n  var __name = function(target, _value) {\n    return __defProp(target, \"name\", { value: _value, configurable: true });\n  };\n  var __globalThis = typeof globalThis === \"object\" && globalThis || typeof window === \"object\" && window;\n  __globalThis.__name = __name;\n}\n            webdriverioPolyfill();\n            return (async(cmd,cmdArgs)=>{if(!window.__TAURI_TEST_API__){throw new Error(\"Tauri Test API not available\")}return window.__TAURI_TEST_API__.invoke(cmd,cmdArgs)}).apply(null, arguments)\n        ","args":["set_active_space",{"id":"85af4cb8-f2af-49e1-86b4-9c607d1d5971"}]}
[0-2] 2026-02-01T11:24:24.365Z INFO webdriver: RESULT iVBORw0KGgoAAAANSUhEUgAACWAAAAWmCAIAAACDPgzkAAAQAElEQVR4nOzdC...
[0-2] 2026-02-01T11:24:24.382Z INFO webdriver: RESULT null
[0-2] 2026-02-01T11:24:24.382Z INFO webdriver: COMMAND takeScreenshot()
[0-2] 2026-02-01T11:24:24.383Z INFO webdriver: [GET] http://localhost:4444/session/774eca2810947fb445075fac237baf4d/screenshot
[0-2] 2026-02-01T11:24:24.514Z INFO webdriver: RESULT iVBORw0KGgoAAAANSUhEUgAACWAAAAWmCAIAAACDPgzkAAAQAElEQVR4nOzdC...
[0-2] 2026-02-01T11:24:24.889Z INFO webdriver: COMMAND executeScript(<fn>, <object>)
[0-2] 2026-02-01T11:24:24.890Z INFO webdriver: [POST] http://localhost:4444/session/774eca2810947fb445075fac237baf4d/execute/sync
[0-2] 2026-02-01T11:24:24.890Z INFO webdriver: DATA {"script":"\n            function webdriverioPolyfill() {\n  var __defProp = Object.defineProperty;\n  var __name = function(target, _value) {\n    return __defProp(target, \"name\", { value: _value, configurable: true });\n  };\n  var __globalThis = typeof globalThis === \"object\" && globalThis || typeof window === \"object\" && window;\n  __globalThis.__name = __name;\n}\n            webdriverioPolyfill();\n            return (async(cmd,cmdArgs)=>{if(!window.__TAURI_TEST_API__){throw new Error(\"Tauri Test API not available\")}return window.__TAURI_TEST_API__.invoke(cmd,cmdArgs)}).apply(null, arguments)\n        ","args":["enable_server_v2",{"spaceId":"85af4cb8-f2af-49e1-86b4-9c607d1d5971","serverId":"echo-server"}]}
[0-2] 2026-02-01T11:24:26.167Z INFO webdriver: RESULT null
[0-2] 2026-02-01T11:24:26.168Z INFO webdriver: COMMAND takeScreenshot()
[0-2] 2026-02-01T11:24:26.168Z INFO webdriver: [GET] http://localhost:4444/session/774eca2810947fb445075fac237baf4d/screenshot
[0-2] 2026-02-01T11:24:26.319Z INFO webdriver: RESULT iVBORw0KGgoAAAANSUhEUgAACWAAAAWmCAIAAACDPgzkAAAQAElEQVR4nOzdC...
[0-2] 2026-02-01T11:24:29.174Z INFO webdriver: COMMAND executeScript(<fn>, <object>)
[0-2] 2026-02-01T11:24:29.174Z INFO webdriver: [POST] http://localhost:4444/session/774eca2810947fb445075fac237baf4d/execute/sync
[0-2] 2026-02-01T11:24:29.175Z INFO webdriver: DATA {"script":"\n            function webdriverioPolyfill() {\n  var __defProp = Object.defineProperty;\n  var __name = function(target, _value) {\n    return __defProp(target, \"name\", { value: _value, configurable: true });\n  };\n  var __globalThis = typeof globalThis === \"object\" && globalThis || typeof window === \"object\" && window;\n  __globalThis.__name = __name;\n}\n            webdriverioPolyfill();\n            return (async(cmd,cmdArgs)=>{if(!window.__TAURI_TEST_API__){throw new Error(\"Tauri Test API not available\")}return window.__TAURI_TEST_API__.invoke(cmd,cmdArgs)}).apply(null, arguments)\n        ","args":["list_feature_sets_by_space",{"spaceId":"85af4cb8-f2af-49e1-86b4-9c607d1d5971"}]}
[0-2] 2026-02-01T11:24:29.201Z INFO webdriver: RESULT [
[0-2]   {
[0-2]     description: 'All features from all connected MCP servers in this space',
[0-2]     feature_set_type: 'all',
[0-2]     icon: '≡ƒîÉ',
[0-2]     id: 'fs_all_85af4cb8-f2af-49e1-86b4-9c607d1d5971',
[0-2]     is_builtin: true,
[0-2]     is_deleted: false,
[0-2]     members: [],
[0-2]     name: 'All Features',
[0-2]     server_id: null,
[0-2]     space_id: '85af4cb8-f2af-49e1-86b4-9c607d1d5971'
[0-2]   },
[0-2]   {
[0-2]     description: 'Features automatically granted to all connected clients in this space',
[0-2]     feature_set_type: 'default',
[0-2]     icon: 'Γ¡É',
[0-2]     id: 'fs_default_85af4cb8-f2af-49e1-86b4-9c607d1d5971',
[0-2]     is_builtin: true,
[0-2]     is_deleted: false,
[0-2]     members: [],
[0-2]     name: 'Default',
[0-2]     server_id: null,
[0-2]     space_id: '85af4cb8-f2af-49e1-86b4-9c607d1d5971'
[0-2]   },
[0-2]   {
[0-2]     description: 'All features from the Echo Server server',
[0-2]     feature_set_type: 'server-all',
[0-2]     icon: '≡ƒôª',
[0-2]     id: 'fs_server_echo-server_85af4cb8-f2af-49e1-86b4-9c607d1d5971',
[0-2]     is_builtin: true,
[0-2]     is_deleted: false,
[0-2]     members: [],
[0-2]     name: 'Echo Server - All',
[0-2]     server_id: 'echo-server',
[0-2]     space_id: '85af4cb8-f2af-49e1-86b4-9c607d1d5971'
[0-2]   }
[0-2] ]
[0-2] [test] FeatureSets in Work space: [ 'All Features', 'Default', 'Echo Server - All' ]
[0-2] 2026-02-01T11:24:29.202Z INFO webdriver: COMMAND takeScreenshot()
[0-2] 2026-02-01T11:24:29.203Z INFO webdriver: [GET] http://localhost:4444/session/774eca2810947fb445075fac237baf4d/screenshot
[0-2] 2026-02-01T11:24:29.208Z INFO webdriver: COMMAND findElement("css selector", "[data-testid="nav-my-servers"]")
[0-2] 2026-02-01T11:24:29.208Z INFO webdriver: [POST] http://localhost:4444/session/774eca2810947fb445075fac237baf4d/element
[0-2] 2026-02-01T11:24:29.209Z INFO webdriver: DATA {"using":"css selector","value":"[data-testid=\"nav-my-servers\"]"}
[0-2] 2026-02-01T11:24:29.408Z INFO webdriver: RESULT iVBORw0KGgoAAAANSUhEUgAACWAAAAWmCAIAAACDPgzkAAAQAElEQVR4nOzdC...
[0-2] 2026-02-01T11:24:29.438Z INFO webdriver: RESULT {
[0-2]   'element-6066-11e4-a52e-4f735466cecf': 'f.8C5308B497F5F613DFA5106FEC5C81D1.d.87EDDE9686D436122748C7BF703561C7.e.44'
[0-2] }
[0-2] 2026-02-01T11:24:29.443Z INFO webdriver: COMMAND elementClick("f.8C5308B497F5F613DFA5106FEC5C81D1.d.87EDDE9686D436122748C7BF703561C7.e.44")
[0-2] 2026-02-01T11:24:29.444Z INFO webdriver: [POST] http://localhost:4444/session/774eca2810947fb445075fac237baf4d/element/f.8C5308B497F5F613DFA5106FEC5C81D1.d.87EDDE9686D436122748C7BF703561C7.e.44/click
[0-2] 2026-02-01T11:24:29.444Z INFO webdriver: DATA {}
[0-2] 2026-02-01T11:24:29.531Z INFO webdriver: RESULT null
[0-2] 2026-02-01T11:24:29.532Z INFO webdriver: COMMAND takeScreenshot()
[0-2] 2026-02-01T11:24:29.532Z INFO webdriver: [GET] http://localhost:4444/session/774eca2810947fb445075fac237baf4d/screenshot
[0-2] 2026-02-01T11:24:29.818Z INFO webdriver: RESULT iVBORw0KGgoAAAANSUhEUgAACWAAAAWmCAIAAACDPgzkAAAQAElEQVR4nOzdC...
[0-2] 2026-02-01T11:24:31.546Z INFO webdriver: COMMAND takeScreenshot()
[0-2] 2026-02-01T11:24:31.547Z INFO webdriver: [GET] http://localhost:4444/session/774eca2810947fb445075fac237baf4d/screenshot
[0-2] 2026-02-01T11:24:31.785Z INFO webdriver: RESULT iVBORw0KGgoAAAANSUhEUgAACWAAAAWmCAIAAACDPgzkAAAQAElEQVR4nOzdC...
[0-2] 2026-02-01T11:24:31.790Z INFO webdriver: COMMAND getPageSource()
[0-2] 2026-02-01T11:24:31.791Z INFO webdriver: [GET] http://localhost:4444/session/774eca2810947fb445075fac237baf4d/source
[0-2] 2026-02-01T11:24:31.802Z INFO webdriver: RESULT <html lang="en"><head>
[0-2]     <meta charset="UTF-8">
[0-2]     <link rel="icon" type="image/svg+xml" href="/mcpmux.svg">
[0-2]     <meta name="viewport" content="width=device-width, initial-scale=1.0">
[0-2]     <title>McpMux</title>
[0-2]     <script type="module" crossorigin="" src="/assets/index-CiZJOwjC.js"></script>
[0-2]     <link rel="stylesheet" crossorigin="" href="/assets/index-Df7hU3Vb.css">
[0-2]   </head>
[0-2] 
[0-2]   <body>
[0-2]     <div id="root"><div class="flex h-screen flex-col overflow-hidden bg-[rgb(var(--background))]"><div class="drag-region h-8 flex-shrink-0 bg-[rgb(var(--surface))] border-b border-[rgb(var(--border-subtle))]"></div><div class="flex flex-1 overflow-hidden"><aside class="w-60 flex-shrink-0 border-r border-[rgb(var(--border-subtle))]"><nav class="flex h-full flex-col bg-[rgb(var(--surface))]"><div class="flex-shrink-0 p-4 border-b border-[rgb(var(--border-subtle))]"><div class="space-y-3"><div class="flex items-center justify-between"><div class="flex items-center gap-2"><svg xmlns="http://www.w3.org/2000/svg" width="24" height="24" viewBox="0 0 24 24" fill="none" stroke="currentColor" stroke-width="2" stroke-linecap="round" stroke-linejoin="round" class="lucide lucide-zap h-6 w-6 text-primary-500" aria-hidden="true"><path d="M4 14a1 1 0 0 1-.78-1.63l9.9-10.2a.5.5 0 0 1 .86.46l-1.92 6.02A1 1 0 0 0 13 10h7a1 1 0 0 1 .78 1.63l-9.9 10.2a.5.5 0 0 1-.86-.46l1.92-6.02A1 1 0 0 0 11 14z"></path></svg><span class="font-bold text-lg">McpMux</span></div><button class="p-1.5 rounded-lg hover:bg-surface-hover transition-colors" title="Dark mode"><svg xmlns="http://www.w3.org/2000/svg" width="24" height="24" viewBox="0 0 24 24" fill="none" stroke="currentColor" stroke-width="2" stroke-linecap="round" stroke-linejoin="round" class="lucide lucide-moon h-4 w-4" aria-hidden="true"><path d="M20.985 12.486a9 9 0 1 1-9.473-9.472c.405-.022.617.46.402.803a6 6 0 0 0 8.268 8.268c.344-.215.825-.004.803.401"></path></svg></button></div><div class="relative w-full"><button class="w-full flex items-center justify-between gap-2 px-3 py-2.5 rounded-xl border border-[rgb(var(--border))] bg-[rgb(var(--surface))] hover:bg-[rgb(var(--surface-hover))] hover:border-[rgb(var(--primary))/30] transition-all duration-150 group"><span class="flex items-center gap-3 min-w-0"><span class="text-xl">≡ƒÅá</span><span class="font-medium text-sm truncate">Personal</span></span><svg xmlns="http://www.w3.org/2000/svg" width="24" height="24" viewBox="0 0 24 24" fill="none" stroke="currentColor" stroke-width="2" stroke-linecap="round" stroke-linejoin="round" class="lucide lucide-chevron-down h-4 w-4 flex-shrink-0 text-[rgb(var(--muted))] group-hover:text-[rgb(var(--foreground))] transition-all duration-200" aria-hidden="true"><path d="m6 9 6 6 6-6"></path></svg></button></div></div></div><div class="flex-1 overflow-y-auto p-3"><div class="mb-6"><div class="space-y-0.5"><button data-testid="nav-dashboard" class="flex w-full items-center gap-3 rounded-lg px-3 py-2.5 text-sm font-medium transition-all duration-150 text-[rgb(var(--muted))] hover:text-[rgb(var(--foreground))] hover:bg-[rgb(var(--surface-hover))]"><span class="h-5 w-5 flex items-center justify-center transition-colors"><svg xmlns="http://www.w3.org/2000/svg" width="24" height="24" viewBox="0 0 24 24" fill="none" stroke="currentColor" stroke-width="2" stroke-linecap="round" stroke-linejoin="round" class="lucide lucide-house h-4 w-4" aria-hidden="true"><path d="M15 21v-8a1 1 0 0 0-1-1h-4a1 1 0 0 0-1 1v8"></path><path d="M3 10a2 2 0 0 1 .709-1.528l7-6a2 2 0 0 1 2.582 0l7 6A2 2 0 0 1 21 10v9a2 2 0 0 1-2 2H5a2 2 0 0 1-2-2z"></path></svg></span><span>Dashboard</span></button><button data-testid="nav-my-servers" class="flex w-full items-center gap-3 rounded-lg px-3 py-2.5 text-sm font-medium transition-all duration-150 hover:text-[rgb(var(--foreground))] bg-[rgb(var(--primary))/10] text-[rgb(var(--primary))] hover:bg-[rgb(var(--primary))/15]"><span class="h-5 w-5 flex items-center justify-center transition-colors text-[rgb(var(--primary))]"><svg xmlns="http://www.w3.org/2000/svg" width="24" height="24" viewBox="0 0 24 24" fill="none" stroke="currentColor" stroke-width="2" stroke-linecap="round" stroke-linejoin="round" class="lucide lucide-zap h-4 w-4" aria-hidden="true"><path d="M4 14a1 1 0 0 1-.78-1.63l9.9-10.2a.5.5 0 0 1 .86.46l-1.92 6.02A1 1 0 0 0 13 10h7a1 1 0 0 1 .78 1.63l-9.9 10.2a.5.5 0 0 1-.86-.46l1.92-6.02A1 1 0 0 0 11 14z"></path></svg></span><span>My Servers</span></button><button data-testid="nav-discover" class="flex w-full items-center gap-3 rounded-lg px-3 py-2.5 text-sm font-medium transition-all duration-150 text-[rgb(var(--muted))] hover:text-[rgb(var(--foreground))] hover:bg-[rgb(var(--surface-hover))]"><span class="h-5 w-5 flex items-center justify-center transition-colors"><svg xmlns="http://www.w3.org/2000/svg" width="24" height="24" viewBox="0 0 24 24" fill="none" stroke="currentColor" stroke-width="2" stroke-linecap="round" stroke-linejoin="round" class="lucide lucide-server h-4 w-4" aria-hidden="true"><rect width="20" height="8" x="2" y="2" rx="2" ry="2"></rect><rect width="20" height="8" x="2" y="14" rx="2" ry="2"></rect><line x1="6" x2="6.01" y1="6" y2="6"></line><line x1="6" x2="6.01" y1="18" y2="18"></line></svg></span><span>Discover</span></button></div></div><div class="mb-6"><h3 class="mb-2 px-3 text-[11px] font-semibold uppercase tracking-wider text-[rgb(var(--muted-foreground))]">Workspaces</h3><div class="space-y-0.5"><button data-testid="nav-spaces" class="flex w-full items-center gap-3 rounded-lg px-3 py-2.5 text-sm font-medium transition-all duration-150 text-[rgb(var(--muted))] hover:text-[rgb(var(--foreground))] hover:bg-[rgb(var(--surface-hover))]"><span class="h-5 w-5 flex items-center justify-center transition-colors"><svg xmlns="http://www.w3.org/2000/svg" width="24" height="24" viewBox="0 0 24 24" fill="none" stroke="currentColor" stroke-width="2" stroke-linecap="round" stroke-linejoin="round" class="lucide lucide-globe h-4 w-4" aria-hidden="true"><circle cx="12" cy="12" r="10"></circle><path d="M12 2a14.5 14.5 0 0 0 0 20 14.5 14.5 0 0 0 0-20"></path><path d="M2 12h20"></path></svg></span><span>Spaces</span></button><button data-testid="nav-featuresets" class="flex w-full items-center gap-3 rounded-lg px-3 py-2.5 text-sm font-medium transition-all duration-150 text-[rgb(var(--muted))] hover:text-[rgb(var(--foreground))] hover:bg-[rgb(var(--surface-hover))]"><span class="h-5 w-5 flex items-center justify-center transition-colors"><svg xmlns="http://www.w3.org/2000/svg" width="24" height="24" viewBox="0 0 24 24" fill="none" stroke="currentColor" stroke-width="2" stroke-linecap="round" stroke-linejoin="round" class="lucide lucide-wrench h-4 w-4" aria-hidden="true"><path d="M14.7 6.3a1 1 0 0 0 0 1.4l1.6 1.6a1 1 0 0 0 1.4 0l3.106-3.105c.32-.322.863-.22.983.218a6 6 0 0 1-8.259 7.057l-7.91 7.91a1 1 0 0 1-2.999-3l7.91-7.91a6 6 0 0 1 7.057-8.259c.438.12.54.662.219.984z"></path></svg></span><span>FeatureSets</span></button></div></div><div class="mb-6"><h3 class="mb-2 px-3 text-[11px] font-semibold uppercase tracking-wider text-[rgb(var(--muted-foreground))]">Connections</h3><div class="space-y-0.5"><button data-testid="nav-clients" class="flex w-full items-center gap-3 rounded-lg px-3 py-2.5 text-sm font-medium transition-all duration-150 text-[rgb(var(--muted))] hover:text-[rgb(var(--foreground))] hover:bg-[rgb(var(--surface-hover))]"><span class="h-5 w-5 flex items-center justify-center transition-colors"><svg xmlns="http://www.w3.org/2000/svg" width="24" height="24" viewBox="0 0 24 24" fill="none" stroke="currentColor" stroke-width="2" stroke-linecap="round" stroke-linejoin="round" class="lucide lucide-monitor h-4 w-4" aria-hidden="true"><rect width="20" height="14" x="2" y="3" rx="2"></rect><line x1="8" x2="16" y1="21" y2="21"></line><line x1="12" x2="12" y1="17" y2="21"></line></svg></span><span>Clients</span></button></div></div><div class="mb-6"><div class="space-y-0.5"><button data-testid="nav-settings" class="flex w-full items-center gap-3 rounded-lg px-3 py-2.5 text-sm font-medium transition-all duration-150 text-[rgb(var(--muted))] hover:text-[rgb(var(--foreground))] hover:bg-[rgb(var(--surface-hover))]"><span class="h-5 w-5 flex items-center justify-center transition-colors"><svg xmlns="http://www.w3.org/2000/svg" width="24" height="24" viewBox="0 0 24 24" fill="none" stroke="currentColor" stroke-width="2" stroke-linecap="round" stroke-linejoin="round" class="lucide lucide-settings h-4 w-4" aria-hidden="true"><path d="M9.671 4.136a2.34 2.34 0 0 1 4.659 0 2.34 2.34 0 0 0 3.319 1.915 2.34 2.34 0 0 1 2.33 4.033 2.34 2.34 0 0 0 0 3.831 2.34 2.34 0 0 1-2.33 4.033 2.34 2.34 0 0 0-3.319 1.915 2.34 2.34 0 0 1-4.659 0 2.34 2.34 0 0 0-3.32-1.915 2.34 2.34 0 0 1-2.33-4.033 2.34 2.34 0 0 0 0-3.831A2.34 2.34 0 0 1 6.35 6.051a2.34 2.34 0 0 0 3.319-1.915"></path><circle cx="12" cy="12" r="3"></circle></svg></span><span>Settings</span></button></div></div></div><div class="flex-shrink-0 p-4 border-t border-[rgb(var(--border-subtle))]"><div class="text-xs text-[rgb(var(--muted))]"><div>McpMux v0.1.0</div><div>Gateway: localhost:9315</div></div></div></nav></aside><main class="flex-1 overflow-auto p-6 bg-[rgb(var(--background))]"><div class="animate-fade-in"><div class="space-y-6" data-testid="servers-page"><div class="flex items-center justify-between"><div><h1 class="text-2xl font-bold" data-testid="servers-title">My Servers</h1><p class="text-sm text-[rgb(var(--muted))]">Manage your installed MCP servers</p></div><button class="flex items-center gap-2 px-4 py-2 text-sm border border-[rgb(var(--border))] rounded-lg hover:bg-[rgb(var(--surface-hover))] transition-colors"><svg xmlns="http://www.w3.org/2000/svg" width="24" height="24" viewBox="0 0 24 24" fill="none" stroke="currentColor" stroke-width="2" stroke-linecap="round" stroke-linejoin="round" class="lucide lucide-file-braces h-4 w-4" aria-hidden="true"><path d="M6 22a2 2 0 0 1-2-2V4a2 2 0 0 1 2-2h8a2.4 2.4 0 0 1 1.704.706l3.588 3.588A2.4 2.4 0 0 1 20 8v12a2 2 0 0 1-2 2z"></path><path d="M14 2v5a1 1 0 0 0 1 1h5"></path><path d="M10 12a1 1 0 0 0-1 1v1a1 1 0 0 1-1 1 1 1 0 0 1 1 1v1a1 1 0 0 0 1 1"></path><path d="M14 18a1 1 0 0 0 1-1v-1a1 1 0 0 1 1-1 1 1 0 0 1-1-1v-1a1 1 0 0 0-1-1"></path></svg>Add Server Manually</button></div><div class="p-4 rounded-xl border bg-[rgb(var(--success))]/10 border-[rgb(var(--success))]/30"><div class="flex items-center justify-between"><div class="flex items-center gap-3"><span class="h-3 w-3 rounded-full bg-[rgb(var(--success))] animate-pulse"></span><span class="font-medium">Gateway Running</span><code class="text-xs bg-[rgb(var(--surface-elevated))] px-2 py-1 rounded text-[rgb(var(--primary))]">http://localhost:45818</code></div></div></div><div class="space-y-3"><div class="bg-[rgb(var(--card))] border border-[rgb(var(--border-subtle))] rounded-xl shadow-sm transition-all opacity-60" data-testid="installed-server-directory-server"><div class="p-4"><div class="flex items-center justify-between"><div class="flex items-center gap-4"><div class="text-3xl">≡ƒôé</div><div><div class="font-medium">Directory Server</div><div class="text-sm text-[rgb(var(--muted))] max-w-md truncate">Server with directory path input for testing path inputs</div><div class="flex items-center gap-2 mt-2 flex-wrap"><span class="inline-flex items-center gap-1.5 px-2 py-0.5 rounded-md text-xs font-medium bg-[rgb(var(--muted))]/10 text-[rgb(var(--muted))]"><span class="h-1.5 w-1.5 rounded-full bg-[rgb(var(--muted))]"></span>Disabled</span><span class="text-xs text-[rgb(var(--muted))]">stdio</span><span class="inline-flex items-center px-2 py-0.5 rounded text-xs font-medium bg-blue-100 text-blue-800 dark:bg-blue-900 dark:text-blue-200 " title="Installed from registry">Registry</span></div></div></div><div class="flex items-center gap-2"><button class="px-4 py-2 text-sm rounded-lg bg-[rgb(var(--primary))] text-[rgb(var(--primary-foreground))] hover:bg-[rgb(var(--primary-hover))] transition-colors disabled:opacity-50" data-testid="enable-server-directory-server">Enable</button><div class="relative"><button class="p-2 text-sm rounded-lg border border-[rgb(var(--border))] text-[rgb(var(--muted))] hover:bg-[rgb(var(--surface-hover))] transition-colors disabled:opacity-50" title="More actions" aria-label="More actions" aria-expanded="false" aria-haspopup="menu"><svg xmlns="http://www.w3.org/2000/svg" width="24" height="24" viewBox="0 0 24 24" fill="none" stroke="currentColor" stroke-width="2" stroke-linecap="round" stroke-linejoin="round" class="lucide lucide-ellipsis-vertical h-4 w-4" aria-hidden="true"><circle cx="12" cy="12" r="1"></circle><circle cx="12" cy="5" r="1"></circle><circle cx="12" cy="19" r="1"></circle></svg></button></div></div></div></div></div></div></div></div></main></div><div class="h-7 flex-shrink-0 border-t border-[rgb(var(--border-subtle))] bg-[rgb(var(--surface))] px-4"><div class="flex h-full items-center justify-between text-xs text-[rgb(var(--muted))]"><div class="flex items-center gap-4"><span class="flex items-center gap-1.5"><span class="h-2 w-2 rounded-full bg-green-500"></span>Gateway Active</span><span>Active Space: Personal</span></div><div class="flex items-center gap-4"><span>5 Servers ΓÇó 97 Tools</span></div></div></div></div></div>
[0-2] 
[0-2]   
[0-2] 
[0-2] </body></html>
[0-2] 2026-02-01T11:24:31.833Z INFO webdriver: COMMAND takeScreenshot()
[0-2] 2026-02-01T11:24:31.834Z INFO webdriver: [GET] http://localhost:4444/session/774eca2810947fb445075fac237baf4d/screenshot
[0-2] 2026-02-01T11:24:32.032Z INFO webdriver: RESULT iVBORw0KGgoAAAANSUhEUgAACWAAAAWmCAIAAACDPgzkAAAQAElEQVR4nOzdC...
[0-2] [e2e] Screenshot saved: ./tests/e2e/screenshots/FAIL-TC-COMP-SP-003:_Verify_UI_shows_correct_space_servers-2026-02-01T11-24-31-832Z.png
[0-2] Error in "Comprehensive: Space Isolation.TC-COMP-SP-003: Verify UI shows correct space servers"
Error: expect(received).toBe(expected) // Object.is equality

Expected: true
Received: false
    at Context.<anonymous> (D:\omc\mcp-mux\tests\e2e\specs\comprehensive.wdio.ts:98:72)
    at async Context.executeAsync (D:\omc\mcp-mux\node_modules\.pnpm\@wdio+utils@9.23.2\node_modules\@wdio\utils\build\index.js:1108:20)
    at async Context.testFrameworkFnWrapper (D:\omc\mcp-mux\node_modules\.pnpm\@wdio+utils@9.23.2\node_modules\@wdio\utils\build\index.js:1188:14)
[0-2] 2026-02-01T11:24:32.044Z INFO webdriver: COMMAND takeScreenshot()
[0-2] 2026-02-01T11:24:32.044Z INFO webdriver: [GET] http://localhost:4444/session/774eca2810947fb445075fac237baf4d/screenshot
[0-2] 2026-02-01T11:24:32.047Z INFO webdriver: COMMAND executeScript(<fn>, <object>)
[0-2] 2026-02-01T11:24:32.047Z INFO webdriver: [POST] http://localhost:4444/session/774eca2810947fb445075fac237baf4d/execute/sync
[0-2] 2026-02-01T11:24:32.047Z INFO webdriver: DATA {"script":"\n            function webdriverioPolyfill() {\n  var __defProp = Object.defineProperty;\n  var __name = function(target, _value) {\n    return __defProp(target, \"name\", { value: _value, configurable: true });\n  };\n  var __globalThis = typeof globalThis === \"object\" && globalThis || typeof window === \"object\" && window;\n  __globalThis.__name = __name;\n}\n            webdriverioPolyfill();\n            return (async(cmd,cmdArgs)=>{if(!window.__TAURI_TEST_API__){throw new Error(\"Tauri Test API not available\")}return window.__TAURI_TEST_API__.invoke(cmd,cmdArgs)}).apply(null, arguments)\n        ","args":["set_active_space",{"id":"25835abe-ef94-48d5-9e7b-2dda0a499a81"}]}
[0-2] 2026-02-01T11:24:32.256Z INFO webdriver: RESULT iVBORw0KGgoAAAANSUhEUgAACWAAAAWmCAIAAACDPgzkAAAQAElEQVR4nOzdC...
[0-2] (node:59328) [DEP0190] DeprecationWarning: Passing args to a child process with shell option true can lead to 
security vulnerabilities, as the arguments are not escaped, only concatenated.
[0-2] (Use `node --trace-deprecation ...` to show where the warning was created)
[0-2] 2026-02-01T11:24:32.293Z INFO webdriver: RESULT null
[0-2] 2026-02-01T11:24:32.294Z INFO webdriver: COMMAND takeScreenshot()
[0-2] 2026-02-01T11:24:32.295Z INFO webdriver: [GET] http://localhost:4444/session/774eca2810947fb445075fac237baf4d/screenshot
[0-2] 2026-02-01T11:24:32.479Z INFO webdriver: RESULT iVBORw0KGgoAAAANSUhEUgAACWAAAAWmCAIAAACDPgzkAAAQAElEQVR4nOzdC...
[0-2] 2026-02-01T11:24:32.808Z INFO webdriver: COMMAND refresh()
[0-2] 2026-02-01T11:24:32.808Z INFO webdriver: [POST] http://localhost:4444/session/774eca2810947fb445075fac237baf4d/refresh
[0-2] 2026-02-01T11:24:32.808Z INFO webdriver: DATA {}
[0-2] 2026-02-01T11:24:32.911Z INFO webdriver: RESULT null
[0-2] 2026-02-01T11:24:32.911Z INFO webdriver: COMMAND takeScreenshot()
[0-2] 2026-02-01T11:24:32.912Z INFO webdriver: [GET] http://localhost:4444/session/774eca2810947fb445075fac237baf4d/screenshot
[0-2] 2026-02-01T11:24:33.106Z INFO webdriver: RESULT iVBORw0KGgoAAAANSUhEUgAACWAAAAWmCAIAAACDPgzkAAAQAElEQVR4nOzdC...
[0-2] 2026-02-01T11:24:34.914Z INFO webdriver: COMMAND takeScreenshot()
[0-2] 2026-02-01T11:24:34.915Z INFO webdriver: [GET] http://localhost:4444/session/774eca2810947fb445075fac237baf4d/screenshot
[0-2] 2026-02-01T11:24:35.078Z INFO webdriver: RESULT iVBORw0KGgoAAAANSUhEUgAACWAAAAWmCAIAAACDPgzkAAAQAElEQVR4nOzdC...
[0-2] 2026-02-01T11:24:35.082Z INFO webdriver: COMMAND executeScript(<fn>, <object>)
[0-2] 2026-02-01T11:24:35.082Z INFO webdriver: [POST] http://localhost:4444/session/774eca2810947fb445075fac237baf4d/execute/sync
[0-2] 2026-02-01T11:24:35.082Z INFO webdriver: DATA {"script":"\n            function webdriverioPolyfill() {\n  var __defProp = Object.defineProperty;\n  var __name = function(target, _value) {\n    return __defProp(target, \"name\", { value: _value, configurable: true });\n  };\n  var __globalThis = typeof globalThis === \"object\" && globalThis || typeof window === \"object\" && window;\n  __globalThis.__name = __name;\n}\n            webdriverioPolyfill();\n            return (async(cmd,cmdArgs)=>{if(!window.__TAURI_TEST_API__){throw new Error(\"Tauri Test API not available\")}return window.__TAURI_TEST_API__.invoke(cmd,cmdArgs)}).apply(null, arguments)\n        ","args":["list_installed_servers",{"spaceId":"25835abe-ef94-48d5-9e7b-2dda0a499a81"}]}
[0-2] 2026-02-01T11:24:35.103Z INFO webdriver: RESULT []
[0-2] 2026-02-01T11:24:35.103Z INFO webdriver: COMMAND takeScreenshot()
[0-2] 2026-02-01T11:24:35.103Z INFO webdriver: [GET] http://localhost:4444/session/774eca2810947fb445075fac237baf4d/screenshot
[0-2] 2026-02-01T11:24:35.104Z INFO webdriver: COMMAND executeScript(<fn>, <object>)
[0-2] 2026-02-01T11:24:35.104Z INFO webdriver: [POST] http://localhost:4444/session/774eca2810947fb445075fac237baf4d/execute/sync
[0-2] 2026-02-01T11:24:35.104Z INFO webdriver: DATA {"script":"\n            function webdriverioPolyfill() {\n  var __defProp = Object.defineProperty;\n  var __name = function(target, _value) {\n    return __defProp(target, \"name\", { value: _value, configurable: true });\n  };\n  var __globalThis = typeof globalThis === \"object\" && globalThis || typeof window === \"object\" && window;\n  __globalThis.__name = __name;\n}\n            webdriverioPolyfill();\n            return (async(cmd,cmdArgs)=>{if(!window.__TAURI_TEST_API__){throw new Error(\"Tauri Test API not available\")}return window.__TAURI_TEST_API__.invoke(cmd,cmdArgs)}).apply(null, arguments)\n        ","args":["disable_server_v2",{"spaceId":"85af4cb8-f2af-49e1-86b4-9c607d1d5971","serverId":"echo-server"}]}
[0-2] 2026-02-01T11:24:35.279Z INFO webdriver: RESULT iVBORw0KGgoAAAANSUhEUgAACWAAAAWmCAIAAACDPgzkAAAQAElEQVR4nOzdC...
[0-2] 2026-02-01T11:24:35.290Z INFO webdriver: RESULT null
[0-2] 2026-02-01T11:24:35.291Z INFO webdriver: COMMAND executeScript(<fn>, <object>)
[0-2] 2026-02-01T11:24:35.291Z INFO webdriver: [POST] http://localhost:4444/session/774eca2810947fb445075fac237baf4d/execute/sync
[0-2] 2026-02-01T11:24:35.291Z INFO webdriver: DATA {"script":"\n            function webdriverioPolyfill() {\n  var __defProp = Object.defineProperty;\n  var __name = function(target, _value) {\n    return __defProp(target, \"name\", { value: _value, configurable: true });\n  };\n  var __globalThis = typeof globalThis === \"object\" && globalThis || typeof window === \"object\" && window;\n  __globalThis.__name = __name;\n}\n            webdriverioPolyfill();\n            return (async(cmd,cmdArgs)=>{if(!window.__TAURI_TEST_API__){throw new Error(\"Tauri Test API not available\")}return window.__TAURI_TEST_API__.invoke(cmd,cmdArgs)}).apply(null, arguments)\n        ","args":["uninstall_server",{"id":"echo-server","spaceId":"85af4cb8-f2af-49e1-86b4-9c607d1d5971"}]}
[0-2] 2026-02-01T11:24:35.292Z INFO webdriver: COMMAND takeScreenshot()
[0-2] 2026-02-01T11:24:35.292Z INFO webdriver: [GET] http://localhost:4444/session/774eca2810947fb445075fac237baf4d/screenshot
[0-2] 2026-02-01T11:24:35.320Z INFO webdriver: RESULT null
[0-2] 2026-02-01T11:24:35.321Z INFO webdriver: COMMAND executeScript(<fn>, <object>)
[0-2] 2026-02-01T11:24:35.321Z INFO webdriver: [POST] http://localhost:4444/session/774eca2810947fb445075fac237baf4d/execute/sync
[0-2] 2026-02-01T11:24:35.321Z INFO webdriver: DATA {"script":"\n            function webdriverioPolyfill() {\n  var __defProp = Object.defineProperty;\n  var __name = function(target, _value) {\n    return __defProp(target, \"name\", { value: _value, configurable: true });\n  };\n  var __globalThis = typeof globalThis === \"object\" && globalThis || typeof window === \"object\" && window;\n  __globalThis.__name = __name;\n}\n            webdriverioPolyfill();\n            return (async(cmd,cmdArgs)=>{if(!window.__TAURI_TEST_API__){throw new Error(\"Tauri Test API not available\")}return window.__TAURI_TEST_API__.invoke(cmd,cmdArgs)}).apply(null, arguments)\n        ","args":["delete_space",{"id":"85af4cb8-f2af-49e1-86b4-9c607d1d5971"}]}
[0-2] 2026-02-01T11:24:35.322Z INFO webdriver: COMMAND takeScreenshot()
[0-2] 2026-02-01T11:24:35.322Z INFO webdriver: [GET] http://localhost:4444/session/774eca2810947fb445075fac237baf4d/screenshot
[0-2] 2026-02-01T11:24:35.501Z INFO webdriver: RESULT iVBORw0KGgoAAAANSUhEUgAACWAAAAWmCAIAAACDPgzkAAAQAElEQVR4nOzdC...
[0-2] 2026-02-01T11:24:35.669Z INFO webdriver: RESULT iVBORw0KGgoAAAANSUhEUgAACWAAAAWmCAIAAACDPgzkAAAQAElEQVR4nOzdC...
[0-2] 2026-02-01T11:24:35.686Z INFO webdriver: RESULT null
[0-2] 2026-02-01T11:24:35.686Z INFO webdriver: COMMAND executeScript(<fn>, <object>)
[0-2] 2026-02-01T11:24:35.687Z INFO webdriver: [POST] http://localhost:4444/session/774eca2810947fb445075fac237baf4d/execute/sync
[0-2] 2026-02-01T11:24:35.687Z INFO webdriver: DATA {"script":"\n            function webdriverioPolyfill() {\n  var __defProp = Object.defineProperty;\n  var __name = function(target, _value) {\n    return __defProp(target, \"name\", { value: _value, configurable: true });\n  };\n  var __globalThis = typeof globalThis === \"object\" && globalThis || typeof window === \"object\" && window;\n  __globalThis.__name = __name;\n}\n            webdriverioPolyfill();\n            return (async(cmd,cmdArgs)=>{if(!window.__TAURI_TEST_API__){throw new Error(\"Tauri Test API not available\")}return window.__TAURI_TEST_API__.invoke(cmd,cmdArgs)}).apply(null, arguments)\n        ","args":["delete_space",{"id":"25835abe-ef94-48d5-9e7b-2dda0a499a81"}]}
[0-2] 2026-02-01T11:24:35.689Z INFO webdriver: COMMAND takeScreenshot()
[0-2] 2026-02-01T11:24:35.689Z INFO webdriver: [GET] http://localhost:4444/session/774eca2810947fb445075fac237baf4d/screenshot
[0-2] 2026-02-01T11:24:35.703Z WARN webdriver: WebDriverError: javascript error: Cannot delete the default space
[0-2]   (Session info: MicrosoftEdge=144.0.3719.93) when running "execute/sync" with method "POST"
[0-2] 2026-02-01T11:24:35.703Z INFO webdriver: Retrying 1/3
[0-2] 2026-02-01T11:24:35.703Z INFO webdriver: [POST] http://localhost:4444/session/774eca2810947fb445075fac237baf4d/execute/sync
[0-2] 2026-02-01T11:24:35.703Z INFO webdriver: DATA {"script":"\n            function webdriverioPolyfill() {\n  var __defProp = Object.defineProperty;\n  var __name = function(target, _value) {\n    return __defProp(target, \"name\", { value: _value, configurable: true });\n  };\n  var __globalThis = typeof globalThis === \"object\" && globalThis || typeof window === \"object\" && window;\n  __globalThis.__name = __name;\n}\n            webdriverioPolyfill();\n            return (async(cmd,cmdArgs)=>{if(!window.__TAURI_TEST_API__){throw new Error(\"Tauri Test API not available\")}return window.__TAURI_TEST_API__.invoke(cmd,cmdArgs)}).apply(null, arguments)\n        ","args":["delete_space",{"id":"25835abe-ef94-48d5-9e7b-2dda0a499a81"}]}
[0-2] 2026-02-01T11:24:35.890Z INFO webdriver: RESULT iVBORw0KGgoAAAANSUhEUgAACWAAAAWmCAIAAACDPgzkAAAQAElEQVR4nOzdC...
[0-2] 2026-02-01T11:24:36.406Z WARN webdriver: WebDriverError: javascript error: Cannot delete the default space
[0-2]   (Session info: MicrosoftEdge=144.0.3719.93) when running "execute/sync" with method "POST"
[0-2] 2026-02-01T11:24:36.406Z INFO webdriver: Retrying 2/3
[0-2] 2026-02-01T11:24:36.406Z INFO webdriver: [POST] http://localhost:4444/session/774eca2810947fb445075fac237baf4d/execute/sync
[0-2] 2026-02-01T11:24:36.407Z INFO webdriver: DATA {"script":"\n            function webdriverioPolyfill() {\n  var __defProp = Object.defineProperty;\n  var __name = function(target, _value) {\n    return __defProp(target, \"name\", { value: _value, configurable: true });\n  };\n  var __globalThis = typeof globalThis === \"object\" && globalThis || typeof window === \"object\" && window;\n  __globalThis.__name = __name;\n}\n            webdriverioPolyfill();\n            return (async(cmd,cmdArgs)=>{if(!window.__TAURI_TEST_API__){throw new Error(\"Tauri Test API not available\")}return window.__TAURI_TEST_API__.invoke(cmd,cmdArgs)}).apply(null, arguments)\n        ","args":["delete_space",{"id":"25835abe-ef94-48d5-9e7b-2dda0a499a81"}]}
[0-2] 2026-02-01T11:24:37.430Z WARN webdriver: WebDriverError: javascript error: Cannot delete the default space
[0-2]   (Session info: MicrosoftEdge=144.0.3719.93) when running "execute/sync" with method "POST"
[0-2] 2026-02-01T11:24:37.430Z INFO webdriver: Retrying 3/3
[0-2] 2026-02-01T11:24:37.430Z INFO webdriver: [POST] http://localhost:4444/session/774eca2810947fb445075fac237baf4d/execute/sync
[0-2] 2026-02-01T11:24:37.430Z INFO webdriver: DATA {"script":"\n            function webdriverioPolyfill() {\n  var __defProp = Object.defineProperty;\n  var __name = function(target, _value) {\n    return __defProp(target, \"name\", { value: _value, configurable: true });\n  };\n  var __globalThis = typeof globalThis === \"object\" && globalThis || typeof window === \"object\" && window;\n  __globalThis.__name = __name;\n}\n            webdriverioPolyfill();\n            return (async(cmd,cmdArgs)=>{if(!window.__TAURI_TEST_API__){throw new Error(\"Tauri Test API not available\")}return window.__TAURI_TEST_API__.invoke(cmd,cmdArgs)}).apply(null, arguments)\n        ","args":["delete_space",{"id":"25835abe-ef94-48d5-9e7b-2dda0a499a81"}]}
[0-2] 2026-02-01T11:24:37.451Z ERROR webdriver: WebDriverError: javascript error: Cannot delete the default space
[0-2]   (Session info: MicrosoftEdge=144.0.3719.93) when running "execute/sync" with method "POST"
[0-2] 2026-02-01T11:24:37.453Z INFO webdriver: COMMAND executeScript(<fn>, <object>)
[0-2] 2026-02-01T11:24:37.453Z INFO webdriver: [POST] http://localhost:4444/session/774eca2810947fb445075fac237baf4d/execute/sync
[0-2] 2026-02-01T11:24:37.453Z INFO webdriver: DATA {"script":"\n            function webdriverioPolyfill() {\n  var __defProp = Object.defineProperty;\n  var __name = function(target, _value) {\n    return __defProp(target, \"name\", { value: _value, configurable: true });\n  };\n  var __globalThis = typeof globalThis === \"object\" && globalThis || typeof window === \"object\" && window;\n  __globalThis.__name = __name;\n}\n            webdriverioPolyfill();\n            return (async(cmd,cmdArgs)=>{if(!window.__TAURI_TEST_API__){throw new Error(\"Tauri Test API not available\")}return window.__TAURI_TEST_API__.invoke(cmd,cmdArgs)}).apply(null, arguments)\n        ","args":["set_active_space",{"id":"97ecb604-4b50-4fb2-962a-acb3c9cccd2f"}]}
[0-2] 2026-02-01T11:24:37.455Z INFO webdriver: COMMAND takeScreenshot()
[0-2] 2026-02-01T11:24:37.455Z INFO webdriver: [GET] http://localhost:4444/session/774eca2810947fb445075fac237baf4d/screenshot
[0-2] 2026-02-01T11:24:37.483Z INFO webdriver: RESULT null
[0-2] 2026-02-01T11:24:37.486Z INFO webdriver: COMMAND executeScript(<fn>, <object>)
[0-2] 2026-02-01T11:24:37.487Z INFO webdriver: [POST] http://localhost:4444/session/774eca2810947fb445075fac237baf4d/execute/sync
[0-2] 2026-02-01T11:24:37.487Z INFO webdriver: DATA {"script":"\n            function webdriverioPolyfill() {\n  var __defProp = Object.defineProperty;\n  var __name = function(target, _value) {\n    return __defProp(target, \"name\", { value: _value, configurable: true });\n  };\n  var __globalThis = typeof globalThis === \"object\" && globalThis || typeof window === \"object\" && window;\n  __globalThis.__name = __name;\n}\n            webdriverioPolyfill();\n            return (async(cmd,cmdArgs)=>{if(!window.__TAURI_TEST_API__){throw new Error(\"Tauri Test API not available\")}return window.__TAURI_TEST_API__.invoke(cmd,cmdArgs)}).apply(null, arguments)\n        ","args":["get_active_space",{}]}
[0-2] 2026-02-01T11:24:37.489Z INFO webdriver: COMMAND takeScreenshot()
[0-2] 2026-02-01T11:24:37.490Z INFO webdriver: [GET] http://localhost:4444/session/774eca2810947fb445075fac237baf4d/screenshot
[0-2] 2026-02-01T11:24:37.491Z INFO webdriver: COMMAND takeScreenshot()
[0-2] 2026-02-01T11:24:37.491Z INFO webdriver: [GET] http://localhost:4444/session/774eca2810947fb445075fac237baf4d/screenshot
[0-2] 2026-02-01T11:24:37.631Z INFO webdriver: RESULT iVBORw0KGgoAAAANSUhEUgAACWAAAAWmCAIAAACDPgzkAAAQAElEQVR4nOzdC...
[0-2] 2026-02-01T11:24:37.636Z INFO webdriver: RESULT {
[0-2]   created_at: '2026-02-01T10:14:28.868166400Z',
[0-2]   description: null,
[0-2]   icon: '≡ƒÅá',
[0-2]   id: '97ecb604-4b50-4fb2-962a-acb3c9cccd2f',
[0-2]   is_default: true,
[0-2]   name: 'Personal',
[0-2]   sort_order: 0,
[0-2]   updated_at: '2026-02-01T10:14:28.868166400Z'
[0-2] }
[0-2] 2026-02-01T11:24:37.636Z INFO webdriver: COMMAND executeScript(<fn>, <object>)
[0-2] 2026-02-01T11:24:37.637Z INFO webdriver: [POST] http://localhost:4444/session/774eca2810947fb445075fac237baf4d/execute/sync
[0-2] 2026-02-01T11:24:37.637Z INFO webdriver: DATA {"script":"\n            function webdriverioPolyfill() {\n  var __defProp = Object.defineProperty;\n  var __name = function(target, _value) {\n    return __defProp(target, \"name\", { value: _value, configurable: true });\n  };\n  var __globalThis = typeof globalThis === \"object\" && globalThis || typeof window === \"object\" && window;\n  __globalThis.__name = __name;\n}\n            webdriverioPolyfill();\n            return (async(cmd,cmdArgs)=>{if(!window.__TAURI_TEST_API__){throw new Error(\"Tauri Test API not available\")}return window.__TAURI_TEST_API__.invoke(cmd,cmdArgs)}).apply(null, arguments)\n        ","args":["create_client",{"input":{"name":"Test Client for Grants","client_type":"test","connection_mode":"follow_active"}}]}
[0-2] 2026-02-01T11:24:37.638Z INFO webdriver: COMMAND takeScreenshot()
[0-2] 2026-02-01T11:24:37.638Z INFO webdriver: [GET] http://localhost:4444/session/774eca2810947fb445075fac237baf4d/screenshot
[0-2] 2026-02-01T11:24:37.777Z INFO webdriver: RESULT iVBORw0KGgoAAAANSUhEUgAACWAAAAWmCAIAAACDPgzkAAAQAElEQVR4nOzdC...
[0-2] 2026-02-01T11:24:37.931Z INFO webdriver: RESULT iVBORw0KGgoAAAANSUhEUgAACWAAAAWmCAIAAACDPgzkAAAQAElEQVR4nOzdC...
[0-2] 2026-02-01T11:24:37.948Z INFO webdriver: RESULT {
[0-2]   client_type: 'test',
[0-2]   connection_mode: 'follow_active',
[0-2]   grants: {},
[0-2]   id: 'fc3b2760-6c33-480b-a4c0-19ebeb6086d6',
[0-2]   last_seen: null,
[0-2]   locked_space_id: null,
[0-2]   name: 'Test Client for Grants'
[0-2] }
[0-2] [setup] Created client: fc3b2760-6c33-480b-a4c0-19ebeb6086d6
[0-2] 2026-02-01T11:24:37.949Z INFO webdriver: COMMAND executeScript(<fn>, <object>)
[0-2] 2026-02-01T11:24:37.949Z INFO webdriver: [POST] http://localhost:4444/session/774eca2810947fb445075fac237baf4d/execute/sync
[0-2] 2026-02-01T11:24:37.949Z INFO webdriver: DATA {"script":"\n            function webdriverioPolyfill() {\n  var __defProp = Object.defineProperty;\n  var __name = function(target, _value) {\n    return __defProp(target, \"name\", { value: _value, configurable: true });\n  };\n  var __globalThis = typeof globalThis === \"object\" && globalThis || typeof window === \"object\" && window;\n  __globalThis.__name = __name;\n}\n            webdriverioPolyfill();\n            return (async(cmd,cmdArgs)=>{if(!window.__TAURI_TEST_API__){throw new Error(\"Tauri Test API not available\")}return window.__TAURI_TEST_API__.invoke(cmd,cmdArgs)}).apply(null, arguments)\n        ","args":["list_feature_sets_by_space",{"spaceId":"97ecb604-4b50-4fb2-962a-acb3c9cccd2f"}]}
[0-2] 2026-02-01T11:24:37.951Z INFO webdriver: COMMAND takeScreenshot()
[0-2] 2026-02-01T11:24:37.951Z INFO webdriver: [GET] http://localhost:4444/session/774eca2810947fb445075fac237baf4d/screenshot
[0-2] 2026-02-01T11:24:38.127Z INFO webdriver: RESULT iVBORw0KGgoAAAANSUhEUgAACWAAAAWmCAIAAACDPgzkAAAQAElEQVR4nOzdC...
[0-2] 2026-02-01T11:24:38.137Z INFO webdriver: RESULT [
[0-2]   {
[0-2]     description: 'All features from all connected MCP servers in this space',
[0-2]     feature_set_type: 'all',
[0-2]     icon: '≡ƒîÉ',
[0-2]     id: 'fs_all_97ecb604-4b50-4fb2-962a-acb3c9cccd2f',
[0-2]     is_builtin: true,
[0-2]     is_deleted: false,
[0-2]     members: [],
[0-2]     name: 'All Features',
[0-2]     server_id: null,
[0-2]     space_id: '97ecb604-4b50-4fb2-962a-acb3c9cccd2f'
[0-2]   },
[0-2]   {
[0-2]     description: 'Features automatically granted to all connected clients in this space',
[0-2]     feature_set_type: 'default',
[0-2]     icon: 'Γ¡É',
[0-2]     id: 'fs_default_97ecb604-4b50-4fb2-962a-acb3c9cccd2f',
[0-2]     is_builtin: true,
[0-2]     is_deleted: false,
[0-2]     members: [],
[0-2]     name: 'Default',
[0-2]     server_id: null,
[0-2]     space_id: '97ecb604-4b50-4fb2-962a-acb3c9cccd2f'
[0-2]   }
[0-2] ]
[0-2] [setup] Default FeatureSet: fs_default_97ecb604-4b50-4fb2-962a-acb3c9cccd2f
[0-2] 2026-02-01T11:24:38.140Z INFO webdriver: COMMAND takeScreenshot()
[0-2] 2026-02-01T11:24:38.140Z INFO webdriver: [GET] http://localhost:4444/session/774eca2810947fb445075fac237baf4d/screenshot
[0-2] 2026-02-01T11:24:38.143Z INFO webdriver: COMMAND executeScript(<fn>, <object>)
[0-2] 2026-02-01T11:24:38.144Z INFO webdriver: [POST] http://localhost:4444/session/774eca2810947fb445075fac237baf4d/execute/sync
[0-2] 2026-02-01T11:24:38.144Z INFO webdriver: DATA {"script":"\n            function webdriverioPolyfill() {\n  var __defProp = Object.defineProperty;\n  var __name = function(target, _value) {\n    return __defProp(target, \"name\", { value: _value, configurable: true });\n  };\n  var __globalThis = typeof globalThis === \"object\" && globalThis || typeof window === \"object\" && window;\n  __globalThis.__name = __name;\n}\n            webdriverioPolyfill();\n            return (async(cmd,cmdArgs)=>{if(!window.__TAURI_TEST_API__){throw new Error(\"Tauri Test API not available\")}return window.__TAURI_TEST_API__.invoke(cmd,cmdArgs)}).apply(null, arguments)\n        ","args":["grant_feature_set_to_client",{"clientId":"fc3b2760-6c33-480b-a4c0-19ebeb6086d6","spaceId":"97ecb604-4b50-4fb2-962a-acb3c9cccd2f","featureSetId":"fs_default_97ecb604-4b50-4fb2-962a-acb3c9cccd2f"}]}
[0-2] 2026-02-01T11:24:38.347Z INFO webdriver: RESULT iVBORw0KGgoAAAANSUhEUgAACWAAAAWmCAIAAACDPgzkAAAQAElEQVR4nOzdC...
[0-2] 2026-02-01T11:24:38.485Z INFO webdriver: RESULT iVBORw0KGgoAAAANSUhEUgAACWAAAAWmCAIAAACDPgzkAAAQAElEQVR4nOzdC...
[0-2] 2026-02-01T11:24:38.490Z INFO webdriver: RESULT null
[0-2] 2026-02-01T11:24:38.490Z INFO webdriver: COMMAND executeScript(<fn>, <object>)
[0-2] 2026-02-01T11:24:38.491Z INFO webdriver: [POST] http://localhost:4444/session/774eca2810947fb445075fac237baf4d/execute/sync
[0-2] 2026-02-01T11:24:38.491Z INFO webdriver: DATA {"script":"\n            function webdriverioPolyfill() {\n  var __defProp = Object.defineProperty;\n  var __name = function(target, _value) {\n    return __defProp(target, \"name\", { value: _value, configurable: true });\n  };\n  var __globalThis = typeof globalThis === \"object\" && globalThis || typeof window === \"object\" && window;\n  __globalThis.__name = __name;\n}\n            webdriverioPolyfill();\n            return (async(cmd,cmdArgs)=>{if(!window.__TAURI_TEST_API__){throw new Error(\"Tauri Test API not available\")}return window.__TAURI_TEST_API__.invoke(cmd,cmdArgs)}).apply(null, arguments)\n        ","args":["list_clients",{}]}
[0-2] 2026-02-01T11:24:38.492Z INFO webdriver: COMMAND takeScreenshot()
[0-2] 2026-02-01T11:24:38.492Z INFO webdriver: [GET] http://localhost:4444/session/774eca2810947fb445075fac237baf4d/screenshot
[0-2] 2026-02-01T11:24:38.511Z INFO webdriver: RESULT [
[0-2]   {
[0-2]     client_type: 'dcr',
[0-2]     connection_mode: 'follow_active',
[0-2]     grants: {},
[0-2]     id: 'a884381f-dadc-4f9d-b0d7-3ad49f004ffd',
[0-2]     last_seen: '2026-02-01T10:35:02+00:00',
[0-2]     locked_space_id: null,
[0-2]     name: 'Cursor'
[0-2]   },
[0-2]   {
[0-2]     client_type: 'preregistered',
[0-2]     connection_mode: 'follow_active',
[0-2]     grants: {},
[0-2]     id: 'fc3b2760-6c33-480b-a4c0-19ebeb6086d6',
[0-2]     last_seen: null,
[0-2]     locked_space_id: null,
[0-2]     name: 'Test Client for Grants'
[0-2]   }
[0-2] ]
[0-2] [test] Client grants: {}
[0-2] 2026-02-01T11:24:38.513Z INFO webdriver: COMMAND takeScreenshot()
[0-2] 2026-02-01T11:24:38.513Z INFO webdriver: [GET] http://localhost:4444/session/774eca2810947fb445075fac237baf4d/screenshot
[0-2] 2026-02-01T11:24:38.517Z INFO webdriver: COMMAND findElement("css selector", "[data-testid="nav-clients"]")
[0-2] 2026-02-01T11:24:38.517Z INFO webdriver: [POST] http://localhost:4444/session/774eca2810947fb445075fac237baf4d/element
[0-2] 2026-02-01T11:24:38.518Z INFO webdriver: DATA {"using":"css selector","value":"[data-testid=\"nav-clients\"]"}
[0-2] 2026-02-01T11:24:38.694Z INFO webdriver: RESULT iVBORw0KGgoAAAANSUhEUgAACWAAAAWmCAIAAACDPgzkAAAQAElEQVR4nOzdC...
[0-2] 2026-02-01T11:24:38.858Z INFO webdriver: RESULT {
[0-2]   'element-6066-11e4-a52e-4f735466cecf': 'f.8C5308B497F5F613DFA5106FEC5C81D1.d.86A9180C31936E7C5A61A1B78E4AF158.e.106'
[0-2] }
[0-2] 2026-02-01T11:24:38.864Z INFO webdriver: COMMAND elementClick("f.8C5308B497F5F613DFA5106FEC5C81D1.d.86A9180C31936E7C5A61A1B78E4AF158.e.106")
[0-2] 2026-02-01T11:24:38.864Z INFO webdriver: [POST] http://localhost:4444/session/774eca2810947fb445075fac237baf4d/element/f.8C5308B497F5F613DFA5106FEC5C81D1.d.86A9180C31936E7C5A61A1B78E4AF158.e.106/click
[0-2] 2026-02-01T11:24:38.864Z INFO webdriver: DATA {}
[0-2] 2026-02-01T11:24:38.867Z INFO webdriver: RESULT iVBORw0KGgoAAAANSUhEUgAACWAAAAWmCAIAAACDPgzkAAAQAElEQVR4nOzdC...
[0-2] 2026-02-01T11:24:39.000Z INFO webdriver: RESULT null
[0-2] 2026-02-01T11:24:39.000Z INFO webdriver: COMMAND takeScreenshot()
[0-2] 2026-02-01T11:24:39.001Z INFO webdriver: [GET] http://localhost:4444/session/774eca2810947fb445075fac237baf4d/screenshot
[0-2] 2026-02-01T11:24:39.225Z INFO webdriver: RESULT iVBORw0KGgoAAAANSUhEUgAACWAAAAWmCAIAAACDPgzkAAAQAElEQVR4nOzdC...
[0-2] 2026-02-01T11:24:41.004Z INFO webdriver: COMMAND takeScreenshot()
[0-2] 2026-02-01T11:24:41.005Z INFO webdriver: [GET] http://localhost:4444/session/774eca2810947fb445075fac237baf4d/screenshot
[0-2] 2026-02-01T11:24:41.165Z INFO webdriver: RESULT iVBORw0KGgoAAAANSUhEUgAACWAAAAWmCAIAAACDPgzkAAAQAElEQVR4nOzdC...
[0-2] 2026-02-01T11:24:41.170Z INFO webdriver: COMMAND getPageSource()
[0-2] 2026-02-01T11:24:41.170Z INFO webdriver: [GET] http://localhost:4444/session/774eca2810947fb445075fac237baf4d/source
[0-2] 2026-02-01T11:24:41.181Z INFO webdriver: RESULT <html lang="en"><head>
[0-2]     <meta charset="UTF-8">
[0-2]     <link rel="icon" type="image/svg+xml" href="/mcpmux.svg">
[0-2]     <meta name="viewport" content="width=device-width, initial-scale=1.0">
[0-2]     <title>McpMux</title>
[0-2]     <script type="module" crossorigin="" src="/assets/index-CiZJOwjC.js"></script>
[0-2]     <link rel="stylesheet" crossorigin="" href="/assets/index-Df7hU3Vb.css">
[0-2]   </head>
[0-2] 
[0-2]   <body>
[0-2]     <div id="root"><div class="flex h-screen flex-col overflow-hidden bg-[rgb(var(--background))]"><div class="drag-region h-8 flex-shrink-0 bg-[rgb(var(--surface))] border-b border-[rgb(var(--border-subtle))]"></div><div class="flex flex-1 overflow-hidden"><aside class="w-60 flex-shrink-0 border-r border-[rgb(var(--border-subtle))]"><nav class="flex h-full flex-col bg-[rgb(var(--surface))]"><div class="flex-shrink-0 p-4 border-b border-[rgb(var(--border-subtle))]"><div class="space-y-3"><div class="flex items-center justify-between"><div class="flex items-center gap-2"><svg xmlns="http://www.w3.org/2000/svg" width="24" height="24" viewBox="0 0 24 24" fill="none" stroke="currentColor" stroke-width="2" stroke-linecap="round" stroke-linejoin="round" class="lucide lucide-zap h-6 w-6 text-primary-500" aria-hidden="true"><path d="M4 14a1 1 0 0 1-.78-1.63l9.9-10.2a.5.5 0 0 1 .86.46l-1.92 6.02A1 1 0 0 0 13 10h7a1 1 0 0 1 .78 1.63l-9.9 10.2a.5.5 0 0 1-.86-.46l1.92-6.02A1 1 0 0 0 11 14z"></path></svg><span class="font-bold text-lg">McpMux</span></div><button class="p-1.5 rounded-lg hover:bg-surface-hover transition-colors" title="Dark mode"><svg xmlns="http://www.w3.org/2000/svg" width="24" height="24" viewBox="0 0 24 24" fill="none" stroke="currentColor" stroke-width="2" stroke-linecap="round" stroke-linejoin="round" class="lucide lucide-moon h-4 w-4" aria-hidden="true"><path d="M20.985 12.486a9 9 0 1 1-9.473-9.472c.405-.022.617.46.402.803a6 6 0 0 0 8.268 8.268c.344-.215.825-.004.803.401"></path></svg></button></div><div class="relative w-full"><button class="w-full flex items-center justify-between gap-2 px-3 py-2.5 rounded-xl border border-[rgb(var(--border))] bg-[rgb(var(--surface))] hover:bg-[rgb(var(--surface-hover))] hover:border-[rgb(var(--primary))/30] transition-all duration-150 group"><span class="flex items-center gap-3 min-w-0"><span class="text-xl">≡ƒÅá</span><span class="font-medium text-sm truncate">Personal</span></span><svg xmlns="http://www.w3.org/2000/svg" width="24" height="24" viewBox="0 0 24 24" fill="none" stroke="currentColor" stroke-width="2" stroke-linecap="round" stroke-linejoin="round" class="lucide lucide-chevron-down h-4 w-4 flex-shrink-0 text-[rgb(var(--muted))] group-hover:text-[rgb(var(--foreground))] transition-all duration-200" aria-hidden="true"><path d="m6 9 6 6 6-6"></path></svg></button></div></div></div><div class="flex-1 overflow-y-auto p-3"><div class="mb-6"><div class="space-y-0.5"><button data-testid="nav-dashboard" class="flex w-full items-center gap-3 rounded-lg px-3 py-2.5 text-sm font-medium transition-all duration-150 text-[rgb(var(--muted))] hover:text-[rgb(var(--foreground))] hover:bg-[rgb(var(--surface-hover))]"><span class="h-5 w-5 flex items-center justify-center transition-colors"><svg xmlns="http://www.w3.org/2000/svg" width="24" height="24" viewBox="0 0 24 24" fill="none" stroke="currentColor" stroke-width="2" stroke-linecap="round" stroke-linejoin="round" class="lucide lucide-house h-4 w-4" aria-hidden="true"><path d="M15 21v-8a1 1 0 0 0-1-1h-4a1 1 0 0 0-1 1v8"></path><path d="M3 10a2 2 0 0 1 .709-1.528l7-6a2 2 0 0 1 2.582 0l7 6A2 2 0 0 1 21 10v9a2 2 0 0 1-2 2H5a2 2 0 0 1-2-2z"></path></svg></span><span>Dashboard</span></button><button data-testid="nav-my-servers" class="flex w-full items-center gap-3 rounded-lg px-3 py-2.5 text-sm font-medium transition-all duration-150 text-[rgb(var(--muted))] hover:text-[rgb(var(--foreground))] hover:bg-[rgb(var(--surface-hover))]"><span class="h-5 w-5 flex items-center justify-center transition-colors"><svg xmlns="http://www.w3.org/2000/svg" width="24" height="24" viewBox="0 0 24 24" fill="none" stroke="currentColor" stroke-width="2" stroke-linecap="round" stroke-linejoin="round" class="lucide lucide-zap h-4 w-4" aria-hidden="true"><path d="M4 14a1 1 0 0 1-.78-1.63l9.9-10.2a.5.5 0 0 1 .86.46l-1.92 6.02A1 1 0 0 0 13 10h7a1 1 0 0 1 .78 1.63l-9.9 10.2a.5.5 0 0 1-.86-.46l1.92-6.02A1 1 0 0 0 11 14z"></path></svg></span><span>My Servers</span></button><button data-testid="nav-discover" class="flex w-full items-center gap-3 rounded-lg px-3 py-2.5 text-sm font-medium transition-all duration-150 text-[rgb(var(--muted))] hover:text-[rgb(var(--foreground))] hover:bg-[rgb(var(--surface-hover))]"><span class="h-5 w-5 flex items-center justify-center transition-colors"><svg xmlns="http://www.w3.org/2000/svg" width="24" height="24" viewBox="0 0 24 24" fill="none" stroke="currentColor" stroke-width="2" stroke-linecap="round" stroke-linejoin="round" class="lucide lucide-server h-4 w-4" aria-hidden="true"><rect width="20" height="8" x="2" y="2" rx="2" ry="2"></rect><rect width="20" height="8" x="2" y="14" rx="2" ry="2"></rect><line x1="6" x2="6.01" y1="6" y2="6"></line><line x1="6" x2="6.01" y1="18" y2="18"></line></svg></span><span>Discover</span></button></div></div><div class="mb-6"><h3 class="mb-2 px-3 text-[11px] font-semibold uppercase tracking-wider text-[rgb(var(--muted-foreground))]">Workspaces</h3><div class="space-y-0.5"><button data-testid="nav-spaces" class="flex w-full items-center gap-3 rounded-lg px-3 py-2.5 text-sm font-medium transition-all duration-150 text-[rgb(var(--muted))] hover:text-[rgb(var(--foreground))] hover:bg-[rgb(var(--surface-hover))]"><span class="h-5 w-5 flex items-center justify-center transition-colors"><svg xmlns="http://www.w3.org/2000/svg" width="24" height="24" viewBox="0 0 24 24" fill="none" stroke="currentColor" stroke-width="2" stroke-linecap="round" stroke-linejoin="round" class="lucide lucide-globe h-4 w-4" aria-hidden="true"><circle cx="12" cy="12" r="10"></circle><path d="M12 2a14.5 14.5 0 0 0 0 20 14.5 14.5 0 0 0 0-20"></path><path d="M2 12h20"></path></svg></span><span>Spaces</span></button><button data-testid="nav-featuresets" class="flex w-full items-center gap-3 rounded-lg px-3 py-2.5 text-sm font-medium transition-all duration-150 text-[rgb(var(--muted))] hover:text-[rgb(var(--foreground))] hover:bg-[rgb(var(--surface-hover))]"><span class="h-5 w-5 flex items-center justify-center transition-colors"><svg xmlns="http://www.w3.org/2000/svg" width="24" height="24" viewBox="0 0 24 24" fill="none" stroke="currentColor" stroke-width="2" stroke-linecap="round" stroke-linejoin="round" class="lucide lucide-wrench h-4 w-4" aria-hidden="true"><path d="M14.7 6.3a1 1 0 0 0 0 1.4l1.6 1.6a1 1 0 0 0 1.4 0l3.106-3.105c.32-.322.863-.22.983.218a6 6 0 0 1-8.259 7.057l-7.91 7.91a1 1 0 0 1-2.999-3l7.91-7.91a6 6 0 0 1 7.057-8.259c.438.12.54.662.219.984z"></path></svg></span><span>FeatureSets</span></button></div></div><div class="mb-6"><h3 class="mb-2 px-3 text-[11px] font-semibold uppercase tracking-wider text-[rgb(var(--muted-foreground))]">Connections</h3><div class="space-y-0.5"><button data-testid="nav-clients" class="flex w-full items-center gap-3 rounded-lg px-3 py-2.5 text-sm font-medium transition-all duration-150 hover:text-[rgb(var(--foreground))] bg-[rgb(var(--primary))/10] text-[rgb(var(--primary))] hover:bg-[rgb(var(--primary))/15]"><span class="h-5 w-5 flex items-center justify-center transition-colors text-[rgb(var(--primary))]"><svg xmlns="http://www.w3.org/2000/svg" width="24" height="24" viewBox="0 0 24 24" fill="none" stroke="currentColor" stroke-width="2" stroke-linecap="round" stroke-linejoin="round" class="lucide lucide-monitor h-4 w-4" aria-hidden="true"><rect width="20" height="14" x="2" y="3" rx="2"></rect><line x1="8" x2="16" y1="21" y2="21"></line><line x1="12" x2="12" y1="17" y2="21"></line></svg></span><span>Clients</span></button></div></div><div class="mb-6"><div class="space-y-0.5"><button data-testid="nav-settings" class="flex w-full items-center gap-3 rounded-lg px-3 py-2.5 text-sm font-medium transition-all duration-150 text-[rgb(var(--muted))] hover:text-[rgb(var(--foreground))] hover:bg-[rgb(var(--surface-hover))]"><span class="h-5 w-5 flex items-center justify-center transition-colors"><svg xmlns="http://www.w3.org/2000/svg" width="24" height="24" viewBox="0 0 24 24" fill="none" stroke="currentColor" stroke-width="2" stroke-linecap="round" stroke-linejoin="round" class="lucide lucide-settings h-4 w-4" aria-hidden="true"><path d="M9.671 4.136a2.34 2.34 0 0 1 4.659 0 2.34 2.34 0 0 0 3.319 1.915 2.34 2.34 0 0 1 2.33 4.033 2.34 2.34 0 0 0 0 3.831 2.34 2.34 0 0 1-2.33 4.033 2.34 2.34 0 0 0-3.319 1.915 2.34 2.34 0 0 1-4.659 0 2.34 2.34 0 0 0-3.32-1.915 2.34 2.34 0 0 1-2.33-4.033 2.34 2.34 0 0 0 0-3.831A2.34 2.34 0 0 1 6.35 6.051a2.34 2.34 0 0 0 3.319-1.915"></path><circle cx="12" cy="12" r="3"></circle></svg></span><span>Settings</span></button></div></div></div><div class="flex-shrink-0 p-4 border-t border-[rgb(var(--border-subtle))]"><div class="text-xs text-[rgb(var(--muted))]"><div>McpMux v0.1.0</div><div>Gateway: localhost:9315</div></div></div></nav></aside><main class="flex-1 overflow-auto p-6 bg-[rgb(var(--background))]"><div class="animate-fade-in"><div class="h-full flex flex-col relative"><div class="flex-shrink-0 p-8 border-b border-[rgb(var(--border-subtle))]"><div class="max-w-[2000px] mx-auto"><div class="flex items-center justify-between mb-6"><div><h1 class="text-3xl font-bold">Connected Clients</h1><p class="text-base text-[rgb(var(--muted))] mt-2">Manage OAuth clients and their permissions</p></div><button class="inline-flex items-center justify-center gap-2 rounded-lg font-medium transition-all duration-150 ease-out focus-visible:outline-none focus-visible:ring-2 focus-visible:ring-[rgb(var(--primary))] focus-visible:ring-offset-2 disabled:pointer-events-none disabled:opacity-50 active:scale-[0.98] text-[rgb(var(--foreground))] hover:bg-[rgb(var(--surface-hover))] h-10 px-4"><svg xmlns="http://www.w3.org/2000/svg" width="24" height="24" viewBox="0 0 24 24" fill="none" stroke="currentColor" stroke-width="2" stroke-linecap="round" stroke-linejoin="round" class="lucide lucide-refresh-cw h-4 w-4 mr-2" aria-hidden="true"><path d="M3 12a9 9 0 0 1 9-9 9.75 9.75 0 0 1 6.74 2.74L21 8"></path><path d="M21 3v5h-5"></path><path d="M21 12a9 9 0 0 1-9 9 9.75 9.75 0 0 1-6.74-2.74L3 16"></path><path d="M8 16H3v5"></path></svg>Refresh</button></div><div class="relative max-w-3xl"><svg xmlns="http://www.w3.org/2000/svg" width="24" height="24" viewBox="0 0 24 24" fill="none" stroke="currentColor" stroke-width="2" stroke-linecap="round" stroke-linejoin="round" class="lucide lucide-search absolute left-4 top-1/2 -translate-y-1/2 h-5 w-5 text-[rgb(var(--muted))]" aria-hidden="true"><path d="m21 21-4.34-4.34"></path><circle cx="11" cy="11" r="8"></circle></svg><input placeholder="Search clients by name or ID..." class="w-full pl-12 pr-4 py-3 text-base bg-[rgb(var(--surface))] border border-[rgb(var(--border))] rounded-xl focus:outline-none focus:ring-2 focus:ring-primary-500 focus:border-primary-500 transition-all" type="text" value=""></div></div></div><div class="flex-1 overflow-auto px-8 py-8"><div class="max-w-[2000px] mx-auto"><div class="grid gap-5 auto-fill-cards"><div class="rounded-xl border border-[rgb(var(--border-subtle))] bg-[rgb(var(--card))] p-6 shadow-[0_1px_3px_0_rgb(0_0_0/0.1),0_1px_2px_-1px_rgb(0_0_0/0.1)] dark:shadow-[0_1px_3px_0_rgb(0_0_0/0.3),0_1px_2px_-1px_rgb(0_0_0/0.2)] cursor-pointer transition-all hover:shadow-lg hover:scale-[1.01]"><div class="p-6"><div class="flex items-start gap-4 mb-5"><div class="w-16 h-16 flex items-center justify-center text-4xl bg-[rgb(var(--surface))] rounded-xl flex-shrink-0 border border-[rgb(var(--border-subtle))]">ΓÜí</div><div class="flex-1 min-w-0"><h3 class="font-semibold text-lg truncate mb-1.5">Cursor</h3><p class="text-sm text-[rgb(var(--muted))] truncate">Cursor</p></div></div><div class="mb-4"><span class="inline-flex items-center gap-2 text-sm px-3 py-1.5 rounded-full font-medium bg-gray-100 dark:bg-gray-800 text-gray-600 dark:text-gray-400"><svg xmlns="http://www.w3.org/2000/svg" width="24" height="24" viewBox="0 0 24 24" fill="none" stroke="currentColor" stroke-width="2" stroke-linecap="round" stroke-linejoin="round" class="lucide lucide-wifi-off h-4 w-4" aria-hidden="true"><path d="M12 20h.01"></path><path d="M8.5 16.429a5 5 0 0 1 7 0"></path><path d="M5 12.859a10 10 0 0 1 5.17-2.69"></path><path d="M19 12.859a10 10 0 0 0-2.007-1.523"></path><path d="M2 8.82a15 15 0 0 1 4.177-2.643"></path><path d="M22 8.82a15 15 0 0 0-11.288-3.764"></path><path d="m2 2 20 20"></path></svg> Inactive</span></div><div class="flex items-center gap-2.5 text-sm text-[rgb(var(--foreground))] mb-2"><svg xmlns="http://www.w3.org/2000/svg" width="24" height="24" viewBox="0 0 24 24" fill="none" stroke="currentColor" stroke-width="2" stroke-linecap="round" stroke-linejoin="round" class="lucide lucide-lock-open h-4 w-4 text-green-500" aria-hidden="true"><rect width="18" height="11" x="3" y="11" rx="2" ry="2"></rect><path d="M7 11V7a5 5 0 0 1 9.9-1"></path></svg><span class="font-medium">Follow Active Space</span></div></div></div></div></div></div></div></div></main></div><div class="h-7 flex-shrink-0 border-t border-[rgb(var(--border-subtle))] bg-[rgb(var(--surface))] px-4"><div class="flex h-full items-center justify-between text-xs text-[rgb(var(--muted))]"><div class="flex items-center gap-4"><span class="flex items-center gap-1.5"><span class="h-2 w-2 rounded-full bg-green-500"></span>Gateway Active</span><span>Active Space: Personal</span></div><div class="flex items-center gap-4"><span>5 Servers ΓÇó 97 Tools</span></div></div></div></div></div>
[0-2] 
[0-2]   
[0-2] 
[0-2] </body></html>
[0-2] 2026-02-01T11:24:41.190Z INFO webdriver: COMMAND executeScript(<fn>, <object>)
[0-2] 2026-02-01T11:24:41.191Z INFO webdriver: [POST] http://localhost:4444/session/774eca2810947fb445075fac237baf4d/execute/sync
[0-2] 2026-02-01T11:24:41.192Z INFO webdriver: DATA {"script":"\n            function webdriverioPolyfill() {\n  var __defProp = Object.defineProperty;\n  var __name = function(target, _value) {\n    return __defProp(target, \"name\", { value: _value, configurable: true });\n  };\n  var __globalThis = typeof globalThis === \"object\" && globalThis || typeof window === \"object\" && window;\n  __globalThis.__name = __name;\n}\n            webdriverioPolyfill();\n            return (async(cmd,cmdArgs)=>{if(!window.__TAURI_TEST_API__){throw new Error(\"Tauri Test API not available\")}return window.__TAURI_TEST_API__.invoke(cmd,cmdArgs)}).apply(null, arguments)\n        ","args":["delete_client",{"id":"fc3b2760-6c33-480b-a4c0-19ebeb6086d6"}]}
[0-2] 2026-02-01T11:24:41.230Z INFO webdriver: RESULT null
[0-2] 2026-02-01T11:24:41.232Z INFO webdriver: COMMAND executeScript(<fn>, <object>)
[0-2] 2026-02-01T11:24:41.233Z INFO webdriver: [POST] http://localhost:4444/session/774eca2810947fb445075fac237baf4d/execute/sync
[0-2] 2026-02-01T11:24:41.234Z INFO webdriver: DATA {"script":"\n            function webdriverioPolyfill() {\n  var __defProp = Object.defineProperty;\n  var __name = function(target, _value) {\n    return __defProp(target, \"name\", { value: _value, configurable: true });\n  };\n  var __globalThis = typeof globalThis === \"object\" && globalThis || typeof window === \"object\" && window;\n  __globalThis.__name = __name;\n}\n            webdriverioPolyfill();\n            return (async(cmd,cmdArgs)=>{if(!window.__TAURI_TEST_API__){throw new Error(\"Tauri Test API not available\")}return window.__TAURI_TEST_API__.invoke(cmd,cmdArgs)}).apply(null, arguments)\n        ","args":["get_active_space",{}]}
[0-2] 2026-02-01T11:24:41.236Z INFO webdriver: COMMAND takeScreenshot()
[0-2] 2026-02-01T11:24:41.237Z INFO webdriver: [GET] http://localhost:4444/session/774eca2810947fb445075fac237baf4d/screenshot
[0-2] 2026-02-01T11:24:41.258Z INFO webdriver: RESULT {
[0-2]   created_at: '2026-02-01T10:14:28.868166400Z',
[0-2]   description: null,
[0-2]   icon: '≡ƒÅá',
[0-2]   id: '97ecb604-4b50-4fb2-962a-acb3c9cccd2f',
[0-2]   is_default: true,
[0-2]   name: 'Personal',
[0-2]   sort_order: 0,
[0-2]   updated_at: '2026-02-01T10:14:28.868166400Z'
[0-2] }
[0-2] 2026-02-01T11:24:41.259Z INFO webdriver: COMMAND executeScript(<fn>, <object>)
[0-2] 2026-02-01T11:24:41.260Z INFO webdriver: [POST] http://localhost:4444/session/774eca2810947fb445075fac237baf4d/execute/sync
[0-2] 2026-02-01T11:24:41.260Z INFO webdriver: DATA {"script":"\n            function webdriverioPolyfill() {\n  var __defProp = Object.defineProperty;\n  var __name = function(target, _value) {\n    return __defProp(target, \"name\", { value: _value, configurable: true });\n  };\n  var __globalThis = typeof globalThis === \"object\" && globalThis || typeof window === \"object\" && window;\n  __globalThis.__name = __name;\n}\n            webdriverioPolyfill();\n            return (async(cmd,cmdArgs)=>{if(!window.__TAURI_TEST_API__){throw new Error(\"Tauri Test API not available\")}return window.__TAURI_TEST_API__.invoke(cmd,cmdArgs)}).apply(null, arguments)\n        ","args":["set_active_space",{"id":"97ecb604-4b50-4fb2-962a-acb3c9cccd2f"}]}
[0-2] 2026-02-01T11:24:41.263Z INFO webdriver: COMMAND takeScreenshot()
[0-2] 2026-02-01T11:24:41.263Z INFO webdriver: [GET] http://localhost:4444/session/774eca2810947fb445075fac237baf4d/screenshot
[0-2] 2026-02-01T11:24:41.450Z INFO webdriver: RESULT iVBORw0KGgoAAAANSUhEUgAACWAAAAWmCAIAAACDPgzkAAAQAElEQVR4nOzdC...
[0-2] 2026-02-01T11:24:41.462Z INFO webdriver: RESULT null
[0-2] 2026-02-01T11:24:41.463Z INFO webdriver: COMMAND executeScript(<fn>, <object>)
[0-2] 2026-02-01T11:24:41.464Z INFO webdriver: [POST] http://localhost:4444/session/774eca2810947fb445075fac237baf4d/execute/sync
[0-2] 2026-02-01T11:24:41.464Z INFO webdriver: DATA {"script":"\n            function webdriverioPolyfill() {\n  var __defProp = Object.defineProperty;\n  var __name = function(target, _value) {\n    return __defProp(target, \"name\", { value: _value, configurable: true });\n  };\n  var __globalThis = typeof globalThis === \"object\" && globalThis || typeof window === \"object\" && window;\n  __globalThis.__name = __name;\n}\n            webdriverioPolyfill();\n            return (async(cmd,cmdArgs)=>{if(!window.__TAURI_TEST_API__){throw new Error(\"Tauri Test API not available\")}return window.__TAURI_TEST_API__.invoke(cmd,cmdArgs)}).apply(null, arguments)\n        ","args":["uninstall_server",{"id":"echo-server","spaceId":"97ecb604-4b50-4fb2-962a-acb3c9cccd2f"}]}
[0-2] 2026-02-01T11:24:41.466Z INFO webdriver: COMMAND takeScreenshot()
[0-2] 2026-02-01T11:24:41.467Z INFO webdriver: [GET] http://localhost:4444/session/774eca2810947fb445075fac237baf4d/screenshot
[0-2] 2026-02-01T11:24:41.644Z INFO webdriver: RESULT iVBORw0KGgoAAAANSUhEUgAACWAAAAWmCAIAAACDPgzkAAAQAElEQVR4nOzdC...
[0-2] 2026-02-01T11:24:41.654Z WARN webdriver: WebDriverError: javascript error: Server not installed
[0-2]   (Session info: MicrosoftEdge=144.0.3719.93) when running "execute/sync" with method "POST"
[0-2] 2026-02-01T11:24:41.654Z INFO webdriver: Retrying 1/3
[0-2] 2026-02-01T11:24:41.654Z INFO webdriver: [POST] http://localhost:4444/session/774eca2810947fb445075fac237baf4d/execute/sync
[0-2] 2026-02-01T11:24:41.654Z INFO webdriver: DATA {"script":"\n            function webdriverioPolyfill() {\n  var __defProp = Object.defineProperty;\n  var __name = function(target, _value) {\n    return __defProp(target, \"name\", { value: _value, configurable: true });\n  };\n  var __globalThis = typeof globalThis === \"object\" && globalThis || typeof window === \"object\" && window;\n  __globalThis.__name = __name;\n}\n            webdriverioPolyfill();\n            return (async(cmd,cmdArgs)=>{if(!window.__TAURI_TEST_API__){throw new Error(\"Tauri Test API not available\")}return window.__TAURI_TEST_API__.invoke(cmd,cmdArgs)}).apply(null, arguments)\n        ","args":["uninstall_server",{"id":"echo-server","spaceId":"97ecb604-4b50-4fb2-962a-acb3c9cccd2f"}]}
[0-2] 2026-02-01T11:24:41.827Z INFO webdriver: RESULT iVBORw0KGgoAAAANSUhEUgAACWAAAAWmCAIAAACDPgzkAAAQAElEQVR4nOzdC...
[0-2] 2026-02-01T11:24:42.341Z WARN webdriver: WebDriverError: javascript error: Server not installed
[0-2]   (Session info: MicrosoftEdge=144.0.3719.93) when running "execute/sync" with method "POST"
[0-2] 2026-02-01T11:24:42.342Z INFO webdriver: Retrying 2/3
[0-2] 2026-02-01T11:24:42.342Z INFO webdriver: [POST] http://localhost:4444/session/774eca2810947fb445075fac237baf4d/execute/sync
[0-2] 2026-02-01T11:24:42.342Z INFO webdriver: DATA {"script":"\n            function webdriverioPolyfill() {\n  var __defProp = Object.defineProperty;\n  var __name = function(target, _value) {\n    return __defProp(target, \"name\", { value: _value, configurable: true });\n  };\n  var __globalThis = typeof globalThis === \"object\" && globalThis || typeof window === \"object\" && window;\n  __globalThis.__name = __name;\n}\n            webdriverioPolyfill();\n            return (async(cmd,cmdArgs)=>{if(!window.__TAURI_TEST_API__){throw new Error(\"Tauri Test API not available\")}return window.__TAURI_TEST_API__.invoke(cmd,cmdArgs)}).apply(null, arguments)\n        ","args":["uninstall_server",{"id":"echo-server","spaceId":"97ecb604-4b50-4fb2-962a-acb3c9cccd2f"}]}
[0-2] 2026-02-01T11:24:43.378Z WARN webdriver: WebDriverError: javascript error: Server not installed
[0-2]   (Session info: MicrosoftEdge=144.0.3719.93) when running "execute/sync" with method "POST"
[0-2] 2026-02-01T11:24:43.378Z INFO webdriver: Retrying 3/3
[0-2] 2026-02-01T11:24:43.378Z INFO webdriver: [POST] http://localhost:4444/session/774eca2810947fb445075fac237baf4d/execute/sync
[0-2] 2026-02-01T11:24:43.379Z INFO webdriver: DATA {"script":"\n            function webdriverioPolyfill() {\n  var __defProp = Object.defineProperty;\n  var __name = function(target, _value) {\n    return __defProp(target, \"name\", { value: _value, configurable: true });\n  };\n  var __globalThis = typeof globalThis === \"object\" && globalThis || typeof window === \"object\" && window;\n  __globalThis.__name = __name;\n}\n            webdriverioPolyfill();\n            return (async(cmd,cmdArgs)=>{if(!window.__TAURI_TEST_API__){throw new Error(\"Tauri Test API not available\")}return window.__TAURI_TEST_API__.invoke(cmd,cmdArgs)}).apply(null, arguments)\n        ","args":["uninstall_server",{"id":"echo-server","spaceId":"97ecb604-4b50-4fb2-962a-acb3c9cccd2f"}]}
[0-2] 2026-02-01T11:24:43.402Z ERROR webdriver: WebDriverError: javascript error: Server not installed
[0-2]   (Session info: MicrosoftEdge=144.0.3719.93) when running "execute/sync" with method "POST"
[0-2] 2026-02-01T11:24:43.406Z INFO webdriver: COMMAND takeScreenshot()
[0-2] 2026-02-01T11:24:43.407Z INFO webdriver: [GET] http://localhost:4444/session/774eca2810947fb445075fac237baf4d/screenshot
[0-2] 2026-02-01T11:24:43.408Z INFO webdriver: COMMAND executeScript(<fn>, <object>)
[0-2] 2026-02-01T11:24:43.408Z INFO webdriver: [POST] http://localhost:4444/session/774eca2810947fb445075fac237baf4d/execute/sync
[0-2] 2026-02-01T11:24:43.409Z INFO webdriver: DATA {"script":"\n            function webdriverioPolyfill() {\n  var __defProp = Object.defineProperty;\n  var __name = function(target, _value) {\n    return __defProp(target, \"name\", { value: _value, configurable: true });\n  };\n  var __globalThis = typeof globalThis === \"object\" && globalThis || typeof window === \"object\" && window;\n  __globalThis.__name = __name;\n}\n            webdriverioPolyfill();\n            return (async(cmd,cmdArgs)=>{if(!window.__TAURI_TEST_API__){throw new Error(\"Tauri Test API not available\")}return window.__TAURI_TEST_API__.invoke(cmd,cmdArgs)}).apply(null, arguments)\n        ","args":["install_server",{"id":"echo-server","spaceId":"97ecb604-4b50-4fb2-962a-acb3c9cccd2f"}]}
[0-2] 2026-02-01T11:24:43.575Z INFO webdriver: RESULT iVBORw0KGgoAAAANSUhEUgAACWAAAAWmCAIAAACDPgzkAAAQAElEQVR4nOzdC...
[0-2] 2026-02-01T11:24:43.595Z INFO webdriver: RESULT {
[0-2]   args_append: [],
[0-2]   cached_definition: '{"id":"echo-server","name":"Echo Server","description":"Simple echo server for testing - returns what you send","alias":"echo","auth":{"type":"none"},"icon":"≡ƒöè","transport":{"type":"stdio","command":"node","args":["--experimental-strip-types","tests/e2e/mocks/stub-mcp-server/stdio-server.ts"],"env":{},"metadata":{"inputs":[]}},"categories":["developer-tools"],"publisher":{"name":"McpMux Test","domain":null,"verified":true,"official":false},"source":{"type":"Registry","url":"http://localhost:8787","name":"McpMux Registry"}}',
[0-2]   created_at: '2026-02-01T11:24:43.577825900Z',
[0-2]   enabled: false,
[0-2]   env_overrides: {},
[0-2]   extra_headers: {},
[0-2]   id: '46e6ad11-286a-4426-b584-f3fc42be406f',
[0-2]   input_values: {},
[0-2]   oauth_connected: false,
[0-2]   server_id: 'echo-server',
[0-2]   server_name: 'Echo Server',
[0-2]   source: { type: 'registry' },
[0-2]   space_id: '97ecb604-4b50-4fb2-962a-acb3c9cccd2f',
[0-2]   updated_at: '2026-02-01T11:24:43.577825900Z'
[0-2] }
[0-2] 2026-02-01T11:24:43.596Z INFO webdriver: COMMAND executeScript(<fn>, <object>)
[0-2] 2026-02-01T11:24:43.596Z INFO webdriver: [POST] http://localhost:4444/session/774eca2810947fb445075fac237baf4d/execute/sync
[0-2] 2026-02-01T11:24:43.597Z INFO webdriver: DATA {"script":"\n            function webdriverioPolyfill() {\n  var __defProp = Object.defineProperty;\n  var __name = function(target, _value) {\n    return __defProp(target, \"name\", { value: _value, configurable: true });\n  };\n  var __globalThis = typeof globalThis === \"object\" && globalThis || typeof window === \"object\" && window;\n  __globalThis.__name = __name;\n}\n            webdriverioPolyfill();\n            return (async(cmd,cmdArgs)=>{if(!window.__TAURI_TEST_API__){throw new Error(\"Tauri Test API not available\")}return window.__TAURI_TEST_API__.invoke(cmd,cmdArgs)}).apply(null, arguments)\n        ","args":["list_installed_servers",{"spaceId":"97ecb604-4b50-4fb2-962a-acb3c9cccd2f"}]}
[0-2] 2026-02-01T11:24:43.598Z INFO webdriver: COMMAND takeScreenshot()
[0-2] 2026-02-01T11:24:43.598Z INFO webdriver: [GET] http://localhost:4444/session/774eca2810947fb445075fac237baf4d/screenshot
[0-2] 2026-02-01T11:24:43.618Z INFO webdriver: RESULT [
[0-2]   {
[0-2]     args_append: [],
[0-2]     cached_definition: '{"id":"echo-server","name":"Echo Server","description":"Simple echo server for testing - returns what you send","alias":"echo","auth":{"type":"none"},"icon":"≡ƒöè","transport":{"type":"stdio","command":"node","args":["--experimental-strip-types","tests/e2e/mocks/stub-mcp-server/stdio-server.ts"],"env":{},"metadata":{"inputs":[]}},"categories":["developer-tools"],"publisher":{"name":"McpMux Test","domain":null,"verified":true,"official":false},"source":{"type":"Registry","url":"http://localhost:8787","name":"McpMux Registry"}}',
[0-2]     created_at: '2026-02-01T11:24:43.577825900Z',
[0-2]     enabled: false,
[0-2]     env_overrides: {},
[0-2]     extra_headers: {},
[0-2]     id: '46e6ad11-286a-4426-b584-f3fc42be406f',
[0-2]     input_values: {},
[0-2]     oauth_connected: false,
[0-2]     server_id: 'echo-server',
[0-2]     server_name: 'Echo Server',
[0-2]     source: { type: 'registry' },
[0-2]     space_id: '97ecb604-4b50-4fb2-962a-acb3c9cccd2f',
[0-2]     updated_at: '2026-02-01T11:24:43.577825900Z'
[0-2]   },
[0-2]   {
[0-2]     args_append: [],
[0-2]     cached_definition: '{"id":"directory-server","name":"Directory Server","description":"Server with directory path input for testing path inputs","alias":"dir","auth":{"type":"none"},"icon":"≡ƒôé","transport":{"type":"stdio","command":"node","args":["--experimental-strip-types","tests/e2e/mocks/stub-mcp-server/stdio-server.ts","${input:DIRECTORY}"],"env":{},"metadata":{"inputs":[{"id":"DIRECTORY","label":"Target Directory","type":"text","required":true,"secret":false,"description":"Directory path to operate on","placeholder":"C:\\\\Users\\\\test","obtain_url":null,"obtain_instructions":null}]}},"categories":["file-system"],"publisher":{"name":"McpMux Test","domain":null,"verified":true,"official":false},"source":{"type":"Registry","url":"http://localhost:8787","name":"McpMux Registry"}}',
[0-2]     created_at: '2026-02-01T11:22:39.843031900Z',
[0-2]     enabled: false,
[0-2]     env_overrides: {},
[0-2]     extra_headers: {},
[0-2]     id: '2c3daf92-0e7a-4035-b3ba-f224b8026f40',
[0-2]     input_values: {},
[0-2]     oauth_connected: false,
[0-2]     server_id: 'directory-server',
[0-2]     server_name: 'Directory Server',
[0-2]     source: { type: 'registry' },
[0-2]     space_id: '97ecb604-4b50-4fb2-962a-acb3c9cccd2f',
[0-2]     updated_at: '2026-02-01T11:22:39.843031900Z'
[0-2]   }
[0-2] ]
[0-2] 2026-02-01T11:24:43.621Z INFO webdriver: COMMAND takeScreenshot()
[0-2] 2026-02-01T11:24:43.622Z INFO webdriver: [GET] http://localhost:4444/session/774eca2810947fb445075fac237baf4d/screenshot
[0-2] 2026-02-01T11:24:43.624Z INFO webdriver: COMMAND findElement("css selector", "[data-testid="nav-my-servers"]")
[0-2] 2026-02-01T11:24:43.624Z INFO webdriver: [POST] http://localhost:4444/session/774eca2810947fb445075fac237baf4d/element
[0-2] 2026-02-01T11:24:43.624Z INFO webdriver: DATA {"using":"css selector","value":"[data-testid=\"nav-my-servers\"]"}
[0-2] 2026-02-01T11:24:43.801Z INFO webdriver: RESULT iVBORw0KGgoAAAANSUhEUgAACWAAAAWmCAIAAACDPgzkAAAQAElEQVR4nOzdC...
[0-2] 2026-02-01T11:24:43.964Z INFO webdriver: RESULT iVBORw0KGgoAAAANSUhEUgAACWAAAAWmCAIAAACDPgzkAAAQAElEQVR4nOzdC...
[0-2] 2026-02-01T11:24:43.970Z INFO webdriver: RESULT {
[0-2]   'element-6066-11e4-a52e-4f735466cecf': 'f.8C5308B497F5F613DFA5106FEC5C81D1.d.86A9180C31936E7C5A61A1B78E4AF158.e.120'
[0-2] }
[0-2] 2026-02-01T11:24:43.973Z INFO webdriver: COMMAND elementClick("f.8C5308B497F5F613DFA5106FEC5C81D1.d.86A9180C31936E7C5A61A1B78E4AF158.e.120")
[0-2] 2026-02-01T11:24:43.973Z INFO webdriver: [POST] http://localhost:4444/session/774eca2810947fb445075fac237baf4d/element/f.8C5308B497F5F613DFA5106FEC5C81D1.d.86A9180C31936E7C5A61A1B78E4AF158.e.120/click
[0-2] 2026-02-01T11:24:43.973Z INFO webdriver: DATA {}
[0-2] 2026-02-01T11:24:44.069Z INFO webdriver: RESULT null
[0-2] 2026-02-01T11:24:44.070Z INFO webdriver: COMMAND takeScreenshot()
[0-2] 2026-02-01T11:24:44.070Z INFO webdriver: [GET] http://localhost:4444/session/774eca2810947fb445075fac237baf4d/screenshot
[0-2] 2026-02-01T11:24:44.266Z INFO webdriver: RESULT iVBORw0KGgoAAAANSUhEUgAACWAAAAWmCAIAAACDPgzkAAAQAElEQVR4nOzdC...
[0-2] 2026-02-01T11:24:46.076Z INFO webdriver: COMMAND takeScreenshot()
[0-2] 2026-02-01T11:24:46.077Z INFO webdriver: [GET] http://localhost:4444/session/774eca2810947fb445075fac237baf4d/screenshot
[0-2] 2026-02-01T11:24:46.272Z INFO webdriver: RESULT iVBORw0KGgoAAAANSUhEUgAACWAAAAWmCAIAAACDPgzkAAAQAElEQVR4nOzdC...
[0-2] 2026-02-01T11:24:46.274Z INFO webdriver: COMMAND getPageSource()
[0-2] 2026-02-01T11:24:46.275Z INFO webdriver: [GET] http://localhost:4444/session/774eca2810947fb445075fac237baf4d/source
[0-2] 2026-02-01T11:24:46.283Z INFO webdriver: RESULT <html lang="en"><head>
[0-2]     <meta charset="UTF-8">
[0-2]     <link rel="icon" type="image/svg+xml" href="/mcpmux.svg">
[0-2]     <meta name="viewport" content="width=device-width, initial-scale=1.0">
[0-2]     <title>McpMux</title>
[0-2]     <script type="module" crossorigin="" src="/assets/index-CiZJOwjC.js"></script>
[0-2]     <link rel="stylesheet" crossorigin="" href="/assets/index-Df7hU3Vb.css">
[0-2]   </head>
[0-2] 
[0-2]   <body>
[0-2]     <div id="root"><div class="flex h-screen flex-col overflow-hidden bg-[rgb(var(--background))]"><div class="drag-region h-8 flex-shrink-0 bg-[rgb(var(--surface))] border-b border-[rgb(var(--border-subtle))]"></div><div class="flex flex-1 overflow-hidden"><aside class="w-60 flex-shrink-0 border-r border-[rgb(var(--border-subtle))]"><nav class="flex h-full flex-col bg-[rgb(var(--surface))]"><div class="flex-shrink-0 p-4 border-b border-[rgb(var(--border-subtle))]"><div class="space-y-3"><div class="flex items-center justify-between"><div class="flex items-center gap-2"><svg xmlns="http://www.w3.org/2000/svg" width="24" height="24" viewBox="0 0 24 24" fill="none" stroke="currentColor" stroke-width="2" stroke-linecap="round" stroke-linejoin="round" class="lucide lucide-zap h-6 w-6 text-primary-500" aria-hidden="true"><path d="M4 14a1 1 0 0 1-.78-1.63l9.9-10.2a.5.5 0 0 1 .86.46l-1.92 6.02A1 1 0 0 0 13 10h7a1 1 0 0 1 .78 1.63l-9.9 10.2a.5.5 0 0 1-.86-.46l1.92-6.02A1 1 0 0 0 11 14z"></path></svg><span class="font-bold text-lg">McpMux</span></div><button class="p-1.5 rounded-lg hover:bg-surface-hover transition-colors" title="Dark mode"><svg xmlns="http://www.w3.org/2000/svg" width="24" height="24" viewBox="0 0 24 24" fill="none" stroke="currentColor" stroke-width="2" stroke-linecap="round" stroke-linejoin="round" class="lucide lucide-moon h-4 w-4" aria-hidden="true"><path d="M20.985 12.486a9 9 0 1 1-9.473-9.472c.405-.022.617.46.402.803a6 6 0 0 0 8.268 8.268c.344-.215.825-.004.803.401"></path></svg></button></div><div class="relative w-full"><button class="w-full flex items-center justify-between gap-2 px-3 py-2.5 rounded-xl border border-[rgb(var(--border))] bg-[rgb(var(--surface))] hover:bg-[rgb(var(--surface-hover))] hover:border-[rgb(var(--primary))/30] transition-all duration-150 group"><span class="flex items-center gap-3 min-w-0"><span class="text-xl">≡ƒÅá</span><span class="font-medium text-sm truncate">Personal</span></span><svg xmlns="http://www.w3.org/2000/svg" width="24" height="24" viewBox="0 0 24 24" fill="none" stroke="currentColor" stroke-width="2" stroke-linecap="round" stroke-linejoin="round" class="lucide lucide-chevron-down h-4 w-4 flex-shrink-0 text-[rgb(var(--muted))] group-hover:text-[rgb(var(--foreground))] transition-all duration-200" aria-hidden="true"><path d="m6 9 6 6 6-6"></path></svg></button></div></div></div><div class="flex-1 overflow-y-auto p-3"><div class="mb-6"><div class="space-y-0.5"><button data-testid="nav-dashboard" class="flex w-full items-center gap-3 rounded-lg px-3 py-2.5 text-sm font-medium transition-all duration-150 text-[rgb(var(--muted))] hover:text-[rgb(var(--foreground))] hover:bg-[rgb(var(--surface-hover))]"><span class="h-5 w-5 flex items-center justify-center transition-colors"><svg xmlns="http://www.w3.org/2000/svg" width="24" height="24" viewBox="0 0 24 24" fill="none" stroke="currentColor" stroke-width="2" stroke-linecap="round" stroke-linejoin="round" class="lucide lucide-house h-4 w-4" aria-hidden="true"><path d="M15 21v-8a1 1 0 0 0-1-1h-4a1 1 0 0 0-1 1v8"></path><path d="M3 10a2 2 0 0 1 .709-1.528l7-6a2 2 0 0 1 2.582 0l7 6A2 2 0 0 1 21 10v9a2 2 0 0 1-2 2H5a2 2 0 0 1-2-2z"></path></svg></span><span>Dashboard</span></button><button data-testid="nav-my-servers" class="flex w-full items-center gap-3 rounded-lg px-3 py-2.5 text-sm font-medium transition-all duration-150 hover:text-[rgb(var(--foreground))] bg-[rgb(var(--primary))/10] text-[rgb(var(--primary))] hover:bg-[rgb(var(--primary))/15]"><span class="h-5 w-5 flex items-center justify-center transition-colors text-[rgb(var(--primary))]"><svg xmlns="http://www.w3.org/2000/svg" width="24" height="24" viewBox="0 0 24 24" fill="none" stroke="currentColor" stroke-width="2" stroke-linecap="round" stroke-linejoin="round" class="lucide lucide-zap h-4 w-4" aria-hidden="true"><path d="M4 14a1 1 0 0 1-.78-1.63l9.9-10.2a.5.5 0 0 1 .86.46l-1.92 6.02A1 1 0 0 0 13 10h7a1 1 0 0 1 .78 1.63l-9.9 10.2a.5.5 0 0 1-.86-.46l1.92-6.02A1 1 0 0 0 11 14z"></path></svg></span><span>My Servers</span></button><button data-testid="nav-discover" class="flex w-full items-center gap-3 rounded-lg px-3 py-2.5 text-sm font-medium transition-all duration-150 text-[rgb(var(--muted))] hover:text-[rgb(var(--foreground))] hover:bg-[rgb(var(--surface-hover))]"><span class="h-5 w-5 flex items-center justify-center transition-colors"><svg xmlns="http://www.w3.org/2000/svg" width="24" height="24" viewBox="0 0 24 24" fill="none" stroke="currentColor" stroke-width="2" stroke-linecap="round" stroke-linejoin="round" class="lucide lucide-server h-4 w-4" aria-hidden="true"><rect width="20" height="8" x="2" y="2" rx="2" ry="2"></rect><rect width="20" height="8" x="2" y="14" rx="2" ry="2"></rect><line x1="6" x2="6.01" y1="6" y2="6"></line><line x1="6" x2="6.01" y1="18" y2="18"></line></svg></span><span>Discover</span></button></div></div><div class="mb-6"><h3 class="mb-2 px-3 text-[11px] font-semibold uppercase tracking-wider text-[rgb(var(--muted-foreground))]">Workspaces</h3><div class="space-y-0.5"><button data-testid="nav-spaces" class="flex w-full items-center gap-3 rounded-lg px-3 py-2.5 text-sm font-medium transition-all duration-150 text-[rgb(var(--muted))] hover:text-[rgb(var(--foreground))] hover:bg-[rgb(var(--surface-hover))]"><span class="h-5 w-5 flex items-center justify-center transition-colors"><svg xmlns="http://www.w3.org/2000/svg" width="24" height="24" viewBox="0 0 24 24" fill="none" stroke="currentColor" stroke-width="2" stroke-linecap="round" stroke-linejoin="round" class="lucide lucide-globe h-4 w-4" aria-hidden="true"><circle cx="12" cy="12" r="10"></circle><path d="M12 2a14.5 14.5 0 0 0 0 20 14.5 14.5 0 0 0 0-20"></path><path d="M2 12h20"></path></svg></span><span>Spaces</span></button><button data-testid="nav-featuresets" class="flex w-full items-center gap-3 rounded-lg px-3 py-2.5 text-sm font-medium transition-all duration-150 text-[rgb(var(--muted))] hover:text-[rgb(var(--foreground))] hover:bg-[rgb(var(--surface-hover))]"><span class="h-5 w-5 flex items-center justify-center transition-colors"><svg xmlns="http://www.w3.org/2000/svg" width="24" height="24" viewBox="0 0 24 24" fill="none" stroke="currentColor" stroke-width="2" stroke-linecap="round" stroke-linejoin="round" class="lucide lucide-wrench h-4 w-4" aria-hidden="true"><path d="M14.7 6.3a1 1 0 0 0 0 1.4l1.6 1.6a1 1 0 0 0 1.4 0l3.106-3.105c.32-.322.863-.22.983.218a6 6 0 0 1-8.259 7.057l-7.91 7.91a1 1 0 0 1-2.999-3l7.91-7.91a6 6 0 0 1 7.057-8.259c.438.12.54.662.219.984z"></path></svg></span><span>FeatureSets</span></button></div></div><div class="mb-6"><h3 class="mb-2 px-3 text-[11px] font-semibold uppercase tracking-wider text-[rgb(var(--muted-foreground))]">Connections</h3><div class="space-y-0.5"><button data-testid="nav-clients" class="flex w-full items-center gap-3 rounded-lg px-3 py-2.5 text-sm font-medium transition-all duration-150 text-[rgb(var(--muted))] hover:text-[rgb(var(--foreground))] hover:bg-[rgb(var(--surface-hover))]"><span class="h-5 w-5 flex items-center justify-center transition-colors"><svg xmlns="http://www.w3.org/2000/svg" width="24" height="24" viewBox="0 0 24 24" fill="none" stroke="currentColor" stroke-width="2" stroke-linecap="round" stroke-linejoin="round" class="lucide lucide-monitor h-4 w-4" aria-hidden="true"><rect width="20" height="14" x="2" y="3" rx="2"></rect><line x1="8" x2="16" y1="21" y2="21"></line><line x1="12" x2="12" y1="17" y2="21"></line></svg></span><span>Clients</span></button></div></div><div class="mb-6"><div class="space-y-0.5"><button data-testid="nav-settings" class="flex w-full items-center gap-3 rounded-lg px-3 py-2.5 text-sm font-medium transition-all duration-150 text-[rgb(var(--muted))] hover:text-[rgb(var(--foreground))] hover:bg-[rgb(var(--surface-hover))]"><span class="h-5 w-5 flex items-center justify-center transition-colors"><svg xmlns="http://www.w3.org/2000/svg" width="24" height="24" viewBox="0 0 24 24" fill="none" stroke="currentColor" stroke-width="2" stroke-linecap="round" stroke-linejoin="round" class="lucide lucide-settings h-4 w-4" aria-hidden="true"><path d="M9.671 4.136a2.34 2.34 0 0 1 4.659 0 2.34 2.34 0 0 0 3.319 1.915 2.34 2.34 0 0 1 2.33 4.033 2.34 2.34 0 0 0 0 3.831 2.34 2.34 0 0 1-2.33 4.033 2.34 2.34 0 0 0-3.319 1.915 2.34 2.34 0 0 1-4.659 0 2.34 2.34 0 0 0-3.32-1.915 2.34 2.34 0 0 1-2.33-4.033 2.34 2.34 0 0 0 0-3.831A2.34 2.34 0 0 1 6.35 6.051a2.34 2.34 0 0 0 3.319-1.915"></path><circle cx="12" cy="12" r="3"></circle></svg></span><span>Settings</span></button></div></div></div><div class="flex-shrink-0 p-4 border-t border-[rgb(var(--border-subtle))]"><div class="text-xs text-[rgb(var(--muted))]"><div>McpMux v0.1.0</div><div>Gateway: localhost:9315</div></div></div></nav></aside><main class="flex-1 overflow-auto p-6 bg-[rgb(var(--background))]"><div class="animate-fade-in"><div class="space-y-6" data-testid="servers-page"><div class="flex items-center justify-between"><div><h1 class="text-2xl font-bold" data-testid="servers-title">My Servers</h1><p class="text-sm text-[rgb(var(--muted))]">Manage your installed MCP servers</p></div><button class="flex items-center gap-2 px-4 py-2 text-sm border border-[rgb(var(--border))] rounded-lg hover:bg-[rgb(var(--surface-hover))] transition-colors"><svg xmlns="http://www.w3.org/2000/svg" width="24" height="24" viewBox="0 0 24 24" fill="none" stroke="currentColor" stroke-width="2" stroke-linecap="round" stroke-linejoin="round" class="lucide lucide-file-braces h-4 w-4" aria-hidden="true"><path d="M6 22a2 2 0 0 1-2-2V4a2 2 0 0 1 2-2h8a2.4 2.4 0 0 1 1.704.706l3.588 3.588A2.4 2.4 0 0 1 20 8v12a2 2 0 0 1-2 2z"></path><path d="M14 2v5a1 1 0 0 0 1 1h5"></path><path d="M10 12a1 1 0 0 0-1 1v1a1 1 0 0 1-1 1 1 1 0 0 1 1 1v1a1 1 0 0 0 1 1"></path><path d="M14 18a1 1 0 0 0 1-1v-1a1 1 0 0 1 1-1 1 1 0 0 1-1-1v-1a1 1 0 0 0-1-1"></path></svg>Add Server Manually</button></div><div class="p-4 rounded-xl border bg-[rgb(var(--success))]/10 border-[rgb(var(--success))]/30"><div class="flex items-center justify-between"><div class="flex items-center gap-3"><span class="h-3 w-3 rounded-full bg-[rgb(var(--success))] animate-pulse"></span><span class="font-medium">Gateway Running</span><code class="text-xs bg-[rgb(var(--surface-elevated))] px-2 py-1 rounded text-[rgb(var(--primary))]">http://localhost:45818</code></div></div></div><div class="text-center py-12 text-[rgb(var(--muted))]"><div class="text-5xl mb-4">≡ƒôª</div><p class="text-lg mb-2">No servers installed</p><p class="text-sm">Visit Discover to install MCP servers</p></div></div></div></main></div><div class="h-7 flex-shrink-0 border-t border-[rgb(var(--border-subtle))] bg-[rgb(var(--surface))] px-4"><div class="flex h-full items-center justify-between text-xs text-[rgb(var(--muted))]"><div class="flex items-center gap-4"><span class="flex items-center gap-1.5"><span class="h-2 w-2 rounded-full bg-green-500"></span>Gateway Active</span><span>Active Space: Personal</span></div><div class="flex items-center gap-4"><span>5 Servers ΓÇó 97 Tools</span></div></div></div></div></div>
[0-2] 
[0-2]   
[0-2] 
[0-2] </body></html>
[0-2] [test] Page has server content: true
[0-2] 2026-02-01T11:24:46.288Z INFO webdriver: COMMAND executeScript(<fn>, <object>)
[0-2] 2026-02-01T11:24:46.289Z INFO webdriver: [POST] http://localhost:4444/session/774eca2810947fb445075fac237baf4d/execute/sync
[0-2] 2026-02-01T11:24:46.289Z INFO webdriver: DATA {"script":"\n            function webdriverioPolyfill() {\n  var __defProp = Object.defineProperty;\n  var __name = function(target, _value) {\n    return __defProp(target, \"name\", { value: _value, configurable: true });\n  };\n  var __globalThis = typeof globalThis === \"object\" && globalThis || typeof window === \"object\" && window;\n  __globalThis.__name = __name;\n}\n            webdriverioPolyfill();\n            return (async(cmd,cmdArgs)=>{if(!window.__TAURI_TEST_API__){throw new Error(\"Tauri Test API not available\")}return window.__TAURI_TEST_API__.invoke(cmd,cmdArgs)}).apply(null, arguments)\n        ","args":["enable_server_v2",{"spaceId":"97ecb604-4b50-4fb2-962a-acb3c9cccd2f","serverId":"echo-server"}]}
[0-2] 2026-02-01T11:24:47.477Z INFO webdriver: RESULT null
[0-2] 2026-02-01T11:24:47.478Z INFO webdriver: COMMAND takeScreenshot()
[0-2] 2026-02-01T11:24:47.478Z INFO webdriver: [GET] http://localhost:4444/session/774eca2810947fb445075fac237baf4d/screenshot
[0-2] 2026-02-01T11:24:47.705Z INFO webdriver: RESULT iVBORw0KGgoAAAANSUhEUgAACWAAAAWmCAIAAACDPgzkAAAQAElEQVR4nOzdC...
[0-2] 2026-02-01T11:24:50.486Z INFO webdriver: COMMAND executeScript(<fn>, <object>)
[0-2] 2026-02-01T11:24:50.487Z INFO webdriver: [POST] http://localhost:4444/session/774eca2810947fb445075fac237baf4d/execute/sync
[0-2] 2026-02-01T11:24:50.487Z INFO webdriver: DATA {"script":"\n            function webdriverioPolyfill() {\n  var __defProp = Object.defineProperty;\n  var __name = function(target, _value) {\n    return __defProp(target, \"name\", { value: _value, configurable: true });\n  };\n  var __globalThis = typeof globalThis === \"object\" && globalThis || typeof window === \"object\" && window;\n  __globalThis.__name = __name;\n}\n            webdriverioPolyfill();\n            return (async(cmd,cmdArgs)=>{if(!window.__TAURI_TEST_API__){throw new Error(\"Tauri Test API not available\")}return window.__TAURI_TEST_API__.invoke(cmd,cmdArgs)}).apply(null, arguments)\n        ","args":["get_gateway_status",{}]}
[0-2] 2026-02-01T11:24:50.505Z INFO webdriver: RESULT {
[0-2]   active_sessions: 0,
[0-2]   connected_backends: 2,
[0-2]   running: true,
[0-2]   url: 'http://localhost:45818'
[0-2] }
[0-2] [test] Gateway status: {
[0-2]   active_sessions: 0,
[0-2]   connected_backends: 2,
[0-2]   running: true,
[0-2]   url: 'http://localhost:45818'
[0-2] }
[0-2] 2026-02-01T11:24:50.507Z INFO webdriver: COMMAND takeScreenshot()
[0-2] 2026-02-01T11:24:50.507Z INFO webdriver: [GET] http://localhost:4444/session/774eca2810947fb445075fac237baf4d/screenshot
[0-2] 2026-02-01T11:24:50.509Z INFO webdriver: COMMAND refresh()
[0-2] 2026-02-01T11:24:50.509Z INFO webdriver: [POST] http://localhost:4444/session/774eca2810947fb445075fac237baf4d/refresh
[0-2] 2026-02-01T11:24:50.509Z INFO webdriver: DATA {}
[0-2] 2026-02-01T11:24:50.672Z INFO webdriver: RESULT iVBORw0KGgoAAAANSUhEUgAACWAAAAWmCAIAAACDPgzkAAAQAElEQVR4nOzdC...
[0-2] 2026-02-01T11:24:50.731Z INFO webdriver: RESULT null
[0-2] 2026-02-01T11:24:50.732Z INFO webdriver: COMMAND takeScreenshot()
[0-2] 2026-02-01T11:24:50.732Z INFO webdriver: [GET] http://localhost:4444/session/774eca2810947fb445075fac237baf4d/screenshot
[0-2] 2026-02-01T11:24:50.926Z INFO webdriver: RESULT iVBORw0KGgoAAAANSUhEUgAACWAAAAWmCAIAAACDPgzkAAAQAElEQVR4nOzdC...
[0-2] 2026-02-01T11:24:52.747Z INFO webdriver: COMMAND takeScreenshot()
[0-2] 2026-02-01T11:24:52.747Z INFO webdriver: [GET] http://localhost:4444/session/774eca2810947fb445075fac237baf4d/screenshot
[0-2] 2026-02-01T11:24:52.938Z INFO webdriver: RESULT iVBORw0KGgoAAAANSUhEUgAACWAAAAWmCAIAAACDPgzkAAAQAElEQVR4nOzdC...
[0-2] 2026-02-01T11:24:52.940Z INFO webdriver: COMMAND getPageSource()
[0-2] 2026-02-01T11:24:52.940Z INFO webdriver: [GET] http://localhost:4444/session/774eca2810947fb445075fac237baf4d/source
[0-2] 2026-02-01T11:24:52.947Z INFO webdriver: RESULT <html lang="en"><head>
[0-2]     <meta charset="UTF-8">
[0-2]     <link rel="icon" type="image/svg+xml" href="/mcpmux.svg">
[0-2]     <meta name="viewport" content="width=device-width, initial-scale=1.0">
[0-2]     <title>McpMux</title>
[0-2]     <script type="module" crossorigin="" src="/assets/index-CiZJOwjC.js"></script>
[0-2]     <link rel="stylesheet" crossorigin="" href="/assets/index-Df7hU3Vb.css">
[0-2]   </head>
[0-2] 
[0-2]   <body>
[0-2]     <div id="root"><div class="flex h-screen flex-col overflow-hidden bg-[rgb(var(--background))]"><div class="drag-region h-8 flex-shrink-0 bg-[rgb(var(--surface))] border-b border-[rgb(var(--border-subtle))]"></div><div class="flex flex-1 overflow-hidden"><aside class="w-60 flex-shrink-0 border-r border-[rgb(var(--border-subtle))]"><nav class="flex h-full flex-col bg-[rgb(var(--surface))]"><div class="flex-shrink-0 p-4 border-b border-[rgb(var(--border-subtle))]"><div class="space-y-3"><div class="flex items-center justify-between"><div class="flex items-center gap-2"><svg xmlns="http://www.w3.org/2000/svg" width="24" height="24" viewBox="0 0 24 24" fill="none" stroke="currentColor" stroke-width="2" stroke-linecap="round" stroke-linejoin="round" class="lucide lucide-zap h-6 w-6 text-primary-500" aria-hidden="true"><path d="M4 14a1 1 0 0 1-.78-1.63l9.9-10.2a.5.5 0 0 1 .86.46l-1.92 6.02A1 1 0 0 0 13 10h7a1 1 0 0 1 .78 1.63l-9.9 10.2a.5.5 0 0 1-.86-.46l1.92-6.02A1 1 0 0 0 11 14z"></path></svg><span class="font-bold text-lg">McpMux</span></div><button class="p-1.5 rounded-lg hover:bg-surface-hover transition-colors" title="Dark mode"><svg xmlns="http://www.w3.org/2000/svg" width="24" height="24" viewBox="0 0 24 24" fill="none" stroke="currentColor" stroke-width="2" stroke-linecap="round" stroke-linejoin="round" class="lucide lucide-moon h-4 w-4" aria-hidden="true"><path d="M20.985 12.486a9 9 0 1 1-9.473-9.472c.405-.022.617.46.402.803a6 6 0 0 0 8.268 8.268c.344-.215.825-.004.803.401"></path></svg></button></div><div class="relative w-full"><button class="w-full flex items-center justify-between gap-2 px-3 py-2.5 rounded-xl border border-[rgb(var(--border))] bg-[rgb(var(--surface))] hover:bg-[rgb(var(--surface-hover))] hover:border-[rgb(var(--primary))/30] transition-all duration-150 group"><span class="flex items-center gap-3 min-w-0"><span class="text-xl">≡ƒÅá</span><span class="font-medium text-sm truncate">Personal</span></span><svg xmlns="http://www.w3.org/2000/svg" width="24" height="24" viewBox="0 0 24 24" fill="none" stroke="currentColor" stroke-width="2" stroke-linecap="round" stroke-linejoin="round" class="lucide lucide-chevron-down h-4 w-4 flex-shrink-0 text-[rgb(var(--muted))] group-hover:text-[rgb(var(--foreground))] transition-all duration-200" aria-hidden="true"><path d="m6 9 6 6 6-6"></path></svg></button></div></div></div><div class="flex-1 overflow-y-auto p-3"><div class="mb-6"><div class="space-y-0.5"><button data-testid="nav-dashboard" class="flex w-full items-center gap-3 rounded-lg px-3 py-2.5 text-sm font-medium transition-all duration-150 hover:text-[rgb(var(--foreground))] bg-[rgb(var(--primary))/10] text-[rgb(var(--primary))] hover:bg-[rgb(var(--primary))/15]"><span class="h-5 w-5 flex items-center justify-center transition-colors text-[rgb(var(--primary))]"><svg xmlns="http://www.w3.org/2000/svg" width="24" height="24" viewBox="0 0 24 24" fill="none" stroke="currentColor" stroke-width="2" stroke-linecap="round" stroke-linejoin="round" class="lucide lucide-house h-4 w-4" aria-hidden="true"><path d="M15 21v-8a1 1 0 0 0-1-1h-4a1 1 0 0 0-1 1v8"></path><path d="M3 10a2 2 0 0 1 .709-1.528l7-6a2 2 0 0 1 2.582 0l7 6A2 2 0 0 1 21 10v9a2 2 0 0 1-2 2H5a2 2 0 0 1-2-2z"></path></svg></span><span>Dashboard</span></button><button data-testid="nav-my-servers" class="flex w-full items-center gap-3 rounded-lg px-3 py-2.5 text-sm font-medium transition-all duration-150 text-[rgb(var(--muted))] hover:text-[rgb(var(--foreground))] hover:bg-[rgb(var(--surface-hover))]"><span class="h-5 w-5 flex items-center justify-center transition-colors"><svg xmlns="http://www.w3.org/2000/svg" width="24" height="24" viewBox="0 0 24 24" fill="none" stroke="currentColor" stroke-width="2" stroke-linecap="round" stroke-linejoin="round" class="lucide lucide-zap h-4 w-4" aria-hidden="true"><path d="M4 14a1 1 0 0 1-.78-1.63l9.9-10.2a.5.5 0 0 1 .86.46l-1.92 6.02A1 1 0 0 0 13 10h7a1 1 0 0 1 .78 1.63l-9.9 10.2a.5.5 0 0 1-.86-.46l1.92-6.02A1 1 0 0 0 11 14z"></path></svg></span><span>My Servers</span></button><button data-testid="nav-discover" class="flex w-full items-center gap-3 rounded-lg px-3 py-2.5 text-sm font-medium transition-all duration-150 text-[rgb(var(--muted))] hover:text-[rgb(var(--foreground))] hover:bg-[rgb(var(--surface-hover))]"><span class="h-5 w-5 flex items-center justify-center transition-colors"><svg xmlns="http://www.w3.org/2000/svg" width="24" height="24" viewBox="0 0 24 24" fill="none" stroke="currentColor" stroke-width="2" stroke-linecap="round" stroke-linejoin="round" class="lucide lucide-server h-4 w-4" aria-hidden="true"><rect width="20" height="8" x="2" y="2" rx="2" ry="2"></rect><rect width="20" height="8" x="2" y="14" rx="2" ry="2"></rect><line x1="6" x2="6.01" y1="6" y2="6"></line><line x1="6" x2="6.01" y1="18" y2="18"></line></svg></span><span>Discover</span></button></div></div><div class="mb-6"><h3 class="mb-2 px-3 text-[11px] font-semibold uppercase tracking-wider text-[rgb(var(--muted-foreground))]">Workspaces</h3><div class="space-y-0.5"><button data-testid="nav-spaces" class="flex w-full items-center gap-3 rounded-lg px-3 py-2.5 text-sm font-medium transition-all duration-150 text-[rgb(var(--muted))] hover:text-[rgb(var(--foreground))] hover:bg-[rgb(var(--surface-hover))]"><span class="h-5 w-5 flex items-center justify-center transition-colors"><svg xmlns="http://www.w3.org/2000/svg" width="24" height="24" viewBox="0 0 24 24" fill="none" stroke="currentColor" stroke-width="2" stroke-linecap="round" stroke-linejoin="round" class="lucide lucide-globe h-4 w-4" aria-hidden="true"><circle cx="12" cy="12" r="10"></circle><path d="M12 2a14.5 14.5 0 0 0 0 20 14.5 14.5 0 0 0 0-20"></path><path d="M2 12h20"></path></svg></span><span>Spaces</span></button><button data-testid="nav-featuresets" class="flex w-full items-center gap-3 rounded-lg px-3 py-2.5 text-sm font-medium transition-all duration-150 text-[rgb(var(--muted))] hover:text-[rgb(var(--foreground))] hover:bg-[rgb(var(--surface-hover))]"><span class="h-5 w-5 flex items-center justify-center transition-colors"><svg xmlns="http://www.w3.org/2000/svg" width="24" height="24" viewBox="0 0 24 24" fill="none" stroke="currentColor" stroke-width="2" stroke-linecap="round" stroke-linejoin="round" class="lucide lucide-wrench h-4 w-4" aria-hidden="true"><path d="M14.7 6.3a1 1 0 0 0 0 1.4l1.6 1.6a1 1 0 0 0 1.4 0l3.106-3.105c.32-.322.863-.22.983.218a6 6 0 0 1-8.259 7.057l-7.91 7.91a1 1 0 0 1-2.999-3l7.91-7.91a6 6 0 0 1 7.057-8.259c.438.12.54.662.219.984z"></path></svg></span><span>FeatureSets</span></button></div></div><div class="mb-6"><h3 class="mb-2 px-3 text-[11px] font-semibold uppercase tracking-wider text-[rgb(var(--muted-foreground))]">Connections</h3><div class="space-y-0.5"><button data-testid="nav-clients" class="flex w-full items-center gap-3 rounded-lg px-3 py-2.5 text-sm font-medium transition-all duration-150 text-[rgb(var(--muted))] hover:text-[rgb(var(--foreground))] hover:bg-[rgb(var(--surface-hover))]"><span class="h-5 w-5 flex items-center justify-center transition-colors"><svg xmlns="http://www.w3.org/2000/svg" width="24" height="24" viewBox="0 0 24 24" fill="none" stroke="currentColor" stroke-width="2" stroke-linecap="round" stroke-linejoin="round" class="lucide lucide-monitor h-4 w-4" aria-hidden="true"><rect width="20" height="14" x="2" y="3" rx="2"></rect><line x1="8" x2="16" y1="21" y2="21"></line><line x1="12" x2="12" y1="17" y2="21"></line></svg></span><span>Clients</span></button></div></div><div class="mb-6"><div class="space-y-0.5"><button data-testid="nav-settings" class="flex w-full items-center gap-3 rounded-lg px-3 py-2.5 text-sm font-medium transition-all duration-150 text-[rgb(var(--muted))] hover:text-[rgb(var(--foreground))] hover:bg-[rgb(var(--surface-hover))]"><span class="h-5 w-5 flex items-center justify-center transition-colors"><svg xmlns="http://www.w3.org/2000/svg" width="24" height="24" viewBox="0 0 24 24" fill="none" stroke="currentColor" stroke-width="2" stroke-linecap="round" stroke-linejoin="round" class="lucide lucide-settings h-4 w-4" aria-hidden="true"><path d="M9.671 4.136a2.34 2.34 0 0 1 4.659 0 2.34 2.34 0 0 0 3.319 1.915 2.34 2.34 0 0 1 2.33 4.033 2.34 2.34 0 0 0 0 3.831 2.34 2.34 0 0 1-2.33 4.033 2.34 2.34 0 0 0-3.319 1.915 2.34 2.34 0 0 1-4.659 0 2.34 2.34 0 0 0-3.32-1.915 2.34 2.34 0 0 1-2.33-4.033 2.34 2.34 0 0 0 0-3.831A2.34 2.34 0 0 1 6.35 6.051a2.34 2.34 0 0 0 3.319-1.915"></path><circle cx="12" cy="12" r="3"></circle></svg></span><span>Settings</span></button></div></div></div><div class="flex-shrink-0 p-4 border-t border-[rgb(var(--border-subtle))]"><div class="text-xs text-[rgb(var(--muted))]"><div>McpMux v0.1.0</div><div>Gateway: localhost:9315</div></div></div></nav></aside><main class="flex-1 overflow-auto p-6 bg-[rgb(var(--background))]"><div class="animate-fade-in"><div class="space-y-6"><div><h1 class="text-2xl font-bold">Dashboard</h1><p class="text-[rgb(var(--muted))]">Welcome to McpMux - your centralized MCP server manager.</p></div><div class="rounded-xl border bg-[rgb(var(--card))] p-6 shadow-[0_1px_3px_0_rgb(0_0_0/0.1),0_1px_2px_-1px_rgb(0_0_0/0.1)] dark:shadow-[0_1px_3px_0_rgb(0_0_0/0.3),0_1px_2px_-1px_rgb(0_0_0/0.2)] border-green-500" data-testid="gateway-status-card"><div class="flex items-center justify-between py-3"><div class="flex items-center gap-3"><span class="h-3 w-3 rounded-full bg-green-500" data-testid="gateway-status-indicator"></span><div><span class="font-medium" data-testid="gateway-status-text">Gateway: Running</span><span class="text-sm text-[rgb(var(--muted))] ml-2" data-testid="gateway-url">http://localhost:45818</span></div></div><button class="inline-flex items-center justify-center gap-2 rounded-lg font-medium transition-all duration-150 ease-out focus-visible:outline-none focus-visible:ring-2 focus-visible:ring-[rgb(var(--primary))] focus-visible:ring-offset-2 disabled:pointer-events-none disabled:opacity-50 active:scale-[0.98] text-[rgb(var(--foreground))] hover:bg-[rgb(var(--surface-hover))] h-8 px-3 text-sm" data-testid="gateway-toggle-btn">Stop</button></div></div><div class="grid grid-cols-1 md:grid-cols-2 lg:grid-cols-4 gap-4" data-testid="dashboard-stats-grid"><div class="rounded-xl border border-[rgb(var(--border-subtle))] bg-[rgb(var(--card))] p-6 shadow-[0_1px_3px_0_rgb(0_0_0/0.1),0_1px_2px_-1px_rgb(0_0_0/0.1)] dark:shadow-[0_1px_3px_0_rgb(0_0_0/0.3),0_1px_2px_-1px_rgb(0_0_0/0.2)]" data-testid="stat-servers"><div class="mb-4"><h3 class="font-semibold text-[rgb(var(--card-foreground))] flex items-center gap-2 text-base"><svg xmlns="http://www.w3.org/2000/svg" width="24" height="24" viewBox="0 0 24 24" fill="none" stroke="currentColor" stroke-width="2" stroke-linecap="round" stroke-linejoin="round" class="lucide lucide-server h-5 w-5 text-primary-500" aria-hidden="true"><rect width="20" height="8" x="2" y="2" rx="2" ry="2"></rect><rect width="20" height="8" x="2" y="14" rx="2" ry="2"></rect><line x1="6" x2="6.01" y1="6" y2="6"></line><line x1="6" x2="6.01" y1="18" y2="18"></line></svg>Servers</h3></div><div class=""><div class="text-3xl font-bold" data-testid="stat-servers-value">2/2</div><div class="text-sm text-[rgb(var(--muted))]">Connected / Installed</div></div></div><div class="rounded-xl border border-[rgb(var(--border-subtle))] bg-[rgb(var(--card))] p-6 shadow-[0_1px_3px_0_rgb(0_0_0/0.1),0_1px_2px_-1px_rgb(0_0_0/0.1)] dark:shadow-[0_1px_3px_0_rgb(0_0_0/0.3),0_1px_2px_-1px_rgb(0_0_0/0.2)]" data-testid="stat-featuresets"><div class="mb-4"><h3 class="font-semibold text-[rgb(var(--card-foreground))] flex items-center gap-2 text-base"><svg xmlns="http://www.w3.org/2000/svg" width="24" height="24" viewBox="0 0 24 24" fill="none" stroke="currentColor" stroke-width="2" stroke-linecap="round" stroke-linejoin="round" class="lucide lucide-wrench h-5 w-5 text-primary-500" aria-hidden="true"><path d="M14.7 6.3a1 1 0 0 0 0 1.4l1.6 1.6a1 1 0 0 0 1.4 0l3.106-3.105c.32-.322.863-.22.983.218a6 6 0 0 1-8.259 7.057l-7.91 7.91a1 1 0 0 1-2.999-3l7.91-7.91a6 6 0 0 1 7.057-8.259c.438.12.54.662.219.984z"></path></svg>FeatureSets</h3></div><div class=""><div class="text-3xl font-bold" data-testid="stat-featuresets-value">3</div><div class="text-sm text-[rgb(var(--muted))]">Permission bundles</div></div></div><div class="rounded-xl border border-[rgb(var(--border-subtle))] bg-[rgb(var(--card))] p-6 shadow-[0_1px_3px_0_rgb(0_0_0/0.1),0_1px_2px_-1px_rgb(0_0_0/0.1)] dark:shadow-[0_1px_3px_0_rgb(0_0_0/0.3),0_1px_2px_-1px_rgb(0_0_0/0.2)]" data-testid="stat-clients"><div class="mb-4"><h3 class="font-semibold text-[rgb(var(--card-foreground))] flex items-center gap-2 text-base"><svg xmlns="http://www.w3.org/2000/svg" width="24" height="24" viewBox="0 0 24 24" fill="none" stroke="currentColor" stroke-width="2" stroke-linecap="round" stroke-linejoin="round" class="lucide lucide-monitor h-5 w-5 text-primary-500" aria-hidden="true"><rect width="20" height="14" x="2" y="3" rx="2"></rect><line x1="8" x2="16" y1="21" y2="21"></line><line x1="12" x2="12" y1="17" y2="21"></line></svg>Clients</h3></div><div class=""><div class="text-3xl font-bold" data-testid="stat-clients-value">1</div><div class="text-sm text-[rgb(var(--muted))]">Registered AI clients</div></div></div><div class="rounded-xl border border-[rgb(var(--border-subtle))] bg-[rgb(var(--card))] p-6 shadow-[0_1px_3px_0_rgb(0_0_0/0.1),0_1px_2px_-1px_rgb(0_0_0/0.1)] dark:shadow-[0_1px_3px_0_rgb(0_0_0/0.3),0_1px_2px_-1px_rgb(0_0_0/0.2)]" data-testid="stat-active-space"><div class="mb-4"><h3 class="font-semibold text-[rgb(var(--card-foreground))] flex items-center gap-2 text-base"><svg xmlns="http://www.w3.org/2000/svg" width="24" height="24" viewBox="0 0 24 24" fill="none" stroke="currentColor" stroke-width="2" stroke-linecap="round" stroke-linejoin="round" class="lucide lucide-globe h-5 w-5 text-primary-500" aria-hidden="true"><circle cx="12" cy="12" r="10"></circle><path d="M12 2a14.5 14.5 0 0 0 0 20 14.5 14.5 0 0 0 0-20"></path><path d="M2 12h20"></path></svg>Active Space</h3></div><div class=""><div class="text-xl font-bold truncate" data-testid="stat-active-space-value">≡ƒÅá Personal</div><div class="text-sm text-[rgb(var(--muted))]">Current context</div></div></div></div><div class="rounded-xl border border-[rgb(var(--border-subtle))] bg-[rgb(var(--card))] p-6 shadow-[0_1px_3px_0_rgb(0_0_0/0.1),0_1px_2px_-1px_rgb(0_0_0/0.1)] dark:shadow-[0_1px_3px_0_rgb(0_0_0/0.3),0_1px_2px_-1px_rgb(0_0_0/0.2)]"><div class="mb-4"><h3 class="text-lg font-semibold text-[rgb(var(--card-foreground))]">Connect Your Client</h3><p class="text-sm text-[rgb(var(--muted))] mt-1">Add this server configuration to your MCP client settings (e.g., inside mcpServers section).</p></div><div class=""><div class="space-y-4"><div class="flex items-center gap-2 text-sm"><span class="h-2 w-2 rounded-full bg-green-500"></span><span class="text-[rgb(var(--muted))]">Gateway:</span><code class="bg-[var(--surface)] px-2 py-1 rounded text-cyan-500">http://localhost:45818</code></div><div class="relative"><pre class="bg-slate-900 text-slate-100 p-4 rounded-lg text-sm overflow-x-auto font-mono">"mcpmux": {
[0-2]   "url": "http://localhost:45818/mcp"
[0-2] }</pre><button class="inline-flex items-center justify-center gap-2 rounded-lg font-medium transition-all duration-150 ease-out focus-visible:outline-none focus-visible:ring-2 focus-visible:ring-[rgb(var(--primary))] focus-visible:ring-offset-2 disabled:pointer-events-none disabled:opacity-50 active:scale-[0.98] bg-[rgb(var(--surface-active))] text-[rgb(var(--foreground))] hover:bg-[rgb(var(--surface-hover))] border border-[rgb(var(--border))] h-8 px-3 text-sm absolute top-2 right-2" data-testid="copy-config-btn">≡ƒôï Copy</button></div></div></div></div></div></div></main></div><div class="h-7 flex-shrink-0 border-t border-[rgb(var(--border-subtle))] bg-[rgb(var(--surface))] px-4"><div class="flex h-full items-center justify-between text-xs text-[rgb(var(--muted))]"><div class="flex items-center gap-4"><span class="flex items-center gap-1.5"><span class="h-2 w-2 rounded-full bg-green-500"></span>Gateway Active</span><span>Active Space: Personal</span></div><div class="flex items-center gap-4"><span>5 Servers ΓÇó 97 Tools</span></div></div></div></div></div>
[0-2] 
[0-2]   
[0-2] 
[0-2] </body></html>
[0-2] 2026-02-01T11:24:52.950Z INFO webdriver: COMMAND executeScript(<fn>, <object>)
[0-2] 2026-02-01T11:24:52.951Z INFO webdriver: [POST] http://localhost:4444/session/774eca2810947fb445075fac237baf4d/execute/sync
[0-2] 2026-02-01T11:24:52.951Z INFO webdriver: DATA {"script":"\n            function webdriverioPolyfill() {\n  var __defProp = Object.defineProperty;\n  var __name = function(target, _value) {\n    return __defProp(target, \"name\", { value: _value, configurable: true });\n  };\n  var __globalThis = typeof globalThis === \"object\" && globalThis || typeof window === \"object\" && window;\n  __globalThis.__name = __name;\n}\n            webdriverioPolyfill();\n            return (async(cmd,cmdArgs)=>{if(!window.__TAURI_TEST_API__){throw new Error(\"Tauri Test API not available\")}return window.__TAURI_TEST_API__.invoke(cmd,cmdArgs)}).apply(null, arguments)\n        ","args":["disable_server_v2",{"spaceId":"97ecb604-4b50-4fb2-962a-acb3c9cccd2f","serverId":"echo-server"}]}
[0-2] 2026-02-01T11:24:52.978Z INFO webdriver: RESULT null
[0-2] 2026-02-01T11:24:52.979Z INFO webdriver: COMMAND takeScreenshot()
[0-2] 2026-02-01T11:24:52.979Z INFO webdriver: [GET] http://localhost:4444/session/774eca2810947fb445075fac237baf4d/screenshot
[0-2] 2026-02-01T11:24:53.157Z INFO webdriver: RESULT iVBORw0KGgoAAAANSUhEUgAACWAAAAWmCAIAAACDPgzkAAAQAElEQVR4nOzdC...
[0-2] 2026-02-01T11:24:54.989Z INFO webdriver: COMMAND refresh()
[0-2] 2026-02-01T11:24:54.990Z INFO webdriver: [POST] http://localhost:4444/session/774eca2810947fb445075fac237baf4d/refresh
[0-2] 2026-02-01T11:24:54.990Z INFO webdriver: DATA {}
[0-2] 2026-02-01T11:24:55.087Z INFO webdriver: RESULT null
[0-2] 2026-02-01T11:24:55.088Z INFO webdriver: COMMAND takeScreenshot()
[0-2] 2026-02-01T11:24:55.089Z INFO webdriver: [GET] http://localhost:4444/session/774eca2810947fb445075fac237baf4d/screenshot
[0-2] 2026-02-01T11:24:55.318Z INFO webdriver: RESULT iVBORw0KGgoAAAANSUhEUgAACWAAAAWmCAIAAACDPgzkAAAQAElEQVR4nOzdC...
[0-2] 2026-02-01T11:24:57.101Z INFO webdriver: COMMAND takeScreenshot()
[0-2] 2026-02-01T11:24:57.103Z INFO webdriver: [GET] http://localhost:4444/session/774eca2810947fb445075fac237baf4d/screenshot
[0-2] 2026-02-01T11:24:57.346Z INFO webdriver: RESULT iVBORw0KGgoAAAANSUhEUgAACWAAAAWmCAIAAACDPgzkAAAQAElEQVR4nOzdC...
[0-2] 2026-02-01T11:24:57.350Z INFO webdriver: COMMAND getPageSource()
[0-2] 2026-02-01T11:24:57.351Z INFO webdriver: [GET] http://localhost:4444/session/774eca2810947fb445075fac237baf4d/source
[0-2] 2026-02-01T11:24:57.363Z INFO webdriver: RESULT <html lang="en"><head>
[0-2]     <meta charset="UTF-8">
[0-2]     <link rel="icon" type="image/svg+xml" href="/mcpmux.svg">
[0-2]     <meta name="viewport" content="width=device-width, initial-scale=1.0">
[0-2]     <title>McpMux</title>
[0-2]     <script type="module" crossorigin="" src="/assets/index-CiZJOwjC.js"></script>
[0-2]     <link rel="stylesheet" crossorigin="" href="/assets/index-Df7hU3Vb.css">
[0-2]   </head>
[0-2] 
[0-2]   <body>
[0-2]     <div id="root"><div class="flex h-screen flex-col overflow-hidden bg-[rgb(var(--background))]"><div class="drag-region h-8 flex-shrink-0 bg-[rgb(var(--surface))] border-b border-[rgb(var(--border-subtle))]"></div><div class="flex flex-1 overflow-hidden"><aside class="w-60 flex-shrink-0 border-r border-[rgb(var(--border-subtle))]"><nav class="flex h-full flex-col bg-[rgb(var(--surface))]"><div class="flex-shrink-0 p-4 border-b border-[rgb(var(--border-subtle))]"><div class="space-y-3"><div class="flex items-center justify-between"><div class="flex items-center gap-2"><svg xmlns="http://www.w3.org/2000/svg" width="24" height="24" viewBox="0 0 24 24" fill="none" stroke="currentColor" stroke-width="2" stroke-linecap="round" stroke-linejoin="round" class="lucide lucide-zap h-6 w-6 text-primary-500" aria-hidden="true"><path d="M4 14a1 1 0 0 1-.78-1.63l9.9-10.2a.5.5 0 0 1 .86.46l-1.92 6.02A1 1 0 0 0 13 10h7a1 1 0 0 1 .78 1.63l-9.9 10.2a.5.5 0 0 1-.86-.46l1.92-6.02A1 1 0 0 0 11 14z"></path></svg><span class="font-bold text-lg">McpMux</span></div><button class="p-1.5 rounded-lg hover:bg-surface-hover transition-colors" title="Dark mode"><svg xmlns="http://www.w3.org/2000/svg" width="24" height="24" viewBox="0 0 24 24" fill="none" stroke="currentColor" stroke-width="2" stroke-linecap="round" stroke-linejoin="round" class="lucide lucide-moon h-4 w-4" aria-hidden="true"><path d="M20.985 12.486a9 9 0 1 1-9.473-9.472c.405-.022.617.46.402.803a6 6 0 0 0 8.268 8.268c.344-.215.825-.004.803.401"></path></svg></button></div><div class="relative w-full"><button class="w-full flex items-center justify-between gap-2 px-3 py-2.5 rounded-xl border border-[rgb(var(--border))] bg-[rgb(var(--surface))] hover:bg-[rgb(var(--surface-hover))] hover:border-[rgb(var(--primary))/30] transition-all duration-150 group"><span class="flex items-center gap-3 min-w-0"><span class="text-xl">≡ƒÅá</span><span class="font-medium text-sm truncate">Personal</span></span><svg xmlns="http://www.w3.org/2000/svg" width="24" height="24" viewBox="0 0 24 24" fill="none" stroke="currentColor" stroke-width="2" stroke-linecap="round" stroke-linejoin="round" class="lucide lucide-chevron-down h-4 w-4 flex-shrink-0 text-[rgb(var(--muted))] group-hover:text-[rgb(var(--foreground))] transition-all duration-200" aria-hidden="true"><path d="m6 9 6 6 6-6"></path></svg></button></div></div></div><div class="flex-1 overflow-y-auto p-3"><div class="mb-6"><div class="space-y-0.5"><button data-testid="nav-dashboard" class="flex w-full items-center gap-3 rounded-lg px-3 py-2.5 text-sm font-medium transition-all duration-150 hover:text-[rgb(var(--foreground))] bg-[rgb(var(--primary))/10] text-[rgb(var(--primary))] hover:bg-[rgb(var(--primary))/15]"><span class="h-5 w-5 flex items-center justify-center transition-colors text-[rgb(var(--primary))]"><svg xmlns="http://www.w3.org/2000/svg" width="24" height="24" viewBox="0 0 24 24" fill="none" stroke="currentColor" stroke-width="2" stroke-linecap="round" stroke-linejoin="round" class="lucide lucide-house h-4 w-4" aria-hidden="true"><path d="M15 21v-8a1 1 0 0 0-1-1h-4a1 1 0 0 0-1 1v8"></path><path d="M3 10a2 2 0 0 1 .709-1.528l7-6a2 2 0 0 1 2.582 0l7 6A2 2 0 0 1 21 10v9a2 2 0 0 1-2 2H5a2 2 0 0 1-2-2z"></path></svg></span><span>Dashboard</span></button><button data-testid="nav-my-servers" class="flex w-full items-center gap-3 rounded-lg px-3 py-2.5 text-sm font-medium transition-all duration-150 text-[rgb(var(--muted))] hover:text-[rgb(var(--foreground))] hover:bg-[rgb(var(--surface-hover))]"><span class="h-5 w-5 flex items-center justify-center transition-colors"><svg xmlns="http://www.w3.org/2000/svg" width="24" height="24" viewBox="0 0 24 24" fill="none" stroke="currentColor" stroke-width="2" stroke-linecap="round" stroke-linejoin="round" class="lucide lucide-zap h-4 w-4" aria-hidden="true"><path d="M4 14a1 1 0 0 1-.78-1.63l9.9-10.2a.5.5 0 0 1 .86.46l-1.92 6.02A1 1 0 0 0 13 10h7a1 1 0 0 1 .78 1.63l-9.9 10.2a.5.5 0 0 1-.86-.46l1.92-6.02A1 1 0 0 0 11 14z"></path></svg></span><span>My Servers</span></button><button data-testid="nav-discover" class="flex w-full items-center gap-3 rounded-lg px-3 py-2.5 text-sm font-medium transition-all duration-150 text-[rgb(var(--muted))] hover:text-[rgb(var(--foreground))] hover:bg-[rgb(var(--surface-hover))]"><span class="h-5 w-5 flex items-center justify-center transition-colors"><svg xmlns="http://www.w3.org/2000/svg" width="24" height="24" viewBox="0 0 24 24" fill="none" stroke="currentColor" stroke-width="2" stroke-linecap="round" stroke-linejoin="round" class="lucide lucide-server h-4 w-4" aria-hidden="true"><rect width="20" height="8" x="2" y="2" rx="2" ry="2"></rect><rect width="20" height="8" x="2" y="14" rx="2" ry="2"></rect><line x1="6" x2="6.01" y1="6" y2="6"></line><line x1="6" x2="6.01" y1="18" y2="18"></line></svg></span><span>Discover</span></button></div></div><div class="mb-6"><h3 class="mb-2 px-3 text-[11px] font-semibold uppercase tracking-wider text-[rgb(var(--muted-foreground))]">Workspaces</h3><div class="space-y-0.5"><button data-testid="nav-spaces" class="flex w-full items-center gap-3 rounded-lg px-3 py-2.5 text-sm font-medium transition-all duration-150 text-[rgb(var(--muted))] hover:text-[rgb(var(--foreground))] hover:bg-[rgb(var(--surface-hover))]"><span class="h-5 w-5 flex items-center justify-center transition-colors"><svg xmlns="http://www.w3.org/2000/svg" width="24" height="24" viewBox="0 0 24 24" fill="none" stroke="currentColor" stroke-width="2" stroke-linecap="round" stroke-linejoin="round" class="lucide lucide-globe h-4 w-4" aria-hidden="true"><circle cx="12" cy="12" r="10"></circle><path d="M12 2a14.5 14.5 0 0 0 0 20 14.5 14.5 0 0 0 0-20"></path><path d="M2 12h20"></path></svg></span><span>Spaces</span></button><button data-testid="nav-featuresets" class="flex w-full items-center gap-3 rounded-lg px-3 py-2.5 text-sm font-medium transition-all duration-150 text-[rgb(var(--muted))] hover:text-[rgb(var(--foreground))] hover:bg-[rgb(var(--surface-hover))]"><span class="h-5 w-5 flex items-center justify-center transition-colors"><svg xmlns="http://www.w3.org/2000/svg" width="24" height="24" viewBox="0 0 24 24" fill="none" stroke="currentColor" stroke-width="2" stroke-linecap="round" stroke-linejoin="round" class="lucide lucide-wrench h-4 w-4" aria-hidden="true"><path d="M14.7 6.3a1 1 0 0 0 0 1.4l1.6 1.6a1 1 0 0 0 1.4 0l3.106-3.105c.32-.322.863-.22.983.218a6 6 0 0 1-8.259 7.057l-7.91 7.91a1 1 0 0 1-2.999-3l7.91-7.91a6 6 0 0 1 7.057-8.259c.438.12.54.662.219.984z"></path></svg></span><span>FeatureSets</span></button></div></div><div class="mb-6"><h3 class="mb-2 px-3 text-[11px] font-semibold uppercase tracking-wider text-[rgb(var(--muted-foreground))]">Connections</h3><div class="space-y-0.5"><button data-testid="nav-clients" class="flex w-full items-center gap-3 rounded-lg px-3 py-2.5 text-sm font-medium transition-all duration-150 text-[rgb(var(--muted))] hover:text-[rgb(var(--foreground))] hover:bg-[rgb(var(--surface-hover))]"><span class="h-5 w-5 flex items-center justify-center transition-colors"><svg xmlns="http://www.w3.org/2000/svg" width="24" height="24" viewBox="0 0 24 24" fill="none" stroke="currentColor" stroke-width="2" stroke-linecap="round" stroke-linejoin="round" class="lucide lucide-monitor h-4 w-4" aria-hidden="true"><rect width="20" height="14" x="2" y="3" rx="2"></rect><line x1="8" x2="16" y1="21" y2="21"></line><line x1="12" x2="12" y1="17" y2="21"></line></svg></span><span>Clients</span></button></div></div><div class="mb-6"><div class="space-y-0.5"><button data-testid="nav-settings" class="flex w-full items-center gap-3 rounded-lg px-3 py-2.5 text-sm font-medium transition-all duration-150 text-[rgb(var(--muted))] hover:text-[rgb(var(--foreground))] hover:bg-[rgb(var(--surface-hover))]"><span class="h-5 w-5 flex items-center justify-center transition-colors"><svg xmlns="http://www.w3.org/2000/svg" width="24" height="24" viewBox="0 0 24 24" fill="none" stroke="currentColor" stroke-width="2" stroke-linecap="round" stroke-linejoin="round" class="lucide lucide-settings h-4 w-4" aria-hidden="true"><path d="M9.671 4.136a2.34 2.34 0 0 1 4.659 0 2.34 2.34 0 0 0 3.319 1.915 2.34 2.34 0 0 1 2.33 4.033 2.34 2.34 0 0 0 0 3.831 2.34 2.34 0 0 1-2.33 4.033 2.34 2.34 0 0 0-3.319 1.915 2.34 2.34 0 0 1-4.659 0 2.34 2.34 0 0 0-3.32-1.915 2.34 2.34 0 0 1-2.33-4.033 2.34 2.34 0 0 0 0-3.831A2.34 2.34 0 0 1 6.35 6.051a2.34 2.34 0 0 0 3.319-1.915"></path><circle cx="12" cy="12" r="3"></circle></svg></span><span>Settings</span></button></div></div></div><div class="flex-shrink-0 p-4 border-t border-[rgb(var(--border-subtle))]"><div class="text-xs text-[rgb(var(--muted))]"><div>McpMux v0.1.0</div><div>Gateway: localhost:9315</div></div></div></nav></aside><main class="flex-1 overflow-auto p-6 bg-[rgb(var(--background))]"><div class="animate-fade-in"><div class="space-y-6"><div><h1 class="text-2xl font-bold">Dashboard</h1><p class="text-[rgb(var(--muted))]">Welcome to McpMux - your centralized MCP server manager.</p></div><div class="rounded-xl border bg-[rgb(var(--card))] p-6 shadow-[0_1px_3px_0_rgb(0_0_0/0.1),0_1px_2px_-1px_rgb(0_0_0/0.1)] dark:shadow-[0_1px_3px_0_rgb(0_0_0/0.3),0_1px_2px_-1px_rgb(0_0_0/0.2)] border-green-500" data-testid="gateway-status-card"><div class="flex items-center justify-between py-3"><div class="flex items-center gap-3"><span class="h-3 w-3 rounded-full bg-green-500" data-testid="gateway-status-indicator"></span><div><span class="font-medium" data-testid="gateway-status-text">Gateway: Running</span><span class="text-sm text-[rgb(var(--muted))] ml-2" data-testid="gateway-url">http://localhost:45818</span></div></div><button class="inline-flex items-center justify-center gap-2 rounded-lg font-medium transition-all duration-150 ease-out focus-visible:outline-none focus-visible:ring-2 focus-visible:ring-[rgb(var(--primary))] focus-visible:ring-offset-2 disabled:pointer-events-none disabled:opacity-50 active:scale-[0.98] text-[rgb(var(--foreground))] hover:bg-[rgb(var(--surface-hover))] h-8 px-3 text-sm" data-testid="gateway-toggle-btn">Stop</button></div></div><div class="grid grid-cols-1 md:grid-cols-2 lg:grid-cols-4 gap-4" data-testid="dashboard-stats-grid"><div class="rounded-xl border border-[rgb(var(--border-subtle))] bg-[rgb(var(--card))] p-6 shadow-[0_1px_3px_0_rgb(0_0_0/0.1),0_1px_2px_-1px_rgb(0_0_0/0.1)] dark:shadow-[0_1px_3px_0_rgb(0_0_0/0.3),0_1px_2px_-1px_rgb(0_0_0/0.2)]" data-testid="stat-servers"><div class="mb-4"><h3 class="font-semibold text-[rgb(var(--card-foreground))] flex items-center gap-2 text-base"><svg xmlns="http://www.w3.org/2000/svg" width="24" height="24" viewBox="0 0 24 24" fill="none" stroke="currentColor" stroke-width="2" stroke-linecap="round" stroke-linejoin="round" class="lucide lucide-server h-5 w-5 text-primary-500" aria-hidden="true"><rect width="20" height="8" x="2" y="2" rx="2" ry="2"></rect><rect width="20" height="8" x="2" y="14" rx="2" ry="2"></rect><line x1="6" x2="6.01" y1="6" y2="6"></line><line x1="6" x2="6.01" y1="18" y2="18"></line></svg>Servers</h3></div><div class=""><div class="text-3xl font-bold" data-testid="stat-servers-value">1/2</div><div class="text-sm text-[rgb(var(--muted))]">Connected / Installed</div></div></div><div class="rounded-xl border border-[rgb(var(--border-subtle))] bg-[rgb(var(--card))] p-6 shadow-[0_1px_3px_0_rgb(0_0_0/0.1),0_1px_2px_-1px_rgb(0_0_0/0.1)] dark:shadow-[0_1px_3px_0_rgb(0_0_0/0.3),0_1px_2px_-1px_rgb(0_0_0/0.2)]" data-testid="stat-featuresets"><div class="mb-4"><h3 class="font-semibold text-[rgb(var(--card-foreground))] flex items-center gap-2 text-base"><svg xmlns="http://www.w3.org/2000/svg" width="24" height="24" viewBox="0 0 24 24" fill="none" stroke="currentColor" stroke-width="2" stroke-linecap="round" stroke-linejoin="round" class="lucide lucide-wrench h-5 w-5 text-primary-500" aria-hidden="true"><path d="M14.7 6.3a1 1 0 0 0 0 1.4l1.6 1.6a1 1 0 0 0 1.4 0l3.106-3.105c.32-.322.863-.22.983.218a6 6 0 0 1-8.259 7.057l-7.91 7.91a1 1 0 0 1-2.999-3l7.91-7.91a6 6 0 0 1 7.057-8.259c.438.12.54.662.219.984z"></path></svg>FeatureSets</h3></div><div class=""><div class="text-3xl font-bold" data-testid="stat-featuresets-value">2</div><div class="text-sm text-[rgb(var(--muted))]">Permission bundles</div></div></div><div class="rounded-xl border border-[rgb(var(--border-subtle))] bg-[rgb(var(--card))] p-6 shadow-[0_1px_3px_0_rgb(0_0_0/0.1),0_1px_2px_-1px_rgb(0_0_0/0.1)] dark:shadow-[0_1px_3px_0_rgb(0_0_0/0.3),0_1px_2px_-1px_rgb(0_0_0/0.2)]" data-testid="stat-clients"><div class="mb-4"><h3 class="font-semibold text-[rgb(var(--card-foreground))] flex items-center gap-2 text-base"><svg xmlns="http://www.w3.org/2000/svg" width="24" height="24" viewBox="0 0 24 24" fill="none" stroke="currentColor" stroke-width="2" stroke-linecap="round" stroke-linejoin="round" class="lucide lucide-monitor h-5 w-5 text-primary-500" aria-hidden="true"><rect width="20" height="14" x="2" y="3" rx="2"></rect><line x1="8" x2="16" y1="21" y2="21"></line><line x1="12" x2="12" y1="17" y2="21"></line></svg>Clients</h3></div><div class=""><div class="text-3xl font-bold" data-testid="stat-clients-value">1</div><div class="text-sm text-[rgb(var(--muted))]">Registered AI clients</div></div></div><div class="rounded-xl border border-[rgb(var(--border-subtle))] bg-[rgb(var(--card))] p-6 shadow-[0_1px_3px_0_rgb(0_0_0/0.1),0_1px_2px_-1px_rgb(0_0_0/0.1)] dark:shadow-[0_1px_3px_0_rgb(0_0_0/0.3),0_1px_2px_-1px_rgb(0_0_0/0.2)]" data-testid="stat-active-space"><div class="mb-4"><h3 class="font-semibold text-[rgb(var(--card-foreground))] flex items-center gap-2 text-base"><svg xmlns="http://www.w3.org/2000/svg" width="24" height="24" viewBox="0 0 24 24" fill="none" stroke="currentColor" stroke-width="2" stroke-linecap="round" stroke-linejoin="round" class="lucide lucide-globe h-5 w-5 text-primary-500" aria-hidden="true"><circle cx="12" cy="12" r="10"></circle><path d="M12 2a14.5 14.5 0 0 0 0 20 14.5 14.5 0 0 0 0-20"></path><path d="M2 12h20"></path></svg>Active Space</h3></div><div class=""><div class="text-xl font-bold truncate" data-testid="stat-active-space-value">≡ƒÅá Personal</div><div class="text-sm text-[rgb(var(--muted))]">Current context</div></div></div></div><div class="rounded-xl border border-[rgb(var(--border-subtle))] bg-[rgb(var(--card))] p-6 shadow-[0_1px_3px_0_rgb(0_0_0/0.1),0_1px_2px_-1px_rgb(0_0_0/0.1)] dark:shadow-[0_1px_3px_0_rgb(0_0_0/0.3),0_1px_2px_-1px_rgb(0_0_0/0.2)]"><div class="mb-4"><h3 class="text-lg font-semibold text-[rgb(var(--card-foreground))]">Connect Your Client</h3><p class="text-sm text-[rgb(var(--muted))] mt-1">Add this server configuration to your MCP client settings (e.g., inside mcpServers section).</p></div><div class=""><div class="space-y-4"><div class="flex items-center gap-2 text-sm"><span class="h-2 w-2 rounded-full bg-green-500"></span><span class="text-[rgb(var(--muted))]">Gateway:</span><code class="bg-[var(--surface)] px-2 py-1 rounded text-cyan-500">http://localhost:45818</code></div><div class="relative"><pre class="bg-slate-900 text-slate-100 p-4 rounded-lg text-sm overflow-x-auto font-mono">"mcpmux": {
[0-2]   "url": "http://localhost:45818/mcp"
[0-2] }</pre><button class="inline-flex items-center justify-center gap-2 rounded-lg font-medium transition-all duration-150 ease-out focus-visible:outline-none focus-visible:ring-2 focus-visible:ring-[rgb(var(--primary))] focus-visible:ring-offset-2 disabled:pointer-events-none disabled:opacity-50 active:scale-[0.98] bg-[rgb(var(--surface-active))] text-[rgb(var(--foreground))] hover:bg-[rgb(var(--surface-hover))] border border-[rgb(var(--border))] h-8 px-3 text-sm absolute top-2 right-2" data-testid="copy-config-btn">≡ƒôï Copy</button></div></div></div></div></div></div></main></div><div class="h-7 flex-shrink-0 border-t border-[rgb(var(--border-subtle))] bg-[rgb(var(--surface))] px-4"><div class="flex h-full items-center justify-between text-xs text-[rgb(var(--muted))]"><div class="flex items-center gap-4"><span class="flex items-center gap-1.5"><span class="h-2 w-2 rounded-full bg-green-500"></span>Gateway Active</span><span>Active Space: Personal</span></div><div class="flex items-center gap-4"><span>5 Servers ΓÇó 97 Tools</span></div></div></div></div></div>
[0-2] 
[0-2]   
[0-2] 
[0-2] </body></html>
[0-2] [test] Server disabled state: true
[0-2] 2026-02-01T11:24:57.367Z INFO webdriver: COMMAND executeScript(<fn>, <object>)
[0-2] 2026-02-01T11:24:57.367Z INFO webdriver: [POST] http://localhost:4444/session/774eca2810947fb445075fac237baf4d/execute/sync
[0-2] 2026-02-01T11:24:57.367Z INFO webdriver: DATA {"script":"\n            function webdriverioPolyfill() {\n  var __defProp = Object.defineProperty;\n  var __name = function(target, _value) {\n    return __defProp(target, \"name\", { value: _value, configurable: true });\n  };\n  var __globalThis = typeof globalThis === \"object\" && globalThis || typeof window === \"object\" && window;\n  __globalThis.__name = __name;\n}\n            webdriverioPolyfill();\n            return (async(cmd,cmdArgs)=>{if(!window.__TAURI_TEST_API__){throw new Error(\"Tauri Test API not available\")}return window.__TAURI_TEST_API__.invoke(cmd,cmdArgs)}).apply(null, arguments)\n        ","args":["uninstall_server",{"id":"echo-server","spaceId":"97ecb604-4b50-4fb2-962a-acb3c9cccd2f"}]}
[0-2] 2026-02-01T11:24:57.400Z INFO webdriver: RESULT null
[0-2] 2026-02-01T11:24:57.401Z INFO webdriver: COMMAND executeScript(<fn>, <object>)
[0-2] 2026-02-01T11:24:57.402Z INFO webdriver: [POST] http://localhost:4444/session/774eca2810947fb445075fac237baf4d/execute/sync
[0-2] 2026-02-01T11:24:57.402Z INFO webdriver: DATA {"script":"\n            function webdriverioPolyfill() {\n  var __defProp = Object.defineProperty;\n  var __name = function(target, _value) {\n    return __defProp(target, \"name\", { value: _value, configurable: true });\n  };\n  var __globalThis = typeof globalThis === \"object\" && globalThis || typeof window === \"object\" && window;\n  __globalThis.__name = __name;\n}\n            webdriverioPolyfill();\n            return (async(cmd,cmdArgs)=>{if(!window.__TAURI_TEST_API__){throw new Error(\"Tauri Test API not available\")}return window.__TAURI_TEST_API__.invoke(cmd,cmdArgs)}).apply(null, arguments)\n        ","args":["list_installed_servers",{"spaceId":"97ecb604-4b50-4fb2-962a-acb3c9cccd2f"}]}
[0-2] 2026-02-01T11:24:57.404Z INFO webdriver: COMMAND takeScreenshot()
[0-2] 2026-02-01T11:24:57.404Z INFO webdriver: [GET] http://localhost:4444/session/774eca2810947fb445075fac237baf4d/screenshot
[0-2] 2026-02-01T11:24:57.604Z INFO webdriver: RESULT iVBORw0KGgoAAAANSUhEUgAACWAAAAWmCAIAAACDPgzkAAAQAElEQVR4nOzdC...
[0-2] 2026-02-01T11:24:57.611Z INFO webdriver: RESULT [
[0-2]   {
[0-2]     args_append: [],
[0-2]     cached_definition: '{"id":"directory-server","name":"Directory Server","description":"Server with directory path input for testing path inputs","alias":"dir","auth":{"type":"none"},"icon":"≡ƒôé","transport":{"type":"stdio","command":"node","args":["--experimental-strip-types","tests/e2e/mocks/stub-mcp-server/stdio-server.ts","${input:DIRECTORY}"],"env":{},"metadata":{"inputs":[{"id":"DIRECTORY","label":"Target Directory","type":"text","required":true,"secret":false,"description":"Directory path to operate on","placeholder":"C:\\\\Users\\\\test","obtain_url":null,"obtain_instructions":null}]}},"categories":["file-system"],"publisher":{"name":"McpMux Test","domain":null,"verified":true,"official":false},"source":{"type":"Registry","url":"http://localhost:8787","name":"McpMux Registry"}}',
[0-2]     created_at: '2026-02-01T11:22:39.843031900Z',
[0-2]     enabled: false,
[0-2]     env_overrides: {},
[0-2]     extra_headers: {},
[0-2]     id: '2c3daf92-0e7a-4035-b3ba-f224b8026f40',
[0-2]     input_values: {},
[0-2]     oauth_connected: false,
[0-2]     server_id: 'directory-server',
[0-2]     server_name: 'Directory Server',
[0-2]     source: { type: 'registry' },
[0-2]     space_id: '97ecb604-4b50-4fb2-962a-acb3c9cccd2f',
[0-2]     updated_at: '2026-02-01T11:22:39.843031900Z'
[0-2]   }
[0-2] ]
[0-2] 2026-02-01T11:24:57.613Z INFO webdriver: COMMAND takeScreenshot()
[0-2] 2026-02-01T11:24:57.613Z INFO webdriver: [GET] http://localhost:4444/session/774eca2810947fb445075fac237baf4d/screenshot
[0-2] 2026-02-01T11:24:57.615Z INFO webdriver: COMMAND executeScript(<fn>, <object>)
[0-2] 2026-02-01T11:24:57.616Z INFO webdriver: [POST] http://localhost:4444/session/774eca2810947fb445075fac237baf4d/execute/sync
[0-2] 2026-02-01T11:24:57.616Z INFO webdriver: DATA {"script":"\n            function webdriverioPolyfill() {\n  var __defProp = Object.defineProperty;\n  var __name = function(target, _value) {\n    return __defProp(target, \"name\", { value: _value, configurable: true });\n  };\n  var __globalThis = typeof globalThis === \"object\" && globalThis || typeof window === \"object\" && window;\n  __globalThis.__name = __name;\n}\n            webdriverioPolyfill();\n            return (async(cmd,cmdArgs)=>{if(!window.__TAURI_TEST_API__){throw new Error(\"Tauri Test API not available\")}return window.__TAURI_TEST_API__.invoke(cmd,cmdArgs)}).apply(null, arguments)\n        ","args":["get_active_space",{}]}
[0-2] 2026-02-01T11:24:57.859Z INFO webdriver: RESULT iVBORw0KGgoAAAANSUhEUgAACWAAAAWmCAIAAACDPgzkAAAQAElEQVR4nOzdC...
[0-2] 2026-02-01T11:24:57.862Z INFO webdriver: RESULT {
[0-2]   created_at: '2026-02-01T10:14:28.868166400Z',
[0-2]   description: null,
[0-2]   icon: '≡ƒÅá',
[0-2]   id: '97ecb604-4b50-4fb2-962a-acb3c9cccd2f',
[0-2]   is_default: true,
[0-2]   name: 'Personal',
[0-2]   sort_order: 0,
[0-2]   updated_at: '2026-02-01T10:14:28.868166400Z'
[0-2] }
[0-2] 2026-02-01T11:24:57.866Z INFO webdriver: COMMAND takeScreenshot()
[0-2] 2026-02-01T11:24:57.867Z INFO webdriver: [GET] http://localhost:4444/session/774eca2810947fb445075fac237baf4d/screenshot
[0-2] 2026-02-01T11:24:57.869Z INFO webdriver: COMMAND executeScript(<fn>, <object>)
[0-2] 2026-02-01T11:24:57.870Z INFO webdriver: [POST] http://localhost:4444/session/774eca2810947fb445075fac237baf4d/execute/sync
[0-2] 2026-02-01T11:24:57.870Z INFO webdriver: DATA {"script":"\n            function webdriverioPolyfill() {\n  var __defProp = Object.defineProperty;\n  var __name = function(target, _value) {\n    return __defProp(target, \"name\", { value: _value, configurable: true });\n  };\n  var __globalThis = typeof globalThis === \"object\" && globalThis || typeof window === \"object\" && window;\n  __globalThis.__name = __name;\n}\n            webdriverioPolyfill();\n            return (async(cmd,cmdArgs)=>{if(!window.__TAURI_TEST_API__){throw new Error(\"Tauri Test API not available\")}return window.__TAURI_TEST_API__.invoke(cmd,cmdArgs)}).apply(null, arguments)\n        ","args":["create_feature_set",{"input":{"name":"Test Custom FeatureSet","space_id":"97ecb604-4b50-4fb2-962a-acb3c9cccd2f","description":"Created by E2E test"}}]}
[0-2] 2026-02-01T11:24:58.049Z INFO webdriver: RESULT iVBORw0KGgoAAAANSUhEUgAACWAAAAWmCAIAAACDPgzkAAAQAElEQVR4nOzdC...
[0-2] 2026-02-01T11:24:58.064Z INFO webdriver: RESULT {
[0-2]   description: 'Created by E2E test',
[0-2]   feature_set_type: 'custom',
[0-2]   icon: null,
[0-2]   id: '15626cee-79ca-4949-b214-5fd44eecba91',
[0-2]   is_builtin: false,
[0-2]   is_deleted: false,
[0-2]   members: [],
[0-2]   name: 'Test Custom FeatureSet',
[0-2]   server_id: null,
[0-2]   space_id: '97ecb604-4b50-4fb2-962a-acb3c9cccd2f'
[0-2] }
[0-2] [test] Created FeatureSet: 15626cee-79ca-4949-b214-5fd44eecba91
[0-2] 2026-02-01T11:24:58.066Z INFO webdriver: COMMAND takeScreenshot()
[0-2] 2026-02-01T11:24:58.067Z INFO webdriver: [GET] http://localhost:4444/session/774eca2810947fb445075fac237baf4d/screenshot
[0-2] 2026-02-01T11:24:58.076Z INFO webdriver: COMMAND findElement("css selector", "[data-testid="nav-featuresets"]")
[0-2] 2026-02-01T11:24:58.076Z INFO webdriver: [POST] http://localhost:4444/session/774eca2810947fb445075fac237baf4d/element
[0-2] 2026-02-01T11:24:58.077Z INFO webdriver: DATA {"using":"css selector","value":"[data-testid=\"nav-featuresets\"]"}
[0-2] 2026-02-01T11:24:58.290Z INFO webdriver: RESULT iVBORw0KGgoAAAANSUhEUgAACWAAAAWmCAIAAACDPgzkAAAQAElEQVR4nOzdC...
[0-2] 2026-02-01T11:24:58.298Z INFO webdriver: RESULT {
[0-2]   'element-6066-11e4-a52e-4f735466cecf': 'f.8C5308B497F5F613DFA5106FEC5C81D1.d.D66E1D8E6E0AB6A7CC6856E18138E617.e.219'
[0-2] }
[0-2] 2026-02-01T11:24:58.302Z INFO webdriver: COMMAND elementClick("f.8C5308B497F5F613DFA5106FEC5C81D1.d.D66E1D8E6E0AB6A7CC6856E18138E617.e.219")
[0-2] 2026-02-01T11:24:58.302Z INFO webdriver: [POST] http://localhost:4444/session/774eca2810947fb445075fac237baf4d/element/f.8C5308B497F5F613DFA5106FEC5C81D1.d.D66E1D8E6E0AB6A7CC6856E18138E617.e.219/click
[0-2] 2026-02-01T11:24:58.302Z INFO webdriver: DATA {}
[0-2] 2026-02-01T11:24:58.444Z INFO webdriver: RESULT null
[0-2] 2026-02-01T11:24:58.445Z INFO webdriver: COMMAND takeScreenshot()
[0-2] 2026-02-01T11:24:58.445Z INFO webdriver: [GET] http://localhost:4444/session/774eca2810947fb445075fac237baf4d/screenshot
[0-2] 2026-02-01T11:24:58.668Z INFO webdriver: RESULT iVBORw0KGgoAAAANSUhEUgAACWAAAAWmCAIAAACDPgzkAAAQAElEQVR4nOzdB...
[0-2] 2026-02-01T11:25:00.451Z INFO webdriver: COMMAND takeScreenshot()
[0-2] 2026-02-01T11:25:00.452Z INFO webdriver: [GET] http://localhost:4444/session/774eca2810947fb445075fac237baf4d/screenshot
[0-2] 2026-02-01T11:25:00.655Z INFO webdriver: RESULT iVBORw0KGgoAAAANSUhEUgAACWAAAAWmCAIAAACDPgzkAAAQAElEQVR4nOzdB...
[0-2] 2026-02-01T11:25:00.657Z INFO webdriver: COMMAND getPageSource()
[0-2] 2026-02-01T11:25:00.658Z INFO webdriver: [GET] http://localhost:4444/session/774eca2810947fb445075fac237baf4d/source
[0-2] 2026-02-01T11:25:00.665Z INFO webdriver: RESULT <html lang="en"><head>
[0-2]     <meta charset="UTF-8">
[0-2]     <link rel="icon" type="image/svg+xml" href="/mcpmux.svg">
[0-2]     <meta name="viewport" content="width=device-width, initial-scale=1.0">
[0-2]     <title>McpMux</title>
[0-2]     <script type="module" crossorigin="" src="/assets/index-CiZJOwjC.js"></script>
[0-2]     <link rel="stylesheet" crossorigin="" href="/assets/index-Df7hU3Vb.css">
[0-2]   </head>
[0-2] 
[0-2]   <body>
[0-2]     <div id="root"><div class="flex h-screen flex-col overflow-hidden bg-[rgb(var(--background))]"><div class="drag-region h-8 flex-shrink-0 bg-[rgb(var(--surface))] border-b border-[rgb(var(--border-subtle))]"></div><div class="flex flex-1 overflow-hidden"><aside class="w-60 flex-shrink-0 border-r border-[rgb(var(--border-subtle))]"><nav class="flex h-full flex-col bg-[rgb(var(--surface))]"><div class="flex-shrink-0 p-4 border-b border-[rgb(var(--border-subtle))]"><div class="space-y-3"><div class="flex items-center justify-between"><div class="flex items-center gap-2"><svg xmlns="http://www.w3.org/2000/svg" width="24" height="24" viewBox="0 0 24 24" fill="none" stroke="currentColor" stroke-width="2" stroke-linecap="round" stroke-linejoin="round" class="lucide lucide-zap h-6 w-6 text-primary-500" aria-hidden="true"><path d="M4 14a1 1 0 0 1-.78-1.63l9.9-10.2a.5.5 0 0 1 .86.46l-1.92 6.02A1 1 0 0 0 13 10h7a1 1 0 0 1 .78 1.63l-9.9 10.2a.5.5 0 0 1-.86-.46l1.92-6.02A1 1 0 0 0 11 14z"></path></svg><span class="font-bold text-lg">McpMux</span></div><button class="p-1.5 rounded-lg hover:bg-surface-hover transition-colors" title="Dark mode"><svg xmlns="http://www.w3.org/2000/svg" width="24" height="24" viewBox="0 0 24 24" fill="none" stroke="currentColor" stroke-width="2" stroke-linecap="round" stroke-linejoin="round" class="lucide lucide-moon h-4 w-4" aria-hidden="true"><path d="M20.985 12.486a9 9 0 1 1-9.473-9.472c.405-.022.617.46.402.803a6 6 0 0 0 8.268 8.268c.344-.215.825-.004.803.401"></path></svg></button></div><div class="relative w-full"><button class="w-full flex items-center justify-between gap-2 px-3 py-2.5 rounded-xl border border-[rgb(var(--border))] bg-[rgb(var(--surface))] hover:bg-[rgb(var(--surface-hover))] hover:border-[rgb(var(--primary))/30] transition-all duration-150 group"><span class="flex items-center gap-3 min-w-0"><span class="text-xl">≡ƒÅá</span><span class="font-medium text-sm truncate">Personal</span></span><svg xmlns="http://www.w3.org/2000/svg" width="24" height="24" viewBox="0 0 24 24" fill="none" stroke="currentColor" stroke-width="2" stroke-linecap="round" stroke-linejoin="round" class="lucide lucide-chevron-down h-4 w-4 flex-shrink-0 text-[rgb(var(--muted))] group-hover:text-[rgb(var(--foreground))] transition-all duration-200" aria-hidden="true"><path d="m6 9 6 6 6-6"></path></svg></button></div></div></div><div class="flex-1 overflow-y-auto p-3"><div class="mb-6"><div class="space-y-0.5"><button data-testid="nav-dashboard" class="flex w-full items-center gap-3 rounded-lg px-3 py-2.5 text-sm font-medium transition-all duration-150 text-[rgb(var(--muted))] hover:text-[rgb(var(--foreground))] hover:bg-[rgb(var(--surface-hover))]"><span class="h-5 w-5 flex items-center justify-center transition-colors"><svg xmlns="http://www.w3.org/2000/svg" width="24" height="24" viewBox="0 0 24 24" fill="none" stroke="currentColor" stroke-width="2" stroke-linecap="round" stroke-linejoin="round" class="lucide lucide-house h-4 w-4" aria-hidden="true"><path d="M15 21v-8a1 1 0 0 0-1-1h-4a1 1 0 0 0-1 1v8"></path><path d="M3 10a2 2 0 0 1 .709-1.528l7-6a2 2 0 0 1 2.582 0l7 6A2 2 0 0 1 21 10v9a2 2 0 0 1-2 2H5a2 2 0 0 1-2-2z"></path></svg></span><span>Dashboard</span></button><button data-testid="nav-my-servers" class="flex w-full items-center gap-3 rounded-lg px-3 py-2.5 text-sm font-medium transition-all duration-150 text-[rgb(var(--muted))] hover:text-[rgb(var(--foreground))] hover:bg-[rgb(var(--surface-hover))]"><span class="h-5 w-5 flex items-center justify-center transition-colors"><svg xmlns="http://www.w3.org/2000/svg" width="24" height="24" viewBox="0 0 24 24" fill="none" stroke="currentColor" stroke-width="2" stroke-linecap="round" stroke-linejoin="round" class="lucide lucide-zap h-4 w-4" aria-hidden="true"><path d="M4 14a1 1 0 0 1-.78-1.63l9.9-10.2a.5.5 0 0 1 .86.46l-1.92 6.02A1 1 0 0 0 13 10h7a1 1 0 0 1 .78 1.63l-9.9 10.2a.5.5 0 0 1-.86-.46l1.92-6.02A1 1 0 0 0 11 14z"></path></svg></span><span>My Servers</span></button><button data-testid="nav-discover" class="flex w-full items-center gap-3 rounded-lg px-3 py-2.5 text-sm font-medium transition-all duration-150 text-[rgb(var(--muted))] hover:text-[rgb(var(--foreground))] hover:bg-[rgb(var(--surface-hover))]"><span class="h-5 w-5 flex items-center justify-center transition-colors"><svg xmlns="http://www.w3.org/2000/svg" width="24" height="24" viewBox="0 0 24 24" fill="none" stroke="currentColor" stroke-width="2" stroke-linecap="round" stroke-linejoin="round" class="lucide lucide-server h-4 w-4" aria-hidden="true"><rect width="20" height="8" x="2" y="2" rx="2" ry="2"></rect><rect width="20" height="8" x="2" y="14" rx="2" ry="2"></rect><line x1="6" x2="6.01" y1="6" y2="6"></line><line x1="6" x2="6.01" y1="18" y2="18"></line></svg></span><span>Discover</span></button></div></div><div class="mb-6"><h3 class="mb-2 px-3 text-[11px] font-semibold uppercase tracking-wider text-[rgb(var(--muted-foreground))]">Workspaces</h3><div class="space-y-0.5"><button data-testid="nav-spaces" class="flex w-full items-center gap-3 rounded-lg px-3 py-2.5 text-sm font-medium transition-all duration-150 text-[rgb(var(--muted))] hover:text-[rgb(var(--foreground))] hover:bg-[rgb(var(--surface-hover))]"><span class="h-5 w-5 flex items-center justify-center transition-colors"><svg xmlns="http://www.w3.org/2000/svg" width="24" height="24" viewBox="0 0 24 24" fill="none" stroke="currentColor" stroke-width="2" stroke-linecap="round" stroke-linejoin="round" class="lucide lucide-globe h-4 w-4" aria-hidden="true"><circle cx="12" cy="12" r="10"></circle><path d="M12 2a14.5 14.5 0 0 0 0 20 14.5 14.5 0 0 0 0-20"></path><path d="M2 12h20"></path></svg></span><span>Spaces</span></button><button data-testid="nav-featuresets" class="flex w-full items-center gap-3 rounded-lg px-3 py-2.5 text-sm font-medium transition-all duration-150 hover:text-[rgb(var(--foreground))] bg-[rgb(var(--primary))/10] text-[rgb(var(--primary))] hover:bg-[rgb(var(--primary))/15]"><span class="h-5 w-5 flex items-center justify-center transition-colors text-[rgb(var(--primary))]"><svg xmlns="http://www.w3.org/2000/svg" width="24" height="24" viewBox="0 0 24 24" fill="none" stroke="currentColor" stroke-width="2" stroke-linecap="round" stroke-linejoin="round" class="lucide lucide-wrench h-4 w-4" aria-hidden="true"><path d="M14.7 6.3a1 1 0 0 0 0 1.4l1.6 1.6a1 1 0 0 0 1.4 0l3.106-3.105c.32-.322.863-.22.983.218a6 6 0 0 1-8.259 7.057l-7.91 7.91a1 1 0 0 1-2.999-3l7.91-7.91a6 6 0 0 1 7.057-8.259c.438.12.54.662.219.984z"></path></svg></span><span>FeatureSets</span></button></div></div><div class="mb-6"><h3 class="mb-2 px-3 text-[11px] font-semibold uppercase tracking-wider text-[rgb(var(--muted-foreground))]">Connections</h3><div class="space-y-0.5"><button data-testid="nav-clients" class="flex w-full items-center gap-3 rounded-lg px-3 py-2.5 text-sm font-medium transition-all duration-150 text-[rgb(var(--muted))] hover:text-[rgb(var(--foreground))] hover:bg-[rgb(var(--surface-hover))]"><span class="h-5 w-5 flex items-center justify-center transition-colors"><svg xmlns="http://www.w3.org/2000/svg" width="24" height="24" viewBox="0 0 24 24" fill="none" stroke="currentColor" stroke-width="2" stroke-linecap="round" stroke-linejoin="round" class="lucide lucide-monitor h-4 w-4" aria-hidden="true"><rect width="20" height="14" x="2" y="3" rx="2"></rect><line x1="8" x2="16" y1="21" y2="21"></line><line x1="12" x2="12" y1="17" y2="21"></line></svg></span><span>Clients</span></button></div></div><div class="mb-6"><div class="space-y-0.5"><button data-testid="nav-settings" class="flex w-full items-center gap-3 rounded-lg px-3 py-2.5 text-sm font-medium transition-all duration-150 text-[rgb(var(--muted))] hover:text-[rgb(var(--foreground))] hover:bg-[rgb(var(--surface-hover))]"><span class="h-5 w-5 flex items-center justify-center transition-colors"><svg xmlns="http://www.w3.org/2000/svg" width="24" height="24" viewBox="0 0 24 24" fill="none" stroke="currentColor" stroke-width="2" stroke-linecap="round" stroke-linejoin="round" class="lucide lucide-settings h-4 w-4" aria-hidden="true"><path d="M9.671 4.136a2.34 2.34 0 0 1 4.659 0 2.34 2.34 0 0 0 3.319 1.915 2.34 2.34 0 0 1 2.33 4.033 2.34 2.34 0 0 0 0 3.831 2.34 2.34 0 0 1-2.33 4.033 2.34 2.34 0 0 0-3.319 1.915 2.34 2.34 0 0 1-4.659 0 2.34 2.34 0 0 0-3.32-1.915 2.34 2.34 0 0 1-2.33-4.033 2.34 2.34 0 0 0 0-3.831A2.34 2.34 0 0 1 6.35 6.051a2.34 2.34 0 0 0 3.319-1.915"></path><circle cx="12" cy="12" r="3"></circle></svg></span><span>Settings</span></button></div></div></div><div class="flex-shrink-0 p-4 border-t border-[rgb(var(--border-subtle))]"><div class="text-xs text-[rgb(var(--muted))]"><div>McpMux v0.1.0</div><div>Gateway: localhost:9315</div></div></div></nav></aside><main class="flex-1 overflow-auto p-6 bg-[rgb(var(--background))]"><div class="animate-fade-in"><div class="h-full flex flex-col relative"><div class="flex-shrink-0 p-8 border-b border-[rgb(var(--border-subtle))]"><div class="max-w-[2000px] mx-auto"><div class="flex flex-col sm:flex-row sm:items-start sm:justify-between gap-4 mb-6"><div class="flex-1 min-w-0"><div class="flex flex-wrap items-center gap-3 mb-2"><h1 class="text-3xl font-bold">Feature Sets</h1><span class="px-2 py-0.5 rounded-full bg-[rgb(var(--surface-elevated))] text-xs border border-[rgb(var(--border))] whitespace-nowrap">≡ƒÅá Personal</span></div><p class="text-base text-[rgb(var(--muted))]">Manage reusable collections of features, prompts, and resources</p></div><div class="flex gap-3 flex-shrink-0"><button class="inline-flex items-center justify-center gap-2 rounded-lg font-medium transition-all duration-150 ease-out focus-visible:outline-none focus-visible:ring-2 focus-visible:ring-[rgb(var(--primary))] focus-visible:ring-offset-2 disabled:pointer-events-none disabled:opacity-50 active:scale-[0.98] text-[rgb(var(--foreground))] hover:bg-[rgb(var(--surface-hover))] h-10 px-4"><svg xmlns="http://www.w3.org/2000/svg" width="24" height="24" viewBox="0 0 24 24" fill="none" stroke="currentColor" stroke-width="2" stroke-linecap="round" stroke-linejoin="round" class="lucide lucide-refresh-cw h-4 w-4 mr-2" aria-hidden="true"><path d="M3 12a9 9 0 0 1 9-9 9.75 9.75 0 0 1 6.74 2.74L21 8"></path><path d="M21 3v5h-5"></path><path d="M21 12a9 9 0 0 1-9 9 9.75 9.75 0 0 1-6.74-2.74L3 16"></path><path d="M8 16H3v5"></path></svg>Refresh</button><button class="inline-flex items-center justify-center gap-2 rounded-lg font-medium transition-all duration-150 ease-out focus-visible:outline-none focus-visible:ring-2 focus-visible:ring-[rgb(var(--primary))] focus-visible:ring-offset-2 disabled:pointer-events-none disabled:opacity-50 active:scale-[0.98] bg-[rgb(var(--primary))] text-[rgb(var(--primary-foreground))] hover:bg-[rgb(var(--primary-hover))] shadow-sm hover:shadow h-10 px-4"><svg xmlns="http://www.w3.org/2000/svg" width="24" height="24" viewBox="0 0 24 24" fill="none" stroke="currentColor" stroke-width="2" stroke-linecap="round" stroke-linejoin="round" class="lucide lucide-plus h-4 w-4 mr-2" aria-hidden="true"><path d="M5 12h14"></path><path d="M12 5v14"></path></svg>Create Feature Set</button></div></div><div class="relative max-w-3xl"><svg xmlns="http://www.w3.org/2000/svg" width="24" height="24" viewBox="0 0 24 24" fill="none" stroke="currentColor" stroke-width="2" stroke-linecap="round" stroke-linejoin="round" class="lucide lucide-search absolute left-4 top-1/2 -translate-y-1/2 h-5 w-5 text-[rgb(var(--muted))]" aria-hidden="true"><path d="m21 21-4.34-4.34"></path><circle cx="11" cy="11" r="8"></circle></svg><input placeholder="Search feature sets..." class="w-full pl-12 pr-4 py-3 text-base bg-[rgb(var(--surface))] border border-[rgb(var(--border))] rounded-xl focus:outline-none focus:ring-2 focus:ring-primary-500 focus:border-primary-500 transition-all" type="text" value=""></div></div></div><div class="flex-1 overflow-auto px-8 py-8"><div class="max-w-[2000px] mx-auto"><div class="grid gap-5 auto-fill-cards"><div class="rounded-xl border border-[rgb(var(--border-subtle))] bg-[rgb(var(--card))] p-6 shadow-[0_1px_3px_0_rgb(0_0_0/0.1),0_1px_2px_-1px_rgb(0_0_0/0.1)] dark:shadow-[0_1px_3px_0_rgb(0_0_0/0.3),0_1px_2px_-1px_rgb(0_0_0/0.2)] cursor-pointer transition-all hover:shadow-lg hover:scale-[1.01]"><div class="p-6"><div class="flex items-start gap-4 mb-5"><div class="w-16 h-16 flex items-center justify-center bg-[rgb(var(--surface))] rounded-xl flex-shrink-0 border border-[rgb(var(--border-subtle))]"><span class="text-xl">≡ƒîÉ</span></div><div class="flex-1 min-w-0"><h3 class="font-semibold text-lg truncate mb-1.5 flex items-center gap-2">All Features</h3><span class="inline-flex items-center px-2.5 py-0.5 rounded-full text-xs font-medium bg-blue-100 dark:bg-blue-900/30 text-blue-700 dark:text-blue-300">All Features</span></div></div><p class="text-sm text-[rgb(var(--muted))] line-clamp-2 mb-4 h-10">All features from all connected MCP servers in this space</p><div class="flex items-center justify-between text-xs text-[rgb(var(--muted))] border-t border-[rgb(var(--border-subtle))] pt-4"><div class="flex items-center gap-1.5"><span class="italic">All features</span></div><span class="italic">Auto-managed</span></div></div></div><div class="rounded-xl border border-[rgb(var(--border-subtle))] bg-[rgb(var(--card))] p-6 shadow-[0_1px_3px_0_rgb(0_0_0/0.1),0_1px_2px_-1px_rgb(0_0_0/0.1)] dark:shadow-[0_1px_3px_0_rgb(0_0_0/0.3),0_1px_2px_-1px_rgb(0_0_0/0.2)] cursor-pointer transition-all hover:shadow-lg hover:scale-[1.01]"><div class="p-6"><div class="flex items-start gap-4 mb-5"><div class="w-16 h-16 flex items-center justify-center bg-[rgb(var(--surface))] rounded-xl flex-shrink-0 border border-[rgb(var(--border-subtle))]"><span class="text-xl">Γ¡É</span></div><div class="flex-1 min-w-0"><h3 class="font-semibold text-lg truncate mb-1.5 flex items-center gap-2">Default</h3><span class="inline-flex items-center px-2.5 py-0.5 rounded-full text-xs font-medium bg-blue-100 dark:bg-blue-900/30 text-blue-700 dark:text-blue-300">Default</span></div></div><p class="text-sm text-[rgb(var(--muted))] line-clamp-2 mb-4 h-10">Features automatically granted to all connected clients in this space</p><div class="flex items-center justify-between text-xs text-[rgb(var(--muted))] border-t border-[rgb(var(--border-subtle))] pt-4"><div class="flex items-center gap-1.5"><span>0 members</span></div><span class="flex items-center gap-1 hover:text-primary-500 transition-colors">Configure <svg xmlns="http://www.w3.org/2000/svg" width="24" height="24" viewBox="0 0 24 24" fill="none" stroke="currentColor" stroke-width="2" stroke-linecap="round" stroke-linejoin="round" class="lucide lucide-settings h-3 w-3" aria-hidden="true"><path d="M9.671 4.136a2.34 2.34 0 0 1 4.659 0 2.34 2.34 0 0 0 3.319 1.915 2.34 2.34 0 0 1 2.33 4.033 2.34 2.34 0 0 0 0 3.831 2.34 2.34 0 0 1-2.33 4.033 2.34 2.34 0 0 0-3.319 1.915 2.34 2.34 0 0 1-4.659 0 2.34 2.34 0 0 0-3.32-1.915 2.34 2.34 0 0 1-2.33-4.033 2.34 2.34 0 0 0 0-3.831A2.34 2.34 0 0 1 6.35 6.051a2.34 2.34 0 0 0 3.319-1.915"></path><circle cx="12" cy="12" r="3"></circle></svg></span></div></div></div><div class="rounded-xl border border-[rgb(var(--border-subtle))] bg-[rgb(var(--card))] p-6 shadow-[0_1px_3px_0_rgb(0_0_0/0.1),0_1px_2px_-1px_rgb(0_0_0/0.1)] dark:shadow-[0_1px_3px_0_rgb(0_0_0/0.3),0_1px_2px_-1px_rgb(0_0_0/0.2)] cursor-pointer transition-all hover:shadow-lg hover:scale-[1.01]"><div class="p-6"><div class="flex items-start gap-4 mb-5"><div class="w-16 h-16 flex items-center justify-center bg-[rgb(var(--surface))] rounded-xl flex-shrink-0 border border-[rgb(var(--border-subtle))]"><svg xmlns="http://www.w3.org/2000/svg" width="24" height="24" viewBox="0 0 24 24" fill="none" stroke="currentColor" stroke-width="2" stroke-linecap="round" stroke-linejoin="round" class="lucide lucide-package h-8 w-8 text-purple-500" aria-hidden="true"><path d="M11 21.73a2 2 0 0 0 2 0l7-4A2 2 0 0 0 21 16V8a2 2 0 0 0-1-1.73l-7-4a2 2 0 0 0-2 0l-7 4A2 2 0 0 0 3 8v8a2 2 0 0 0 1 1.73z"></path><path d="M12 22V12"></path><polyline points="3.29 7 12 12 20.71 7"></polyline><path d="m7.5 4.27 9 5.15"></path></svg></div><div class="flex-1 min-w-0"><h3 class="font-semibold text-lg truncate mb-1.5 flex items-center gap-2">Test Custom FeatureSet</h3><span class="inline-flex items-center px-2.5 py-0.5 rounded-full text-xs font-medium bg-purple-100 dark:bg-purple-900/30 text-purple-700 dark:text-purple-300">Custom</span></div></div><p class="text-sm text-[rgb(var(--muted))] line-clamp-2 mb-4 h-10">Created by E2E test</p><div class="flex items-center justify-between text-xs text-[rgb(var(--muted))] border-t border-[rgb(var(--border-subtle))] pt-4"><div class="flex items-center gap-1.5"><span>0 members</span></div><span class="flex items-center gap-1 hover:text-primary-500 transition-colors">Configure <svg xmlns="http://www.w3.org/2000/svg" width="24" height="24" viewBox="0 0 24 24" fill="none" stroke="currentColor" stroke-width="2" stroke-linecap="round" stroke-linejoin="round" class="lucide lucide-settings h-3 w-3" aria-hidden="true"><path d="M9.671 4.136a2.34 2.34 0 0 1 4.659 0 2.34 2.34 0 0 0 3.319 1.915 2.34 2.34 0 0 1 2.33 4.033 2.34 2.34 0 0 0 0 3.831 2.34 2.34 0 0 1-2.33 4.033 2.34 2.34 0 0 0-3.319 1.915 2.34 2.34 0 0 1-4.659 0 2.34 2.34 0 0 0-3.32-1.915 2.34 2.34 0 0 1-2.33-4.033 2.34 2.34 0 0 0 0-3.831A2.34 2.34 0 0 1 6.35 6.051a2.34 2.34 0 0 0 3.319-1.915"></path><circle cx="12" cy="12" r="3"></circle></svg></span></div></div></div></div></div></div></div></div></main></div><div class="h-7 flex-shrink-0 border-t border-[rgb(var(--border-subtle))] bg-[rgb(var(--surface))] px-4"><div class="flex h-full items-center justify-between text-xs text-[rgb(var(--muted))]"><div class="flex items-center gap-4"><span class="flex items-center gap-1.5"><span class="h-2 w-2 rounded-full bg-green-500"></span>Gateway Active</span><span>Active Space: Personal</span></div><div class="flex items-center gap-4"><span>5 Servers ΓÇó 97 Tools</span></div></div></div></div></div>
[0-2] 
[0-2]   
[0-2] 
[0-2] </body></html>
[0-2] 2026-02-01T11:25:00.666Z INFO webdriver: COMMAND executeScript(<fn>, <object>)
[0-2] 2026-02-01T11:25:00.667Z INFO webdriver: [POST] http://localhost:4444/session/774eca2810947fb445075fac237baf4d/execute/sync
[0-2] 2026-02-01T11:25:00.667Z INFO webdriver: DATA {"script":"\n            function webdriverioPolyfill() {\n  var __defProp = Object.defineProperty;\n  var __name = function(target, _value) {\n    return __defProp(target, \"name\", { value: _value, configurable: true });\n  };\n  var __globalThis = typeof globalThis === \"object\" && globalThis || typeof window === \"object\" && window;\n  __globalThis.__name = __name;\n}\n            webdriverioPolyfill();\n            return (async(cmd,cmdArgs)=>{if(!window.__TAURI_TEST_API__){throw new Error(\"Tauri Test API not available\")}return window.__TAURI_TEST_API__.invoke(cmd,cmdArgs)}).apply(null, arguments)\n        ","args":["delete_feature_set",{"id":"15626cee-79ca-4949-b214-5fd44eecba91"}]}
[0-2] 2026-02-01T11:25:00.692Z INFO webdriver: RESULT null
[0-2] 2026-02-01T11:25:00.693Z INFO webdriver: COMMAND executeScript(<fn>, <object>)
[0-2] 2026-02-01T11:25:00.694Z INFO webdriver: [POST] http://localhost:4444/session/774eca2810947fb445075fac237baf4d/execute/sync
[0-2] 2026-02-01T11:25:00.694Z INFO webdriver: DATA {"script":"\n            function webdriverioPolyfill() {\n  var __defProp = Object.defineProperty;\n  var __name = function(target, _value) {\n    return __defProp(target, \"name\", { value: _value, configurable: true });\n  };\n  var __globalThis = typeof globalThis === \"object\" && globalThis || typeof window === \"object\" && window;\n  __globalThis.__name = __name;\n}\n            webdriverioPolyfill();\n            return (async(cmd,cmdArgs)=>{if(!window.__TAURI_TEST_API__){throw new Error(\"Tauri Test API not available\")}return window.__TAURI_TEST_API__.invoke(cmd,cmdArgs)}).apply(null, arguments)\n        ","args":["get_active_space",{}]}
[0-2] 2026-02-01T11:25:00.695Z INFO webdriver: COMMAND takeScreenshot()
[0-2] 2026-02-01T11:25:00.695Z INFO webdriver: [GET] http://localhost:4444/session/774eca2810947fb445075fac237baf4d/screenshot
[0-2] 2026-02-01T11:25:00.705Z INFO webdriver: RESULT {
[0-2]   created_at: '2026-02-01T10:14:28.868166400Z',
[0-2]   description: null,
[0-2]   icon: '≡ƒÅá',
[0-2]   id: '97ecb604-4b50-4fb2-962a-acb3c9cccd2f',
[0-2]   is_default: true,
[0-2]   name: 'Personal',
[0-2]   sort_order: 0,
[0-2]   updated_at: '2026-02-01T10:14:28.868166400Z'
[0-2] }
[0-2] 2026-02-01T11:25:00.706Z INFO webdriver: COMMAND executeScript(<fn>, <object>)
[0-2] 2026-02-01T11:25:00.706Z INFO webdriver: [POST] http://localhost:4444/session/774eca2810947fb445075fac237baf4d/execute/sync
[0-2] 2026-02-01T11:25:00.706Z INFO webdriver: DATA {"script":"\n            function webdriverioPolyfill() {\n  var __defProp = Object.defineProperty;\n  var __name = function(target, _value) {\n    return __defProp(target, \"name\", { value: _value, configurable: true });\n  };\n  var __globalThis = typeof globalThis === \"object\" && globalThis || typeof window === \"object\" && window;\n  __globalThis.__name = __name;\n}\n            webdriverioPolyfill();\n            return (async(cmd,cmdArgs)=>{if(!window.__TAURI_TEST_API__){throw new Error(\"Tauri Test API not available\")}return window.__TAURI_TEST_API__.invoke(cmd,cmdArgs)}).apply(null, arguments)\n        ","args":["create_space",{"name":"Test Space 1","icon":"1∩╕ÅΓâú"}]}
[0-2] 2026-02-01T11:25:00.708Z INFO webdriver: COMMAND takeScreenshot()
[0-2] 2026-02-01T11:25:00.708Z INFO webdriver: [GET] http://localhost:4444/session/774eca2810947fb445075fac237baf4d/screenshot
[0-2] 2026-02-01T11:25:00.873Z INFO webdriver: RESULT iVBORw0KGgoAAAANSUhEUgAACWAAAAWmCAIAAACDPgzkAAAQAElEQVR4nOzdB...
[0-2] 2026-02-01T11:25:01.071Z INFO webdriver: RESULT iVBORw0KGgoAAAANSUhEUgAACWAAAAWmCAIAAACDPgzkAAAQAElEQVR4nOzdB...
[0-2] 2026-02-01T11:25:01.087Z INFO webdriver: RESULT {
[0-2]   created_at: '2026-02-01T11:25:01.074890600Z',
[0-2]   description: null,
[0-2]   icon: '1∩╕ÅΓâú',
[0-2]   id: '12637fbd-9d3d-4c4e-8375-87ad86834f81',
[0-2]   is_default: false,
[0-2]   name: 'Test Space 1',
[0-2]   sort_order: 0,
[0-2]   updated_at: '2026-02-01T11:25:01.074890600Z'
[0-2] }
[0-2] 2026-02-01T11:25:01.088Z INFO webdriver: COMMAND executeScript(<fn>, <object>)
[0-2] 2026-02-01T11:25:01.088Z INFO webdriver: [POST] http://localhost:4444/session/774eca2810947fb445075fac237baf4d/execute/sync
[0-2] 2026-02-01T11:25:01.088Z INFO webdriver: DATA {"script":"\n            function webdriverioPolyfill() {\n  var __defProp = Object.defineProperty;\n  var __name = function(target, _value) {\n    return __defProp(target, \"name\", { value: _value, configurable: true });\n  };\n  var __globalThis = typeof globalThis === \"object\" && globalThis || typeof window === \"object\" && window;\n  __globalThis.__name = __name;\n}\n            webdriverioPolyfill();\n            return (async(cmd,cmdArgs)=>{if(!window.__TAURI_TEST_API__){throw new Error(\"Tauri Test API not available\")}return window.__TAURI_TEST_API__.invoke(cmd,cmdArgs)}).apply(null, arguments)\n        ","args":["create_space",{"name":"Test Space 2","icon":"2∩╕ÅΓâú"}]}
[0-2] 2026-02-01T11:25:01.089Z INFO webdriver: COMMAND takeScreenshot()
[0-2] 2026-02-01T11:25:01.089Z INFO webdriver: [GET] http://localhost:4444/session/774eca2810947fb445075fac237baf4d/screenshot
[0-2] 2026-02-01T11:25:01.114Z INFO webdriver: RESULT {
[0-2]   created_at: '2026-02-01T11:25:01.098385100Z',
[0-2]   description: null,
[0-2]   icon: '2∩╕ÅΓâú',
[0-2]   id: '2112071b-c2be-4f09-b237-734935052a35',
[0-2]   is_default: false,
[0-2]   name: 'Test Space 2',
[0-2]   sort_order: 0,
[0-2]   updated_at: '2026-02-01T11:25:01.098385100Z'
[0-2] }
[0-2] 2026-02-01T11:25:01.114Z INFO webdriver: COMMAND executeScript(<fn>, <object>)
[0-2] 2026-02-01T11:25:01.114Z INFO webdriver: [POST] http://localhost:4444/session/774eca2810947fb445075fac237baf4d/execute/sync
[0-2] 2026-02-01T11:25:01.114Z INFO webdriver: DATA {"script":"\n            function webdriverioPolyfill() {\n  var __defProp = Object.defineProperty;\n  var __name = function(target, _value) {\n    return __defProp(target, \"name\", { value: _value, configurable: true });\n  };\n  var __globalThis = typeof globalThis === \"object\" && globalThis || typeof window === \"object\" && window;\n  __globalThis.__name = __name;\n}\n            webdriverioPolyfill();\n            return (async(cmd,cmdArgs)=>{if(!window.__TAURI_TEST_API__){throw new Error(\"Tauri Test API not available\")}return window.__TAURI_TEST_API__.invoke(cmd,cmdArgs)}).apply(null, arguments)\n        ","args":["create_space",{"name":"Test Space 3","icon":"3∩╕ÅΓâú"}]}
[0-2] 2026-02-01T11:25:01.115Z INFO webdriver: COMMAND takeScreenshot()
[0-2] 2026-02-01T11:25:01.116Z INFO webdriver: [GET] http://localhost:4444/session/774eca2810947fb445075fac237baf4d/screenshot
[0-2] 2026-02-01T11:25:01.271Z INFO webdriver: RESULT iVBORw0KGgoAAAANSUhEUgAACWAAAAWmCAIAAACDPgzkAAAQAElEQVR4nOzdB...
[0-2] 2026-02-01T11:25:01.295Z INFO webdriver: RESULT {
[0-2]   created_at: '2026-02-01T11:25:01.269655800Z',
[0-2]   description: null,
[0-2]   icon: '3∩╕ÅΓâú',
[0-2]   id: '68f09492-f477-494c-957f-f497b2a9ab62',
[0-2]   is_default: false,
[0-2]   name: 'Test Space 3',
[0-2]   sort_order: 0,
[0-2]   updated_at: '2026-02-01T11:25:01.269655800Z'
[0-2] }
[0-2] [setup] Created spaces: [
[0-2]   '12637fbd-9d3d-4c4e-8375-87ad86834f81',
[0-2]   '2112071b-c2be-4f09-b237-734935052a35',
[0-2]   '68f09492-f477-494c-957f-f497b2a9ab62'
[0-2] ]
[0-2] 2026-02-01T11:25:01.298Z INFO webdriver: COMMAND takeScreenshot()
[0-2] 2026-02-01T11:25:01.299Z INFO webdriver: [GET] http://localhost:4444/session/774eca2810947fb445075fac237baf4d/screenshot
[0-2] 2026-02-01T11:25:01.300Z INFO webdriver: COMMAND executeScript(<fn>, <object>)
[0-2] 2026-02-01T11:25:01.301Z INFO webdriver: [POST] http://localhost:4444/session/774eca2810947fb445075fac237baf4d/execute/sync
[0-2] 2026-02-01T11:25:01.301Z INFO webdriver: DATA {"script":"\n            function webdriverioPolyfill() {\n  var __defProp = Object.defineProperty;\n  var __name = function(target, _value) {\n    return __defProp(target, \"name\", { value: _value, configurable: true });\n  };\n  var __globalThis = typeof globalThis === \"object\" && globalThis || typeof window === \"object\" && window;\n  __globalThis.__name = __name;\n}\n            webdriverioPolyfill();\n            return (async(cmd,cmdArgs)=>{if(!window.__TAURI_TEST_API__){throw new Error(\"Tauri Test API not available\")}return window.__TAURI_TEST_API__.invoke(cmd,cmdArgs)}).apply(null, arguments)\n        ","args":["install_server",{"id":"echo-server","spaceId":"12637fbd-9d3d-4c4e-8375-87ad86834f81"}]}
[0-2] 2026-02-01T11:25:01.489Z INFO webdriver: RESULT iVBORw0KGgoAAAANSUhEUgAACWAAAAWmCAIAAACDPgzkAAAQAElEQVR4nOzdB...
[0-2] 2026-02-01T11:25:01.670Z INFO webdriver: RESULT iVBORw0KGgoAAAANSUhEUgAACWAAAAWmCAIAAACDPgzkAAAQAElEQVR4nOzdB...
[0-2] 2026-02-01T11:25:01.687Z INFO webdriver: RESULT {
[0-2]   args_append: [],
[0-2]   cached_definition: '{"id":"echo-server","name":"Echo Server","description":"Simple echo server for testing - returns what you send","alias":"echo","auth":{"type":"none"},"icon":"≡ƒöè","transport":{"type":"stdio","command":"node","args":["--experimental-strip-types","tests/e2e/mocks/stub-mcp-server/stdio-server.ts"],"env":{},"metadata":{"inputs":[]}},"categories":["developer-tools"],"publisher":{"name":"McpMux Test","domain":null,"verified":true,"official":false},"source":{"type":"Registry","url":"http://localhost:8787","name":"McpMux Registry"}}',
[0-2]   created_at: '2026-02-01T11:25:01.667215Z',
[0-2]   enabled: false,
[0-2]   env_overrides: {},
[0-2]   extra_headers: {},
[0-2]   id: '551b85c6-afcd-4ac1-849a-e29dacc8711e',
[0-2]   input_values: {},
[0-2]   oauth_connected: false,
[0-2]   server_id: 'echo-server',
[0-2]   server_name: 'Echo Server',
[0-2]   source: { type: 'registry' },
[0-2]   space_id: '12637fbd-9d3d-4c4e-8375-87ad86834f81',
[0-2]   updated_at: '2026-02-01T11:25:01.667215Z'
[0-2] }
[0-2] 2026-02-01T11:25:01.689Z INFO webdriver: COMMAND executeScript(<fn>, <object>)
[0-2] 2026-02-01T11:25:01.689Z INFO webdriver: [POST] http://localhost:4444/session/774eca2810947fb445075fac237baf4d/execute/sync
[0-2] 2026-02-01T11:25:01.689Z INFO webdriver: DATA {"script":"\n            function webdriverioPolyfill() {\n  var __defProp = Object.defineProperty;\n  var __name = function(target, _value) {\n    return __defProp(target, \"name\", { value: _value, configurable: true });\n  };\n  var __globalThis = typeof globalThis === \"object\" && globalThis || typeof window === \"object\" && window;\n  __globalThis.__name = __name;\n}\n            webdriverioPolyfill();\n            return (async(cmd,cmdArgs)=>{if(!window.__TAURI_TEST_API__){throw new Error(\"Tauri Test API not available\")}return window.__TAURI_TEST_API__.invoke(cmd,cmdArgs)}).apply(null, arguments)\n        ","args":["install_server",{"id":"echo-server","spaceId":"2112071b-c2be-4f09-b237-734935052a35"}]}
[0-2] 2026-02-01T11:25:01.691Z INFO webdriver: COMMAND takeScreenshot()
[0-2] 2026-02-01T11:25:01.691Z INFO webdriver: [GET] http://localhost:4444/session/774eca2810947fb445075fac237baf4d/screenshot
[0-2] 2026-02-01T11:25:01.713Z INFO webdriver: RESULT {
[0-2]   args_append: [],
[0-2]   cached_definition: '{"id":"echo-server","name":"Echo Server","description":"Simple echo server for testing - returns what you send","alias":"echo","auth":{"type":"none"},"icon":"≡ƒöè","transport":{"type":"stdio","command":"node","args":["--experimental-strip-types","tests/e2e/mocks/stub-mcp-server/stdio-server.ts"],"env":{},"metadata":{"inputs":[]}},"categories":["developer-tools"],"publisher":{"name":"McpMux Test","domain":null,"verified":true,"official":false},"source":{"type":"Registry","url":"http://localhost:8787","name":"McpMux Registry"}}',
[0-2]   created_at: '2026-02-01T11:25:01.700867900Z',
[0-2]   enabled: false,
[0-2]   env_overrides: {},
[0-2]   extra_headers: {},
[0-2]   id: '4bbf617c-a534-42b1-8b1e-27f25671a61b',
[0-2]   input_values: {},
[0-2]   oauth_connected: false,
[0-2]   server_id: 'echo-server',
[0-2]   server_name: 'Echo Server',
[0-2]   source: { type: 'registry' },
[0-2]   space_id: '2112071b-c2be-4f09-b237-734935052a35',
[0-2]   updated_at: '2026-02-01T11:25:01.700867900Z'
[0-2] }
[0-2] 2026-02-01T11:25:01.714Z INFO webdriver: COMMAND executeScript(<fn>, <object>)
[0-2] 2026-02-01T11:25:01.714Z INFO webdriver: [POST] http://localhost:4444/session/774eca2810947fb445075fac237baf4d/execute/sync
[0-2] 2026-02-01T11:25:01.714Z INFO webdriver: DATA {"script":"\n            function webdriverioPolyfill() {\n  var __defProp = Object.defineProperty;\n  var __name = function(target, _value) {\n    return __defProp(target, \"name\", { value: _value, configurable: true });\n  };\n  var __globalThis = typeof globalThis === \"object\" && globalThis || typeof window === \"object\" && window;\n  __globalThis.__name = __name;\n}\n            webdriverioPolyfill();\n            return (async(cmd,cmdArgs)=>{if(!window.__TAURI_TEST_API__){throw new Error(\"Tauri Test API not available\")}return window.__TAURI_TEST_API__.invoke(cmd,cmdArgs)}).apply(null, arguments)\n        ","args":["install_server",{"id":"echo-server","spaceId":"68f09492-f477-494c-957f-f497b2a9ab62"}]}
[0-2] 2026-02-01T11:25:01.715Z INFO webdriver: COMMAND takeScreenshot()
[0-2] 2026-02-01T11:25:01.716Z INFO webdriver: [GET] http://localhost:4444/session/774eca2810947fb445075fac237baf4d/screenshot
[0-2] 2026-02-01T11:25:01.898Z INFO webdriver: RESULT {
[0-2]   args_append: [],
[0-2]   cached_definition: '{"id":"echo-server","name":"Echo Server","description":"Simple echo server for testing - returns what you send","alias":"echo","auth":{"type":"none"},"icon":"≡ƒöè","transport":{"type":"stdio","command":"node","args":["--experimental-strip-types","tests/e2e/mocks/stub-mcp-server/stdio-server.ts"],"env":{},"metadata":{"inputs":[]}},"categories":["developer-tools"],"publisher":{"name":"McpMux Test","domain":null,"verified":true,"official":false},"source":{"type":"Registry","url":"http://localhost:8787","name":"McpMux Registry"}}',
[0-2]   created_at: '2026-02-01T11:25:01.886710300Z',
[0-2]   enabled: false,
[0-2]   env_overrides: {},
[0-2]   extra_headers: {},
[0-2]   id: '0cc750f0-ac82-4427-aec6-7620a253daaa',
[0-2]   input_values: {},
[0-2]   oauth_connected: false,
[0-2]   server_id: 'echo-server',
[0-2]   server_name: 'Echo Server',
[0-2]   source: { type: 'registry' },
[0-2]   space_id: '68f09492-f477-494c-957f-f497b2a9ab62',
[0-2]   updated_at: '2026-02-01T11:25:01.886710300Z'
[0-2] }
[0-2] [test] Successfully installed in 3 spaces
[0-2] 2026-02-01T11:25:01.899Z INFO webdriver: COMMAND executeScript(<fn>, <object>)
[0-2] 2026-02-01T11:25:01.899Z INFO webdriver: [POST] http://localhost:4444/session/774eca2810947fb445075fac237baf4d/execute/sync
[0-2] 2026-02-01T11:25:01.899Z INFO webdriver: DATA {"script":"\n            function webdriverioPolyfill() {\n  var __defProp = Object.defineProperty;\n  var __name = function(target, _value) {\n    return __defProp(target, \"name\", { value: _value, configurable: true });\n  };\n  var __globalThis = typeof globalThis === \"object\" && globalThis || typeof window === \"object\" && window;\n  __globalThis.__name = __name;\n}\n            webdriverioPolyfill();\n            return (async(cmd,cmdArgs)=>{if(!window.__TAURI_TEST_API__){throw new Error(\"Tauri Test API not available\")}return window.__TAURI_TEST_API__.invoke(cmd,cmdArgs)}).apply(null, arguments)\n        ","args":["list_installed_servers",{"spaceId":"12637fbd-9d3d-4c4e-8375-87ad86834f81"}]}
[0-2] 2026-02-01T11:25:01.902Z INFO webdriver: RESULT iVBORw0KGgoAAAANSUhEUgAACWAAAAWmCAIAAACDPgzkAAAQAElEQVR4nOzdB...
[0-2] 2026-02-01T11:25:01.903Z INFO webdriver: COMMAND takeScreenshot()
[0-2] 2026-02-01T11:25:01.904Z INFO webdriver: [GET] http://localhost:4444/session/774eca2810947fb445075fac237baf4d/screenshot
[0-2] 2026-02-01T11:25:02.087Z INFO webdriver: RESULT iVBORw0KGgoAAAANSUhEUgAACWAAAAWmCAIAAACDPgzkAAAQAElEQVR4nOzdB...
[0-2] 2026-02-01T11:25:02.213Z INFO webdriver: RESULT iVBORw0KGgoAAAANSUhEUgAACWAAAAWmCAIAAACDPgzkAAAQAElEQVR4nOzdB...
[0-2] 2026-02-01T11:25:02.223Z INFO webdriver: RESULT [
[0-2]   {
[0-2]     args_append: [],
[0-2]     cached_definition: '{"id":"echo-server","name":"Echo Server","description":"Simple echo server for testing - returns what you send","alias":"echo","auth":{"type":"none"},"icon":"≡ƒöè","transport":{"type":"stdio","command":"node","args":["--experimental-strip-types","tests/e2e/mocks/stub-mcp-server/stdio-server.ts"],"env":{},"metadata":{"inputs":[]}},"categories":["developer-tools"],"publisher":{"name":"McpMux Test","domain":null,"verified":true,"official":false},"source":{"type":"Registry","url":"http://localhost:8787","name":"McpMux Registry"}}',
[0-2]     created_at: '2026-02-01T11:25:01.667215Z',
[0-2]     enabled: false,
[0-2]     env_overrides: {},
[0-2]     extra_headers: {},
[0-2]     id: '551b85c6-afcd-4ac1-849a-e29dacc8711e',
[0-2]     input_values: {},
[0-2]     oauth_connected: false,
[0-2]     server_id: 'echo-server',
[0-2]     server_name: 'Echo Server',
[0-2]     source: { type: 'registry' },
[0-2]     space_id: '12637fbd-9d3d-4c4e-8375-87ad86834f81',
[0-2]     updated_at: '2026-02-01T11:25:01.667215Z'
[0-2]   }
[0-2] ]
[0-2] 2026-02-01T11:25:02.224Z INFO webdriver: COMMAND takeScreenshot()
[0-2] 2026-02-01T11:25:02.224Z INFO webdriver: [GET] http://localhost:4444/session/774eca2810947fb445075fac237baf4d/screenshot
[0-2] 2026-02-01T11:25:02.225Z INFO webdriver: COMMAND executeScript(<fn>, <object>)
[0-2] 2026-02-01T11:25:02.226Z INFO webdriver: [POST] http://localhost:4444/session/774eca2810947fb445075fac237baf4d/execute/sync
[0-2] 2026-02-01T11:25:02.226Z INFO webdriver: DATA {"script":"\n            function webdriverioPolyfill() {\n  var __defProp = Object.defineProperty;\n  var __name = function(target, _value) {\n    return __defProp(target, \"name\", { value: _value, configurable: true });\n  };\n  var __globalThis = typeof globalThis === \"object\" && globalThis || typeof window === \"object\" && window;\n  __globalThis.__name = __name;\n}\n            webdriverioPolyfill();\n            return (async(cmd,cmdArgs)=>{if(!window.__TAURI_TEST_API__){throw new Error(\"Tauri Test API not available\")}return window.__TAURI_TEST_API__.invoke(cmd,cmdArgs)}).apply(null, arguments)\n        ","args":["set_active_space",{"id":"12637fbd-9d3d-4c4e-8375-87ad86834f81"}]}
[0-2] 2026-02-01T11:25:02.391Z INFO webdriver: RESULT iVBORw0KGgoAAAANSUhEUgAACWAAAAWmCAIAAACDPgzkAAAQAElEQVR4nOzdB...
[0-2] 2026-02-01T11:25:02.405Z INFO webdriver: RESULT null
[0-2] 2026-02-01T11:25:02.405Z INFO webdriver: COMMAND executeScript(<fn>, <object>)
[0-2] 2026-02-01T11:25:02.406Z INFO webdriver: [POST] http://localhost:4444/session/774eca2810947fb445075fac237baf4d/execute/sync
[0-2] 2026-02-01T11:25:02.406Z INFO webdriver: DATA {"script":"\n            function webdriverioPolyfill() {\n  var __defProp = Object.defineProperty;\n  var __name = function(target, _value) {\n    return __defProp(target, \"name\", { value: _value, configurable: true });\n  };\n  var __globalThis = typeof globalThis === \"object\" && globalThis || typeof window === \"object\" && window;\n  __globalThis.__name = __name;\n}\n            webdriverioPolyfill();\n            return (async(cmd,cmdArgs)=>{if(!window.__TAURI_TEST_API__){throw new Error(\"Tauri Test API not available\")}return window.__TAURI_TEST_API__.invoke(cmd,cmdArgs)}).apply(null, arguments)\n        ","args":["enable_server_v2",{"spaceId":"12637fbd-9d3d-4c4e-8375-87ad86834f81","serverId":"echo-server"}]}
[0-2] 2026-02-01T11:25:02.406Z INFO webdriver: COMMAND takeScreenshot()
[0-2] 2026-02-01T11:25:02.406Z INFO webdriver: [GET] http://localhost:4444/session/774eca2810947fb445075fac237baf4d/screenshot
[0-2] 2026-02-01T11:25:03.571Z INFO webdriver: RESULT null
[0-2] 2026-02-01T11:25:03.572Z INFO webdriver: COMMAND takeScreenshot()
[0-2] 2026-02-01T11:25:03.572Z INFO webdriver: [GET] http://localhost:4444/session/774eca2810947fb445075fac237baf4d/screenshot
[0-2] 2026-02-01T11:25:03.806Z INFO webdriver: RESULT iVBORw0KGgoAAAANSUhEUgAACWAAAAWmCAIAAACDPgzkAAAQAElEQVR4nOzdB...
[0-2] 2026-02-01T11:25:03.983Z INFO webdriver: RESULT iVBORw0KGgoAAAANSUhEUgAACWAAAAWmCAIAAACDPgzkAAAQAElEQVR4nOzdB...
[0-2] 2026-02-01T11:25:06.577Z INFO webdriver: COMMAND executeScript(<fn>, <object>)
[0-2] 2026-02-01T11:25:06.578Z INFO webdriver: [POST] http://localhost:4444/session/774eca2810947fb445075fac237baf4d/execute/sync
[0-2] 2026-02-01T11:25:06.578Z INFO webdriver: DATA {"script":"\n            function webdriverioPolyfill() {\n  var __defProp = Object.defineProperty;\n  var __name = function(target, _value) {\n    return __defProp(target, \"name\", { value: _value, configurable: true });\n  };\n  var __globalThis = typeof globalThis === \"object\" && globalThis || typeof window === \"object\" && window;\n  __globalThis.__name = __name;\n}\n            webdriverioPolyfill();\n            return (async(cmd,cmdArgs)=>{if(!window.__TAURI_TEST_API__){throw new Error(\"Tauri Test API not available\")}return window.__TAURI_TEST_API__.invoke(cmd,cmdArgs)}).apply(null, arguments)\n        ","args":["get_gateway_status",{}]}
[0-2] 2026-02-01T11:25:06.595Z INFO webdriver: RESULT {
[0-2]   active_sessions: 0,
[0-2]   connected_backends: 2,
[0-2]   running: true,
[0-2]   url: 'http://localhost:45818'
[0-2] }
[0-2] 2026-02-01T11:25:06.596Z INFO webdriver: COMMAND takeScreenshot()
[0-2] 2026-02-01T11:25:06.597Z INFO webdriver: [GET] http://localhost:4444/session/774eca2810947fb445075fac237baf4d/screenshot
[0-2] 2026-02-01T11:25:06.599Z INFO webdriver: COMMAND findElement("css selector", "[data-testid="nav-spaces"]")
[0-2] 2026-02-01T11:25:06.599Z INFO webdriver: [POST] http://localhost:4444/session/774eca2810947fb445075fac237baf4d/element
[0-2] 2026-02-01T11:25:06.599Z INFO webdriver: DATA {"using":"css selector","value":"[data-testid=\"nav-spaces\"]"}
[0-2] 2026-02-01T11:25:06.797Z INFO webdriver: RESULT iVBORw0KGgoAAAANSUhEUgAACWAAAAWmCAIAAACDPgzkAAAQAElEQVR4nOzdB...
[0-2] 2026-02-01T11:25:06.806Z INFO webdriver: RESULT {
[0-2]   'element-6066-11e4-a52e-4f735466cecf': 'f.8C5308B497F5F613DFA5106FEC5C81D1.d.D66E1D8E6E0AB6A7CC6856E18138E617.e.252'
[0-2] }
[0-2] 2026-02-01T11:25:06.808Z INFO webdriver: COMMAND elementClick("f.8C5308B497F5F613DFA5106FEC5C81D1.d.D66E1D8E6E0AB6A7CC6856E18138E617.e.252")
[0-2] 2026-02-01T11:25:06.809Z INFO webdriver: [POST] http://localhost:4444/session/774eca2810947fb445075fac237baf4d/element/f.8C5308B497F5F613DFA5106FEC5C81D1.d.D66E1D8E6E0AB6A7CC6856E18138E617.e.252/click
[0-2] 2026-02-01T11:25:06.809Z INFO webdriver: DATA {}
[0-2] 2026-02-01T11:25:06.916Z INFO webdriver: RESULT null
[0-2] 2026-02-01T11:25:06.917Z INFO webdriver: COMMAND takeScreenshot()
[0-2] 2026-02-01T11:25:06.917Z INFO webdriver: [GET] http://localhost:4444/session/774eca2810947fb445075fac237baf4d/screenshot
[0-2] 2026-02-01T11:25:07.162Z INFO webdriver: RESULT iVBORw0KGgoAAAANSUhEUgAACWAAAAWmCAIAAACDPgzkAAAQAElEQVR4nOzdC...
[0-2] 2026-02-01T11:25:08.916Z INFO webdriver: COMMAND takeScreenshot()
[0-2] 2026-02-01T11:25:08.917Z INFO webdriver: [GET] http://localhost:4444/session/774eca2810947fb445075fac237baf4d/screenshot
[0-2] 2026-02-01T11:25:09.097Z INFO webdriver: RESULT iVBORw0KGgoAAAANSUhEUgAACWAAAAWmCAIAAACDPgzkAAAQAElEQVR4nOzdC...
[0-2] 2026-02-01T11:25:09.099Z INFO webdriver: COMMAND getPageSource()
[0-2] 2026-02-01T11:25:09.099Z INFO webdriver: [GET] http://localhost:4444/session/774eca2810947fb445075fac237baf4d/source
[0-2] 2026-02-01T11:25:09.109Z INFO webdriver: RESULT <html lang="en"><head>
[0-2]     <meta charset="UTF-8">
[0-2]     <link rel="icon" type="image/svg+xml" href="/mcpmux.svg">
[0-2]     <meta name="viewport" content="width=device-width, initial-scale=1.0">
[0-2]     <title>McpMux</title>
[0-2]     <script type="module" crossorigin="" src="/assets/index-CiZJOwjC.js"></script>
[0-2]     <link rel="stylesheet" crossorigin="" href="/assets/index-Df7hU3Vb.css">
[0-2]   </head>
[0-2] 
[0-2]   <body>
[0-2]     <div id="root"><div class="flex h-screen flex-col overflow-hidden bg-[rgb(var(--background))]"><div class="drag-region h-8 flex-shrink-0 bg-[rgb(var(--surface))] border-b border-[rgb(var(--border-subtle))]"></div><div class="flex flex-1 overflow-hidden"><aside class="w-60 flex-shrink-0 border-r border-[rgb(var(--border-subtle))]"><nav class="flex h-full flex-col bg-[rgb(var(--surface))]"><div class="flex-shrink-0 p-4 border-b border-[rgb(var(--border-subtle))]"><div class="space-y-3"><div class="flex items-center justify-between"><div class="flex items-center gap-2"><svg xmlns="http://www.w3.org/2000/svg" width="24" height="24" viewBox="0 0 24 24" fill="none" stroke="currentColor" stroke-width="2" stroke-linecap="round" stroke-linejoin="round" class="lucide lucide-zap h-6 w-6 text-primary-500" aria-hidden="true"><path d="M4 14a1 1 0 0 1-.78-1.63l9.9-10.2a.5.5 0 0 1 .86.46l-1.92 6.02A1 1 0 0 0 13 10h7a1 1 0 0 1 .78 1.63l-9.9 10.2a.5.5 0 0 1-.86-.46l1.92-6.02A1 1 0 0 0 11 14z"></path></svg><span class="font-bold text-lg">McpMux</span></div><button class="p-1.5 rounded-lg hover:bg-surface-hover transition-colors" title="Dark mode"><svg xmlns="http://www.w3.org/2000/svg" width="24" height="24" viewBox="0 0 24 24" fill="none" stroke="currentColor" stroke-width="2" stroke-linecap="round" stroke-linejoin="round" class="lucide lucide-moon h-4 w-4" aria-hidden="true"><path d="M20.985 12.486a9 9 0 1 1-9.473-9.472c.405-.022.617.46.402.803a6 6 0 0 0 8.268 8.268c.344-.215.825-.004.803.401"></path></svg></button></div><div class="relative w-full"><button class="w-full flex items-center justify-between gap-2 px-3 py-2.5 rounded-xl border border-[rgb(var(--border))] bg-[rgb(var(--surface))] hover:bg-[rgb(var(--surface-hover))] hover:border-[rgb(var(--primary))/30] transition-all duration-150 group"><span class="flex items-center gap-3 min-w-0"><span class="text-xl">≡ƒÅá</span><span class="font-medium text-sm truncate">Personal</span></span><svg xmlns="http://www.w3.org/2000/svg" width="24" height="24" viewBox="0 0 24 24" fill="none" stroke="currentColor" stroke-width="2" stroke-linecap="round" stroke-linejoin="round" class="lucide lucide-chevron-down h-4 w-4 flex-shrink-0 text-[rgb(var(--muted))] group-hover:text-[rgb(var(--foreground))] transition-all duration-200" aria-hidden="true"><path d="m6 9 6 6 6-6"></path></svg></button></div></div></div><div class="flex-1 overflow-y-auto p-3"><div class="mb-6"><div class="space-y-0.5"><button data-testid="nav-dashboard" class="flex w-full items-center gap-3 rounded-lg px-3 py-2.5 text-sm font-medium transition-all duration-150 text-[rgb(var(--muted))] hover:text-[rgb(var(--foreground))] hover:bg-[rgb(var(--surface-hover))]"><span class="h-5 w-5 flex items-center justify-center transition-colors"><svg xmlns="http://www.w3.org/2000/svg" width="24" height="24" viewBox="0 0 24 24" fill="none" stroke="currentColor" stroke-width="2" stroke-linecap="round" stroke-linejoin="round" class="lucide lucide-house h-4 w-4" aria-hidden="true"><path d="M15 21v-8a1 1 0 0 0-1-1h-4a1 1 0 0 0-1 1v8"></path><path d="M3 10a2 2 0 0 1 .709-1.528l7-6a2 2 0 0 1 2.582 0l7 6A2 2 0 0 1 21 10v9a2 2 0 0 1-2 2H5a2 2 0 0 1-2-2z"></path></svg></span><span>Dashboard</span></button><button data-testid="nav-my-servers" class="flex w-full items-center gap-3 rounded-lg px-3 py-2.5 text-sm font-medium transition-all duration-150 text-[rgb(var(--muted))] hover:text-[rgb(var(--foreground))] hover:bg-[rgb(var(--surface-hover))]"><span class="h-5 w-5 flex items-center justify-center transition-colors"><svg xmlns="http://www.w3.org/2000/svg" width="24" height="24" viewBox="0 0 24 24" fill="none" stroke="currentColor" stroke-width="2" stroke-linecap="round" stroke-linejoin="round" class="lucide lucide-zap h-4 w-4" aria-hidden="true"><path d="M4 14a1 1 0 0 1-.78-1.63l9.9-10.2a.5.5 0 0 1 .86.46l-1.92 6.02A1 1 0 0 0 13 10h7a1 1 0 0 1 .78 1.63l-9.9 10.2a.5.5 0 0 1-.86-.46l1.92-6.02A1 1 0 0 0 11 14z"></path></svg></span><span>My Servers</span></button><button data-testid="nav-discover" class="flex w-full items-center gap-3 rounded-lg px-3 py-2.5 text-sm font-medium transition-all duration-150 text-[rgb(var(--muted))] hover:text-[rgb(var(--foreground))] hover:bg-[rgb(var(--surface-hover))]"><span class="h-5 w-5 flex items-center justify-center transition-colors"><svg xmlns="http://www.w3.org/2000/svg" width="24" height="24" viewBox="0 0 24 24" fill="none" stroke="currentColor" stroke-width="2" stroke-linecap="round" stroke-linejoin="round" class="lucide lucide-server h-4 w-4" aria-hidden="true"><rect width="20" height="8" x="2" y="2" rx="2" ry="2"></rect><rect width="20" height="8" x="2" y="14" rx="2" ry="2"></rect><line x1="6" x2="6.01" y1="6" y2="6"></line><line x1="6" x2="6.01" y1="18" y2="18"></line></svg></span><span>Discover</span></button></div></div><div class="mb-6"><h3 class="mb-2 px-3 text-[11px] font-semibold uppercase tracking-wider text-[rgb(var(--muted-foreground))]">Workspaces</h3><div class="space-y-0.5"><button data-testid="nav-spaces" class="flex w-full items-center gap-3 rounded-lg px-3 py-2.5 text-sm font-medium transition-all duration-150 hover:text-[rgb(var(--foreground))] bg-[rgb(var(--primary))/10] text-[rgb(var(--primary))] hover:bg-[rgb(var(--primary))/15]"><span class="h-5 w-5 flex items-center justify-center transition-colors text-[rgb(var(--primary))]"><svg xmlns="http://www.w3.org/2000/svg" width="24" height="24" viewBox="0 0 24 24" fill="none" stroke="currentColor" stroke-width="2" stroke-linecap="round" stroke-linejoin="round" class="lucide lucide-globe h-4 w-4" aria-hidden="true"><circle cx="12" cy="12" r="10"></circle><path d="M12 2a14.5 14.5 0 0 0 0 20 14.5 14.5 0 0 0 0-20"></path><path d="M2 12h20"></path></svg></span><span>Spaces</span></button><button data-testid="nav-featuresets" class="flex w-full items-center gap-3 rounded-lg px-3 py-2.5 text-sm font-medium transition-all duration-150 text-[rgb(var(--muted))] hover:text-[rgb(var(--foreground))] hover:bg-[rgb(var(--surface-hover))]"><span class="h-5 w-5 flex items-center justify-center transition-colors"><svg xmlns="http://www.w3.org/2000/svg" width="24" height="24" viewBox="0 0 24 24" fill="none" stroke="currentColor" stroke-width="2" stroke-linecap="round" stroke-linejoin="round" class="lucide lucide-wrench h-4 w-4" aria-hidden="true"><path d="M14.7 6.3a1 1 0 0 0 0 1.4l1.6 1.6a1 1 0 0 0 1.4 0l3.106-3.105c.32-.322.863-.22.983.218a6 6 0 0 1-8.259 7.057l-7.91 7.91a1 1 0 0 1-2.999-3l7.91-7.91a6 6 0 0 1 7.057-8.259c.438.12.54.662.219.984z"></path></svg></span><span>FeatureSets</span></button></div></div><div class="mb-6"><h3 class="mb-2 px-3 text-[11px] font-semibold uppercase tracking-wider text-[rgb(var(--muted-foreground))]">Connections</h3><div class="space-y-0.5"><button data-testid="nav-clients" class="flex w-full items-center gap-3 rounded-lg px-3 py-2.5 text-sm font-medium transition-all duration-150 text-[rgb(var(--muted))] hover:text-[rgb(var(--foreground))] hover:bg-[rgb(var(--surface-hover))]"><span class="h-5 w-5 flex items-center justify-center transition-colors"><svg xmlns="http://www.w3.org/2000/svg" width="24" height="24" viewBox="0 0 24 24" fill="none" stroke="currentColor" stroke-width="2" stroke-linecap="round" stroke-linejoin="round" class="lucide lucide-monitor h-4 w-4" aria-hidden="true"><rect width="20" height="14" x="2" y="3" rx="2"></rect><line x1="8" x2="16" y1="21" y2="21"></line><line x1="12" x2="12" y1="17" y2="21"></line></svg></span><span>Clients</span></button></div></div><div class="mb-6"><div class="space-y-0.5"><button data-testid="nav-settings" class="flex w-full items-center gap-3 rounded-lg px-3 py-2.5 text-sm font-medium transition-all duration-150 text-[rgb(var(--muted))] hover:text-[rgb(var(--foreground))] hover:bg-[rgb(var(--surface-hover))]"><span class="h-5 w-5 flex items-center justify-center transition-colors"><svg xmlns="http://www.w3.org/2000/svg" width="24" height="24" viewBox="0 0 24 24" fill="none" stroke="currentColor" stroke-width="2" stroke-linecap="round" stroke-linejoin="round" class="lucide lucide-settings h-4 w-4" aria-hidden="true"><path d="M9.671 4.136a2.34 2.34 0 0 1 4.659 0 2.34 2.34 0 0 0 3.319 1.915 2.34 2.34 0 0 1 2.33 4.033 2.34 2.34 0 0 0 0 3.831 2.34 2.34 0 0 1-2.33 4.033 2.34 2.34 0 0 0-3.319 1.915 2.34 2.34 0 0 1-4.659 0 2.34 2.34 0 0 0-3.32-1.915 2.34 2.34 0 0 1-2.33-4.033 2.34 2.34 0 0 0 0-3.831A2.34 2.34 0 0 1 6.35 6.051a2.34 2.34 0 0 0 3.319-1.915"></path><circle cx="12" cy="12" r="3"></circle></svg></span><span>Settings</span></button></div></div></div><div class="flex-shrink-0 p-4 border-t border-[rgb(var(--border-subtle))]"><div class="text-xs text-[rgb(var(--muted))]"><div>McpMux v0.1.0</div><div>Gateway: localhost:9315</div></div></div></nav></aside><main class="flex-1 overflow-auto p-6 bg-[rgb(var(--background))]"><div class="animate-fade-in"><div class="h-full flex flex-col relative"><div class="flex-shrink-0 p-8 border-b border-[rgb(var(--border-subtle))]"><div class="max-w-[2000px] mx-auto"><div class="flex items-center justify-between mb-6"><div><h1 class="text-3xl font-bold">Workspaces</h1><p class="text-base text-[rgb(var(--muted))] mt-2">Manage isolated environments with their own credentials and server configurations</p></div><button class="inline-flex items-center justify-center gap-2 rounded-lg font-medium transition-all duration-150 ease-out focus-visible:outline-none focus-visible:ring-2 focus-visible:ring-[rgb(var(--primary))] focus-visible:ring-offset-2 disabled:pointer-events-none disabled:opacity-50 active:scale-[0.98] bg-[rgb(var(--primary))] text-[rgb(var(--primary-foreground))] hover:bg-[rgb(var(--primary-hover))] shadow-sm hover:shadow h-10 px-4" data-testid="create-space-btn"><svg xmlns="http://www.w3.org/2000/svg" width="24" height="24" viewBox="0 0 24 24" fill="none" stroke="currentColor" stroke-width="2" stroke-linecap="round" stroke-linejoin="round" class="lucide lucide-plus h-4 w-4 mr-2" aria-hidden="true"><path d="M5 12h14"></path><path d="M12 5v14"></path></svg>Create Space</button></div><div class="relative max-w-3xl"><svg xmlns="http://www.w3.org/2000/svg" width="24" height="24" viewBox="0 0 24 24" fill="none" stroke="currentColor" stroke-width="2" stroke-linecap="round" stroke-linejoin="round" class="lucide lucide-search absolute left-4 top-1/2 -translate-y-1/2 h-5 w-5 text-[rgb(var(--muted))]" aria-hidden="true"><path d="m21 21-4.34-4.34"></path><circle cx="11" cy="11" r="8"></circle></svg><input placeholder="Search workspaces..." class="w-full pl-12 pr-4 py-3 text-base bg-[rgb(var(--surface))] border border-[rgb(var(--border))] rounded-xl focus:outline-none focus:ring-2 focus:ring-primary-500 focus:border-primary-500 transition-all" type="text" value=""></div></div></div><div class="flex-1 overflow-auto px-8 py-8"><div class="max-w-[2000px] mx-auto"><div class="grid gap-5 auto-fill-cards"><div class="rounded-xl border border-[rgb(var(--border-subtle))] bg-[rgb(var(--card))] p-6 shadow-[0_1px_3px_0_rgb(0_0_0/0.1),0_1px_2px_-1px_rgb(0_0_0/0.1)] dark:shadow-[0_1px_3px_0_rgb(0_0_0/0.3),0_1px_2px_-1px_rgb(0_0_0/0.2)] transition-all hover:shadow-lg hover:scale-[1.01]" data-testid="space-card-00000000-0000-0000-0000-000000000001"><div class="p-5"><div class="flex items-start gap-3 mb-4"><div class="w-11 h-11 flex items-center justify-center bg-[rgb(var(--surface))] rounded-lg text-2xl border border-[rgb(var(--border-subtle))] flex-shrink-0">≡ƒÅá</div><div class="flex-1 min-w-0"><h3 class="font-semibold text-base truncate">My Space</h3><p class="text-sm text-[rgb(var(--muted))] line-clamp-1">Default workspace for your MCP servers</p></div><div class="flex gap-1 flex-shrink-0"><button class="p-1.5 text-[rgb(var(--muted))] hover:text-red-500 hover:bg-red-50 dark:hover:bg-red-900/20 rounded-lg transition-colors disabled:opacity-50 disabled:cursor-not-allowed" title="Delete Space" data-testid="delete-space-00000000-0000-0000-0000-000000000001"><svg xmlns="http://www.w3.org/2000/svg" width="24" height="24" viewBox="0 0 24 24" fill="none" stroke="currentColor" stroke-width="2" stroke-linecap="round" stroke-linejoin="round" class="lucide lucide-trash2 lucide-trash-2 h-4 w-4" aria-hidden="true"><path d="M10 11v6"></path><path d="M14 11v6"></path><path d="M19 6v14a2 2 0 0 1-2 2H7a2 2 0 0 1-2-2V6"></path><path d="M3 6h18"></path><path d="M8 6V4a2 2 0 0 1 2-2h4a2 2 0 0 1 2 2v2"></path></svg></button></div></div><div class="flex items-center justify-end pt-3 border-t border-[rgb(var(--border-subtle))]"><button class="inline-flex items-center justify-center gap-2 rounded-lg font-medium transition-all duration-150 ease-out focus-visible:outline-none focus-visible:ring-2 focus-visible:ring-[rgb(var(--primary))] focus-visible:ring-offset-2 disabled:pointer-events-none disabled:opacity-50 active:scale-[0.98] bg-[rgb(var(--surface-active))] text-[rgb(var(--foreground))] hover:bg-[rgb(var(--surface-hover))] border border-[rgb(var(--border))] h-8 px-3 text-sm" data-testid="set-active-space-00000000-0000-0000-0000-000000000001">Set Active</button></div></div></div><div class="rounded-xl border border-[rgb(var(--border-subtle))] bg-[rgb(var(--card))] p-6 dark:shadow-[0_1px_3px_0_rgb(0_0_0/0.3),0_1px_2px_-1px_rgb(0_0_0/0.2)] transition-all hover:shadow-lg hover:scale-[1.01] ring-2 ring-primary-500 shadow-lg" data-testid="space-card-97ecb604-4b50-4fb2-962a-acb3c9cccd2f"><div class="p-5"><div class="flex items-start gap-3 mb-4"><div class="w-11 h-11 flex items-center justify-center bg-[rgb(var(--surface))] rounded-lg text-2xl border border-[rgb(var(--border-subtle))] flex-shrink-0">≡ƒÅá</div><div class="flex-1 min-w-0"><h3 class="font-semibold text-base truncate">Personal</h3><p class="text-sm text-[rgb(var(--muted))] line-clamp-1">No description</p></div><div class="flex gap-1 flex-shrink-0"><span class="inline-flex items-center gap-1 px-2 py-0.5 rounded-full text-xs font-medium bg-green-100 dark:bg-green-900/30 text-green-700 dark:text-green-400"><svg xmlns="http://www.w3.org/2000/svg" width="24" height="24" viewBox="0 0 24 24" fill="none" stroke="currentColor" stroke-width="2" stroke-linecap="round" stroke-linejoin="round" class="lucide lucide-check h-3 w-3" aria-hidden="true"><path d="M20 6 9 17l-5-5"></path></svg> Active</span></div></div><div class="flex items-center justify-end pt-3 border-t border-[rgb(var(--border-subtle))]"><span class="text-xs font-medium text-[rgb(var(--muted))]">Current Context</span></div></div></div><div class="rounded-xl border border-[rgb(var(--border-subtle))] bg-[rgb(var(--card))] p-6 shadow-[0_1px_3px_0_rgb(0_0_0/0.1),0_1px_2px_-1px_rgb(0_0_0/0.1)] dark:shadow-[0_1px_3px_0_rgb(0_0_0/0.3),0_1px_2px_-1px_rgb(0_0_0/0.2)] transition-all hover:shadow-lg hover:scale-[1.01]" data-testid="space-card-c10db5a5-cf80-41d6-8fd3-f7de8c4ef513"><div class="p-5"><div class="flex items-start gap-3 mb-4"><div class="w-11 h-11 flex items-center justify-center bg-[rgb(var(--surface))] rounded-lg text-2xl border border-[rgb(var(--border-subtle))] flex-shrink-0">≡ƒÅá</div><div class="flex-1 min-w-0"><h3 class="font-semibold text-base truncate">Personal</h3><p class="text-sm text-[rgb(var(--muted))] line-clamp-1">No description</p></div><div class="flex gap-1 flex-shrink-0"><button class="p-1.5 text-[rgb(var(--muted))] hover:text-red-500 hover:bg-red-50 dark:hover:bg-red-900/20 rounded-lg transition-colors disabled:opacity-50 disabled:cursor-not-allowed" title="Delete Space" data-testid="delete-space-c10db5a5-cf80-41d6-8fd3-f7de8c4ef513"><svg xmlns="http://www.w3.org/2000/svg" width="24" height="24" viewBox="0 0 24 24" fill="none" stroke="currentColor" stroke-width="2" stroke-linecap="round" stroke-linejoin="round" class="lucide lucide-trash2 lucide-trash-2 h-4 w-4" aria-hidden="true"><path d="M10 11v6"></path><path d="M14 11v6"></path><path d="M19 6v14a2 2 0 0 1-2 2H7a2 2 0 0 1-2-2V6"></path><path d="M3 6h18"></path><path d="M8 6V4a2 2 0 0 1 2-2h4a2 2 0 0 1 2 2v2"></path></svg></button></div></div><div class="flex items-center justify-end pt-3 border-t border-[rgb(var(--border-subtle))]"><button class="inline-flex items-center justify-center gap-2 rounded-lg font-medium transition-all duration-150 ease-out focus-visible:outline-none focus-visible:ring-2 focus-visible:ring-[rgb(var(--primary))] focus-visible:ring-offset-2 disabled:pointer-events-none disabled:opacity-50 active:scale-[0.98] bg-[rgb(var(--surface-active))] text-[rgb(var(--foreground))] hover:bg-[rgb(var(--surface-hover))] border border-[rgb(var(--border))] h-8 px-3 text-sm" data-testid="set-active-space-c10db5a5-cf80-41d6-8fd3-f7de8c4ef513">Set Active</button></div></div></div><div class="rounded-xl border border-[rgb(var(--border-subtle))] bg-[rgb(var(--card))] p-6 shadow-[0_1px_3px_0_rgb(0_0_0/0.1),0_1px_2px_-1px_rgb(0_0_0/0.1)] dark:shadow-[0_1px_3px_0_rgb(0_0_0/0.3),0_1px_2px_-1px_rgb(0_0_0/0.2)] transition-all hover:shadow-lg hover:scale-[1.01]" data-testid="space-card-403741f7-8c61-4c48-8a7d-739d529228f6"><div class="p-5"><div class="flex items-start gap-3 mb-4"><div class="w-11 h-11 flex items-center justify-center bg-[rgb(var(--surface))] rounded-lg text-2xl border border-[rgb(var(--border-subtle))] flex-shrink-0">≡ƒÅá</div><div class="flex-1 min-w-0"><h3 class="font-semibold text-base truncate">Personal</h3><p class="text-sm text-[rgb(var(--muted))] line-clamp-1">No description</p></div><div class="flex gap-1 flex-shrink-0"><button class="p-1.5 text-[rgb(var(--muted))] hover:text-red-500 hover:bg-red-50 dark:hover:bg-red-900/20 rounded-lg transition-colors disabled:opacity-50 disabled:cursor-not-allowed" title="Delete Space" data-testid="delete-space-403741f7-8c61-4c48-8a7d-739d529228f6"><svg xmlns="http://www.w3.org/2000/svg" width="24" height="24" viewBox="0 0 24 24" fill="none" stroke="currentColor" stroke-width="2" stroke-linecap="round" stroke-linejoin="round" class="lucide lucide-trash2 lucide-trash-2 h-4 w-4" aria-hidden="true"><path d="M10 11v6"></path><path d="M14 11v6"></path><path d="M19 6v14a2 2 0 0 1-2 2H7a2 2 0 0 1-2-2V6"></path><path d="M3 6h18"></path><path d="M8 6V4a2 2 0 0 1 2-2h4a2 2 0 0 1 2 2v2"></path></svg></button></div></div><div class="flex items-center justify-end pt-3 border-t border-[rgb(var(--border-subtle))]"><button class="inline-flex items-center justify-center gap-2 rounded-lg font-medium transition-all duration-150 ease-out focus-visible:outline-none focus-visible:ring-2 focus-visible:ring-[rgb(var(--primary))] focus-visible:ring-offset-2 disabled:pointer-events-none disabled:opacity-50 active:scale-[0.98] bg-[rgb(var(--surface-active))] text-[rgb(var(--foreground))] hover:bg-[rgb(var(--surface-hover))] border border-[rgb(var(--border))] h-8 px-3 text-sm" data-testid="set-active-space-403741f7-8c61-4c48-8a7d-739d529228f6">Set Active</button></div></div></div><div class="rounded-xl border border-[rgb(var(--border-subtle))] bg-[rgb(var(--card))] p-6 shadow-[0_1px_3px_0_rgb(0_0_0/0.1),0_1px_2px_-1px_rgb(0_0_0/0.1)] dark:shadow-[0_1px_3px_0_rgb(0_0_0/0.3),0_1px_2px_-1px_rgb(0_0_0/0.2)] transition-all hover:shadow-lg hover:scale-[1.01]" data-testid="space-card-6f7ea064-f7f0-4e28-b19a-2c90f2e2585f"><div class="p-5"><div class="flex items-start gap-3 mb-4"><div class="w-11 h-11 flex items-center justify-center bg-[rgb(var(--surface))] rounded-lg text-2xl border border-[rgb(var(--border-subtle))] flex-shrink-0">≡ƒÅá</div><div class="flex-1 min-w-0"><h3 class="font-semibold text-base truncate">Personal</h3><p class="text-sm text-[rgb(var(--muted))] line-clamp-1">No description</p></div><div class="flex gap-1 flex-shrink-0"><button class="p-1.5 text-[rgb(var(--muted))] hover:text-red-500 hover:bg-red-50 dark:hover:bg-red-900/20 rounded-lg transition-colors disabled:opacity-50 disabled:cursor-not-allowed" title="Delete Space" data-testid="delete-space-6f7ea064-f7f0-4e28-b19a-2c90f2e2585f"><svg xmlns="http://www.w3.org/2000/svg" width="24" height="24" viewBox="0 0 24 24" fill="none" stroke="currentColor" stroke-width="2" stroke-linecap="round" stroke-linejoin="round" class="lucide lucide-trash2 lucide-trash-2 h-4 w-4" aria-hidden="true"><path d="M10 11v6"></path><path d="M14 11v6"></path><path d="M19 6v14a2 2 0 0 1-2 2H7a2 2 0 0 1-2-2V6"></path><path d="M3 6h18"></path><path d="M8 6V4a2 2 0 0 1 2-2h4a2 2 0 0 1 2 2v2"></path></svg></button></div></div><div class="flex items-center justify-end pt-3 border-t border-[rgb(var(--border-subtle))]"><button class="inline-flex items-center justify-center gap-2 rounded-lg font-medium transition-all duration-150 ease-out focus-visible:outline-none focus-visible:ring-2 focus-visible:ring-[rgb(var(--primary))] focus-visible:ring-offset-2 disabled:pointer-events-none disabled:opacity-50 active:scale-[0.98] bg-[rgb(var(--surface-active))] text-[rgb(var(--foreground))] hover:bg-[rgb(var(--surface-hover))] border border-[rgb(var(--border))] h-8 px-3 text-sm" data-testid="set-active-space-6f7ea064-f7f0-4e28-b19a-2c90f2e2585f">Set Active</button></div></div></div><div class="rounded-xl border border-[rgb(var(--border-subtle))] bg-[rgb(var(--card))] p-6 shadow-[0_1px_3px_0_rgb(0_0_0/0.1),0_1px_2px_-1px_rgb(0_0_0/0.1)] dark:shadow-[0_1px_3px_0_rgb(0_0_0/0.3),0_1px_2px_-1px_rgb(0_0_0/0.2)] transition-all hover:shadow-lg hover:scale-[1.01]" data-testid="space-card-6bf94a6f-53c3-4b64-869b-73de2115133a"><div class="p-5"><div class="flex items-start gap-3 mb-4"><div class="w-11 h-11 flex items-center justify-center bg-[rgb(var(--surface))] rounded-lg text-2xl border border-[rgb(var(--border-subtle))] flex-shrink-0">≡ƒÅá</div><div class="flex-1 min-w-0"><h3 class="font-semibold text-base truncate">Personal</h3><p class="text-sm text-[rgb(var(--muted))] line-clamp-1">No description</p></div><div class="flex gap-1 flex-shrink-0"><button class="p-1.5 text-[rgb(var(--muted))] hover:text-red-500 hover:bg-red-50 dark:hover:bg-red-900/20 rounded-lg transition-colors disabled:opacity-50 disabled:cursor-not-allowed" title="Delete Space" data-testid="delete-space-6bf94a6f-53c3-4b64-869b-73de2115133a"><svg xmlns="http://www.w3.org/2000/svg" width="24" height="24" viewBox="0 0 24 24" fill="none" stroke="currentColor" stroke-width="2" stroke-linecap="round" stroke-linejoin="round" class="lucide lucide-trash2 lucide-trash-2 h-4 w-4" aria-hidden="true"><path d="M10 11v6"></path><path d="M14 11v6"></path><path d="M19 6v14a2 2 0 0 1-2 2H7a2 2 0 0 1-2-2V6"></path><path d="M3 6h18"></path><path d="M8 6V4a2 2 0 0 1 2-2h4a2 2 0 0 1 2 2v2"></path></svg></button></div></div><div class="flex items-center justify-end pt-3 border-t border-[rgb(var(--border-subtle))]"><button class="inline-flex items-center justify-center gap-2 rounded-lg font-medium transition-all duration-150 ease-out focus-visible:outline-none focus-visible:ring-2 focus-visible:ring-[rgb(var(--primary))] focus-visible:ring-offset-2 disabled:pointer-events-none disabled:opacity-50 active:scale-[0.98] bg-[rgb(var(--surface-active))] text-[rgb(var(--foreground))] hover:bg-[rgb(var(--surface-hover))] border border-[rgb(var(--border))] h-8 px-3 text-sm" data-testid="set-active-space-6bf94a6f-53c3-4b64-869b-73de2115133a">Set Active</button></div></div></div><div class="rounded-xl border border-[rgb(var(--border-subtle))] bg-[rgb(var(--card))] p-6 shadow-[0_1px_3px_0_rgb(0_0_0/0.1),0_1px_2px_-1px_rgb(0_0_0/0.1)] dark:shadow-[0_1px_3px_0_rgb(0_0_0/0.3),0_1px_2px_-1px_rgb(0_0_0/0.2)] transition-all hover:shadow-lg hover:scale-[1.01]" data-testid="space-card-dc285562-0000-40c5-bc6c-f7d17f237935"><div class="p-5"><div class="flex items-start gap-3 mb-4"><div class="w-11 h-11 flex items-center justify-center bg-[rgb(var(--surface))] rounded-lg text-2xl border border-[rgb(var(--border-subtle))] flex-shrink-0">≡ƒÅá</div><div class="flex-1 min-w-0"><h3 class="font-semibold text-base truncate">Personal</h3><p class="text-sm text-[rgb(var(--muted))] line-clamp-1">No description</p></div><div class="flex gap-1 flex-shrink-0"><button class="p-1.5 text-[rgb(var(--muted))] hover:text-red-500 hover:bg-red-50 dark:hover:bg-red-900/20 rounded-lg transition-colors disabled:opacity-50 disabled:cursor-not-allowed" title="Delete Space" data-testid="delete-space-dc285562-0000-40c5-bc6c-f7d17f237935"><svg xmlns="http://www.w3.org/2000/svg" width="24" height="24" viewBox="0 0 24 24" fill="none" stroke="currentColor" stroke-width="2" stroke-linecap="round" stroke-linejoin="round" class="lucide lucide-trash2 lucide-trash-2 h-4 w-4" aria-hidden="true"><path d="M10 11v6"></path><path d="M14 11v6"></path><path d="M19 6v14a2 2 0 0 1-2 2H7a2 2 0 0 1-2-2V6"></path><path d="M3 6h18"></path><path d="M8 6V4a2 2 0 0 1 2-2h4a2 2 0 0 1 2 2v2"></path></svg></button></div></div><div class="flex items-center justify-end pt-3 border-t border-[rgb(var(--border-subtle))]"><button class="inline-flex items-center justify-center gap-2 rounded-lg font-medium transition-all duration-150 ease-out focus-visible:outline-none focus-visible:ring-2 focus-visible:ring-[rgb(var(--primary))] focus-visible:ring-offset-2 disabled:pointer-events-none disabled:opacity-50 active:scale-[0.98] bg-[rgb(var(--surface-active))] text-[rgb(var(--foreground))] hover:bg-[rgb(var(--surface-hover))] border border-[rgb(var(--border))] h-8 px-3 text-sm" data-testid="set-active-space-dc285562-0000-40c5-bc6c-f7d17f237935">Set Active</button></div></div></div><div class="rounded-xl border border-[rgb(var(--border-subtle))] bg-[rgb(var(--card))] p-6 shadow-[0_1px_3px_0_rgb(0_0_0/0.1),0_1px_2px_-1px_rgb(0_0_0/0.1)] dark:shadow-[0_1px_3px_0_rgb(0_0_0/0.3),0_1px_2px_-1px_rgb(0_0_0/0.2)] transition-all hover:shadow-lg hover:scale-[1.01]" data-testid="space-card-e5f57556-d072-40df-b313-55c2a541158b"><div class="p-5"><div class="flex items-start gap-3 mb-4"><div class="w-11 h-11 flex items-center justify-center bg-[rgb(var(--surface))] rounded-lg text-2xl border border-[rgb(var(--border-subtle))] flex-shrink-0">≡ƒÅá</div><div class="flex-1 min-w-0"><h3 class="font-semibold text-base truncate">Personal</h3><p class="text-sm text-[rgb(var(--muted))] line-clamp-1">No description</p></div><div class="flex gap-1 flex-shrink-0"><button class="p-1.5 text-[rgb(var(--muted))] hover:text-red-500 hover:bg-red-50 dark:hover:bg-red-900/20 rounded-lg transition-colors disabled:opacity-50 disabled:cursor-not-allowed" title="Delete Space" data-testid="delete-space-e5f57556-d072-40df-b313-55c2a541158b"><svg xmlns="http://www.w3.org/2000/svg" width="24" height="24" viewBox="0 0 24 24" fill="none" stroke="currentColor" stroke-width="2" stroke-linecap="round" stroke-linejoin="round" class="lucide lucide-trash2 lucide-trash-2 h-4 w-4" aria-hidden="true"><path d="M10 11v6"></path><path d="M14 11v6"></path><path d="M19 6v14a2 2 0 0 1-2 2H7a2 2 0 0 1-2-2V6"></path><path d="M3 6h18"></path><path d="M8 6V4a2 2 0 0 1 2-2h4a2 2 0 0 1 2 2v2"></path></svg></button></div></div><div class="flex items-center justify-end pt-3 border-t border-[rgb(var(--border-subtle))]"><button class="inline-flex items-center justify-center gap-2 rounded-lg font-medium transition-all duration-150 ease-out focus-visible:outline-none focus-visible:ring-2 focus-visible:ring-[rgb(var(--primary))] focus-visible:ring-offset-2 disabled:pointer-events-none disabled:opacity-50 active:scale-[0.98] bg-[rgb(var(--surface-active))] text-[rgb(var(--foreground))] hover:bg-[rgb(var(--surface-hover))] border border-[rgb(var(--border))] h-8 px-3 text-sm" data-testid="set-active-space-e5f57556-d072-40df-b313-55c2a541158b">Set Active</button></div></div></div><div class="rounded-xl border border-[rgb(var(--border-subtle))] bg-[rgb(var(--card))] p-6 shadow-[0_1px_3px_0_rgb(0_0_0/0.1),0_1px_2px_-1px_rgb(0_0_0/0.1)] dark:shadow-[0_1px_3px_0_rgb(0_0_0/0.3),0_1px_2px_-1px_rgb(0_0_0/0.2)] transition-all hover:shadow-lg hover:scale-[1.01]" data-testid="space-card-0b9a4f71-5e47-4b13-920c-26dc1d1af66f"><div class="p-5"><div class="flex items-start gap-3 mb-4"><div class="w-11 h-11 flex items-center justify-center bg-[rgb(var(--surface))] rounded-lg text-2xl border border-[rgb(var(--border-subtle))] flex-shrink-0">≡ƒÅá</div><div class="flex-1 min-w-0"><h3 class="font-semibold text-base truncate">Personal</h3><p class="text-sm text-[rgb(var(--muted))] line-clamp-1">No description</p></div><div class="flex gap-1 flex-shrink-0"><button class="p-1.5 text-[rgb(var(--muted))] hover:text-red-500 hover:bg-red-50 dark:hover:bg-red-900/20 rounded-lg transition-colors disabled:opacity-50 disabled:cursor-not-allowed" title="Delete Space" data-testid="delete-space-0b9a4f71-5e47-4b13-920c-26dc1d1af66f"><svg xmlns="http://www.w3.org/2000/svg" width="24" height="24" viewBox="0 0 24 24" fill="none" stroke="currentColor" stroke-width="2" stroke-linecap="round" stroke-linejoin="round" class="lucide lucide-trash2 lucide-trash-2 h-4 w-4" aria-hidden="true"><path d="M10 11v6"></path><path d="M14 11v6"></path><path d="M19 6v14a2 2 0 0 1-2 2H7a2 2 0 0 1-2-2V6"></path><path d="M3 6h18"></path><path d="M8 6V4a2 2 0 0 1 2-2h4a2 2 0 0 1 2 2v2"></path></svg></button></div></div><div class="flex items-center justify-end pt-3 border-t border-[rgb(var(--border-subtle))]"><button class="inline-flex items-center justify-center gap-2 rounded-lg font-medium transition-all duration-150 ease-out focus-visible:outline-none focus-visible:ring-2 focus-visible:ring-[rgb(var(--primary))] focus-visible:ring-offset-2 disabled:pointer-events-none disabled:opacity-50 active:scale-[0.98] bg-[rgb(var(--surface-active))] text-[rgb(var(--foreground))] hover:bg-[rgb(var(--surface-hover))] border border-[rgb(var(--border))] h-8 px-3 text-sm" data-testid="set-active-space-0b9a4f71-5e47-4b13-920c-26dc1d1af66f">Set Active</button></div></div></div><div class="rounded-xl border border-[rgb(var(--border-subtle))] bg-[rgb(var(--card))] p-6 shadow-[0_1px_3px_0_rgb(0_0_0/0.1),0_1px_2px_-1px_rgb(0_0_0/0.1)] dark:shadow-[0_1px_3px_0_rgb(0_0_0/0.3),0_1px_2px_-1px_rgb(0_0_0/0.2)] transition-all hover:shadow-lg hover:scale-[1.01]" data-testid="space-card-99e49f8e-e4eb-496f-918a-b4148246ba50"><div class="p-5"><div class="flex items-start gap-3 mb-4"><div class="w-11 h-11 flex items-center justify-center bg-[rgb(var(--surface))] rounded-lg text-2xl border border-[rgb(var(--border-subtle))] flex-shrink-0">≡ƒÅá</div><div class="flex-1 min-w-0"><h3 class="font-semibold text-base truncate">Personal</h3><p class="text-sm text-[rgb(var(--muted))] line-clamp-1">No description</p></div><div class="flex gap-1 flex-shrink-0"><button class="p-1.5 text-[rgb(var(--muted))] hover:text-red-500 hover:bg-red-50 dark:hover:bg-red-900/20 rounded-lg transition-colors disabled:opacity-50 disabled:cursor-not-allowed" title="Delete Space" data-testid="delete-space-99e49f8e-e4eb-496f-918a-b4148246ba50"><svg xmlns="http://www.w3.org/2000/svg" width="24" height="24" viewBox="0 0 24 24" fill="none" stroke="currentColor" stroke-width="2" stroke-linecap="round" stroke-linejoin="round" class="lucide lucide-trash2 lucide-trash-2 h-4 w-4" aria-hidden="true"><path d="M10 11v6"></path><path d="M14 11v6"></path><path d="M19 6v14a2 2 0 0 1-2 2H7a2 2 0 0 1-2-2V6"></path><path d="M3 6h18"></path><path d="M8 6V4a2 2 0 0 1 2-2h4a2 2 0 0 1 2 2v2"></path></svg></button></div></div><div class="flex items-center justify-end pt-3 border-t border-[rgb(var(--border-subtle))]"><button class="inline-flex items-center justify-center gap-2 rounded-lg font-medium transition-all duration-150 ease-out focus-visible:outline-none focus-visible:ring-2 focus-visible:ring-[rgb(var(--primary))] focus-visible:ring-offset-2 disabled:pointer-events-none disabled:opacity-50 active:scale-[0.98] bg-[rgb(var(--surface-active))] text-[rgb(var(--foreground))] hover:bg-[rgb(var(--surface-hover))] border border-[rgb(var(--border))] h-8 px-3 text-sm" data-testid="set-active-space-99e49f8e-e4eb-496f-918a-b4148246ba50">Set Active</button></div></div></div><div class="rounded-xl border border-[rgb(var(--border-subtle))] bg-[rgb(var(--card))] p-6 shadow-[0_1px_3px_0_rgb(0_0_0/0.1),0_1px_2px_-1px_rgb(0_0_0/0.1)] dark:shadow-[0_1px_3px_0_rgb(0_0_0/0.3),0_1px_2px_-1px_rgb(0_0_0/0.2)] transition-all hover:shadow-lg hover:scale-[1.01]" data-testid="space-card-c29a599c-5fbe-4abe-9944-fb28216f08c2"><div class="p-5"><div class="flex items-start gap-3 mb-4"><div class="w-11 h-11 flex items-center justify-center bg-[rgb(var(--surface))] rounded-lg text-2xl border border-[rgb(var(--border-subtle))] flex-shrink-0">≡ƒÅá</div><div class="flex-1 min-w-0"><h3 class="font-semibold text-base truncate">Personal</h3><p class="text-sm text-[rgb(var(--muted))] line-clamp-1">No description</p></div><div class="flex gap-1 flex-shrink-0"><button class="p-1.5 text-[rgb(var(--muted))] hover:text-red-500 hover:bg-red-50 dark:hover:bg-red-900/20 rounded-lg transition-colors disabled:opacity-50 disabled:cursor-not-allowed" title="Delete Space" data-testid="delete-space-c29a599c-5fbe-4abe-9944-fb28216f08c2"><svg xmlns="http://www.w3.org/2000/svg" width="24" height="24" viewBox="0 0 24 24" fill="none" stroke="currentColor" stroke-width="2" stroke-linecap="round" stroke-linejoin="round" class="lucide lucide-trash2 lucide-trash-2 h-4 w-4" aria-hidden="true"><path d="M10 11v6"></path><path d="M14 11v6"></path><path d="M19 6v14a2 2 0 0 1-2 2H7a2 2 0 0 1-2-2V6"></path><path d="M3 6h18"></path><path d="M8 6V4a2 2 0 0 1 2-2h4a2 2 0 0 1 2 2v2"></path></svg></button></div></div><div class="flex items-center justify-end pt-3 border-t border-[rgb(var(--border-subtle))]"><button class="inline-flex items-center justify-center gap-2 rounded-lg font-medium transition-all duration-150 ease-out focus-visible:outline-none focus-visible:ring-2 focus-visible:ring-[rgb(var(--primary))] focus-visible:ring-offset-2 disabled:pointer-events-none disabled:opacity-50 active:scale-[0.98] bg-[rgb(var(--surface-active))] text-[rgb(var(--foreground))] hover:bg-[rgb(var(--surface-hover))] border border-[rgb(var(--border))] h-8 px-3 text-sm" data-testid="set-active-space-c29a599c-5fbe-4abe-9944-fb28216f08c2">Set Active</button></div></div></div><div class="rounded-xl border border-[rgb(var(--border-subtle))] bg-[rgb(var(--card))] p-6 shadow-[0_1px_3px_0_rgb(0_0_0/0.1),0_1px_2px_-1px_rgb(0_0_0/0.1)] dark:shadow-[0_1px_3px_0_rgb(0_0_0/0.3),0_1px_2px_-1px_rgb(0_0_0/0.2)] transition-all hover:shadow-lg hover:scale-[1.01]" data-testid="space-card-25835abe-ef94-48d5-9e7b-2dda0a499a81"><div class="p-5"><div class="flex items-start gap-3 mb-4"><div class="w-11 h-11 flex items-center justify-center bg-[rgb(var(--surface))] rounded-lg text-2xl border border-[rgb(var(--border-subtle))] flex-shrink-0">≡ƒÅá</div><div class="flex-1 min-w-0"><h3 class="font-semibold text-base truncate">Personal</h3><p class="text-sm text-[rgb(var(--muted))] line-clamp-1">No description</p></div><div class="flex gap-1 flex-shrink-0"><button class="p-1.5 text-[rgb(var(--muted))] hover:text-red-500 hover:bg-red-50 dark:hover:bg-red-900/20 rounded-lg transition-colors disabled:opacity-50 disabled:cursor-not-allowed" title="Delete Space" data-testid="delete-space-25835abe-ef94-48d5-9e7b-2dda0a499a81"><svg xmlns="http://www.w3.org/2000/svg" width="24" height="24" viewBox="0 0 24 24" fill="none" stroke="currentColor" stroke-width="2" stroke-linecap="round" stroke-linejoin="round" class="lucide lucide-trash2 lucide-trash-2 h-4 w-4" aria-hidden="true"><path d="M10 11v6"></path><path d="M14 11v6"></path><path d="M19 6v14a2 2 0 0 1-2 2H7a2 2 0 0 1-2-2V6"></path><path d="M3 6h18"></path><path d="M8 6V4a2 2 0 0 1 2-2h4a2 2 0 0 1 2 2v2"></path></svg></button></div></div><div class="flex items-center justify-end pt-3 border-t border-[rgb(var(--border-subtle))]"><button class="inline-flex items-center justify-center gap-2 rounded-lg font-medium transition-all duration-150 ease-out focus-visible:outline-none focus-visible:ring-2 focus-visible:ring-[rgb(var(--primary))] focus-visible:ring-offset-2 disabled:pointer-events-none disabled:opacity-50 active:scale-[0.98] bg-[rgb(var(--surface-active))] text-[rgb(var(--foreground))] hover:bg-[rgb(var(--surface-hover))] border border-[rgb(var(--border))] h-8 px-3 text-sm" data-testid="set-active-space-25835abe-ef94-48d5-9e7b-2dda0a499a81">Set Active</button></div></div></div><div class="rounded-xl border border-[rgb(var(--border-subtle))] bg-[rgb(var(--card))] p-6 shadow-[0_1px_3px_0_rgb(0_0_0/0.1),0_1px_2px_-1px_rgb(0_0_0/0.1)] dark:shadow-[0_1px_3px_0_rgb(0_0_0/0.3),0_1px_2px_-1px_rgb(0_0_0/0.2)] transition-all hover:shadow-lg hover:scale-[1.01]" data-testid="space-card-b02dd26b-563f-43cc-88e0-6110898e7054"><div class="p-5"><div class="flex items-start gap-3 mb-4"><div class="w-11 h-11 flex items-center justify-center bg-[rgb(var(--surface))] rounded-lg text-2xl border border-[rgb(var(--border-subtle))] flex-shrink-0">1∩╕ÅΓâú</div><div class="flex-1 min-w-0"><h3 class="font-semibold text-base truncate">Test Space 1</h3><p class="text-sm text-[rgb(var(--muted))] line-clamp-1">No description</p></div><div class="flex gap-1 flex-shrink-0"><button class="p-1.5 text-[rgb(var(--muted))] hover:text-red-500 hover:bg-red-50 dark:hover:bg-red-900/20 rounded-lg transition-colors disabled:opacity-50 disabled:cursor-not-allowed" title="Delete Space" data-testid="delete-space-b02dd26b-563f-43cc-88e0-6110898e7054"><svg xmlns="http://www.w3.org/2000/svg" width="24" height="24" viewBox="0 0 24 24" fill="none" stroke="currentColor" stroke-width="2" stroke-linecap="round" stroke-linejoin="round" class="lucide lucide-trash2 lucide-trash-2 h-4 w-4" aria-hidden="true"><path d="M10 11v6"></path><path d="M14 11v6"></path><path d="M19 6v14a2 2 0 0 1-2 2H7a2 2 0 0 1-2-2V6"></path><path d="M3 6h18"></path><path d="M8 6V4a2 2 0 0 1 2-2h4a2 2 0 0 1 2 2v2"></path></svg></button></div></div><div class="flex items-center justify-end pt-3 border-t border-[rgb(var(--border-subtle))]"><button class="inline-flex items-center justify-center gap-2 rounded-lg font-medium transition-all duration-150 ease-out focus-visible:outline-none focus-visible:ring-2 focus-visible:ring-[rgb(var(--primary))] focus-visible:ring-offset-2 disabled:pointer-events-none disabled:opacity-50 active:scale-[0.98] bg-[rgb(var(--surface-active))] text-[rgb(var(--foreground))] hover:bg-[rgb(var(--surface-hover))] border border-[rgb(var(--border))] h-8 px-3 text-sm" data-testid="set-active-space-b02dd26b-563f-43cc-88e0-6110898e7054">Set Active</button></div></div></div><div class="rounded-xl border border-[rgb(var(--border-subtle))] bg-[rgb(var(--card))] p-6 shadow-[0_1px_3px_0_rgb(0_0_0/0.1),0_1px_2px_-1px_rgb(0_0_0/0.1)] dark:shadow-[0_1px_3px_0_rgb(0_0_0/0.3),0_1px_2px_-1px_rgb(0_0_0/0.2)] transition-all hover:shadow-lg hover:scale-[1.01]" data-testid="space-card-4ef8290d-4ef9-4a6e-863f-f0f3ce75fa98"><div class="p-5"><div class="flex items-start gap-3 mb-4"><div class="w-11 h-11 flex items-center justify-center bg-[rgb(var(--surface))] rounded-lg text-2xl border border-[rgb(var(--border-subtle))] flex-shrink-0">1∩╕ÅΓâú</div><div class="flex-1 min-w-0"><h3 class="font-semibold text-base truncate">Test Space 1</h3><p class="text-sm text-[rgb(var(--muted))] line-clamp-1">No description</p></div><div class="flex gap-1 flex-shrink-0"><button class="p-1.5 text-[rgb(var(--muted))] hover:text-red-500 hover:bg-red-50 dark:hover:bg-red-900/20 rounded-lg transition-colors disabled:opacity-50 disabled:cursor-not-allowed" title="Delete Space" data-testid="delete-space-4ef8290d-4ef9-4a6e-863f-f0f3ce75fa98"><svg xmlns="http://www.w3.org/2000/svg" width="24" height="24" viewBox="0 0 24 24" fill="none" stroke="currentColor" stroke-width="2" stroke-linecap="round" stroke-linejoin="round" class="lucide lucide-trash2 lucide-trash-2 h-4 w-4" aria-hidden="true"><path d="M10 11v6"></path><path d="M14 11v6"></path><path d="M19 6v14a2 2 0 0 1-2 2H7a2 2 0 0 1-2-2V6"></path><path d="M3 6h18"></path><path d="M8 6V4a2 2 0 0 1 2-2h4a2 2 0 0 1 2 2v2"></path></svg></button></div></div><div class="flex items-center justify-end pt-3 border-t border-[rgb(var(--border-subtle))]"><button class="inline-flex items-center justify-center gap-2 rounded-lg font-medium transition-all duration-150 ease-out focus-visible:outline-none focus-visible:ring-2 focus-visible:ring-[rgb(var(--primary))] focus-visible:ring-offset-2 disabled:pointer-events-none disabled:opacity-50 active:scale-[0.98] bg-[rgb(var(--surface-active))] text-[rgb(var(--foreground))] hover:bg-[rgb(var(--surface-hover))] border border-[rgb(var(--border))] h-8 px-3 text-sm" data-testid="set-active-space-4ef8290d-4ef9-4a6e-863f-f0f3ce75fa98">Set Active</button></div></div></div><div class="rounded-xl border border-[rgb(var(--border-subtle))] bg-[rgb(var(--card))] p-6 shadow-[0_1px_3px_0_rgb(0_0_0/0.1),0_1px_2px_-1px_rgb(0_0_0/0.1)] dark:shadow-[0_1px_3px_0_rgb(0_0_0/0.3),0_1px_2px_-1px_rgb(0_0_0/0.2)] transition-all hover:shadow-lg hover:scale-[1.01]" data-testid="space-card-d9728827-beb5-4329-b651-06894787b0fb"><div class="p-5"><div class="flex items-start gap-3 mb-4"><div class="w-11 h-11 flex items-center justify-center bg-[rgb(var(--surface))] rounded-lg text-2xl border border-[rgb(var(--border-subtle))] flex-shrink-0">1∩╕ÅΓâú</div><div class="flex-1 min-w-0"><h3 class="font-semibold text-base truncate">Test Space 1</h3><p class="text-sm text-[rgb(var(--muted))] line-clamp-1">No description</p></div><div class="flex gap-1 flex-shrink-0"><button class="p-1.5 text-[rgb(var(--muted))] hover:text-red-500 hover:bg-red-50 dark:hover:bg-red-900/20 rounded-lg transition-colors disabled:opacity-50 disabled:cursor-not-allowed" title="Delete Space" data-testid="delete-space-d9728827-beb5-4329-b651-06894787b0fb"><svg xmlns="http://www.w3.org/2000/svg" width="24" height="24" viewBox="0 0 24 24" fill="none" stroke="currentColor" stroke-width="2" stroke-linecap="round" stroke-linejoin="round" class="lucide lucide-trash2 lucide-trash-2 h-4 w-4" aria-hidden="true"><path d="M10 11v6"></path><path d="M14 11v6"></path><path d="M19 6v14a2 2 0 0 1-2 2H7a2 2 0 0 1-2-2V6"></path><path d="M3 6h18"></path><path d="M8 6V4a2 2 0 0 1 2-2h4a2 2 0 0 1 2 2v2"></path></svg></button></div></div><div class="flex items-center justify-end pt-3 border-t border-[rgb(var(--border-subtle))]"><button class="inline-flex items-center justify-center gap-2 rounded-lg font-medium transition-all duration-150 ease-out focus-visible:outline-none focus-visible:ring-2 focus-visible:ring-[rgb(var(--primary))] focus-visible:ring-offset-2 disabled:pointer-events-none disabled:opacity-50 active:scale-[0.98] bg-[rgb(var(--surface-active))] text-[rgb(var(--foreground))] hover:bg-[rgb(var(--surface-hover))] border border-[rgb(var(--border))] h-8 px-3 text-sm" data-testid="set-active-space-d9728827-beb5-4329-b651-06894787b0fb">Set Active</button></div></div></div><div class="rounded-xl border border-[rgb(var(--border-subtle))] bg-[rgb(var(--card))] p-6 shadow-[0_1px_3px_0_rgb(0_0_0/0.1),0_1px_2px_-1px_rgb(0_0_0/0.1)] dark:shadow-[0_1px_3px_0_rgb(0_0_0/0.3),0_1px_2px_-1px_rgb(0_0_0/0.2)] transition-all hover:shadow-lg hover:scale-[1.01]" data-testid="space-card-0341aa79-93c8-454c-8b0f-ddd1a5d7b99f"><div class="p-5"><div class="flex items-start gap-3 mb-4"><div class="w-11 h-11 flex items-center justify-center bg-[rgb(var(--surface))] rounded-lg text-2xl border border-[rgb(var(--border-subtle))] flex-shrink-0">1∩╕ÅΓâú</div><div class="flex-1 min-w-0"><h3 class="font-semibold text-base truncate">Test Space 1</h3><p class="text-sm text-[rgb(var(--muted))] line-clamp-1">No description</p></div><div class="flex gap-1 flex-shrink-0"><button class="p-1.5 text-[rgb(var(--muted))] hover:text-red-500 hover:bg-red-50 dark:hover:bg-red-900/20 rounded-lg transition-colors disabled:opacity-50 disabled:cursor-not-allowed" title="Delete Space" data-testid="delete-space-0341aa79-93c8-454c-8b0f-ddd1a5d7b99f"><svg xmlns="http://www.w3.org/2000/svg" width="24" height="24" viewBox="0 0 24 24" fill="none" stroke="currentColor" stroke-width="2" stroke-linecap="round" stroke-linejoin="round" class="lucide lucide-trash2 lucide-trash-2 h-4 w-4" aria-hidden="true"><path d="M10 11v6"></path><path d="M14 11v6"></path><path d="M19 6v14a2 2 0 0 1-2 2H7a2 2 0 0 1-2-2V6"></path><path d="M3 6h18"></path><path d="M8 6V4a2 2 0 0 1 2-2h4a2 2 0 0 1 2 2v2"></path></svg></button></div></div><div class="flex items-center justify-end pt-3 border-t border-[rgb(var(--border-subtle))]"><button class="inline-flex items-center justify-center gap-2 rounded-lg font-medium transition-all duration-150 ease-out focus-visible:outline-none focus-visible:ring-2 focus-visible:ring-[rgb(var(--primary))] focus-visible:ring-offset-2 disabled:pointer-events-none disabled:opacity-50 active:scale-[0.98] bg-[rgb(var(--surface-active))] text-[rgb(var(--foreground))] hover:bg-[rgb(var(--surface-hover))] border border-[rgb(var(--border))] h-8 px-3 text-sm" data-testid="set-active-space-0341aa79-93c8-454c-8b0f-ddd1a5d7b99f">Set Active</button></div></div></div><div class="rounded-xl border border-[rgb(var(--border-subtle))] bg-[rgb(var(--card))] p-6 shadow-[0_1px_3px_0_rgb(0_0_0/0.1),0_1px_2px_-1px_rgb(0_0_0/0.1)] dark:shadow-[0_1px_3px_0_rgb(0_0_0/0.3),0_1px_2px_-1px_rgb(0_0_0/0.2)] transition-all hover:shadow-lg hover:scale-[1.01]" data-testid="space-card-c805c706-b6ed-492c-98a9-0fef9f78ae61"><div class="p-5"><div class="flex items-start gap-3 mb-4"><div class="w-11 h-11 flex items-center justify-center bg-[rgb(var(--surface))] rounded-lg text-2xl border border-[rgb(var(--border-subtle))] flex-shrink-0">1∩╕ÅΓâú</div><div class="flex-1 min-w-0"><h3 class="font-semibold text-base truncate">Test Space 1</h3><p class="text-sm text-[rgb(var(--muted))] line-clamp-1">No description</p></div><div class="flex gap-1 flex-shrink-0"><button class="p-1.5 text-[rgb(var(--muted))] hover:text-red-500 hover:bg-red-50 dark:hover:bg-red-900/20 rounded-lg transition-colors disabled:opacity-50 disabled:cursor-not-allowed" title="Delete Space" data-testid="delete-space-c805c706-b6ed-492c-98a9-0fef9f78ae61"><svg xmlns="http://www.w3.org/2000/svg" width="24" height="24" viewBox="0 0 24 24" fill="none" stroke="currentColor" stroke-width="2" stroke-linecap="round" stroke-linejoin="round" class="lucide lucide-trash2 lucide-trash-2 h-4 w-4" aria-hidden="true"><path d="M10 11v6"></path><path d="M14 11v6"></path><path d="M19 6v14a2 2 0 0 1-2 2H7a2 2 0 0 1-2-2V6"></path><path d="M3 6h18"></path><path d="M8 6V4a2 2 0 0 1 2-2h4a2 2 0 0 1 2 2v2"></path></svg></button></div></div><div class="flex items-center justify-end pt-3 border-t border-[rgb(var(--border-subtle))]"><button class="inline-flex items-center justify-center gap-2 rounded-lg font-medium transition-all duration-150 ease-out focus-visible:outline-none focus-visible:ring-2 focus-visible:ring-[rgb(var(--primary))] focus-visible:ring-offset-2 disabled:pointer-events-none disabled:opacity-50 active:scale-[0.98] bg-[rgb(var(--surface-active))] text-[rgb(var(--foreground))] hover:bg-[rgb(var(--surface-hover))] border border-[rgb(var(--border))] h-8 px-3 text-sm" data-testid="set-active-space-c805c706-b6ed-492c-98a9-0fef9f78ae61">Set Active</button></div></div></div><div class="rounded-xl border border-[rgb(var(--border-subtle))] bg-[rgb(var(--card))] p-6 shadow-[0_1px_3px_0_rgb(0_0_0/0.1),0_1px_2px_-1px_rgb(0_0_0/0.1)] dark:shadow-[0_1px_3px_0_rgb(0_0_0/0.3),0_1px_2px_-1px_rgb(0_0_0/0.2)] transition-all hover:shadow-lg hover:scale-[1.01]" data-testid="space-card-efa6aa33-d676-474d-9f7c-97fd139be29c"><div class="p-5"><div class="flex items-start gap-3 mb-4"><div class="w-11 h-11 flex items-center justify-center bg-[rgb(var(--surface))] rounded-lg text-2xl border border-[rgb(var(--border-subtle))] flex-shrink-0">1∩╕ÅΓâú</div><div class="flex-1 min-w-0"><h3 class="font-semibold text-base truncate">Test Space 1</h3><p class="text-sm text-[rgb(var(--muted))] line-clamp-1">No description</p></div><div class="flex gap-1 flex-shrink-0"><button class="p-1.5 text-[rgb(var(--muted))] hover:text-red-500 hover:bg-red-50 dark:hover:bg-red-900/20 rounded-lg transition-colors disabled:opacity-50 disabled:cursor-not-allowed" title="Delete Space" data-testid="delete-space-efa6aa33-d676-474d-9f7c-97fd139be29c"><svg xmlns="http://www.w3.org/2000/svg" width="24" height="24" viewBox="0 0 24 24" fill="none" stroke="currentColor" stroke-width="2" stroke-linecap="round" stroke-linejoin="round" class="lucide lucide-trash2 lucide-trash-2 h-4 w-4" aria-hidden="true"><path d="M10 11v6"></path><path d="M14 11v6"></path><path d="M19 6v14a2 2 0 0 1-2 2H7a2 2 0 0 1-2-2V6"></path><path d="M3 6h18"></path><path d="M8 6V4a2 2 0 0 1 2-2h4a2 2 0 0 1 2 2v2"></path></svg></button></div></div><div class="flex items-center justify-end pt-3 border-t border-[rgb(var(--border-subtle))]"><button class="inline-flex items-center justify-center gap-2 rounded-lg font-medium transition-all duration-150 ease-out focus-visible:outline-none focus-visible:ring-2 focus-visible:ring-[rgb(var(--primary))] focus-visible:ring-offset-2 disabled:pointer-events-none disabled:opacity-50 active:scale-[0.98] bg-[rgb(var(--surface-active))] text-[rgb(var(--foreground))] hover:bg-[rgb(var(--surface-hover))] border border-[rgb(var(--border))] h-8 px-3 text-sm" data-testid="set-active-space-efa6aa33-d676-474d-9f7c-97fd139be29c">Set Active</button></div></div></div><div class="rounded-xl border border-[rgb(var(--border-subtle))] bg-[rgb(var(--card))] p-6 shadow-[0_1px_3px_0_rgb(0_0_0/0.1),0_1px_2px_-1px_rgb(0_0_0/0.1)] dark:shadow-[0_1px_3px_0_rgb(0_0_0/0.3),0_1px_2px_-1px_rgb(0_0_0/0.2)] transition-all hover:shadow-lg hover:scale-[1.01]" data-testid="space-card-91413128-b8bf-44c0-9d61-6fe01c6668b6"><div class="p-5"><div class="flex items-start gap-3 mb-4"><div class="w-11 h-11 flex items-center justify-center bg-[rgb(var(--surface))] rounded-lg text-2xl border border-[rgb(var(--border-subtle))] flex-shrink-0">1∩╕ÅΓâú</div><div class="flex-1 min-w-0"><h3 class="font-semibold text-base truncate">Test Space 1</h3><p class="text-sm text-[rgb(var(--muted))] line-clamp-1">No description</p></div><div class="flex gap-1 flex-shrink-0"><button class="p-1.5 text-[rgb(var(--muted))] hover:text-red-500 hover:bg-red-50 dark:hover:bg-red-900/20 rounded-lg transition-colors disabled:opacity-50 disabled:cursor-not-allowed" title="Delete Space" data-testid="delete-space-91413128-b8bf-44c0-9d61-6fe01c6668b6"><svg xmlns="http://www.w3.org/2000/svg" width="24" height="24" viewBox="0 0 24 24" fill="none" stroke="currentColor" stroke-width="2" stroke-linecap="round" stroke-linejoin="round" class="lucide lucide-trash2 lucide-trash-2 h-4 w-4" aria-hidden="true"><path d="M10 11v6"></path><path d="M14 11v6"></path><path d="M19 6v14a2 2 0 0 1-2 2H7a2 2 0 0 1-2-2V6"></path><path d="M3 6h18"></path><path d="M8 6V4a2 2 0 0 1 2-2h4a2 2 0 0 1 2 2v2"></path></svg></button></div></div><div class="flex items-center justify-end pt-3 border-t border-[rgb(var(--border-subtle))]"><button class="inline-flex items-center justify-center gap-2 rounded-lg font-medium transition-all duration-150 ease-out focus-visible:outline-none focus-visible:ring-2 focus-visible:ring-[rgb(var(--primary))] focus-visible:ring-offset-2 disabled:pointer-events-none disabled:opacity-50 active:scale-[0.98] bg-[rgb(var(--surface-active))] text-[rgb(var(--foreground))] hover:bg-[rgb(var(--surface-hover))] border border-[rgb(var(--border))] h-8 px-3 text-sm" data-testid="set-active-space-91413128-b8bf-44c0-9d61-6fe01c6668b6">Set Active</button></div></div></div><div class="rounded-xl border border-[rgb(var(--border-subtle))] bg-[rgb(var(--card))] p-6 shadow-[0_1px_3px_0_rgb(0_0_0/0.1),0_1px_2px_-1px_rgb(0_0_0/0.1)] dark:shadow-[0_1px_3px_0_rgb(0_0_0/0.3),0_1px_2px_-1px_rgb(0_0_0/0.2)] transition-all hover:shadow-lg hover:scale-[1.01]" data-testid="space-card-a7ea4779-a053-4f9b-9a51-26307233ed0f"><div class="p-5"><div class="flex items-start gap-3 mb-4"><div class="w-11 h-11 flex items-center justify-center bg-[rgb(var(--surface))] rounded-lg text-2xl border border-[rgb(var(--border-subtle))] flex-shrink-0">1∩╕ÅΓâú</div><div class="flex-1 min-w-0"><h3 class="font-semibold text-base truncate">Test Space 1</h3><p class="text-sm text-[rgb(var(--muted))] line-clamp-1">No description</p></div><div class="flex gap-1 flex-shrink-0"><button class="p-1.5 text-[rgb(var(--muted))] hover:text-red-500 hover:bg-red-50 dark:hover:bg-red-900/20 rounded-lg transition-colors disabled:opacity-50 disabled:cursor-not-allowed" title="Delete Space" data-testid="delete-space-a7ea4779-a053-4f9b-9a51-26307233ed0f"><svg xmlns="http://www.w3.org/2000/svg" width="24" height="24" viewBox="0 0 24 24" fill="none" stroke="currentColor" stroke-width="2" stroke-linecap="round" stroke-linejoin="round" class="lucide lucide-trash2 lucide-trash-2 h-4 w-4" aria-hidden="true"><path d="M10 11v6"></path><path d="M14 11v6"></path><path d="M19 6v14a2 2 0 0 1-2 2H7a2 2 0 0 1-2-2V6"></path><path d="M3 6h18"></path><path d="M8 6V4a2 2 0 0 1 2-2h4a2 2 0 0 1 2 2v2"></path></svg></button></div></div><div class="flex items-center justify-end pt-3 border-t border-[rgb(var(--border-subtle))]"><button class="inline-flex items-center justify-center gap-2 rounded-lg font-medium transition-all duration-150 ease-out focus-visible:outline-none focus-visible:ring-2 focus-visible:ring-[rgb(var(--primary))] focus-visible:ring-offset-2 disabled:pointer-events-none disabled:opacity-50 active:scale-[0.98] bg-[rgb(var(--surface-active))] text-[rgb(var(--foreground))] hover:bg-[rgb(var(--surface-hover))] border border-[rgb(var(--border))] h-8 px-3 text-sm" data-testid="set-active-space-a7ea4779-a053-4f9b-9a51-26307233ed0f">Set Active</button></div></div></div><div class="rounded-xl border border-[rgb(var(--border-subtle))] bg-[rgb(var(--card))] p-6 shadow-[0_1px_3px_0_rgb(0_0_0/0.1),0_1px_2px_-1px_rgb(0_0_0/0.1)] dark:shadow-[0_1px_3px_0_rgb(0_0_0/0.3),0_1px_2px_-1px_rgb(0_0_0/0.2)] transition-all hover:shadow-lg hover:scale-[1.01]" data-testid="space-card-318e64c0-e3c6-410f-910a-ccf8e1f7a1cd"><div class="p-5"><div class="flex items-start gap-3 mb-4"><div class="w-11 h-11 flex items-center justify-center bg-[rgb(var(--surface))] rounded-lg text-2xl border border-[rgb(var(--border-subtle))] flex-shrink-0">1∩╕ÅΓâú</div><div class="flex-1 min-w-0"><h3 class="font-semibold text-base truncate">Test Space 1</h3><p class="text-sm text-[rgb(var(--muted))] line-clamp-1">No description</p></div><div class="flex gap-1 flex-shrink-0"><button class="p-1.5 text-[rgb(var(--muted))] hover:text-red-500 hover:bg-red-50 dark:hover:bg-red-900/20 rounded-lg transition-colors disabled:opacity-50 disabled:cursor-not-allowed" title="Delete Space" data-testid="delete-space-318e64c0-e3c6-410f-910a-ccf8e1f7a1cd"><svg xmlns="http://www.w3.org/2000/svg" width="24" height="24" viewBox="0 0 24 24" fill="none" stroke="currentColor" stroke-width="2" stroke-linecap="round" stroke-linejoin="round" class="lucide lucide-trash2 lucide-trash-2 h-4 w-4" aria-hidden="true"><path d="M10 11v6"></path><path d="M14 11v6"></path><path d="M19 6v14a2 2 0 0 1-2 2H7a2 2 0 0 1-2-2V6"></path><path d="M3 6h18"></path><path d="M8 6V4a2 2 0 0 1 2-2h4a2 2 0 0 1 2 2v2"></path></svg></button></div></div><div class="flex items-center justify-end pt-3 border-t border-[rgb(var(--border-subtle))]"><button class="inline-flex items-center justify-center gap-2 rounded-lg font-medium transition-all duration-150 ease-out focus-visible:outline-none focus-visible:ring-2 focus-visible:ring-[rgb(var(--primary))] focus-visible:ring-offset-2 disabled:pointer-events-none disabled:opacity-50 active:scale-[0.98] bg-[rgb(var(--surface-active))] text-[rgb(var(--foreground))] hover:bg-[rgb(var(--surface-hover))] border border-[rgb(var(--border))] h-8 px-3 text-sm" data-testid="set-active-space-318e64c0-e3c6-410f-910a-ccf8e1f7a1cd">Set Active</button></div></div></div><div class="rounded-xl border border-[rgb(var(--border-subtle))] bg-[rgb(var(--card))] p-6 shadow-[0_1px_3px_0_rgb(0_0_0/0.1),0_1px_2px_-1px_rgb(0_0_0/0.1)] dark:shadow-[0_1px_3px_0_rgb(0_0_0/0.3),0_1px_2px_-1px_rgb(0_0_0/0.2)] transition-all hover:shadow-lg hover:scale-[1.01]" data-testid="space-card-4302713f-7ee0-4c1b-9c09-a95f09fe472e"><div class="p-5"><div class="flex items-start gap-3 mb-4"><div class="w-11 h-11 flex items-center justify-center bg-[rgb(var(--surface))] rounded-lg text-2xl border border-[rgb(var(--border-subtle))] flex-shrink-0">1∩╕ÅΓâú</div><div class="flex-1 min-w-0"><h3 class="font-semibold text-base truncate">Test Space 1</h3><p class="text-sm text-[rgb(var(--muted))] line-clamp-1">No description</p></div><div class="flex gap-1 flex-shrink-0"><button class="p-1.5 text-[rgb(var(--muted))] hover:text-red-500 hover:bg-red-50 dark:hover:bg-red-900/20 rounded-lg transition-colors disabled:opacity-50 disabled:cursor-not-allowed" title="Delete Space" data-testid="delete-space-4302713f-7ee0-4c1b-9c09-a95f09fe472e"><svg xmlns="http://www.w3.org/2000/svg" width="24" height="24" viewBox="0 0 24 24" fill="none" stroke="currentColor" stroke-width="2" stroke-linecap="round" stroke-linejoin="round" class="lucide lucide-trash2 lucide-trash-2 h-4 w-4" aria-hidden="true"><path d="M10 11v6"></path><path d="M14 11v6"></path><path d="M19 6v14a2 2 0 0 1-2 2H7a2 2 0 0 1-2-2V6"></path><path d="M3 6h18"></path><path d="M8 6V4a2 2 0 0 1 2-2h4a2 2 0 0 1 2 2v2"></path></svg></button></div></div><div class="flex items-center justify-end pt-3 border-t border-[rgb(var(--border-subtle))]"><button class="inline-flex items-center justify-center gap-2 rounded-lg font-medium transition-all duration-150 ease-out focus-visible:outline-none focus-visible:ring-2 focus-visible:ring-[rgb(var(--primary))] focus-visible:ring-offset-2 disabled:pointer-events-none disabled:opacity-50 active:scale-[0.98] bg-[rgb(var(--surface-active))] text-[rgb(var(--foreground))] hover:bg-[rgb(var(--surface-hover))] border border-[rgb(var(--border))] h-8 px-3 text-sm" data-testid="set-active-space-4302713f-7ee0-4c1b-9c09-a95f09fe472e">Set Active</button></div></div></div><div class="rounded-xl border border-[rgb(var(--border-subtle))] bg-[rgb(var(--card))] p-6 shadow-[0_1px_3px_0_rgb(0_0_0/0.1),0_1px_2px_-1px_rgb(0_0_0/0.1)] dark:shadow-[0_1px_3px_0_rgb(0_0_0/0.3),0_1px_2px_-1px_rgb(0_0_0/0.2)] transition-all hover:shadow-lg hover:scale-[1.01]" data-testid="space-card-f09c472d-41e0-4c96-bffd-384329776a8d"><div class="p-5"><div class="flex items-start gap-3 mb-4"><div class="w-11 h-11 flex items-center justify-center bg-[rgb(var(--surface))] rounded-lg text-2xl border border-[rgb(var(--border-subtle))] flex-shrink-0">≡ƒîÉ</div><div class="flex-1 min-w-0"><h3 class="font-semibold text-base truncate">Test Space E2E</h3><p class="text-sm text-[rgb(var(--muted))] line-clamp-1">No description</p></div><div class="flex gap-1 flex-shrink-0"><button class="p-1.5 text-[rgb(var(--muted))] hover:text-red-500 hover:bg-red-50 dark:hover:bg-red-900/20 rounded-lg transition-colors disabled:opacity-50 disabled:cursor-not-allowed" title="Delete Space" data-testid="delete-space-f09c472d-41e0-4c96-bffd-384329776a8d"><svg xmlns="http://www.w3.org/2000/svg" width="24" height="24" viewBox="0 0 24 24" fill="none" stroke="currentColor" stroke-width="2" stroke-linecap="round" stroke-linejoin="round" class="lucide lucide-trash2 lucide-trash-2 h-4 w-4" aria-hidden="true"><path d="M10 11v6"></path><path d="M14 11v6"></path><path d="M19 6v14a2 2 0 0 1-2 2H7a2 2 0 0 1-2-2V6"></path><path d="M3 6h18"></path><path d="M8 6V4a2 2 0 0 1 2-2h4a2 2 0 0 1 2 2v2"></path></svg></button></div></div><div class="flex items-center justify-end pt-3 border-t border-[rgb(var(--border-subtle))]"><button class="inline-flex items-center justify-center gap-2 rounded-lg font-medium transition-all duration-150 ease-out focus-visible:outline-none focus-visible:ring-2 focus-visible:ring-[rgb(var(--primary))] focus-visible:ring-offset-2 disabled:pointer-events-none disabled:opacity-50 active:scale-[0.98] bg-[rgb(var(--surface-active))] text-[rgb(var(--foreground))] hover:bg-[rgb(var(--surface-hover))] border border-[rgb(var(--border))] h-8 px-3 text-sm" data-testid="set-active-space-f09c472d-41e0-4c96-bffd-384329776a8d">Set Active</button></div></div></div><div class="rounded-xl border border-[rgb(var(--border-subtle))] bg-[rgb(var(--card))] p-6 shadow-[0_1px_3px_0_rgb(0_0_0/0.1),0_1px_2px_-1px_rgb(0_0_0/0.1)] dark:shadow-[0_1px_3px_0_rgb(0_0_0/0.3),0_1px_2px_-1px_rgb(0_0_0/0.2)] transition-all hover:shadow-lg hover:scale-[1.01]" data-testid="space-card-a2fc6f31-12a8-43a7-9b9b-5a2d38d33b7f"><div class="p-5"><div class="flex items-start gap-3 mb-4"><div class="w-11 h-11 flex items-center justify-center bg-[rgb(var(--surface))] rounded-lg text-2xl border border-[rgb(var(--border-subtle))] flex-shrink-0">≡ƒîÉ</div><div class="flex-1 min-w-0"><h3 class="font-semibold text-base truncate">Test Space E2E</h3><p class="text-sm text-[rgb(var(--muted))] line-clamp-1">No description</p></div><div class="flex gap-1 flex-shrink-0"><button class="p-1.5 text-[rgb(var(--muted))] hover:text-red-500 hover:bg-red-50 dark:hover:bg-red-900/20 rounded-lg transition-colors disabled:opacity-50 disabled:cursor-not-allowed" title="Delete Space" data-testid="delete-space-a2fc6f31-12a8-43a7-9b9b-5a2d38d33b7f"><svg xmlns="http://www.w3.org/2000/svg" width="24" height="24" viewBox="0 0 24 24" fill="none" stroke="currentColor" stroke-width="2" stroke-linecap="round" stroke-linejoin="round" class="lucide lucide-trash2 lucide-trash-2 h-4 w-4" aria-hidden="true"><path d="M10 11v6"></path><path d="M14 11v6"></path><path d="M19 6v14a2 2 0 0 1-2 2H7a2 2 0 0 1-2-2V6"></path><path d="M3 6h18"></path><path d="M8 6V4a2 2 0 0 1 2-2h4a2 2 0 0 1 2 2v2"></path></svg></button></div></div><div class="flex items-center justify-end pt-3 border-t border-[rgb(var(--border-subtle))]"><button class="inline-flex items-center justify-center gap-2 rounded-lg font-medium transition-all duration-150 ease-out focus-visible:outline-none focus-visible:ring-2 focus-visible:ring-[rgb(var(--primary))] focus-visible:ring-offset-2 disabled:pointer-events-none disabled:opacity-50 active:scale-[0.98] bg-[rgb(var(--surface-active))] text-[rgb(var(--foreground))] hover:bg-[rgb(var(--surface-hover))] border border-[rgb(var(--border))] h-8 px-3 text-sm" data-testid="set-active-space-a2fc6f31-12a8-43a7-9b9b-5a2d38d33b7f">Set Active</button></div></div></div><div class="rounded-xl border border-[rgb(var(--border-subtle))] bg-[rgb(var(--card))] p-6 shadow-[0_1px_3px_0_rgb(0_0_0/0.1),0_1px_2px_-1px_rgb(0_0_0/0.1)] dark:shadow-[0_1px_3px_0_rgb(0_0_0/0.3),0_1px_2px_-1px_rgb(0_0_0/0.2)] transition-all hover:shadow-lg hover:scale-[1.01]" data-testid="space-card-d00471cf-48e2-4f27-aa46-5a86b5bff301"><div class="p-5"><div class="flex items-start gap-3 mb-4"><div class="w-11 h-11 flex items-center justify-center bg-[rgb(var(--surface))] rounded-lg text-2xl border border-[rgb(var(--border-subtle))] flex-shrink-0">≡ƒîÉ</div><div class="flex-1 min-w-0"><h3 class="font-semibold text-base truncate">Test Space E2E</h3><p class="text-sm text-[rgb(var(--muted))] line-clamp-1">No description</p></div><div class="flex gap-1 flex-shrink-0"><button class="p-1.5 text-[rgb(var(--muted))] hover:text-red-500 hover:bg-red-50 dark:hover:bg-red-900/20 rounded-lg transition-colors disabled:opacity-50 disabled:cursor-not-allowed" title="Delete Space" data-testid="delete-space-d00471cf-48e2-4f27-aa46-5a86b5bff301"><svg xmlns="http://www.w3.org/2000/svg" width="24" height="24" viewBox="0 0 24 24" fill="none" stroke="currentColor" stroke-width="2" stroke-linecap="round" stroke-linejoin="round" class="lucide lucide-trash2 lucide-trash-2 h-4 w-4" aria-hidden="true"><path d="M10 11v6"></path><path d="M14 11v6"></path><path d="M19 6v14a2 2 0 0 1-2 2H7a2 2 0 0 1-2-2V6"></path><path d="M3 6h18"></path><path d="M8 6V4a2 2 0 0 1 2-2h4a2 2 0 0 1 2 2v2"></path></svg></button></div></div><div class="flex items-center justify-end pt-3 border-t border-[rgb(var(--border-subtle))]"><button class="inline-flex items-center justify-center gap-2 rounded-lg font-medium transition-all duration-150 ease-out focus-visible:outline-none focus-visible:ring-2 focus-visible:ring-[rgb(var(--primary))] focus-visible:ring-offset-2 disabled:pointer-events-none disabled:opacity-50 active:scale-[0.98] bg-[rgb(var(--surface-active))] text-[rgb(var(--foreground))] hover:bg-[rgb(var(--surface-hover))] border border-[rgb(var(--border))] h-8 px-3 text-sm" data-testid="set-active-space-d00471cf-48e2-4f27-aa46-5a86b5bff301">Set Active</button></div></div></div><div class="rounded-xl border border-[rgb(var(--border-subtle))] bg-[rgb(var(--card))] p-6 shadow-[0_1px_3px_0_rgb(0_0_0/0.1),0_1px_2px_-1px_rgb(0_0_0/0.1)] dark:shadow-[0_1px_3px_0_rgb(0_0_0/0.3),0_1px_2px_-1px_rgb(0_0_0/0.2)] transition-all hover:shadow-lg hover:scale-[1.01]" data-testid="space-card-c9e2dbe8-3b84-4e85-ae51-508ffad5b95a"><div class="p-5"><div class="flex items-start gap-3 mb-4"><div class="w-11 h-11 flex items-center justify-center bg-[rgb(var(--surface))] rounded-lg text-2xl border border-[rgb(var(--border-subtle))] flex-shrink-0">≡ƒîÉ</div><div class="flex-1 min-w-0"><h3 class="font-semibold text-base truncate">Test Space E2E</h3><p class="text-sm text-[rgb(var(--muted))] line-clamp-1">No description</p></div><div class="flex gap-1 flex-shrink-0"><button class="p-1.5 text-[rgb(var(--muted))] hover:text-red-500 hover:bg-red-50 dark:hover:bg-red-900/20 rounded-lg transition-colors disabled:opacity-50 disabled:cursor-not-allowed" title="Delete Space" data-testid="delete-space-c9e2dbe8-3b84-4e85-ae51-508ffad5b95a"><svg xmlns="http://www.w3.org/2000/svg" width="24" height="24" viewBox="0 0 24 24" fill="none" stroke="currentColor" stroke-width="2" stroke-linecap="round" stroke-linejoin="round" class="lucide lucide-trash2 lucide-trash-2 h-4 w-4" aria-hidden="true"><path d="M10 11v6"></path><path d="M14 11v6"></path><path d="M19 6v14a2 2 0 0 1-2 2H7a2 2 0 0 1-2-2V6"></path><path d="M3 6h18"></path><path d="M8 6V4a2 2 0 0 1 2-2h4a2 2 0 0 1 2 2v2"></path></svg></button></div></div><div class="flex items-center justify-end pt-3 border-t border-[rgb(var(--border-subtle))]"><button class="inline-flex items-center justify-center gap-2 rounded-lg font-medium transition-all duration-150 ease-out focus-visible:outline-none focus-visible:ring-2 focus-visible:ring-[rgb(var(--primary))] focus-visible:ring-offset-2 disabled:pointer-events-none disabled:opacity-50 active:scale-[0.98] bg-[rgb(var(--surface-active))] text-[rgb(var(--foreground))] hover:bg-[rgb(var(--surface-hover))] border border-[rgb(var(--border))] h-8 px-3 text-sm" data-testid="set-active-space-c9e2dbe8-3b84-4e85-ae51-508ffad5b95a">Set Active</button></div></div></div><div class="rounded-xl border border-[rgb(var(--border-subtle))] bg-[rgb(var(--card))] p-6 shadow-[0_1px_3px_0_rgb(0_0_0/0.1),0_1px_2px_-1px_rgb(0_0_0/0.1)] dark:shadow-[0_1px_3px_0_rgb(0_0_0/0.3),0_1px_2px_-1px_rgb(0_0_0/0.2)] transition-all hover:shadow-lg hover:scale-[1.01]" data-testid="space-card-f3a0a479-4d59-4be0-8a8c-f6de476b76ee"><div class="p-5"><div class="flex items-start gap-3 mb-4"><div class="w-11 h-11 flex items-center justify-center bg-[rgb(var(--surface))] rounded-lg text-2xl border border-[rgb(var(--border-subtle))] flex-shrink-0">≡ƒîÉ</div><div class="flex-1 min-w-0"><h3 class="font-semibold text-base truncate">Test Space E2E</h3><p class="text-sm text-[rgb(var(--muted))] line-clamp-1">No description</p></div><div class="flex gap-1 flex-shrink-0"><button class="p-1.5 text-[rgb(var(--muted))] hover:text-red-500 hover:bg-red-50 dark:hover:bg-red-900/20 rounded-lg transition-colors disabled:opacity-50 disabled:cursor-not-allowed" title="Delete Space" data-testid="delete-space-f3a0a479-4d59-4be0-8a8c-f6de476b76ee"><svg xmlns="http://www.w3.org/2000/svg" width="24" height="24" viewBox="0 0 24 24" fill="none" stroke="currentColor" stroke-width="2" stroke-linecap="round" stroke-linejoin="round" class="lucide lucide-trash2 lucide-trash-2 h-4 w-4" aria-hidden="true"><path d="M10 11v6"></path><path d="M14 11v6"></path><path d="M19 6v14a2 2 0 0 1-2 2H7a2 2 0 0 1-2-2V6"></path><path d="M3 6h18"></path><path d="M8 6V4a2 2 0 0 1 2-2h4a2 2 0 0 1 2 2v2"></path></svg></button></div></div><div class="flex items-center justify-end pt-3 border-t border-[rgb(var(--border-subtle))]"><button class="inline-flex items-center justify-center gap-2 rounded-lg font-medium transition-all duration-150 ease-out focus-visible:outline-none focus-visible:ring-2 focus-visible:ring-[rgb(var(--primary))] focus-visible:ring-offset-2 disabled:pointer-events-none disabled:opacity-50 active:scale-[0.98] bg-[rgb(var(--surface-active))] text-[rgb(var(--foreground))] hover:bg-[rgb(var(--surface-hover))] border border-[rgb(var(--border))] h-8 px-3 text-sm" data-testid="set-active-space-f3a0a479-4d59-4be0-8a8c-f6de476b76ee">Set Active</button></div></div></div><div class="rounded-xl border border-[rgb(var(--border-subtle))] bg-[rgb(var(--card))] p-6 shadow-[0_1px_3px_0_rgb(0_0_0/0.1),0_1px_2px_-1px_rgb(0_0_0/0.1)] dark:shadow-[0_1px_3px_0_rgb(0_0_0/0.3),0_1px_2px_-1px_rgb(0_0_0/0.2)] transition-all hover:shadow-lg hover:scale-[1.01]" data-testid="space-card-6acce590-5c28-4341-8542-3d10749cd2c9"><div class="p-5"><div class="flex items-start gap-3 mb-4"><div class="w-11 h-11 flex items-center justify-center bg-[rgb(var(--surface))] rounded-lg text-2xl border border-[rgb(var(--border-subtle))] flex-shrink-0">≡ƒîÉ</div><div class="flex-1 min-w-0"><h3 class="font-semibold text-base truncate">Test Space E2E</h3><p class="text-sm text-[rgb(var(--muted))] line-clamp-1">No description</p></div><div class="flex gap-1 flex-shrink-0"><button class="p-1.5 text-[rgb(var(--muted))] hover:text-red-500 hover:bg-red-50 dark:hover:bg-red-900/20 rounded-lg transition-colors disabled:opacity-50 disabled:cursor-not-allowed" title="Delete Space" data-testid="delete-space-6acce590-5c28-4341-8542-3d10749cd2c9"><svg xmlns="http://www.w3.org/2000/svg" width="24" height="24" viewBox="0 0 24 24" fill="none" stroke="currentColor" stroke-width="2" stroke-linecap="round" stroke-linejoin="round" class="lucide lucide-trash2 lucide-trash-2 h-4 w-4" aria-hidden="true"><path d="M10 11v6"></path><path d="M14 11v6"></path><path d="M19 6v14a2 2 0 0 1-2 2H7a2 2 0 0 1-2-2V6"></path><path d="M3 6h18"></path><path d="M8 6V4a2 2 0 0 1 2-2h4a2 2 0 0 1 2 2v2"></path></svg></button></div></div><div class="flex items-center justify-end pt-3 border-t border-[rgb(var(--border-subtle))]"><button class="inline-flex items-center justify-center gap-2 rounded-lg font-medium transition-all duration-150 ease-out focus-visible:outline-none focus-visible:ring-2 focus-visible:ring-[rgb(var(--primary))] focus-visible:ring-offset-2 disabled:pointer-events-none disabled:opacity-50 active:scale-[0.98] bg-[rgb(var(--surface-active))] text-[rgb(var(--foreground))] hover:bg-[rgb(var(--surface-hover))] border border-[rgb(var(--border))] h-8 px-3 text-sm" data-testid="set-active-space-6acce590-5c28-4341-8542-3d10749cd2c9">Set Active</button></div></div></div><div class="rounded-xl border border-[rgb(var(--border-subtle))] bg-[rgb(var(--card))] p-6 shadow-[0_1px_3px_0_rgb(0_0_0/0.1),0_1px_2px_-1px_rgb(0_0_0/0.1)] dark:shadow-[0_1px_3px_0_rgb(0_0_0/0.3),0_1px_2px_-1px_rgb(0_0_0/0.2)] transition-all hover:shadow-lg hover:scale-[1.01]" data-testid="space-card-b1739576-5740-457e-802d-6b586b364dc1"><div class="p-5"><div class="flex items-start gap-3 mb-4"><div class="w-11 h-11 flex items-center justify-center bg-[rgb(var(--surface))] rounded-lg text-2xl border border-[rgb(var(--border-subtle))] flex-shrink-0">≡ƒîÉ</div><div class="flex-1 min-w-0"><h3 class="font-semibold text-base truncate">Test Space E2E</h3><p class="text-sm text-[rgb(var(--muted))] line-clamp-1">No description</p></div><div class="flex gap-1 flex-shrink-0"><button class="p-1.5 text-[rgb(var(--muted))] hover:text-red-500 hover:bg-red-50 dark:hover:bg-red-900/20 rounded-lg transition-colors disabled:opacity-50 disabled:cursor-not-allowed" title="Delete Space" data-testid="delete-space-b1739576-5740-457e-802d-6b586b364dc1"><svg xmlns="http://www.w3.org/2000/svg" width="24" height="24" viewBox="0 0 24 24" fill="none" stroke="currentColor" stroke-width="2" stroke-linecap="round" stroke-linejoin="round" class="lucide lucide-trash2 lucide-trash-2 h-4 w-4" aria-hidden="true"><path d="M10 11v6"></path><path d="M14 11v6"></path><path d="M19 6v14a2 2 0 0 1-2 2H7a2 2 0 0 1-2-2V6"></path><path d="M3 6h18"></path><path d="M8 6V4a2 2 0 0 1 2-2h4a2 2 0 0 1 2 2v2"></path></svg></button></div></div><div class="flex items-center justify-end pt-3 border-t border-[rgb(var(--border-subtle))]"><button class="inline-flex items-center justify-center gap-2 rounded-lg font-medium transition-all duration-150 ease-out focus-visible:outline-none focus-visible:ring-2 focus-visible:ring-[rgb(var(--primary))] focus-visible:ring-offset-2 disabled:pointer-events-none disabled:opacity-50 active:scale-[0.98] bg-[rgb(var(--surface-active))] text-[rgb(var(--foreground))] hover:bg-[rgb(var(--surface-hover))] border border-[rgb(var(--border))] h-8 px-3 text-sm" data-testid="set-active-space-b1739576-5740-457e-802d-6b586b364dc1">Set Active</button></div></div></div></div></div></div></div></div></main></div><div class="h-7 flex-shrink-0 border-t border-[rgb(var(--border-subtle))] bg-[rgb(var(--surface))] px-4"><div class="flex h-full items-center justify-between text-xs text-[rgb(var(--muted))]"><div class="flex items-center gap-4"><span class="flex items-center gap-1.5"><span class="h-2 w-2 rounded-full bg-green-500"></span>Gateway Active</span><span>Active Space: Personal</span></div><div class="flex items-center gap-4"><span>5 Servers ΓÇó 97 Tools</span></div></div></div></div></div>
[0-2] 
[0-2]   
[0-2] 
[0-2] </body></html>
[0-2] [test] Visible test spaces: 1
[0-2] [test] Has Workspaces page: true
[0-2] 2026-02-01T11:25:09.111Z INFO webdriver: COMMAND executeScript(<fn>, <object>)
[0-2] 2026-02-01T11:25:09.112Z INFO webdriver: [POST] http://localhost:4444/session/774eca2810947fb445075fac237baf4d/execute/sync
[0-2] 2026-02-01T11:25:09.112Z INFO webdriver: DATA {"script":"\n            function webdriverioPolyfill() {\n  var __defProp = Object.defineProperty;\n  var __name = function(target, _value) {\n    return __defProp(target, \"name\", { value: _value, configurable: true });\n  };\n  var __globalThis = typeof globalThis === \"object\" && globalThis || typeof window === \"object\" && window;\n  __globalThis.__name = __name;\n}\n            webdriverioPolyfill();\n            return (async(cmd,cmdArgs)=>{if(!window.__TAURI_TEST_API__){throw new Error(\"Tauri Test API not available\")}return window.__TAURI_TEST_API__.invoke(cmd,cmdArgs)}).apply(null, arguments)\n        ","args":["disable_server_v2",{"spaceId":"12637fbd-9d3d-4c4e-8375-87ad86834f81","serverId":"echo-server"}]}
[0-2] 2026-02-01T11:25:09.137Z INFO webdriver: RESULT null
[0-2] 2026-02-01T11:25:09.137Z INFO webdriver: COMMAND executeScript(<fn>, <object>)
[0-2] 2026-02-01T11:25:09.137Z INFO webdriver: [POST] http://localhost:4444/session/774eca2810947fb445075fac237baf4d/execute/sync
[0-2] 2026-02-01T11:25:09.138Z INFO webdriver: DATA {"script":"\n            function webdriverioPolyfill() {\n  var __defProp = Object.defineProperty;\n  var __name = function(target, _value) {\n    return __defProp(target, \"name\", { value: _value, configurable: true });\n  };\n  var __globalThis = typeof globalThis === \"object\" && globalThis || typeof window === \"object\" && window;\n  __globalThis.__name = __name;\n}\n            webdriverioPolyfill();\n            return (async(cmd,cmdArgs)=>{if(!window.__TAURI_TEST_API__){throw new Error(\"Tauri Test API not available\")}return window.__TAURI_TEST_API__.invoke(cmd,cmdArgs)}).apply(null, arguments)\n        ","args":["uninstall_server",{"id":"echo-server","spaceId":"12637fbd-9d3d-4c4e-8375-87ad86834f81"}]}
[0-2] 2026-02-01T11:25:09.139Z INFO webdriver: COMMAND takeScreenshot()
[0-2] 2026-02-01T11:25:09.139Z INFO webdriver: [GET] http://localhost:4444/session/774eca2810947fb445075fac237baf4d/screenshot
[0-2] 2026-02-01T11:25:09.162Z INFO webdriver: RESULT null
[0-2] 2026-02-01T11:25:09.163Z INFO webdriver: COMMAND executeScript(<fn>, <object>)
[0-2] 2026-02-01T11:25:09.163Z INFO webdriver: [POST] http://localhost:4444/session/774eca2810947fb445075fac237baf4d/execute/sync
[0-2] 2026-02-01T11:25:09.163Z INFO webdriver: DATA {"script":"\n            function webdriverioPolyfill() {\n  var __defProp = Object.defineProperty;\n  var __name = function(target, _value) {\n    return __defProp(target, \"name\", { value: _value, configurable: true });\n  };\n  var __globalThis = typeof globalThis === \"object\" && globalThis || typeof window === \"object\" && window;\n  __globalThis.__name = __name;\n}\n            webdriverioPolyfill();\n            return (async(cmd,cmdArgs)=>{if(!window.__TAURI_TEST_API__){throw new Error(\"Tauri Test API not available\")}return window.__TAURI_TEST_API__.invoke(cmd,cmdArgs)}).apply(null, arguments)\n        ","args":["delete_space",{"id":"12637fbd-9d3d-4c4e-8375-87ad86834f81"}]}
[0-2] 2026-02-01T11:25:09.164Z INFO webdriver: COMMAND takeScreenshot()
[0-2] 2026-02-01T11:25:09.164Z INFO webdriver: [GET] http://localhost:4444/session/774eca2810947fb445075fac237baf4d/screenshot
[0-2] 2026-02-01T11:25:09.305Z INFO webdriver: RESULT iVBORw0KGgoAAAANSUhEUgAACWAAAAWmCAIAAACDPgzkAAAQAElEQVR4nOzdC...
[0-2] 2026-02-01T11:25:09.464Z INFO webdriver: RESULT iVBORw0KGgoAAAANSUhEUgAACWAAAAWmCAIAAACDPgzkAAAQAElEQVR4nOzdC...
[0-2] 2026-02-01T11:25:09.471Z WARN webdriver: WebDriverError: javascript error: Cannot delete the default space
[0-2]   (Session info: MicrosoftEdge=144.0.3719.93) when running "execute/sync" with method "POST"
[0-2] 2026-02-01T11:25:09.471Z INFO webdriver: Retrying 1/3
[0-2] 2026-02-01T11:25:09.471Z INFO webdriver: [POST] http://localhost:4444/session/774eca2810947fb445075fac237baf4d/execute/sync
[0-2] 2026-02-01T11:25:09.471Z INFO webdriver: DATA {"script":"\n            function webdriverioPolyfill() {\n  var __defProp = Object.defineProperty;\n  var __name = function(target, _value) {\n    return __defProp(target, \"name\", { value: _value, configurable: true });\n  };\n  var __globalThis = typeof globalThis === \"object\" && globalThis || typeof window === \"object\" && window;\n  __globalThis.__name = __name;\n}\n            webdriverioPolyfill();\n            return (async(cmd,cmdArgs)=>{if(!window.__TAURI_TEST_API__){throw new Error(\"Tauri Test API not available\")}return window.__TAURI_TEST_API__.invoke(cmd,cmdArgs)}).apply(null, arguments)\n        ","args":["delete_space",{"id":"12637fbd-9d3d-4c4e-8375-87ad86834f81"}]}
[0-2] 2026-02-01T11:25:09.990Z WARN webdriver: WebDriverError: javascript error: Cannot delete the default space
[0-2]   (Session info: MicrosoftEdge=144.0.3719.93) when running "execute/sync" with method "POST"
[0-2] 2026-02-01T11:25:09.990Z INFO webdriver: Retrying 2/3
[0-2] 2026-02-01T11:25:09.990Z INFO webdriver: [POST] http://localhost:4444/session/774eca2810947fb445075fac237baf4d/execute/sync
[0-2] 2026-02-01T11:25:09.990Z INFO webdriver: DATA {"script":"\n            function webdriverioPolyfill() {\n  var __defProp = Object.defineProperty;\n  var __name = function(target, _value) {\n    return __defProp(target, \"name\", { value: _value, configurable: true });\n  };\n  var __globalThis = typeof globalThis === \"object\" && globalThis || typeof window === \"object\" && window;\n  __globalThis.__name = __name;\n}\n            webdriverioPolyfill();\n            return (async(cmd,cmdArgs)=>{if(!window.__TAURI_TEST_API__){throw new Error(\"Tauri Test API not available\")}return window.__TAURI_TEST_API__.invoke(cmd,cmdArgs)}).apply(null, arguments)\n        ","args":["delete_space",{"id":"12637fbd-9d3d-4c4e-8375-87ad86834f81"}]}
[0-2] 2026-02-01T11:25:11.018Z WARN webdriver: WebDriverError: javascript error: Cannot delete the default space
[0-2]   (Session info: MicrosoftEdge=144.0.3719.93) when running "execute/sync" with method "POST"
[0-2] 2026-02-01T11:25:11.018Z INFO webdriver: Retrying 3/3
[0-2] 2026-02-01T11:25:11.018Z INFO webdriver: [POST] http://localhost:4444/session/774eca2810947fb445075fac237baf4d/execute/sync
[0-2] 2026-02-01T11:25:11.018Z INFO webdriver: DATA {"script":"\n            function webdriverioPolyfill() {\n  var __defProp = Object.defineProperty;\n  var __name = function(target, _value) {\n    return __defProp(target, \"name\", { value: _value, configurable: true });\n  };\n  var __globalThis = typeof globalThis === \"object\" && globalThis || typeof window === \"object\" && window;\n  __globalThis.__name = __name;\n}\n            webdriverioPolyfill();\n            return (async(cmd,cmdArgs)=>{if(!window.__TAURI_TEST_API__){throw new Error(\"Tauri Test API not available\")}return window.__TAURI_TEST_API__.invoke(cmd,cmdArgs)}).apply(null, arguments)\n        ","args":["delete_space",{"id":"12637fbd-9d3d-4c4e-8375-87ad86834f81"}]}
[0-2] 2026-02-01T11:25:11.030Z ERROR webdriver: WebDriverError: javascript error: Cannot delete the default space
[0-2]   (Session info: MicrosoftEdge=144.0.3719.93) when running "execute/sync" with method "POST"
[0-2] 2026-02-01T11:25:11.031Z INFO webdriver: COMMAND executeScript(<fn>, <object>)
[0-2] 2026-02-01T11:25:11.031Z INFO webdriver: [POST] http://localhost:4444/session/774eca2810947fb445075fac237baf4d/execute/sync
[0-2] 2026-02-01T11:25:11.031Z INFO webdriver: DATA {"script":"\n            function webdriverioPolyfill() {\n  var __defProp = Object.defineProperty;\n  var __name = function(target, _value) {\n    return __defProp(target, \"name\", { value: _value, configurable: true });\n  };\n  var __globalThis = typeof globalThis === \"object\" && globalThis || typeof window === \"object\" && window;\n  __globalThis.__name = __name;\n}\n            webdriverioPolyfill();\n            return (async(cmd,cmdArgs)=>{if(!window.__TAURI_TEST_API__){throw new Error(\"Tauri Test API not available\")}return window.__TAURI_TEST_API__.invoke(cmd,cmdArgs)}).apply(null, arguments)\n        ","args":["disable_server_v2",{"spaceId":"2112071b-c2be-4f09-b237-734935052a35","serverId":"echo-server"}]}
[0-2] 2026-02-01T11:25:11.033Z INFO webdriver: COMMAND takeScreenshot()
[0-2] 2026-02-01T11:25:11.033Z INFO webdriver: [GET] http://localhost:4444/session/774eca2810947fb445075fac237baf4d/screenshot
[0-2] 2026-02-01T11:25:11.047Z INFO webdriver: RESULT null
[0-2] 2026-02-01T11:25:11.048Z INFO webdriver: COMMAND executeScript(<fn>, <object>)
[0-2] 2026-02-01T11:25:11.048Z INFO webdriver: [POST] http://localhost:4444/session/774eca2810947fb445075fac237baf4d/execute/sync
[0-2] 2026-02-01T11:25:11.048Z INFO webdriver: DATA {"script":"\n            function webdriverioPolyfill() {\n  var __defProp = Object.defineProperty;\n  var __name = function(target, _value) {\n    return __defProp(target, \"name\", { value: _value, configurable: true });\n  };\n  var __globalThis = typeof globalThis === \"object\" && globalThis || typeof window === \"object\" && window;\n  __globalThis.__name = __name;\n}\n            webdriverioPolyfill();\n            return (async(cmd,cmdArgs)=>{if(!window.__TAURI_TEST_API__){throw new Error(\"Tauri Test API not available\")}return window.__TAURI_TEST_API__.invoke(cmd,cmdArgs)}).apply(null, arguments)\n        ","args":["uninstall_server",{"id":"echo-server","spaceId":"2112071b-c2be-4f09-b237-734935052a35"}]}
[0-2] 2026-02-01T11:25:11.049Z INFO webdriver: COMMAND takeScreenshot()
[0-2] 2026-02-01T11:25:11.049Z INFO webdriver: [GET] http://localhost:4444/session/774eca2810947fb445075fac237baf4d/screenshot
[0-2] 2026-02-01T11:25:11.247Z INFO webdriver: RESULT iVBORw0KGgoAAAANSUhEUgAACWAAAAWmCAIAAACDPgzkAAAQAElEQVR4nOzdC...
[0-2] 2026-02-01T11:25:11.273Z INFO webdriver: RESULT null
[0-2] 2026-02-01T11:25:11.273Z INFO webdriver: COMMAND executeScript(<fn>, <object>)
[0-2] 2026-02-01T11:25:11.274Z INFO webdriver: [POST] http://localhost:4444/session/774eca2810947fb445075fac237baf4d/execute/sync
[0-2] 2026-02-01T11:25:11.274Z INFO webdriver: DATA {"script":"\n            function webdriverioPolyfill() {\n  var __defProp = Object.defineProperty;\n  var __name = function(target, _value) {\n    return __defProp(target, \"name\", { value: _value, configurable: true });\n  };\n  var __globalThis = typeof globalThis === \"object\" && globalThis || typeof window === \"object\" && window;\n  __globalThis.__name = __name;\n}\n            webdriverioPolyfill();\n            return (async(cmd,cmdArgs)=>{if(!window.__TAURI_TEST_API__){throw new Error(\"Tauri Test API not available\")}return window.__TAURI_TEST_API__.invoke(cmd,cmdArgs)}).apply(null, arguments)\n        ","args":["delete_space",{"id":"2112071b-c2be-4f09-b237-734935052a35"}]}
[0-2] 2026-02-01T11:25:11.274Z INFO webdriver: COMMAND takeScreenshot()
[0-2] 2026-02-01T11:25:11.274Z INFO webdriver: [GET] http://localhost:4444/session/774eca2810947fb445075fac237baf4d/screenshot
[0-2] 2026-02-01T11:25:11.469Z INFO webdriver: RESULT iVBORw0KGgoAAAANSUhEUgAACWAAAAWmCAIAAACDPgzkAAAQAElEQVR4nOzdC...
[0-2] 2026-02-01T11:25:11.478Z INFO webdriver: RESULT null
[0-2] 2026-02-01T11:25:11.478Z INFO webdriver: COMMAND executeScript(<fn>, <object>)
[0-2] 2026-02-01T11:25:11.478Z INFO webdriver: [POST] http://localhost:4444/session/774eca2810947fb445075fac237baf4d/execute/sync
[0-2] 2026-02-01T11:25:11.478Z INFO webdriver: DATA {"script":"\n            function webdriverioPolyfill() {\n  var __defProp = Object.defineProperty;\n  var __name = function(target, _value) {\n    return __defProp(target, \"name\", { value: _value, configurable: true });\n  };\n  var __globalThis = typeof globalThis === \"object\" && globalThis || typeof window === \"object\" && window;\n  __globalThis.__name = __name;\n}\n            webdriverioPolyfill();\n            return (async(cmd,cmdArgs)=>{if(!window.__TAURI_TEST_API__){throw new Error(\"Tauri Test API not available\")}return window.__TAURI_TEST_API__.invoke(cmd,cmdArgs)}).apply(null, arguments)\n        ","args":["disable_server_v2",{"spaceId":"68f09492-f477-494c-957f-f497b2a9ab62","serverId":"echo-server"}]}
[0-2] 2026-02-01T11:25:11.479Z INFO webdriver: COMMAND takeScreenshot()
[0-2] 2026-02-01T11:25:11.479Z INFO webdriver: [GET] http://localhost:4444/session/774eca2810947fb445075fac237baf4d/screenshot
[0-2] 2026-02-01T11:25:11.630Z INFO webdriver: RESULT iVBORw0KGgoAAAANSUhEUgAACWAAAAWmCAIAAACDPgzkAAAQAElEQVR4nOzdC...
[0-2] 2026-02-01T11:25:11.645Z INFO webdriver: RESULT null
[0-2] 2026-02-01T11:25:11.645Z INFO webdriver: COMMAND executeScript(<fn>, <object>)
[0-2] 2026-02-01T11:25:11.645Z INFO webdriver: [POST] http://localhost:4444/session/774eca2810947fb445075fac237baf4d/execute/sync
[0-2] 2026-02-01T11:25:11.645Z INFO webdriver: DATA {"script":"\n            function webdriverioPolyfill() {\n  var __defProp = Object.defineProperty;\n  var __name = function(target, _value) {\n    return __defProp(target, \"name\", { value: _value, configurable: true });\n  };\n  var __globalThis = typeof globalThis === \"object\" && globalThis || typeof window === \"object\" && window;\n  __globalThis.__name = __name;\n}\n            webdriverioPolyfill();\n            return (async(cmd,cmdArgs)=>{if(!window.__TAURI_TEST_API__){throw new Error(\"Tauri Test API not available\")}return window.__TAURI_TEST_API__.invoke(cmd,cmdArgs)}).apply(null, arguments)\n        ","args":["uninstall_server",{"id":"echo-server","spaceId":"68f09492-f477-494c-957f-f497b2a9ab62"}]}
[0-2] 2026-02-01T11:25:11.646Z INFO webdriver: COMMAND takeScreenshot()
[0-2] 2026-02-01T11:25:11.646Z INFO webdriver: [GET] http://localhost:4444/session/774eca2810947fb445075fac237baf4d/screenshot
[0-2] 2026-02-01T11:25:11.779Z INFO webdriver: RESULT iVBORw0KGgoAAAANSUhEUgAACWAAAAWmCAIAAACDPgzkAAAQAElEQVR4nOzdC...
[0-2] 2026-02-01T11:25:11.792Z INFO webdriver: RESULT null
[0-2] 2026-02-01T11:25:11.792Z INFO webdriver: COMMAND executeScript(<fn>, <object>)
[0-2] 2026-02-01T11:25:11.792Z INFO webdriver: [POST] http://localhost:4444/session/774eca2810947fb445075fac237baf4d/execute/sync
[0-2] 2026-02-01T11:25:11.793Z INFO webdriver: DATA {"script":"\n            function webdriverioPolyfill() {\n  var __defProp = Object.defineProperty;\n  var __name = function(target, _value) {\n    return __defProp(target, \"name\", { value: _value, configurable: true });\n  };\n  var __globalThis = typeof globalThis === \"object\" && globalThis || typeof window === \"object\" && window;\n  __globalThis.__name = __name;\n}\n            webdriverioPolyfill();\n            return (async(cmd,cmdArgs)=>{if(!window.__TAURI_TEST_API__){throw new Error(\"Tauri Test API not available\")}return window.__TAURI_TEST_API__.invoke(cmd,cmdArgs)}).apply(null, arguments)\n        ","args":["delete_space",{"id":"68f09492-f477-494c-957f-f497b2a9ab62"}]}
[0-2] 2026-02-01T11:25:11.793Z INFO webdriver: COMMAND takeScreenshot()
[0-2] 2026-02-01T11:25:11.793Z INFO webdriver: [GET] http://localhost:4444/session/774eca2810947fb445075fac237baf4d/screenshot
[0-2] 2026-02-01T11:25:11.968Z INFO webdriver: RESULT iVBORw0KGgoAAAANSUhEUgAACWAAAAWmCAIAAACDPgzkAAAQAElEQVR4nOzdC...
[0-2] 2026-02-01T11:25:11.983Z INFO webdriver: RESULT null
[0-2] 2026-02-01T11:25:11.984Z INFO webdriver: COMMAND executeScript(<fn>, <object>)
[0-2] 2026-02-01T11:25:11.984Z INFO webdriver: [POST] http://localhost:4444/session/774eca2810947fb445075fac237baf4d/execute/sync
[0-2] 2026-02-01T11:25:11.984Z INFO webdriver: DATA {"script":"\n            function webdriverioPolyfill() {\n  var __defProp = Object.defineProperty;\n  var __name = function(target, _value) {\n    return __defProp(target, \"name\", { value: _value, configurable: true });\n  };\n  var __globalThis = typeof globalThis === \"object\" && globalThis || typeof window === \"object\" && window;\n  __globalThis.__name = __name;\n}\n            webdriverioPolyfill();\n            return (async(cmd,cmdArgs)=>{if(!window.__TAURI_TEST_API__){throw new Error(\"Tauri Test API not available\")}return window.__TAURI_TEST_API__.invoke(cmd,cmdArgs)}).apply(null, arguments)\n        ","args":["set_active_space",{"id":"97ecb604-4b50-4fb2-962a-acb3c9cccd2f"}]}
[0-2] 2026-02-01T11:25:11.986Z INFO webdriver: COMMAND takeScreenshot()
[0-2] 2026-02-01T11:25:11.986Z INFO webdriver: [GET] http://localhost:4444/session/774eca2810947fb445075fac237baf4d/screenshot
[0-2] 2026-02-01T11:25:12.131Z INFO webdriver: RESULT iVBORw0KGgoAAAANSUhEUgAACWAAAAWmCAIAAACDPgzkAAAQAElEQVR4nOzdC...
[0-2] 2026-02-01T11:25:12.146Z INFO webdriver: RESULT null
[0-2] 2026-02-01T11:25:12.148Z INFO webdriver: COMMAND deleteSession()
[0-2] 2026-02-01T11:25:12.148Z INFO webdriver: [DELETE] http://localhost:4444/session/774eca2810947fb445075fac237baf4d
[0-2] 2026-02-01T11:25:12.148Z INFO webdriver: COMMAND takeScreenshot()
[0-2] 2026-02-01T11:25:12.148Z INFO webdriver: [GET] http://localhost:4444/session/774eca2810947fb445075fac237baf4d/screenshot
[0-2] 2026-02-01T11:25:12.326Z INFO webdriver: RESULT iVBORw0KGgoAAAANSUhEUgAACWAAAAWmCAIAAACDPgzkAAAQAElEQVR4nOzdC...
[0-2] 2026-02-01T11:25:12.347Z INFO webdriver: RESULT null
[0-2] 2026-02-01T11:25:12.355Z WARN webdriver: WebDriverError: Request failed with error code ECONNRESET when running 
"screenshot" with method "GET"
[0-2] 2026-02-01T11:25:12.355Z INFO webdriver: Retrying 1/3
[0-2] 2026-02-01T11:25:12.355Z INFO webdriver: [GET] http://localhost:4444/session/774eca2810947fb445075fac237baf4d/screenshot
[0-2] FAILED in undefined - file:///D:/omc/mcp-mux/tests/e2e/specs/comprehensive.wdio.ts
2026-02-01T11:25:12.503Z INFO @wdio/cli:launcher: Run onWorkerEnd hook
2026-02-01T11:25:12.503Z INFO @wdio/cli:launcher: Run onWorkerStart hook
2026-02-01T11:25:12.504Z INFO @wdio/local-runner: Start worker 0-3 with arg: run tests/e2e/wdio.conf.ts
2026-02-01T11:25:12.571Z INFO @wdio/xvfb:ProcessFactory: xvfb-run not found, falling back to regular fork
2026-02-01T11:25:12.571Z INFO @wdio/xvfb:ProcessFactory: ProcessFactory: shouldRun=false, isAvailable=false
2026-02-01T11:25:12.571Z INFO @wdio/xvfb:ProcessFactory: Creating worker process with regular fork
[0-3] 2026-02-01T11:25:14.057Z INFO @wdio/local-runner: Run worker command: run
[0-3] Starting msedgedriver 144.0.3719.104 (7d1be999663b6950497e02929a79dc4136d9e376) on port 4445
[0-3] To submit feedback, report a bug, or suggest new features, please visit https://github.com/MicrosoftEdge/EdgeWebDriver
[0-3] 
[0-3] Only local connections are allowed.
[0-3] Please see https://aka.ms/WebDriverSecurity for suggestions on keeping Microsoft Edge WebDriver safe.
[0-3] msedgedriver was started successfully on port 4445.
[0-3] RUNNING in undefined - file:///D:/omc/mcp-mux/tests/e2e/specs/featureset.wdio.ts
[0-3] 2026-02-01T11:25:14.455Z INFO webdriver: Initiate new session using the WebDriver protocol
[0-3] 2026-02-01T11:25:14.455Z INFO @wdio/utils: Connecting to existing driver at http://localhost:4444/
[0-3] 2026-02-01T11:25:14.465Z INFO webdriver: [POST] http://localhost:4444/session
[0-3] 2026-02-01T11:25:15.583Z INFO webdriver: COMMAND getWindowHandle()
[0-3] 2026-02-01T11:25:15.583Z INFO webdriver: [GET] http://localhost:4444/session/fef445b943e70d7af9194aa0ec1339b3/window
[0-3] 2026-02-01T11:25:15.590Z INFO webdriver: RESULT 851AA1EA8923BE829544670956E8EE51
[0-3] 2026-02-01T11:25:15.618Z INFO webdriver: COMMAND findElement("css selector", "[data-testid="nav-featuresets"]")
[0-3] 2026-02-01T11:25:15.618Z INFO webdriver: [POST] http://localhost:4444/session/fef445b943e70d7af9194aa0ec1339b3/element
[0-3] 2026-02-01T11:25:15.619Z INFO webdriver: DATA {"using":"css selector","value":"[data-testid=\"nav-featuresets\"]"}
[0-3] 2026-02-01T11:25:15.634Z INFO webdriver: RESULT {
[0-3]   'element-6066-11e4-a52e-4f735466cecf': 'f.851AA1EA8923BE829544670956E8EE51.d.D087279AD0554F31DA09936CA3F35FC4.e.21'
[0-3] }
[0-3] 2026-02-01T11:25:15.638Z INFO webdriver: COMMAND elementClick("f.851AA1EA8923BE829544670956E8EE51.d.D087279AD0554F31DA09936CA3F35FC4.e.21")
[0-3] 2026-02-01T11:25:15.638Z INFO webdriver: [POST] http://localhost:4444/session/fef445b943e70d7af9194aa0ec1339b3/element/f.851AA1EA8923BE829544670956E8EE51.d.D087279AD0554F31DA09936CA3F35FC4.e.21/click
[0-3] 2026-02-01T11:25:15.639Z INFO webdriver: DATA {}
[0-3] 2026-02-01T11:25:15.759Z INFO webdriver: RESULT null
[0-3] 2026-02-01T11:25:15.761Z INFO webdriver: COMMAND takeScreenshot()
[0-3] 2026-02-01T11:25:15.761Z INFO webdriver: [GET] http://localhost:4444/session/fef445b943e70d7af9194aa0ec1339b3/screenshot
[0-3] 2026-02-01T11:25:15.927Z INFO webdriver: RESULT iVBORw0KGgoAAAANSUhEUgAACWAAAAWmCAIAAACDPgzkAAAQAElEQVR4nOzdB...
[0-3] 2026-02-01T11:25:17.771Z INFO webdriver: COMMAND takeScreenshot()
[0-3] 2026-02-01T11:25:17.772Z INFO webdriver: [GET] http://localhost:4444/session/fef445b943e70d7af9194aa0ec1339b3/screenshot
[0-3] 2026-02-01T11:25:17.925Z INFO webdriver: RESULT iVBORw0KGgoAAAANSUhEUgAACWAAAAWmCAIAAACDPgzkAAAQAElEQVR4nOzdB...
[0-3] 2026-02-01T11:25:17.927Z INFO webdriver: COMMAND getPageSource()
[0-3] 2026-02-01T11:25:17.928Z INFO webdriver: [GET] http://localhost:4444/session/fef445b943e70d7af9194aa0ec1339b3/source
[0-3] 2026-02-01T11:25:17.934Z INFO webdriver: RESULT <html lang="en"><head>
[0-3]     <meta charset="UTF-8">
[0-3]     <link rel="icon" type="image/svg+xml" href="/mcpmux.svg">
[0-3]     <meta name="viewport" content="width=device-width, initial-scale=1.0">
[0-3]     <title>McpMux</title>
[0-3]     <script type="module" crossorigin="" src="/assets/index-CiZJOwjC.js"></script>
[0-3]     <link rel="stylesheet" crossorigin="" href="/assets/index-Df7hU3Vb.css">
[0-3]   </head>
[0-3] 
[0-3]   <body>
[0-3]     <div id="root"><div class="flex h-screen flex-col overflow-hidden bg-[rgb(var(--background))]"><div class="drag-region h-8 flex-shrink-0 bg-[rgb(var(--surface))] border-b border-[rgb(var(--border-subtle))]"></div><div class="flex flex-1 overflow-hidden"><aside class="w-60 flex-shrink-0 border-r border-[rgb(var(--border-subtle))]"><nav class="flex h-full flex-col bg-[rgb(var(--surface))]"><div class="flex-shrink-0 p-4 border-b border-[rgb(var(--border-subtle))]"><div class="space-y-3"><div class="flex items-center justify-between"><div class="flex items-center gap-2"><svg xmlns="http://www.w3.org/2000/svg" width="24" height="24" viewBox="0 0 24 24" fill="none" stroke="currentColor" stroke-width="2" stroke-linecap="round" stroke-linejoin="round" class="lucide lucide-zap h-6 w-6 text-primary-500" aria-hidden="true"><path d="M4 14a1 1 0 0 1-.78-1.63l9.9-10.2a.5.5 0 0 1 .86.46l-1.92 6.02A1 1 0 0 0 13 10h7a1 1 0 0 1 .78 1.63l-9.9 10.2a.5.5 0 0 1-.86-.46l1.92-6.02A1 1 0 0 0 11 14z"></path></svg><span class="font-bold text-lg">McpMux</span></div><button class="p-1.5 rounded-lg hover:bg-surface-hover transition-colors" title="Dark mode"><svg xmlns="http://www.w3.org/2000/svg" width="24" height="24" viewBox="0 0 24 24" fill="none" stroke="currentColor" stroke-width="2" stroke-linecap="round" stroke-linejoin="round" class="lucide lucide-moon h-4 w-4" aria-hidden="true"><path d="M20.985 12.486a9 9 0 1 1-9.473-9.472c.405-.022.617.46.402.803a6 6 0 0 0 8.268 8.268c.344-.215.825-.004.803.401"></path></svg></button></div><div class="relative w-full"><button class="w-full flex items-center justify-between gap-2 px-3 py-2.5 rounded-xl border border-[rgb(var(--border))] bg-[rgb(var(--surface))] hover:bg-[rgb(var(--surface-hover))] hover:border-[rgb(var(--primary))/30] transition-all duration-150 group"><span class="flex items-center gap-3 min-w-0"><span class="text-xl">≡ƒÅá</span><span class="font-medium text-sm truncate">Personal</span></span><svg xmlns="http://www.w3.org/2000/svg" width="24" height="24" viewBox="0 0 24 24" fill="none" stroke="currentColor" stroke-width="2" stroke-linecap="round" stroke-linejoin="round" class="lucide lucide-chevron-down h-4 w-4 flex-shrink-0 text-[rgb(var(--muted))] group-hover:text-[rgb(var(--foreground))] transition-all duration-200" aria-hidden="true"><path d="m6 9 6 6 6-6"></path></svg></button></div></div></div><div class="flex-1 overflow-y-auto p-3"><div class="mb-6"><div class="space-y-0.5"><button data-testid="nav-dashboard" class="flex w-full items-center gap-3 rounded-lg px-3 py-2.5 text-sm font-medium transition-all duration-150 text-[rgb(var(--muted))] hover:text-[rgb(var(--foreground))] hover:bg-[rgb(var(--surface-hover))]"><span class="h-5 w-5 flex items-center justify-center transition-colors"><svg xmlns="http://www.w3.org/2000/svg" width="24" height="24" viewBox="0 0 24 24" fill="none" stroke="currentColor" stroke-width="2" stroke-linecap="round" stroke-linejoin="round" class="lucide lucide-house h-4 w-4" aria-hidden="true"><path d="M15 21v-8a1 1 0 0 0-1-1h-4a1 1 0 0 0-1 1v8"></path><path d="M3 10a2 2 0 0 1 .709-1.528l7-6a2 2 0 0 1 2.582 0l7 6A2 2 0 0 1 21 10v9a2 2 0 0 1-2 2H5a2 2 0 0 1-2-2z"></path></svg></span><span>Dashboard</span></button><button data-testid="nav-my-servers" class="flex w-full items-center gap-3 rounded-lg px-3 py-2.5 text-sm font-medium transition-all duration-150 text-[rgb(var(--muted))] hover:text-[rgb(var(--foreground))] hover:bg-[rgb(var(--surface-hover))]"><span class="h-5 w-5 flex items-center justify-center transition-colors"><svg xmlns="http://www.w3.org/2000/svg" width="24" height="24" viewBox="0 0 24 24" fill="none" stroke="currentColor" stroke-width="2" stroke-linecap="round" stroke-linejoin="round" class="lucide lucide-zap h-4 w-4" aria-hidden="true"><path d="M4 14a1 1 0 0 1-.78-1.63l9.9-10.2a.5.5 0 0 1 .86.46l-1.92 6.02A1 1 0 0 0 13 10h7a1 1 0 0 1 .78 1.63l-9.9 10.2a.5.5 0 0 1-.86-.46l1.92-6.02A1 1 0 0 0 11 14z"></path></svg></span><span>My Servers</span></button><button data-testid="nav-discover" class="flex w-full items-center gap-3 rounded-lg px-3 py-2.5 text-sm font-medium transition-all duration-150 text-[rgb(var(--muted))] hover:text-[rgb(var(--foreground))] hover:bg-[rgb(var(--surface-hover))]"><span class="h-5 w-5 flex items-center justify-center transition-colors"><svg xmlns="http://www.w3.org/2000/svg" width="24" height="24" viewBox="0 0 24 24" fill="none" stroke="currentColor" stroke-width="2" stroke-linecap="round" stroke-linejoin="round" class="lucide lucide-server h-4 w-4" aria-hidden="true"><rect width="20" height="8" x="2" y="2" rx="2" ry="2"></rect><rect width="20" height="8" x="2" y="14" rx="2" ry="2"></rect><line x1="6" x2="6.01" y1="6" y2="6"></line><line x1="6" x2="6.01" y1="18" y2="18"></line></svg></span><span>Discover</span></button></div></div><div class="mb-6"><h3 class="mb-2 px-3 text-[11px] font-semibold uppercase tracking-wider text-[rgb(var(--muted-foreground))]">Workspaces</h3><div class="space-y-0.5"><button data-testid="nav-spaces" class="flex w-full items-center gap-3 rounded-lg px-3 py-2.5 text-sm font-medium transition-all duration-150 text-[rgb(var(--muted))] hover:text-[rgb(var(--foreground))] hover:bg-[rgb(var(--surface-hover))]"><span class="h-5 w-5 flex items-center justify-center transition-colors"><svg xmlns="http://www.w3.org/2000/svg" width="24" height="24" viewBox="0 0 24 24" fill="none" stroke="currentColor" stroke-width="2" stroke-linecap="round" stroke-linejoin="round" class="lucide lucide-globe h-4 w-4" aria-hidden="true"><circle cx="12" cy="12" r="10"></circle><path d="M12 2a14.5 14.5 0 0 0 0 20 14.5 14.5 0 0 0 0-20"></path><path d="M2 12h20"></path></svg></span><span>Spaces</span></button><button data-testid="nav-featuresets" class="flex w-full items-center gap-3 rounded-lg px-3 py-2.5 text-sm font-medium transition-all duration-150 hover:text-[rgb(var(--foreground))] bg-[rgb(var(--primary))/10] text-[rgb(var(--primary))] hover:bg-[rgb(var(--primary))/15]"><span class="h-5 w-5 flex items-center justify-center transition-colors text-[rgb(var(--primary))]"><svg xmlns="http://www.w3.org/2000/svg" width="24" height="24" viewBox="0 0 24 24" fill="none" stroke="currentColor" stroke-width="2" stroke-linecap="round" stroke-linejoin="round" class="lucide lucide-wrench h-4 w-4" aria-hidden="true"><path d="M14.7 6.3a1 1 0 0 0 0 1.4l1.6 1.6a1 1 0 0 0 1.4 0l3.106-3.105c.32-.322.863-.22.983.218a6 6 0 0 1-8.259 7.057l-7.91 7.91a1 1 0 0 1-2.999-3l7.91-7.91a6 6 0 0 1 7.057-8.259c.438.12.54.662.219.984z"></path></svg></span><span>FeatureSets</span></button></div></div><div class="mb-6"><h3 class="mb-2 px-3 text-[11px] font-semibold uppercase tracking-wider text-[rgb(var(--muted-foreground))]">Connections</h3><div class="space-y-0.5"><button data-testid="nav-clients" class="flex w-full items-center gap-3 rounded-lg px-3 py-2.5 text-sm font-medium transition-all duration-150 text-[rgb(var(--muted))] hover:text-[rgb(var(--foreground))] hover:bg-[rgb(var(--surface-hover))]"><span class="h-5 w-5 flex items-center justify-center transition-colors"><svg xmlns="http://www.w3.org/2000/svg" width="24" height="24" viewBox="0 0 24 24" fill="none" stroke="currentColor" stroke-width="2" stroke-linecap="round" stroke-linejoin="round" class="lucide lucide-monitor h-4 w-4" aria-hidden="true"><rect width="20" height="14" x="2" y="3" rx="2"></rect><line x1="8" x2="16" y1="21" y2="21"></line><line x1="12" x2="12" y1="17" y2="21"></line></svg></span><span>Clients</span></button></div></div><div class="mb-6"><div class="space-y-0.5"><button data-testid="nav-settings" class="flex w-full items-center gap-3 rounded-lg px-3 py-2.5 text-sm font-medium transition-all duration-150 text-[rgb(var(--muted))] hover:text-[rgb(var(--foreground))] hover:bg-[rgb(var(--surface-hover))]"><span class="h-5 w-5 flex items-center justify-center transition-colors"><svg xmlns="http://www.w3.org/2000/svg" width="24" height="24" viewBox="0 0 24 24" fill="none" stroke="currentColor" stroke-width="2" stroke-linecap="round" stroke-linejoin="round" class="lucide lucide-settings h-4 w-4" aria-hidden="true"><path d="M9.671 4.136a2.34 2.34 0 0 1 4.659 0 2.34 2.34 0 0 0 3.319 1.915 2.34 2.34 0 0 1 2.33 4.033 2.34 2.34 0 0 0 0 3.831 2.34 2.34 0 0 1-2.33 4.033 2.34 2.34 0 0 0-3.319 1.915 2.34 2.34 0 0 1-4.659 0 2.34 2.34 0 0 0-3.32-1.915 2.34 2.34 0 0 1-2.33-4.033 2.34 2.34 0 0 0 0-3.831A2.34 2.34 0 0 1 6.35 6.051a2.34 2.34 0 0 0 3.319-1.915"></path><circle cx="12" cy="12" r="3"></circle></svg></span><span>Settings</span></button></div></div></div><div class="flex-shrink-0 p-4 border-t border-[rgb(var(--border-subtle))]"><div class="text-xs text-[rgb(var(--muted))]"><div>McpMux v0.1.0</div><div>Gateway: localhost:9315</div></div></div></nav></aside><main class="flex-1 overflow-auto p-6 bg-[rgb(var(--background))]"><div class="animate-fade-in"><div class="h-full flex flex-col relative"><div class="flex-shrink-0 p-8 border-b border-[rgb(var(--border-subtle))]"><div class="max-w-[2000px] mx-auto"><div class="flex flex-col sm:flex-row sm:items-start sm:justify-between gap-4 mb-6"><div class="flex-1 min-w-0"><div class="flex flex-wrap items-center gap-3 mb-2"><h1 class="text-3xl font-bold">Feature Sets</h1><span class="px-2 py-0.5 rounded-full bg-[rgb(var(--surface-elevated))] text-xs border border-[rgb(var(--border))] whitespace-nowrap">≡ƒÅá Personal</span></div><p class="text-base text-[rgb(var(--muted))]">Manage reusable collections of features, prompts, and resources</p></div><div class="flex gap-3 flex-shrink-0"><button class="inline-flex items-center justify-center gap-2 rounded-lg font-medium transition-all duration-150 ease-out focus-visible:outline-none focus-visible:ring-2 focus-visible:ring-[rgb(var(--primary))] focus-visible:ring-offset-2 disabled:pointer-events-none disabled:opacity-50 active:scale-[0.98] text-[rgb(var(--foreground))] hover:bg-[rgb(var(--surface-hover))] h-10 px-4"><svg xmlns="http://www.w3.org/2000/svg" width="24" height="24" viewBox="0 0 24 24" fill="none" stroke="currentColor" stroke-width="2" stroke-linecap="round" stroke-linejoin="round" class="lucide lucide-refresh-cw h-4 w-4 mr-2" aria-hidden="true"><path d="M3 12a9 9 0 0 1 9-9 9.75 9.75 0 0 1 6.74 2.74L21 8"></path><path d="M21 3v5h-5"></path><path d="M21 12a9 9 0 0 1-9 9 9.75 9.75 0 0 1-6.74-2.74L3 16"></path><path d="M8 16H3v5"></path></svg>Refresh</button><button class="inline-flex items-center justify-center gap-2 rounded-lg font-medium transition-all duration-150 ease-out focus-visible:outline-none focus-visible:ring-2 focus-visible:ring-[rgb(var(--primary))] focus-visible:ring-offset-2 disabled:pointer-events-none disabled:opacity-50 active:scale-[0.98] bg-[rgb(var(--primary))] text-[rgb(var(--primary-foreground))] hover:bg-[rgb(var(--primary-hover))] shadow-sm hover:shadow h-10 px-4"><svg xmlns="http://www.w3.org/2000/svg" width="24" height="24" viewBox="0 0 24 24" fill="none" stroke="currentColor" stroke-width="2" stroke-linecap="round" stroke-linejoin="round" class="lucide lucide-plus h-4 w-4 mr-2" aria-hidden="true"><path d="M5 12h14"></path><path d="M12 5v14"></path></svg>Create Feature Set</button></div></div><div class="relative max-w-3xl"><svg xmlns="http://www.w3.org/2000/svg" width="24" height="24" viewBox="0 0 24 24" fill="none" stroke="currentColor" stroke-width="2" stroke-linecap="round" stroke-linejoin="round" class="lucide lucide-search absolute left-4 top-1/2 -translate-y-1/2 h-5 w-5 text-[rgb(var(--muted))]" aria-hidden="true"><path d="m21 21-4.34-4.34"></path><circle cx="11" cy="11" r="8"></circle></svg><input placeholder="Search feature sets..." class="w-full pl-12 pr-4 py-3 text-base bg-[rgb(var(--surface))] border border-[rgb(var(--border))] rounded-xl focus:outline-none focus:ring-2 focus:ring-primary-500 focus:border-primary-500 transition-all" type="text" value=""></div></div></div><div class="flex-1 overflow-auto px-8 py-8"><div class="max-w-[2000px] mx-auto"><div class="grid gap-5 auto-fill-cards"><div class="rounded-xl border border-[rgb(var(--border-subtle))] bg-[rgb(var(--card))] p-6 shadow-[0_1px_3px_0_rgb(0_0_0/0.1),0_1px_2px_-1px_rgb(0_0_0/0.1)] dark:shadow-[0_1px_3px_0_rgb(0_0_0/0.3),0_1px_2px_-1px_rgb(0_0_0/0.2)] cursor-pointer transition-all hover:shadow-lg hover:scale-[1.01]"><div class="p-6"><div class="flex items-start gap-4 mb-5"><div class="w-16 h-16 flex items-center justify-center bg-[rgb(var(--surface))] rounded-xl flex-shrink-0 border border-[rgb(var(--border-subtle))]"><span class="text-xl">≡ƒîÉ</span></div><div class="flex-1 min-w-0"><h3 class="font-semibold text-lg truncate mb-1.5 flex items-center gap-2">All Features</h3><span class="inline-flex items-center px-2.5 py-0.5 rounded-full text-xs font-medium bg-blue-100 dark:bg-blue-900/30 text-blue-700 dark:text-blue-300">All Features</span></div></div><p class="text-sm text-[rgb(var(--muted))] line-clamp-2 mb-4 h-10">All features from all connected MCP servers in this space</p><div class="flex items-center justify-between text-xs text-[rgb(var(--muted))] border-t border-[rgb(var(--border-subtle))] pt-4"><div class="flex items-center gap-1.5"><span class="italic">All features</span></div><span class="italic">Auto-managed</span></div></div></div><div class="rounded-xl border border-[rgb(var(--border-subtle))] bg-[rgb(var(--card))] p-6 shadow-[0_1px_3px_0_rgb(0_0_0/0.1),0_1px_2px_-1px_rgb(0_0_0/0.1)] dark:shadow-[0_1px_3px_0_rgb(0_0_0/0.3),0_1px_2px_-1px_rgb(0_0_0/0.2)] cursor-pointer transition-all hover:shadow-lg hover:scale-[1.01]"><div class="p-6"><div class="flex items-start gap-4 mb-5"><div class="w-16 h-16 flex items-center justify-center bg-[rgb(var(--surface))] rounded-xl flex-shrink-0 border border-[rgb(var(--border-subtle))]"><span class="text-xl">Γ¡É</span></div><div class="flex-1 min-w-0"><h3 class="font-semibold text-lg truncate mb-1.5 flex items-center gap-2">Default</h3><span class="inline-flex items-center px-2.5 py-0.5 rounded-full text-xs font-medium bg-blue-100 dark:bg-blue-900/30 text-blue-700 dark:text-blue-300">Default</span></div></div><p class="text-sm text-[rgb(var(--muted))] line-clamp-2 mb-4 h-10">Features automatically granted to all connected clients in this space</p><div class="flex items-center justify-between text-xs text-[rgb(var(--muted))] border-t border-[rgb(var(--border-subtle))] pt-4"><div class="flex items-center gap-1.5"><span>0 members</span></div><span class="flex items-center gap-1 hover:text-primary-500 transition-colors">Configure <svg xmlns="http://www.w3.org/2000/svg" width="24" height="24" viewBox="0 0 24 24" fill="none" stroke="currentColor" stroke-width="2" stroke-linecap="round" stroke-linejoin="round" class="lucide lucide-settings h-3 w-3" aria-hidden="true"><path d="M9.671 4.136a2.34 2.34 0 0 1 4.659 0 2.34 2.34 0 0 0 3.319 1.915 2.34 2.34 0 0 1 2.33 4.033 2.34 2.34 0 0 0 0 3.831 2.34 2.34 0 0 1-2.33 4.033 2.34 2.34 0 0 0-3.319 1.915 2.34 2.34 0 0 1-4.659 0 2.34 2.34 0 0 0-3.32-1.915 2.34 2.34 0 0 1-2.33-4.033 2.34 2.34 0 0 0 0-3.831A2.34 2.34 0 0 1 6.35 6.051a2.34 2.34 0 0 0 3.319-1.915"></path><circle cx="12" cy="12" r="3"></circle></svg></span></div></div></div></div></div></div></div></div></main></div><div class="h-7 flex-shrink-0 border-t border-[rgb(var(--border-subtle))] bg-[rgb(var(--surface))] px-4"><div class="flex h-full items-center justify-between text-xs text-[rgb(var(--muted))]"><div class="flex items-center gap-4"><span class="flex items-center gap-1.5"><span class="h-2 w-2 rounded-full bg-green-500"></span>Gateway Active</span><span>Active Space: Personal</span></div><div class="flex items-center gap-4"><span>5 Servers ΓÇó 97 Tools</span></div></div></div></div></div>
[0-3] 
[0-3]   
[0-3] 
[0-3] </body></html>
[0-3] [DEBUG] Has All Features: true
[0-3] [DEBUG] Has Default: true
[0-3] 2026-02-01T11:25:17.939Z INFO webdriver: COMMAND findElement("css selector", "[data-testid="nav-discover"]")
[0-3] 2026-02-01T11:25:17.939Z INFO webdriver: [POST] http://localhost:4444/session/fef445b943e70d7af9194aa0ec1339b3/element
[0-3] 2026-02-01T11:25:17.939Z INFO webdriver: DATA {"using":"css selector","value":"[data-testid=\"nav-discover\"]"}
[0-3] 2026-02-01T11:25:17.952Z INFO webdriver: RESULT {
[0-3]   'element-6066-11e4-a52e-4f735466cecf': 'f.851AA1EA8923BE829544670956E8EE51.d.D087279AD0554F31DA09936CA3F35FC4.e.54'
[0-3] }
[0-3] 2026-02-01T11:25:17.955Z INFO webdriver: COMMAND elementClick("f.851AA1EA8923BE829544670956E8EE51.d.D087279AD0554F31DA09936CA3F35FC4.e.54")
[0-3] 2026-02-01T11:25:17.956Z INFO webdriver: [POST] http://localhost:4444/session/fef445b943e70d7af9194aa0ec1339b3/element/f.851AA1EA8923BE829544670956E8EE51.d.D087279AD0554F31DA09936CA3F35FC4.e.54/click
[0-3] 2026-02-01T11:25:17.956Z INFO webdriver: DATA {}
[0-3] 2026-02-01T11:25:18.042Z INFO webdriver: RESULT null
[0-3] 2026-02-01T11:25:18.043Z INFO webdriver: COMMAND takeScreenshot()
[0-3] 2026-02-01T11:25:18.043Z INFO webdriver: [GET] http://localhost:4444/session/fef445b943e70d7af9194aa0ec1339b3/screenshot
[0-3] 2026-02-01T11:25:18.241Z INFO webdriver: RESULT iVBORw0KGgoAAAANSUhEUgAACWAAAAWmCAIAAACDPgzkAAAQAElEQVR4nOzdC...
[0-3] 2026-02-01T11:25:20.053Z INFO webdriver: COMMAND findElement("css selector", "[data-testid="search-input"]")
[0-3] 2026-02-01T11:25:20.053Z INFO webdriver: [POST] http://localhost:4444/session/fef445b943e70d7af9194aa0ec1339b3/element
[0-3] 2026-02-01T11:25:20.053Z INFO webdriver: DATA {"using":"css selector","value":"[data-testid=\"search-input\"]"}
[0-3] 2026-02-01T11:25:20.067Z INFO webdriver: RESULT {
[0-3]   'element-6066-11e4-a52e-4f735466cecf': 'f.851AA1EA8923BE829544670956E8EE51.d.D087279AD0554F31DA09936CA3F35FC4.e.76'
[0-3] }
[0-3] 2026-02-01T11:25:20.069Z INFO webdriver: COMMAND elementClear("f.851AA1EA8923BE829544670956E8EE51.d.D087279AD0554F31DA09936CA3F35FC4.e.76")
[0-3] 2026-02-01T11:25:20.069Z INFO webdriver: [POST] http://localhost:4444/session/fef445b943e70d7af9194aa0ec1339b3/element/f.851AA1EA8923BE829544670956E8EE51.d.D087279AD0554F31DA09936CA3F35FC4.e.76/clear
[0-3] 2026-02-01T11:25:20.070Z INFO webdriver: DATA {}
[0-3] 2026-02-01T11:25:20.108Z INFO webdriver: RESULT null
[0-3] 2026-02-01T11:25:20.109Z INFO webdriver: COMMAND takeScreenshot()
[0-3] 2026-02-01T11:25:20.109Z INFO webdriver: [GET] http://localhost:4444/session/fef445b943e70d7af9194aa0ec1339b3/screenshot
[0-3] 2026-02-01T11:25:20.267Z INFO webdriver: RESULT iVBORw0KGgoAAAANSUhEUgAACWAAAAWmCAIAAACDPgzkAAAQAElEQVR4nOzdC...
[0-3] 2026-02-01T11:25:20.416Z INFO webdriver: COMMAND elementClear("f.851AA1EA8923BE829544670956E8EE51.d.D087279AD0554F31DA09936CA3F35FC4.e.76")
[0-3] 2026-02-01T11:25:20.417Z INFO webdriver: [POST] http://localhost:4444/session/fef445b943e70d7af9194aa0ec1339b3/element/f.851AA1EA8923BE829544670956E8EE51.d.D087279AD0554F31DA09936CA3F35FC4.e.76/clear
[0-3] 2026-02-01T11:25:20.417Z INFO webdriver: DATA {}
[0-3] 2026-02-01T11:25:20.453Z INFO webdriver: RESULT null
[0-3] 2026-02-01T11:25:20.454Z INFO webdriver: COMMAND elementSendKeys("f.851AA1EA8923BE829544670956E8EE51.d.D087279AD0554F31DA09936CA3F35FC4.e.76", "<Screenshot[base64]>")
[0-3] 2026-02-01T11:25:20.454Z INFO webdriver: [POST] http://localhost:4444/session/fef445b943e70d7af9194aa0ec1339b3/element/f.851AA1EA8923BE829544670956E8EE51.d.D087279AD0554F31DA09936CA3F35FC4.e.76/value
[0-3] 2026-02-01T11:25:20.454Z INFO webdriver: DATA {"text":"Echo"}
[0-3] 2026-02-01T11:25:20.455Z INFO webdriver: COMMAND takeScreenshot()
[0-3] 2026-02-01T11:25:20.455Z INFO webdriver: [GET] http://localhost:4444/session/fef445b943e70d7af9194aa0ec1339b3/screenshot
[0-3] 2026-02-01T11:25:20.590Z INFO webdriver: RESULT null
[0-3] 2026-02-01T11:25:20.591Z INFO webdriver: COMMAND takeScreenshot()
[0-3] 2026-02-01T11:25:20.592Z INFO webdriver: [GET] http://localhost:4444/session/fef445b943e70d7af9194aa0ec1339b3/screenshot
[0-3] 2026-02-01T11:25:20.771Z INFO webdriver: RESULT iVBORw0KGgoAAAANSUhEUgAACWAAAAWmCAIAAACDPgzkAAAQAElEQVR4nOzdC...
[0-3] 2026-02-01T11:25:20.953Z INFO webdriver: RESULT iVBORw0KGgoAAAANSUhEUgAACWAAAAWmCAIAAACDPgzkAAAQAElEQVR4nOzdC...
[0-3] 2026-02-01T11:25:21.604Z INFO webdriver: COMMAND findElement("css selector", "[data-testid="install-btn-echo-server"]")
[0-3] 2026-02-01T11:25:21.605Z INFO webdriver: [POST] http://localhost:4444/session/fef445b943e70d7af9194aa0ec1339b3/element
[0-3] 2026-02-01T11:25:21.605Z INFO webdriver: DATA {"using":"css selector","value":"[data-testid=\"install-btn-echo-server\"]"}
[0-3] 2026-02-01T11:25:21.634Z INFO webdriver: RESULT {
[0-3]   'element-6066-11e4-a52e-4f735466cecf': 'f.851AA1EA8923BE829544670956E8EE51.d.D087279AD0554F31DA09936CA3F35FC4.e.110'
[0-3] }
[0-3] 2026-02-01T11:25:21.640Z INFO webdriver: COMMAND executeScript(<fn>, <object>)
[0-3] 2026-02-01T11:25:21.641Z INFO webdriver: [POST] http://localhost:4444/session/fef445b943e70d7af9194aa0ec1339b3/execute/sync
[0-3] 2026-02-01T11:25:21.641Z INFO webdriver: DATA {"script":"\n            function webdriverioPolyfill() {\n  var __defProp = Object.defineProperty;\n  var __name = function(target, _value) {\n    return __defProp(target, \"name\", { value: _value, configurable: true });\n  };\n  var __globalThis = typeof globalThis === \"object\" && globalThis || typeof window === \"object\" && window;\n  __globalThis.__name = __name;\n}\n            webdriverioPolyfill();\n            return (function(elem) {\n      try {\n        const style = window.getComputedStyle(elem);\n        return { value: style?.display ?? \"\" };\n      } catch {\n        if (typeof elem.isConnected === \"boolean\" && !elem.isConnected) {\n          throw new Error(\"stale element reference: element is not attached to the page document\");\n        }\n        return { value: \"\" };\n      }\n    }).apply(null, arguments)\n        ","args":[{"element-6066-11e4-a52e-4f735466cecf":"f.851AA1EA8923BE829544670956E8EE51.d.D087279AD0554F31DA09936CA3F35FC4.e.110","ELEMENT":"f.851AA1EA8923BE829544670956E8EE51.d.D087279AD0554F31DA09936CA3F35FC4.e.110"}]}
[0-3] 2026-02-01T11:25:21.642Z INFO webdriver: COMMAND executeScript(<fn>, <object>)
[0-3] 2026-02-01T11:25:21.643Z INFO webdriver: [POST] http://localhost:4444/session/fef445b943e70d7af9194aa0ec1339b3/execute/sync
[0-3] 2026-02-01T11:25:21.643Z INFO webdriver: DATA {"script":"\n            function webdriverioPolyfill() {\n  var __defProp = Object.defineProperty;\n  var __name = function(target, _value) {\n    return __defProp(target, \"name\", { value: _value, configurable: true });\n  };\n  var __globalThis = typeof globalThis === \"object\" && globalThis || typeof window === \"object\" && window;\n  __globalThis.__name = __name;\n}\n            webdriverioPolyfill();\n            return (function checkVisibility(elem, params) {\n      if (typeof elem.checkVisibility === \"function\") {\n        return elem.checkVisibility(params);\n      }\n      return null;\n    }).apply(null, arguments)\n        ","args":[{"element-6066-11e4-a52e-4f735466cecf":"f.851AA1EA8923BE829544670956E8EE51.d.D087279AD0554F31DA09936CA3F35FC4.e.110","ELEMENT":"f.851AA1EA8923BE829544670956E8EE51.d.D087279AD0554F31DA09936CA3F35FC4.e.110"},{"withinViewport":false,"contentVisibilityAuto":true,"opacityProperty":true,"visibilityProperty":true}]}
[0-3] 2026-02-01T11:25:21.654Z INFO webdriver: RESULT { value: 'block' }
[0-3] 2026-02-01T11:25:21.655Z INFO webdriver: COMMAND takeScreenshot()
[0-3] 2026-02-01T11:25:21.655Z INFO webdriver: [GET] http://localhost:4444/session/fef445b943e70d7af9194aa0ec1339b3/screenshot
[0-3] 2026-02-01T11:25:21.664Z INFO webdriver: RESULT true
[0-3] 2026-02-01T11:25:21.665Z INFO webdriver: COMMAND executeScript(<fn>, <object>)
[0-3] 2026-02-01T11:25:21.666Z INFO webdriver: [POST] http://localhost:4444/session/fef445b943e70d7af9194aa0ec1339b3/execute/sync
[0-3] 2026-02-01T11:25:21.666Z INFO webdriver: DATA {"script":"\n            function webdriverioPolyfill() {\n  var __defProp = Object.defineProperty;\n  var __name = function(target, _value) {\n    return __defProp(target, \"name\", { value: _value, configurable: true });\n  };\n  var __globalThis = typeof globalThis === \"object\" && globalThis || typeof window === \"object\" && window;\n  __globalThis.__name = __name;\n}\n            webdriverioPolyfill();\n            return (function(elem) {\n      try {\n        const style = window.getComputedStyle(elem);\n        return { value: style?.display ?? \"\" };\n      } catch {\n        if (typeof elem.isConnected === \"boolean\" && !elem.isConnected) {\n          throw new Error(\"stale element reference: element is not attached to the page document\");\n        }\n        return { value: \"\" };\n      }\n    }).apply(null, arguments)\n        ","args":[{"element-6066-11e4-a52e-4f735466cecf":"f.851AA1EA8923BE829544670956E8EE51.d.D087279AD0554F31DA09936CA3F35FC4.e.110","ELEMENT":"f.851AA1EA8923BE829544670956E8EE51.d.D087279AD0554F31DA09936CA3F35FC4.e.110"}]}
[0-3] 2026-02-01T11:25:21.666Z INFO webdriver: COMMAND executeScript(<fn>, <object>)
[0-3] 2026-02-01T11:25:21.666Z INFO webdriver: [POST] http://localhost:4444/session/fef445b943e70d7af9194aa0ec1339b3/execute/sync
[0-3] 2026-02-01T11:25:21.666Z INFO webdriver: DATA {"script":"\n            function webdriverioPolyfill() {\n  var __defProp = Object.defineProperty;\n  var __name = function(target, _value) {\n    return __defProp(target, \"name\", { value: _value, configurable: true });\n  };\n  var __globalThis = typeof globalThis === \"object\" && globalThis || typeof window === \"object\" && window;\n  __globalThis.__name = __name;\n}\n            webdriverioPolyfill();\n            return (function checkVisibility(elem, params) {\n      if (typeof elem.checkVisibility === \"function\") {\n        return elem.checkVisibility(params);\n      }\n      return null;\n    }).apply(null, arguments)\n        ","args":[{"element-6066-11e4-a52e-4f735466cecf":"f.851AA1EA8923BE829544670956E8EE51.d.D087279AD0554F31DA09936CA3F35FC4.e.110","ELEMENT":"f.851AA1EA8923BE829544670956E8EE51.d.D087279AD0554F31DA09936CA3F35FC4.e.110"},{"withinViewport":false,"contentVisibilityAuto":true,"opacityProperty":true,"visibilityProperty":true}]}
[0-3] 2026-02-01T11:25:21.667Z INFO webdriver: COMMAND takeScreenshot()
[0-3] 2026-02-01T11:25:21.667Z INFO webdriver: [GET] http://localhost:4444/session/fef445b943e70d7af9194aa0ec1339b3/screenshot
[0-3] 2026-02-01T11:25:21.790Z INFO webdriver: RESULT iVBORw0KGgoAAAANSUhEUgAACWAAAAWmCAIAAACDPgzkAAAQAElEQVR4nOzdC...
[0-3] 2026-02-01T11:25:21.794Z INFO webdriver: RESULT { value: 'block' }
[0-3] 2026-02-01T11:25:21.794Z INFO webdriver: COMMAND takeScreenshot()
[0-3] 2026-02-01T11:25:21.795Z INFO webdriver: [GET] http://localhost:4444/session/fef445b943e70d7af9194aa0ec1339b3/screenshot
[0-3] 2026-02-01T11:25:21.928Z INFO webdriver: RESULT iVBORw0KGgoAAAANSUhEUgAACWAAAAWmCAIAAACDPgzkAAAQAElEQVR4nOzdC...
[0-3] 2026-02-01T11:25:21.929Z INFO webdriver: RESULT true
[0-3] 2026-02-01T11:25:21.929Z INFO webdriver: COMMAND executeScript(<fn>, <object>)
[0-3] 2026-02-01T11:25:21.930Z INFO webdriver: [POST] http://localhost:4444/session/fef445b943e70d7af9194aa0ec1339b3/execute/sync
[0-3] 2026-02-01T11:25:21.930Z INFO webdriver: DATA {"script":"\n            function webdriverioPolyfill() {\n  var __defProp = Object.defineProperty;\n  var __name = function(target, _value) {\n    return __defProp(target, \"name\", { value: _value, configurable: true });\n  };\n  var __globalThis = typeof globalThis === \"object\" && globalThis || typeof window === \"object\" && window;\n  __globalThis.__name = __name;\n}\n            webdriverioPolyfill();\n            return (function isElementClickable(elem) {\n  if (!elem.getBoundingClientRect || !elem.scrollIntoView || !elem.contains || !elem.getClientRects || !document.elementFromPoint) {\n    return false;\n  }\n  const isOldEdge = !!window.StyleMedia;\n  const scrollIntoViewFullSupport = !(window.safari || isOldEdge);\n  function getOverlappingElement(elem2, context) {\n    context = context || document;\n    const elemDimension = elem2.getBoundingClientRect();\n    const x = elemDimension.left + elem2.clientWidth / 2;\n    const y = elemDimension.top + elem2.clientHeight / 2;\n    return context.elementFromPoint(x, y);\n  }\n  function getOverlappingRects(elem2, context) {\n    context = context || document;\n    const rects = elem2.getClientRects();\n    const rect = rects[0];\n    const x = rect.left + rect.width / 2;\n    const y = rect.top + rect.height / 2;\n    return [context.elementFromPoint(x, y)];\n  }\n  function getOverlappingElements(elem2, context) {\n    return [getOverlappingElement(elem2, context)].concat(getOverlappingRects(elem2, context));\n  }\n  function nodeContains(elem2, otherNode) {\n    if (isOldEdge) {\n      let tmpElement = otherNode;\n      while (tmpElement) {\n        if (tmpElement === elem2) {\n          return true;\n        }\n        tmpElement = tmpElement.parentNode;\n        if (tmpElement && tmpElement.nodeType === 11 && tmpElement.host) {\n          tmpElement = tmpElement.host;\n        }\n      }\n      return false;\n    }\n    return elem2.contains(otherNode);\n  }\n  function isOverlappingElementMatch(elementsFromPoint, elem2) {\n    if (elementsFromPoint.some(function(elementFromPoint) {\n      return elementFromPoint === elem2 || nodeContains(elem2, elementFromPoint);\n    })) {\n      return true;\n    }\n    let elemsWithShadowRoot = [].concat(elementsFromPoint);\n    elemsWithShadowRoot = elemsWithShadowRoot.filter(function(x) {\n      return x && x.shadowRoot && x.shadowRoot.elementFromPoint;\n    });\n    let shadowElementsFromPoint = [];\n    for (let i = 0; i < elemsWithShadowRoot.length; ++i) {\n      const shadowElement = elemsWithShadowRoot[i];\n      shadowElementsFromPoint = shadowElementsFromPoint.concat(\n        getOverlappingElements(elem2, shadowElement.shadowRoot)\n      );\n    }\n    shadowElementsFromPoint = [].concat(shadowElementsFromPoint);\n    shadowElementsFromPoint = shadowElementsFromPoint.filter(function(x) {\n      return !elementsFromPoint.includes(x);\n    });\n    if (shadowElementsFromPoint.length === 0) {\n      return false;\n    }\n    return isOverlappingElementMatch(shadowElementsFromPoint, elem2);\n  }\n  function isElementInViewport(elem2) {\n    if (!elem2.getBoundingClientRect) {\n      return false;\n    }\n    const rect = elem2.getBoundingClientRect();\n    const windowHeight = window.innerHeight || document.documentElement.clientHeight;\n    const windowWidth = window.innerWidth || document.documentElement.clientWidth;\n    const vertInView = rect.top < windowHeight && rect.top + rect.height > 0;\n    const horInView = rect.left < windowWidth && rect.left + rect.width > 0;\n    return vertInView && horInView;\n  }\n  function isEnabled(elem2) {\n    return elem2.disabled !== true;\n  }\n  function hasOverlaps(elem2) {\n    return !isOverlappingElementMatch(getOverlappingElements(elem2), elem2);\n  }\n  function isFullyDisplayedInViewport(elem2) {\n    return isElementInViewport(elem2) && !hasOverlaps(elem2);\n  }\n  function getViewportScrollPositions() {\n    return {\n      x: window.scrollX !== null && window.scrollX !== void 0 ? window.scrollX : window.pageXOffset,\n      y: window.scrollY !== null && window.scrollY !== void 0 ? window.scrollY : window.pageYOffset\n    };\n  }\n  let _isFullyDisplayedInViewport = isFullyDisplayedInViewport(elem);\n  if (!_isFullyDisplayedInViewport) {\n    const { x: originalX, y: originalY } = getViewportScrollPositions();\n    elem.scrollIntoView(scrollIntoViewFullSupport ? { block: \"center\", inline: \"center\" } : false);\n    _isFullyDisplayedInViewport = isFullyDisplayedInViewport(elem);\n    const { x: currentX, y: currentY } = getViewportScrollPositions();\n    if (currentX !== originalX || currentY !== originalY) {\n      window.scroll(originalX, originalY);\n    }\n  }\n  return _isFullyDisplayedInViewport && isEnabled(elem);\n}).apply(null, arguments)\n        ","args":[{"element-6066-11e4-a52e-4f735466cecf":"f.851AA1EA8923BE829544670956E8EE51.d.D087279AD0554F31DA09936CA3F35FC4.e.110","ELEMENT":"f.851AA1EA8923BE829544670956E8EE51.d.D087279AD0554F31DA09936CA3F35FC4.e.110"}]}
[0-3] 2026-02-01T11:25:21.932Z INFO webdriver: COMMAND takeScreenshot()
[0-3] 2026-02-01T11:25:21.932Z INFO webdriver: [GET] http://localhost:4444/session/fef445b943e70d7af9194aa0ec1339b3/screenshot
[0-3] 2026-02-01T11:25:22.077Z INFO webdriver: RESULT iVBORw0KGgoAAAANSUhEUgAACWAAAAWmCAIAAACDPgzkAAAQAElEQVR4nOzdC...
[0-3] 2026-02-01T11:25:22.081Z INFO webdriver: RESULT true
[0-3] 2026-02-01T11:25:22.081Z INFO webdriver: COMMAND elementClick("f.851AA1EA8923BE829544670956E8EE51.d.D087279AD0554F31DA09936CA3F35FC4.e.110")
[0-3] 2026-02-01T11:25:22.082Z INFO webdriver: [POST] http://localhost:4444/session/fef445b943e70d7af9194aa0ec1339b3/element/f.851AA1EA8923BE829544670956E8EE51.d.D087279AD0554F31DA09936CA3F35FC4.e.110/click
[0-3] 2026-02-01T11:25:22.082Z INFO webdriver: DATA {}
[0-3] 2026-02-01T11:25:22.082Z INFO webdriver: COMMAND takeScreenshot()
[0-3] 2026-02-01T11:25:22.082Z INFO webdriver: [GET] http://localhost:4444/session/fef445b943e70d7af9194aa0ec1339b3/screenshot
[0-3] 2026-02-01T11:25:22.205Z INFO webdriver: RESULT iVBORw0KGgoAAAANSUhEUgAACWAAAAWmCAIAAACDPgzkAAAQAElEQVR4nOzdC...
[0-3] 2026-02-01T11:25:22.272Z INFO webdriver: RESULT null
[0-3] 2026-02-01T11:25:22.272Z INFO webdriver: COMMAND takeScreenshot()
[0-3] 2026-02-01T11:25:22.272Z INFO webdriver: [GET] http://localhost:4444/session/fef445b943e70d7af9194aa0ec1339b3/screenshot
[0-3] 2026-02-01T11:25:22.428Z INFO webdriver: RESULT iVBORw0KGgoAAAANSUhEUgAACWAAAAWmCAIAAACDPgzkAAAQAElEQVR4nOzdC...
[0-3] 2026-02-01T11:25:22.574Z INFO webdriver: RESULT iVBORw0KGgoAAAANSUhEUgAACWAAAAWmCAIAAACDPgzkAAAQAElEQVR4nOzdC...
[0-3] 2026-02-01T11:25:25.281Z INFO webdriver: COMMAND findElement("css selector", "[data-testid="nav-my-servers"]")
[0-3] 2026-02-01T11:25:25.281Z INFO webdriver: [POST] http://localhost:4444/session/fef445b943e70d7af9194aa0ec1339b3/element
[0-3] 2026-02-01T11:25:25.281Z INFO webdriver: DATA {"using":"css selector","value":"[data-testid=\"nav-my-servers\"]"}
[0-3] 2026-02-01T11:25:25.294Z INFO webdriver: RESULT {
[0-3]   'element-6066-11e4-a52e-4f735466cecf': 'f.851AA1EA8923BE829544670956E8EE51.d.D087279AD0554F31DA09936CA3F35FC4.e.143'
[0-3] }
[0-3] 2026-02-01T11:25:25.296Z INFO webdriver: COMMAND elementClick("f.851AA1EA8923BE829544670956E8EE51.d.D087279AD0554F31DA09936CA3F35FC4.e.143")
[0-3] 2026-02-01T11:25:25.296Z INFO webdriver: [POST] http://localhost:4444/session/fef445b943e70d7af9194aa0ec1339b3/element/f.851AA1EA8923BE829544670956E8EE51.d.D087279AD0554F31DA09936CA3F35FC4.e.143/click
[0-3] 2026-02-01T11:25:25.296Z INFO webdriver: DATA {}
[0-3] 2026-02-01T11:25:25.358Z INFO webdriver: RESULT null
[0-3] 2026-02-01T11:25:25.359Z INFO webdriver: COMMAND takeScreenshot()
[0-3] 2026-02-01T11:25:25.359Z INFO webdriver: [GET] http://localhost:4444/session/fef445b943e70d7af9194aa0ec1339b3/screenshot
[0-3] 2026-02-01T11:25:25.496Z INFO webdriver: RESULT iVBORw0KGgoAAAANSUhEUgAACWAAAAWmCAIAAACDPgzkAAAQAElEQVR4nOzdC...
[0-3] 2026-02-01T11:25:27.364Z INFO webdriver: COMMAND findElement("css selector", "[data-testid="enable-server-echo-server"]")
[0-3] 2026-02-01T11:25:27.364Z INFO webdriver: [POST] http://localhost:4444/session/fef445b943e70d7af9194aa0ec1339b3/element
[0-3] 2026-02-01T11:25:27.364Z INFO webdriver: DATA {"using":"css selector","value":"[data-testid=\"enable-server-echo-server\"]"}
[0-3] 2026-02-01T11:25:27.383Z INFO webdriver: RESULT {
[0-3]   'element-6066-11e4-a52e-4f735466cecf': 'f.851AA1EA8923BE829544670956E8EE51.d.D087279AD0554F31DA09936CA3F35FC4.e.160'
[0-3] }
[0-3] 2026-02-01T11:25:27.388Z INFO webdriver: COMMAND executeScript(<fn>, <object>)
[0-3] 2026-02-01T11:25:27.388Z INFO webdriver: [POST] http://localhost:4444/session/fef445b943e70d7af9194aa0ec1339b3/execute/sync
[0-3] 2026-02-01T11:25:27.388Z INFO webdriver: DATA {"script":"\n            function webdriverioPolyfill() {\n  var __defProp = Object.defineProperty;\n  var __name = function(target, _value) {\n    return __defProp(target, \"name\", { value: _value, configurable: true });\n  };\n  var __globalThis = typeof globalThis === \"object\" && globalThis || typeof window === \"object\" && window;\n  __globalThis.__name = __name;\n}\n            webdriverioPolyfill();\n            return (function(elem) {\n      try {\n        const style = window.getComputedStyle(elem);\n        return { value: style?.display ?? \"\" };\n      } catch {\n        if (typeof elem.isConnected === \"boolean\" && !elem.isConnected) {\n          throw new Error(\"stale element reference: element is not attached to the page document\");\n        }\n        return { value: \"\" };\n      }\n    }).apply(null, arguments)\n        ","args":[{"element-6066-11e4-a52e-4f735466cecf":"f.851AA1EA8923BE829544670956E8EE51.d.D087279AD0554F31DA09936CA3F35FC4.e.160","ELEMENT":"f.851AA1EA8923BE829544670956E8EE51.d.D087279AD0554F31DA09936CA3F35FC4.e.160"}]}
[0-3] 2026-02-01T11:25:27.389Z INFO webdriver: COMMAND executeScript(<fn>, <object>)
[0-3] 2026-02-01T11:25:27.389Z INFO webdriver: [POST] http://localhost:4444/session/fef445b943e70d7af9194aa0ec1339b3/execute/sync
[0-3] 2026-02-01T11:25:27.389Z INFO webdriver: DATA {"script":"\n            function webdriverioPolyfill() {\n  var __defProp = Object.defineProperty;\n  var __name = function(target, _value) {\n    return __defProp(target, \"name\", { value: _value, configurable: true });\n  };\n  var __globalThis = typeof globalThis === \"object\" && globalThis || typeof window === \"object\" && window;\n  __globalThis.__name = __name;\n}\n            webdriverioPolyfill();\n            return (function checkVisibility(elem, params) {\n      if (typeof elem.checkVisibility === \"function\") {\n        return elem.checkVisibility(params);\n      }\n      return null;\n    }).apply(null, arguments)\n        ","args":[{"element-6066-11e4-a52e-4f735466cecf":"f.851AA1EA8923BE829544670956E8EE51.d.D087279AD0554F31DA09936CA3F35FC4.e.160","ELEMENT":"f.851AA1EA8923BE829544670956E8EE51.d.D087279AD0554F31DA09936CA3F35FC4.e.160"},{"withinViewport":false,"contentVisibilityAuto":true,"opacityProperty":true,"visibilityProperty":true}]}
[0-3] 2026-02-01T11:25:27.399Z INFO webdriver: RESULT { value: 'block' }
[0-3] 2026-02-01T11:25:27.400Z INFO webdriver: COMMAND takeScreenshot()
[0-3] 2026-02-01T11:25:27.400Z INFO webdriver: [GET] http://localhost:4444/session/fef445b943e70d7af9194aa0ec1339b3/screenshot
[0-3] 2026-02-01T11:25:27.407Z INFO webdriver: RESULT true
[0-3] 2026-02-01T11:25:27.407Z INFO webdriver: COMMAND elementClick("f.851AA1EA8923BE829544670956E8EE51.d.D087279AD0554F31DA09936CA3F35FC4.e.160")
[0-3] 2026-02-01T11:25:27.407Z INFO webdriver: [POST] http://localhost:4444/session/fef445b943e70d7af9194aa0ec1339b3/element/f.851AA1EA8923BE829544670956E8EE51.d.D087279AD0554F31DA09936CA3F35FC4.e.160/click
[0-3] 2026-02-01T11:25:27.407Z INFO webdriver: DATA {}
[0-3] 2026-02-01T11:25:27.409Z INFO webdriver: COMMAND takeScreenshot()
[0-3] 2026-02-01T11:25:27.409Z INFO webdriver: [GET] http://localhost:4444/session/fef445b943e70d7af9194aa0ec1339b3/screenshot
[0-3] 2026-02-01T11:25:27.590Z INFO webdriver: RESULT iVBORw0KGgoAAAANSUhEUgAACWAAAAWmCAIAAACDPgzkAAAQAElEQVR4nOzdC...
[0-3] 2026-02-01T11:25:27.712Z INFO webdriver: RESULT null
[0-3] 2026-02-01T11:25:27.713Z INFO webdriver: COMMAND takeScreenshot()
[0-3] 2026-02-01T11:25:27.714Z INFO webdriver: [GET] http://localhost:4444/session/fef445b943e70d7af9194aa0ec1339b3/screenshot
[0-3] 2026-02-01T11:25:27.916Z INFO webdriver: RESULT iVBORw0KGgoAAAANSUhEUgAACWAAAAWmCAIAAACDPgzkAAAQAElEQVR4nOzdC...
[0-3] 2026-02-01T11:25:28.067Z INFO webdriver: RESULT iVBORw0KGgoAAAANSUhEUgAACWAAAAWmCAIAAACDPgzkAAAQAElEQVR4nOzdC...
[0-3] 2026-02-01T11:25:32.718Z INFO webdriver: COMMAND takeScreenshot()
[0-3] 2026-02-01T11:25:32.719Z INFO webdriver: [GET] http://localhost:4444/session/fef445b943e70d7af9194aa0ec1339b3/screenshot
[0-3] 2026-02-01T11:25:32.889Z INFO webdriver: RESULT iVBORw0KGgoAAAANSUhEUgAACWAAAAWmCAIAAACDPgzkAAAQAElEQVR4nOzdC...
[0-3] 2026-02-01T11:25:32.893Z INFO webdriver: COMMAND getPageSource()
[0-3] 2026-02-01T11:25:32.893Z INFO webdriver: [GET] http://localhost:4444/session/fef445b943e70d7af9194aa0ec1339b3/source
[0-3] 2026-02-01T11:25:32.902Z INFO webdriver: RESULT <html lang="en"><head>
[0-3]     <meta charset="UTF-8">
[0-3]     <link rel="icon" type="image/svg+xml" href="/mcpmux.svg">
[0-3]     <meta name="viewport" content="width=device-width, initial-scale=1.0">
[0-3]     <title>McpMux</title>
[0-3]     <script type="module" crossorigin="" src="/assets/index-CiZJOwjC.js"></script>
[0-3]     <link rel="stylesheet" crossorigin="" href="/assets/index-Df7hU3Vb.css">
[0-3]   </head>
[0-3] 
[0-3]   <body>
[0-3]     <div id="root"><div class="flex h-screen flex-col overflow-hidden bg-[rgb(var(--background))]"><div class="drag-region h-8 flex-shrink-0 bg-[rgb(var(--surface))] border-b border-[rgb(var(--border-subtle))]"></div><div class="flex flex-1 overflow-hidden"><aside class="w-60 flex-shrink-0 border-r border-[rgb(var(--border-subtle))]"><nav class="flex h-full flex-col bg-[rgb(var(--surface))]"><div class="flex-shrink-0 p-4 border-b border-[rgb(var(--border-subtle))]"><div class="space-y-3"><div class="flex items-center justify-between"><div class="flex items-center gap-2"><svg xmlns="http://www.w3.org/2000/svg" width="24" height="24" viewBox="0 0 24 24" fill="none" stroke="currentColor" stroke-width="2" stroke-linecap="round" stroke-linejoin="round" class="lucide lucide-zap h-6 w-6 text-primary-500" aria-hidden="true"><path d="M4 14a1 1 0 0 1-.78-1.63l9.9-10.2a.5.5 0 0 1 .86.46l-1.92 6.02A1 1 0 0 0 13 10h7a1 1 0 0 1 .78 1.63l-9.9 10.2a.5.5 0 0 1-.86-.46l1.92-6.02A1 1 0 0 0 11 14z"></path></svg><span class="font-bold text-lg">McpMux</span></div><button class="p-1.5 rounded-lg hover:bg-surface-hover transition-colors" title="Dark mode"><svg xmlns="http://www.w3.org/2000/svg" width="24" height="24" viewBox="0 0 24 24" fill="none" stroke="currentColor" stroke-width="2" stroke-linecap="round" stroke-linejoin="round" class="lucide lucide-moon h-4 w-4" aria-hidden="true"><path d="M20.985 12.486a9 9 0 1 1-9.473-9.472c.405-.022.617.46.402.803a6 6 0 0 0 8.268 8.268c.344-.215.825-.004.803.401"></path></svg></button></div><div class="relative w-full"><button class="w-full flex items-center justify-between gap-2 px-3 py-2.5 rounded-xl border border-[rgb(var(--border))] bg-[rgb(var(--surface))] hover:bg-[rgb(var(--surface-hover))] hover:border-[rgb(var(--primary))/30] transition-all duration-150 group"><span class="flex items-center gap-3 min-w-0"><span class="text-xl">≡ƒÅá</span><span class="font-medium text-sm truncate">Personal</span></span><svg xmlns="http://www.w3.org/2000/svg" width="24" height="24" viewBox="0 0 24 24" fill="none" stroke="currentColor" stroke-width="2" stroke-linecap="round" stroke-linejoin="round" class="lucide lucide-chevron-down h-4 w-4 flex-shrink-0 text-[rgb(var(--muted))] group-hover:text-[rgb(var(--foreground))] transition-all duration-200" aria-hidden="true"><path d="m6 9 6 6 6-6"></path></svg></button></div></div></div><div class="flex-1 overflow-y-auto p-3"><div class="mb-6"><div class="space-y-0.5"><button data-testid="nav-dashboard" class="flex w-full items-center gap-3 rounded-lg px-3 py-2.5 text-sm font-medium transition-all duration-150 text-[rgb(var(--muted))] hover:text-[rgb(var(--foreground))] hover:bg-[rgb(var(--surface-hover))]"><span class="h-5 w-5 flex items-center justify-center transition-colors"><svg xmlns="http://www.w3.org/2000/svg" width="24" height="24" viewBox="0 0 24 24" fill="none" stroke="currentColor" stroke-width="2" stroke-linecap="round" stroke-linejoin="round" class="lucide lucide-house h-4 w-4" aria-hidden="true"><path d="M15 21v-8a1 1 0 0 0-1-1h-4a1 1 0 0 0-1 1v8"></path><path d="M3 10a2 2 0 0 1 .709-1.528l7-6a2 2 0 0 1 2.582 0l7 6A2 2 0 0 1 21 10v9a2 2 0 0 1-2 2H5a2 2 0 0 1-2-2z"></path></svg></span><span>Dashboard</span></button><button data-testid="nav-my-servers" class="flex w-full items-center gap-3 rounded-lg px-3 py-2.5 text-sm font-medium transition-all duration-150 hover:text-[rgb(var(--foreground))] bg-[rgb(var(--primary))/10] text-[rgb(var(--primary))] hover:bg-[rgb(var(--primary))/15]"><span class="h-5 w-5 flex items-center justify-center transition-colors text-[rgb(var(--primary))]"><svg xmlns="http://www.w3.org/2000/svg" width="24" height="24" viewBox="0 0 24 24" fill="none" stroke="currentColor" stroke-width="2" stroke-linecap="round" stroke-linejoin="round" class="lucide lucide-zap h-4 w-4" aria-hidden="true"><path d="M4 14a1 1 0 0 1-.78-1.63l9.9-10.2a.5.5 0 0 1 .86.46l-1.92 6.02A1 1 0 0 0 13 10h7a1 1 0 0 1 .78 1.63l-9.9 10.2a.5.5 0 0 1-.86-.46l1.92-6.02A1 1 0 0 0 11 14z"></path></svg></span><span>My Servers</span></button><button data-testid="nav-discover" class="flex w-full items-center gap-3 rounded-lg px-3 py-2.5 text-sm font-medium transition-all duration-150 text-[rgb(var(--muted))] hover:text-[rgb(var(--foreground))] hover:bg-[rgb(var(--surface-hover))]"><span class="h-5 w-5 flex items-center justify-center transition-colors"><svg xmlns="http://www.w3.org/2000/svg" width="24" height="24" viewBox="0 0 24 24" fill="none" stroke="currentColor" stroke-width="2" stroke-linecap="round" stroke-linejoin="round" class="lucide lucide-server h-4 w-4" aria-hidden="true"><rect width="20" height="8" x="2" y="2" rx="2" ry="2"></rect><rect width="20" height="8" x="2" y="14" rx="2" ry="2"></rect><line x1="6" x2="6.01" y1="6" y2="6"></line><line x1="6" x2="6.01" y1="18" y2="18"></line></svg></span><span>Discover</span></button></div></div><div class="mb-6"><h3 class="mb-2 px-3 text-[11px] font-semibold uppercase tracking-wider text-[rgb(var(--muted-foreground))]">Workspaces</h3><div class="space-y-0.5"><button data-testid="nav-spaces" class="flex w-full items-center gap-3 rounded-lg px-3 py-2.5 text-sm font-medium transition-all duration-150 text-[rgb(var(--muted))] hover:text-[rgb(var(--foreground))] hover:bg-[rgb(var(--surface-hover))]"><span class="h-5 w-5 flex items-center justify-center transition-colors"><svg xmlns="http://www.w3.org/2000/svg" width="24" height="24" viewBox="0 0 24 24" fill="none" stroke="currentColor" stroke-width="2" stroke-linecap="round" stroke-linejoin="round" class="lucide lucide-globe h-4 w-4" aria-hidden="true"><circle cx="12" cy="12" r="10"></circle><path d="M12 2a14.5 14.5 0 0 0 0 20 14.5 14.5 0 0 0 0-20"></path><path d="M2 12h20"></path></svg></span><span>Spaces</span></button><button data-testid="nav-featuresets" class="flex w-full items-center gap-3 rounded-lg px-3 py-2.5 text-sm font-medium transition-all duration-150 text-[rgb(var(--muted))] hover:text-[rgb(var(--foreground))] hover:bg-[rgb(var(--surface-hover))]"><span class="h-5 w-5 flex items-center justify-center transition-colors"><svg xmlns="http://www.w3.org/2000/svg" width="24" height="24" viewBox="0 0 24 24" fill="none" stroke="currentColor" stroke-width="2" stroke-linecap="round" stroke-linejoin="round" class="lucide lucide-wrench h-4 w-4" aria-hidden="true"><path d="M14.7 6.3a1 1 0 0 0 0 1.4l1.6 1.6a1 1 0 0 0 1.4 0l3.106-3.105c.32-.322.863-.22.983.218a6 6 0 0 1-8.259 7.057l-7.91 7.91a1 1 0 0 1-2.999-3l7.91-7.91a6 6 0 0 1 7.057-8.259c.438.12.54.662.219.984z"></path></svg></span><span>FeatureSets</span></button></div></div><div class="mb-6"><h3 class="mb-2 px-3 text-[11px] font-semibold uppercase tracking-wider text-[rgb(var(--muted-foreground))]">Connections</h3><div class="space-y-0.5"><button data-testid="nav-clients" class="flex w-full items-center gap-3 rounded-lg px-3 py-2.5 text-sm font-medium transition-all duration-150 text-[rgb(var(--muted))] hover:text-[rgb(var(--foreground))] hover:bg-[rgb(var(--surface-hover))]"><span class="h-5 w-5 flex items-center justify-center transition-colors"><svg xmlns="http://www.w3.org/2000/svg" width="24" height="24" viewBox="0 0 24 24" fill="none" stroke="currentColor" stroke-width="2" stroke-linecap="round" stroke-linejoin="round" class="lucide lucide-monitor h-4 w-4" aria-hidden="true"><rect width="20" height="14" x="2" y="3" rx="2"></rect><line x1="8" x2="16" y1="21" y2="21"></line><line x1="12" x2="12" y1="17" y2="21"></line></svg></span><span>Clients</span></button></div></div><div class="mb-6"><div class="space-y-0.5"><button data-testid="nav-settings" class="flex w-full items-center gap-3 rounded-lg px-3 py-2.5 text-sm font-medium transition-all duration-150 text-[rgb(var(--muted))] hover:text-[rgb(var(--foreground))] hover:bg-[rgb(var(--surface-hover))]"><span class="h-5 w-5 flex items-center justify-center transition-colors"><svg xmlns="http://www.w3.org/2000/svg" width="24" height="24" viewBox="0 0 24 24" fill="none" stroke="currentColor" stroke-width="2" stroke-linecap="round" stroke-linejoin="round" class="lucide lucide-settings h-4 w-4" aria-hidden="true"><path d="M9.671 4.136a2.34 2.34 0 0 1 4.659 0 2.34 2.34 0 0 0 3.319 1.915 2.34 2.34 0 0 1 2.33 4.033 2.34 2.34 0 0 0 0 3.831 2.34 2.34 0 0 1-2.33 4.033 2.34 2.34 0 0 0-3.319 1.915 2.34 2.34 0 0 1-4.659 0 2.34 2.34 0 0 0-3.32-1.915 2.34 2.34 0 0 1-2.33-4.033 2.34 2.34 0 0 0 0-3.831A2.34 2.34 0 0 1 6.35 6.051a2.34 2.34 0 0 0 3.319-1.915"></path><circle cx="12" cy="12" r="3"></circle></svg></span><span>Settings</span></button></div></div></div><div class="flex-shrink-0 p-4 border-t border-[rgb(var(--border-subtle))]"><div class="text-xs text-[rgb(var(--muted))]"><div>McpMux v0.1.0</div><div>Gateway: localhost:9315</div></div></div></nav></aside><main class="flex-1 overflow-auto p-6 bg-[rgb(var(--background))]"><div class="animate-fade-in"><div class="space-y-6" data-testid="servers-page"><div class="flex items-center justify-between"><div><h1 class="text-2xl font-bold" data-testid="servers-title">My Servers</h1><p class="text-sm text-[rgb(var(--muted))]">Manage your installed MCP servers</p></div><button class="flex items-center gap-2 px-4 py-2 text-sm border border-[rgb(var(--border))] rounded-lg hover:bg-[rgb(var(--surface-hover))] transition-colors"><svg xmlns="http://www.w3.org/2000/svg" width="24" height="24" viewBox="0 0 24 24" fill="none" stroke="currentColor" stroke-width="2" stroke-linecap="round" stroke-linejoin="round" class="lucide lucide-file-braces h-4 w-4" aria-hidden="true"><path d="M6 22a2 2 0 0 1-2-2V4a2 2 0 0 1 2-2h8a2.4 2.4 0 0 1 1.704.706l3.588 3.588A2.4 2.4 0 0 1 20 8v12a2 2 0 0 1-2 2z"></path><path d="M14 2v5a1 1 0 0 0 1 1h5"></path><path d="M10 12a1 1 0 0 0-1 1v1a1 1 0 0 1-1 1 1 1 0 0 1 1 1v1a1 1 0 0 0 1 1"></path><path d="M14 18a1 1 0 0 0 1-1v-1a1 1 0 0 1 1-1 1 1 0 0 1-1-1v-1a1 1 0 0 0-1-1"></path></svg>Add Server Manually</button></div><div class="p-4 rounded-xl border bg-[rgb(var(--success))]/10 border-[rgb(var(--success))]/30"><div class="flex items-center justify-between"><div class="flex items-center gap-3"><span class="h-3 w-3 rounded-full bg-[rgb(var(--success))] animate-pulse"></span><span class="font-medium">Gateway Running</span><code class="text-xs bg-[rgb(var(--surface-elevated))] px-2 py-1 rounded text-[rgb(var(--primary))]">http://localhost:45818</code></div></div></div><div class="space-y-3"><div class="bg-[rgb(var(--card))] border border-[rgb(var(--border-subtle))] rounded-xl shadow-sm transition-all false" data-testid="installed-server-echo-server"><div class="p-4"><div class="flex items-center justify-between"><div class="flex items-center gap-4"><button class="p-1 rounded hover:bg-[rgb(var(--surface-hover))] transition-colors"><svg xmlns="http://www.w3.org/2000/svg" width="24" height="24" viewBox="0 0 24 24" fill="none" stroke="currentColor" stroke-width="2" stroke-linecap="round" stroke-linejoin="round" class="lucide lucide-chevron-down h-5 w-5 text-[rgb(var(--muted))]" aria-hidden="true"><path d="m6 9 6 6 6-6"></path></svg></button><div class="text-3xl">≡ƒöè</div><div><div class="font-medium">Echo Server</div><div class="text-sm text-[rgb(var(--muted))] max-w-md truncate">Simple echo server for testing - returns what you send</div><div class="flex items-center gap-2 mt-2 flex-wrap"><span class="inline-flex items-center gap-1.5 px-2 py-0.5 rounded-md text-xs font-medium bg-[rgb(var(--success))]/15 text-[rgb(var(--success))]"><span class="h-1.5 w-1.5 rounded-full bg-[rgb(var(--success))]"></span>Connected</span><span class="inline-flex items-center gap-1 px-2 py-0.5 rounded-md text-xs bg-purple-500/15 text-purple-600 dark:text-purple-400"><svg xmlns="http://www.w3.org/2000/svg" width="24" height="24" viewBox="0 0 24 24" fill="none" stroke="currentColor" stroke-width="2" stroke-linecap="round" stroke-linejoin="round" class="lucide lucide-wrench h-3 w-3" aria-hidden="true"><path d="M14.7 6.3a1 1 0 0 0 0 1.4l1.6 1.6a1 1 0 0 0 1.4 0l3.106-3.105c.32-.322.863-.22.983.218a6 6 0 0 1-8.259 7.057l-7.91 7.91a1 1 0 0 1-2.999-3l7.91-7.91a6 6 0 0 1 7.057-8.259c.438.12.54.662.219.984z"></path></svg>6 tools</span><span class="inline-flex items-center gap-1 px-2 py-0.5 rounded-md text-xs bg-blue-500/15 text-blue-600 dark:text-blue-400"><svg xmlns="http://www.w3.org/2000/svg" width="24" height="24" viewBox="0 0 24 24" fill="none" stroke="currentColor" stroke-width="2" stroke-linecap="round" stroke-linejoin="round" class="lucide lucide-message-square h-3 w-3" aria-hidden="true"><path d="M22 17a2 2 0 0 1-2 2H6.828a2 2 0 0 0-1.414.586l-2.202 2.202A.71.71 0 0 1 2 21.286V5a2 2 0 0 1 2-2h16a2 2 0 0 1 2 2z"></path></svg>2 prompts</span><span class="text-xs text-[rgb(var(--muted))]">stdio</span><span class="inline-flex items-center px-2 py-0.5 rounded text-xs font-medium bg-blue-100 text-blue-800 dark:bg-blue-900 dark:text-blue-200 " title="Installed from registry">Registry</span></div></div></div><div class="flex items-center gap-2"><button class="px-4 py-2 text-sm rounded-lg border border-[rgb(var(--border))] text-[rgb(var(--muted))] hover:bg-[rgb(var(--surface-hover))] transition-colors disabled:opacity-50" data-testid="disable-server-echo-server">Disable</button><div class="relative"><button class="p-2 text-sm rounded-lg border border-[rgb(var(--border))] text-[rgb(var(--muted))] hover:bg-[rgb(var(--surface-hover))] transition-colors disabled:opacity-50" title="More actions" aria-label="More actions" aria-expanded="false" aria-haspopup="menu"><svg xmlns="http://www.w3.org/2000/svg" width="24" height="24" viewBox="0 0 24 24" fill="none" stroke="currentColor" stroke-width="2" stroke-linecap="round" stroke-linejoin="round" class="lucide lucide-ellipsis-vertical h-4 w-4" aria-hidden="true"><circle cx="12" cy="12" r="1"></circle><circle cx="12" cy="5" r="1"></circle><circle cx="12" cy="19" r="1"></circle></svg></button></div></div></div></div><div class="border-t border-[rgb(var(--border-subtle))] bg-[rgb(var(--surface-dim))]"><div class="p-4 space-y-4"><div><h4 class="text-sm font-medium flex items-center gap-2 mb-2"><svg xmlns="http://www.w3.org/2000/svg" width="24" height="24" viewBox="0 0 24 24" fill="none" stroke="currentColor" stroke-width="2" stroke-linecap="round" stroke-linejoin="round" class="lucide lucide-wrench h-4 w-4 text-purple-500" aria-hidden="true"><path d="M14.7 6.3a1 1 0 0 0 0 1.4l1.6 1.6a1 1 0 0 0 1.4 0l3.106-3.105c.32-.322.863-.22.983.218a6 6 0 0 1-8.259 7.057l-7.91 7.91a1 1 0 0 1-2.999-3l7.91-7.91a6 6 0 0 1 7.057-8.259c.438.12.54.662.219.984z"></path></svg>Tools (6)</h4><div class="grid grid-cols-1 md:grid-cols-2 lg:grid-cols-3 gap-2"><div class="p-3 bg-[rgb(var(--card))] rounded-lg border border-[rgb(var(--border-subtle))]"><div class="font-medium text-sm">add</div><p class="text-xs text-[rgb(var(--muted))] mt-1 line-clamp-2">Add two numbers together</p></div><div class="p-3 bg-[rgb(var(--card))] rounded-lg border border-[rgb(var(--border-subtle))]"><div class="font-medium text-sm">echo</div><p class="text-xs text-[rgb(var(--muted))] mt-1 line-clamp-2">Echo back the input message</p></div><div class="p-3 bg-[rgb(var(--card))] rounded-lg border border-[rgb(var(--border-subtle))]"><div class="font-medium text-sm">error</div><p class="text-xs text-[rgb(var(--muted))] mt-1 line-clamp-2">Intentionally throw an error</p></div><div class="p-3 bg-[rgb(var(--card))] rounded-lg border border-[rgb(var(--border-subtle))]"><div class="font-medium text-sm">get_env</div><p class="text-xs text-[rgb(var(--muted))] mt-1 line-clamp-2">Get environment variable value</p></div><div class="p-3 bg-[rgb(var(--card))] rounded-lg border border-[rgb(var(--border-subtle))]"><div class="font-medium text-sm">get_time</div><p class="text-xs text-[rgb(var(--muted))] mt-1 line-clamp-2">Get the current server time</p></div><div class="p-3 bg-[rgb(var(--card))] rounded-lg border border-[rgb(var(--border-subtle))]"><div class="font-medium text-sm">slow_task</div><p class="text-xs text-[rgb(var(--muted))] mt-1 line-clamp-2">Simulate a slow operation</p></div></div></div><div><h4 class="text-sm font-medium flex items-center gap-2 mb-2"><svg xmlns="http://www.w3.org/2000/svg" width="24" height="24" viewBox="0 0 24 24" fill="none" stroke="currentColor" stroke-width="2" stroke-linecap="round" stroke-linejoin="round" class="lucide lucide-message-square h-4 w-4 text-blue-500" aria-hidden="true"><path d="M22 17a2 2 0 0 1-2 2H6.828a2 2 0 0 0-1.414.586l-2.202 2.202A.71.71 0 0 1 2 21.286V5a2 2 0 0 1 2-2h16a2 2 0 0 1 2 2z"></path></svg>Prompts (2)</h4><div class="grid grid-cols-1 md:grid-cols-2 lg:grid-cols-3 gap-2"><div class="p-3 bg-[rgb(var(--card))] rounded-lg border border-[rgb(var(--border-subtle))]"><div class="font-medium text-sm">code_review</div><p class="text-xs text-[rgb(var(--muted))] mt-1 line-clamp-2">Review code and suggest improvements</p></div><div class="p-3 bg-[rgb(var(--card))] rounded-lg border border-[rgb(var(--border-subtle))]"><div class="font-medium text-sm">greeting</div><p class="text-xs text-[rgb(var(--muted))] mt-1 line-clamp-2">Generate a greeting message</p></div></div></div></div></div></div><div class="bg-[rgb(var(--card))] border border-[rgb(var(--border-subtle))] rounded-xl shadow-sm transition-all opacity-60" data-testid="installed-server-directory-server"><div class="p-4"><div class="flex items-center justify-between"><div class="flex items-center gap-4"><div class="text-3xl">≡ƒôé</div><div><div class="font-medium">Directory Server</div><div class="text-sm text-[rgb(var(--muted))] max-w-md truncate">Server with directory path input for testing path inputs</div><div class="flex items-center gap-2 mt-2 flex-wrap"><span class="inline-flex items-center gap-1.5 px-2 py-0.5 rounded-md text-xs font-medium bg-[rgb(var(--muted))]/10 text-[rgb(var(--muted))]"><span class="h-1.5 w-1.5 rounded-full bg-[rgb(var(--muted))]"></span>Disabled</span><span class="text-xs text-[rgb(var(--muted))]">stdio</span><span class="inline-flex items-center px-2 py-0.5 rounded text-xs font-medium bg-blue-100 text-blue-800 dark:bg-blue-900 dark:text-blue-200 " title="Installed from registry">Registry</span></div></div></div><div class="flex items-center gap-2"><button class="px-4 py-2 text-sm rounded-lg bg-[rgb(var(--primary))] text-[rgb(var(--primary-foreground))] hover:bg-[rgb(var(--primary-hover))] transition-colors disabled:opacity-50" data-testid="enable-server-directory-server">Enable</button><div class="relative"><button class="p-2 text-sm rounded-lg border border-[rgb(var(--border))] text-[rgb(var(--muted))] hover:bg-[rgb(var(--surface-hover))] transition-colors disabled:opacity-50" title="More actions" aria-label="More actions" aria-expanded="false" aria-haspopup="menu"><svg xmlns="http://www.w3.org/2000/svg" width="24" height="24" viewBox="0 0 24 24" fill="none" stroke="currentColor" stroke-width="2" stroke-linecap="round" stroke-linejoin="round" class="lucide lucide-ellipsis-vertical h-4 w-4" aria-hidden="true"><circle cx="12" cy="12" r="1"></circle><circle cx="12" cy="5" r="1"></circle><circle cx="12" cy="19" r="1"></circle></svg></button></div></div></div></div></div></div></div></div></main></div><div class="h-7 flex-shrink-0 border-t border-[rgb(var(--border-subtle))] bg-[rgb(var(--surface))] px-4"><div class="flex h-full items-center justify-between text-xs text-[rgb(var(--muted))]"><div class="flex items-center gap-4"><span class="flex items-center gap-1.5"><span class="h-2 w-2 rounded-full bg-green-500"></span>Gateway Active</span><span>Active Space: Personal</span></div><div class="flex items-center gap-4"><span>5 Servers ΓÇó 97 Tools</span></div></div></div></div></div>
[0-3] 
[0-3]   
[0-3] 
[0-3] </body></html>
[0-3] 2026-02-01T11:25:32.905Z INFO webdriver: COMMAND findElement("css selector", "[data-testid="nav-featuresets"]")
[0-3] 2026-02-01T11:25:32.905Z INFO webdriver: [POST] http://localhost:4444/session/fef445b943e70d7af9194aa0ec1339b3/element
[0-3] 2026-02-01T11:25:32.905Z INFO webdriver: DATA {"using":"css selector","value":"[data-testid=\"nav-featuresets\"]"}
[0-3] 2026-02-01T11:25:32.915Z INFO webdriver: RESULT {
[0-3]   'element-6066-11e4-a52e-4f735466cecf': 'f.851AA1EA8923BE829544670956E8EE51.d.D087279AD0554F31DA09936CA3F35FC4.e.21'
[0-3] }
[0-3] 2026-02-01T11:25:32.918Z INFO webdriver: COMMAND elementClick("f.851AA1EA8923BE829544670956E8EE51.d.D087279AD0554F31DA09936CA3F35FC4.e.21")
[0-3] 2026-02-01T11:25:32.918Z INFO webdriver: [POST] http://localhost:4444/session/fef445b943e70d7af9194aa0ec1339b3/element/f.851AA1EA8923BE829544670956E8EE51.d.D087279AD0554F31DA09936CA3F35FC4.e.21/click
[0-3] 2026-02-01T11:25:32.919Z INFO webdriver: DATA {}
[0-3] 2026-02-01T11:25:32.996Z INFO webdriver: RESULT null
[0-3] 2026-02-01T11:25:32.997Z INFO webdriver: COMMAND takeScreenshot()
[0-3] 2026-02-01T11:25:32.997Z INFO webdriver: [GET] http://localhost:4444/session/fef445b943e70d7af9194aa0ec1339b3/screenshot
[0-3] 2026-02-01T11:25:33.207Z INFO webdriver: RESULT iVBORw0KGgoAAAANSUhEUgAACWAAAAWmCAIAAACDPgzkAAAQAElEQVR4nOzdB...
[0-3] 2026-02-01T11:25:35.009Z INFO webdriver: COMMAND takeScreenshot()
[0-3] 2026-02-01T11:25:35.010Z INFO webdriver: [GET] http://localhost:4444/session/fef445b943e70d7af9194aa0ec1339b3/screenshot
[0-3] 2026-02-01T11:25:35.169Z INFO webdriver: RESULT iVBORw0KGgoAAAANSUhEUgAACWAAAAWmCAIAAACDPgzkAAAQAElEQVR4nOzdB...
[0-3] 2026-02-01T11:25:35.171Z INFO webdriver: COMMAND getPageSource()
[0-3] 2026-02-01T11:25:35.171Z INFO webdriver: [GET] http://localhost:4444/session/fef445b943e70d7af9194aa0ec1339b3/source
[0-3] 2026-02-01T11:25:35.178Z INFO webdriver: RESULT <html lang="en"><head>
[0-3]     <meta charset="UTF-8">
[0-3]     <link rel="icon" type="image/svg+xml" href="/mcpmux.svg">
[0-3]     <meta name="viewport" content="width=device-width, initial-scale=1.0">
[0-3]     <title>McpMux</title>
[0-3]     <script type="module" crossorigin="" src="/assets/index-CiZJOwjC.js"></script>
[0-3]     <link rel="stylesheet" crossorigin="" href="/assets/index-Df7hU3Vb.css">
[0-3]   </head>
[0-3] 
[0-3]   <body>
[0-3]     <div id="root"><div class="flex h-screen flex-col overflow-hidden bg-[rgb(var(--background))]"><div class="drag-region h-8 flex-shrink-0 bg-[rgb(var(--surface))] border-b border-[rgb(var(--border-subtle))]"></div><div class="flex flex-1 overflow-hidden"><aside class="w-60 flex-shrink-0 border-r border-[rgb(var(--border-subtle))]"><nav class="flex h-full flex-col bg-[rgb(var(--surface))]"><div class="flex-shrink-0 p-4 border-b border-[rgb(var(--border-subtle))]"><div class="space-y-3"><div class="flex items-center justify-between"><div class="flex items-center gap-2"><svg xmlns="http://www.w3.org/2000/svg" width="24" height="24" viewBox="0 0 24 24" fill="none" stroke="currentColor" stroke-width="2" stroke-linecap="round" stroke-linejoin="round" class="lucide lucide-zap h-6 w-6 text-primary-500" aria-hidden="true"><path d="M4 14a1 1 0 0 1-.78-1.63l9.9-10.2a.5.5 0 0 1 .86.46l-1.92 6.02A1 1 0 0 0 13 10h7a1 1 0 0 1 .78 1.63l-9.9 10.2a.5.5 0 0 1-.86-.46l1.92-6.02A1 1 0 0 0 11 14z"></path></svg><span class="font-bold text-lg">McpMux</span></div><button class="p-1.5 rounded-lg hover:bg-surface-hover transition-colors" title="Dark mode"><svg xmlns="http://www.w3.org/2000/svg" width="24" height="24" viewBox="0 0 24 24" fill="none" stroke="currentColor" stroke-width="2" stroke-linecap="round" stroke-linejoin="round" class="lucide lucide-moon h-4 w-4" aria-hidden="true"><path d="M20.985 12.486a9 9 0 1 1-9.473-9.472c.405-.022.617.46.402.803a6 6 0 0 0 8.268 8.268c.344-.215.825-.004.803.401"></path></svg></button></div><div class="relative w-full"><button class="w-full flex items-center justify-between gap-2 px-3 py-2.5 rounded-xl border border-[rgb(var(--border))] bg-[rgb(var(--surface))] hover:bg-[rgb(var(--surface-hover))] hover:border-[rgb(var(--primary))/30] transition-all duration-150 group"><span class="flex items-center gap-3 min-w-0"><span class="text-xl">≡ƒÅá</span><span class="font-medium text-sm truncate">Personal</span></span><svg xmlns="http://www.w3.org/2000/svg" width="24" height="24" viewBox="0 0 24 24" fill="none" stroke="currentColor" stroke-width="2" stroke-linecap="round" stroke-linejoin="round" class="lucide lucide-chevron-down h-4 w-4 flex-shrink-0 text-[rgb(var(--muted))] group-hover:text-[rgb(var(--foreground))] transition-all duration-200" aria-hidden="true"><path d="m6 9 6 6 6-6"></path></svg></button></div></div></div><div class="flex-1 overflow-y-auto p-3"><div class="mb-6"><div class="space-y-0.5"><button data-testid="nav-dashboard" class="flex w-full items-center gap-3 rounded-lg px-3 py-2.5 text-sm font-medium transition-all duration-150 text-[rgb(var(--muted))] hover:text-[rgb(var(--foreground))] hover:bg-[rgb(var(--surface-hover))]"><span class="h-5 w-5 flex items-center justify-center transition-colors"><svg xmlns="http://www.w3.org/2000/svg" width="24" height="24" viewBox="0 0 24 24" fill="none" stroke="currentColor" stroke-width="2" stroke-linecap="round" stroke-linejoin="round" class="lucide lucide-house h-4 w-4" aria-hidden="true"><path d="M15 21v-8a1 1 0 0 0-1-1h-4a1 1 0 0 0-1 1v8"></path><path d="M3 10a2 2 0 0 1 .709-1.528l7-6a2 2 0 0 1 2.582 0l7 6A2 2 0 0 1 21 10v9a2 2 0 0 1-2 2H5a2 2 0 0 1-2-2z"></path></svg></span><span>Dashboard</span></button><button data-testid="nav-my-servers" class="flex w-full items-center gap-3 rounded-lg px-3 py-2.5 text-sm font-medium transition-all duration-150 text-[rgb(var(--muted))] hover:text-[rgb(var(--foreground))] hover:bg-[rgb(var(--surface-hover))]"><span class="h-5 w-5 flex items-center justify-center transition-colors"><svg xmlns="http://www.w3.org/2000/svg" width="24" height="24" viewBox="0 0 24 24" fill="none" stroke="currentColor" stroke-width="2" stroke-linecap="round" stroke-linejoin="round" class="lucide lucide-zap h-4 w-4" aria-hidden="true"><path d="M4 14a1 1 0 0 1-.78-1.63l9.9-10.2a.5.5 0 0 1 .86.46l-1.92 6.02A1 1 0 0 0 13 10h7a1 1 0 0 1 .78 1.63l-9.9 10.2a.5.5 0 0 1-.86-.46l1.92-6.02A1 1 0 0 0 11 14z"></path></svg></span><span>My Servers</span></button><button data-testid="nav-discover" class="flex w-full items-center gap-3 rounded-lg px-3 py-2.5 text-sm font-medium transition-all duration-150 text-[rgb(var(--muted))] hover:text-[rgb(var(--foreground))] hover:bg-[rgb(var(--surface-hover))]"><span class="h-5 w-5 flex items-center justify-center transition-colors"><svg xmlns="http://www.w3.org/2000/svg" width="24" height="24" viewBox="0 0 24 24" fill="none" stroke="currentColor" stroke-width="2" stroke-linecap="round" stroke-linejoin="round" class="lucide lucide-server h-4 w-4" aria-hidden="true"><rect width="20" height="8" x="2" y="2" rx="2" ry="2"></rect><rect width="20" height="8" x="2" y="14" rx="2" ry="2"></rect><line x1="6" x2="6.01" y1="6" y2="6"></line><line x1="6" x2="6.01" y1="18" y2="18"></line></svg></span><span>Discover</span></button></div></div><div class="mb-6"><h3 class="mb-2 px-3 text-[11px] font-semibold uppercase tracking-wider text-[rgb(var(--muted-foreground))]">Workspaces</h3><div class="space-y-0.5"><button data-testid="nav-spaces" class="flex w-full items-center gap-3 rounded-lg px-3 py-2.5 text-sm font-medium transition-all duration-150 text-[rgb(var(--muted))] hover:text-[rgb(var(--foreground))] hover:bg-[rgb(var(--surface-hover))]"><span class="h-5 w-5 flex items-center justify-center transition-colors"><svg xmlns="http://www.w3.org/2000/svg" width="24" height="24" viewBox="0 0 24 24" fill="none" stroke="currentColor" stroke-width="2" stroke-linecap="round" stroke-linejoin="round" class="lucide lucide-globe h-4 w-4" aria-hidden="true"><circle cx="12" cy="12" r="10"></circle><path d="M12 2a14.5 14.5 0 0 0 0 20 14.5 14.5 0 0 0 0-20"></path><path d="M2 12h20"></path></svg></span><span>Spaces</span></button><button data-testid="nav-featuresets" class="flex w-full items-center gap-3 rounded-lg px-3 py-2.5 text-sm font-medium transition-all duration-150 hover:text-[rgb(var(--foreground))] bg-[rgb(var(--primary))/10] text-[rgb(var(--primary))] hover:bg-[rgb(var(--primary))/15]"><span class="h-5 w-5 flex items-center justify-center transition-colors text-[rgb(var(--primary))]"><svg xmlns="http://www.w3.org/2000/svg" width="24" height="24" viewBox="0 0 24 24" fill="none" stroke="currentColor" stroke-width="2" stroke-linecap="round" stroke-linejoin="round" class="lucide lucide-wrench h-4 w-4" aria-hidden="true"><path d="M14.7 6.3a1 1 0 0 0 0 1.4l1.6 1.6a1 1 0 0 0 1.4 0l3.106-3.105c.32-.322.863-.22.983.218a6 6 0 0 1-8.259 7.057l-7.91 7.91a1 1 0 0 1-2.999-3l7.91-7.91a6 6 0 0 1 7.057-8.259c.438.12.54.662.219.984z"></path></svg></span><span>FeatureSets</span></button></div></div><div class="mb-6"><h3 class="mb-2 px-3 text-[11px] font-semibold uppercase tracking-wider text-[rgb(var(--muted-foreground))]">Connections</h3><div class="space-y-0.5"><button data-testid="nav-clients" class="flex w-full items-center gap-3 rounded-lg px-3 py-2.5 text-sm font-medium transition-all duration-150 text-[rgb(var(--muted))] hover:text-[rgb(var(--foreground))] hover:bg-[rgb(var(--surface-hover))]"><span class="h-5 w-5 flex items-center justify-center transition-colors"><svg xmlns="http://www.w3.org/2000/svg" width="24" height="24" viewBox="0 0 24 24" fill="none" stroke="currentColor" stroke-width="2" stroke-linecap="round" stroke-linejoin="round" class="lucide lucide-monitor h-4 w-4" aria-hidden="true"><rect width="20" height="14" x="2" y="3" rx="2"></rect><line x1="8" x2="16" y1="21" y2="21"></line><line x1="12" x2="12" y1="17" y2="21"></line></svg></span><span>Clients</span></button></div></div><div class="mb-6"><div class="space-y-0.5"><button data-testid="nav-settings" class="flex w-full items-center gap-3 rounded-lg px-3 py-2.5 text-sm font-medium transition-all duration-150 text-[rgb(var(--muted))] hover:text-[rgb(var(--foreground))] hover:bg-[rgb(var(--surface-hover))]"><span class="h-5 w-5 flex items-center justify-center transition-colors"><svg xmlns="http://www.w3.org/2000/svg" width="24" height="24" viewBox="0 0 24 24" fill="none" stroke="currentColor" stroke-width="2" stroke-linecap="round" stroke-linejoin="round" class="lucide lucide-settings h-4 w-4" aria-hidden="true"><path d="M9.671 4.136a2.34 2.34 0 0 1 4.659 0 2.34 2.34 0 0 0 3.319 1.915 2.34 2.34 0 0 1 2.33 4.033 2.34 2.34 0 0 0 0 3.831 2.34 2.34 0 0 1-2.33 4.033 2.34 2.34 0 0 0-3.319 1.915 2.34 2.34 0 0 1-4.659 0 2.34 2.34 0 0 0-3.32-1.915 2.34 2.34 0 0 1-2.33-4.033 2.34 2.34 0 0 0 0-3.831A2.34 2.34 0 0 1 6.35 6.051a2.34 2.34 0 0 0 3.319-1.915"></path><circle cx="12" cy="12" r="3"></circle></svg></span><span>Settings</span></button></div></div></div><div class="flex-shrink-0 p-4 border-t border-[rgb(var(--border-subtle))]"><div class="text-xs text-[rgb(var(--muted))]"><div>McpMux v0.1.0</div><div>Gateway: localhost:9315</div></div></div></nav></aside><main class="flex-1 overflow-auto p-6 bg-[rgb(var(--background))]"><div class="animate-fade-in"><div class="h-full flex flex-col relative"><div class="flex-shrink-0 p-8 border-b border-[rgb(var(--border-subtle))]"><div class="max-w-[2000px] mx-auto"><div class="flex flex-col sm:flex-row sm:items-start sm:justify-between gap-4 mb-6"><div class="flex-1 min-w-0"><div class="flex flex-wrap items-center gap-3 mb-2"><h1 class="text-3xl font-bold">Feature Sets</h1><span class="px-2 py-0.5 rounded-full bg-[rgb(var(--surface-elevated))] text-xs border border-[rgb(var(--border))] whitespace-nowrap">≡ƒÅá Personal</span></div><p class="text-base text-[rgb(var(--muted))]">Manage reusable collections of features, prompts, and resources</p></div><div class="flex gap-3 flex-shrink-0"><button class="inline-flex items-center justify-center gap-2 rounded-lg font-medium transition-all duration-150 ease-out focus-visible:outline-none focus-visible:ring-2 focus-visible:ring-[rgb(var(--primary))] focus-visible:ring-offset-2 disabled:pointer-events-none disabled:opacity-50 active:scale-[0.98] text-[rgb(var(--foreground))] hover:bg-[rgb(var(--surface-hover))] h-10 px-4"><svg xmlns="http://www.w3.org/2000/svg" width="24" height="24" viewBox="0 0 24 24" fill="none" stroke="currentColor" stroke-width="2" stroke-linecap="round" stroke-linejoin="round" class="lucide lucide-refresh-cw h-4 w-4 mr-2" aria-hidden="true"><path d="M3 12a9 9 0 0 1 9-9 9.75 9.75 0 0 1 6.74 2.74L21 8"></path><path d="M21 3v5h-5"></path><path d="M21 12a9 9 0 0 1-9 9 9.75 9.75 0 0 1-6.74-2.74L3 16"></path><path d="M8 16H3v5"></path></svg>Refresh</button><button class="inline-flex items-center justify-center gap-2 rounded-lg font-medium transition-all duration-150 ease-out focus-visible:outline-none focus-visible:ring-2 focus-visible:ring-[rgb(var(--primary))] focus-visible:ring-offset-2 disabled:pointer-events-none disabled:opacity-50 active:scale-[0.98] bg-[rgb(var(--primary))] text-[rgb(var(--primary-foreground))] hover:bg-[rgb(var(--primary-hover))] shadow-sm hover:shadow h-10 px-4"><svg xmlns="http://www.w3.org/2000/svg" width="24" height="24" viewBox="0 0 24 24" fill="none" stroke="currentColor" stroke-width="2" stroke-linecap="round" stroke-linejoin="round" class="lucide lucide-plus h-4 w-4 mr-2" aria-hidden="true"><path d="M5 12h14"></path><path d="M12 5v14"></path></svg>Create Feature Set</button></div></div><div class="relative max-w-3xl"><svg xmlns="http://www.w3.org/2000/svg" width="24" height="24" viewBox="0 0 24 24" fill="none" stroke="currentColor" stroke-width="2" stroke-linecap="round" stroke-linejoin="round" class="lucide lucide-search absolute left-4 top-1/2 -translate-y-1/2 h-5 w-5 text-[rgb(var(--muted))]" aria-hidden="true"><path d="m21 21-4.34-4.34"></path><circle cx="11" cy="11" r="8"></circle></svg><input placeholder="Search feature sets..." class="w-full pl-12 pr-4 py-3 text-base bg-[rgb(var(--surface))] border border-[rgb(var(--border))] rounded-xl focus:outline-none focus:ring-2 focus:ring-primary-500 focus:border-primary-500 transition-all" type="text" value=""></div></div></div><div class="flex-1 overflow-auto px-8 py-8"><div class="max-w-[2000px] mx-auto"><div class="grid gap-5 auto-fill-cards"><div class="rounded-xl border border-[rgb(var(--border-subtle))] bg-[rgb(var(--card))] p-6 shadow-[0_1px_3px_0_rgb(0_0_0/0.1),0_1px_2px_-1px_rgb(0_0_0/0.1)] dark:shadow-[0_1px_3px_0_rgb(0_0_0/0.3),0_1px_2px_-1px_rgb(0_0_0/0.2)] cursor-pointer transition-all hover:shadow-lg hover:scale-[1.01]"><div class="p-6"><div class="flex items-start gap-4 mb-5"><div class="w-16 h-16 flex items-center justify-center bg-[rgb(var(--surface))] rounded-xl flex-shrink-0 border border-[rgb(var(--border-subtle))]"><span class="text-xl">≡ƒîÉ</span></div><div class="flex-1 min-w-0"><h3 class="font-semibold text-lg truncate mb-1.5 flex items-center gap-2">All Features</h3><span class="inline-flex items-center px-2.5 py-0.5 rounded-full text-xs font-medium bg-blue-100 dark:bg-blue-900/30 text-blue-700 dark:text-blue-300">All Features</span></div></div><p class="text-sm text-[rgb(var(--muted))] line-clamp-2 mb-4 h-10">All features from all connected MCP servers in this space</p><div class="flex items-center justify-between text-xs text-[rgb(var(--muted))] border-t border-[rgb(var(--border-subtle))] pt-4"><div class="flex items-center gap-1.5"><span class="italic">All features</span></div><span class="italic">Auto-managed</span></div></div></div><div class="rounded-xl border border-[rgb(var(--border-subtle))] bg-[rgb(var(--card))] p-6 shadow-[0_1px_3px_0_rgb(0_0_0/0.1),0_1px_2px_-1px_rgb(0_0_0/0.1)] dark:shadow-[0_1px_3px_0_rgb(0_0_0/0.3),0_1px_2px_-1px_rgb(0_0_0/0.2)] cursor-pointer transition-all hover:shadow-lg hover:scale-[1.01]"><div class="p-6"><div class="flex items-start gap-4 mb-5"><div class="w-16 h-16 flex items-center justify-center bg-[rgb(var(--surface))] rounded-xl flex-shrink-0 border border-[rgb(var(--border-subtle))]"><span class="text-xl">Γ¡É</span></div><div class="flex-1 min-w-0"><h3 class="font-semibold text-lg truncate mb-1.5 flex items-center gap-2">Default</h3><span class="inline-flex items-center px-2.5 py-0.5 rounded-full text-xs font-medium bg-blue-100 dark:bg-blue-900/30 text-blue-700 dark:text-blue-300">Default</span></div></div><p class="text-sm text-[rgb(var(--muted))] line-clamp-2 mb-4 h-10">Features automatically granted to all connected clients in this space</p><div class="flex items-center justify-between text-xs text-[rgb(var(--muted))] border-t border-[rgb(var(--border-subtle))] pt-4"><div class="flex items-center gap-1.5"><span>0 members</span></div><span class="flex items-center gap-1 hover:text-primary-500 transition-colors">Configure <svg xmlns="http://www.w3.org/2000/svg" width="24" height="24" viewBox="0 0 24 24" fill="none" stroke="currentColor" stroke-width="2" stroke-linecap="round" stroke-linejoin="round" class="lucide lucide-settings h-3 w-3" aria-hidden="true"><path d="M9.671 4.136a2.34 2.34 0 0 1 4.659 0 2.34 2.34 0 0 0 3.319 1.915 2.34 2.34 0 0 1 2.33 4.033 2.34 2.34 0 0 0 0 3.831 2.34 2.34 0 0 1-2.33 4.033 2.34 2.34 0 0 0-3.319 1.915 2.34 2.34 0 0 1-4.659 0 2.34 2.34 0 0 0-3.32-1.915 2.34 2.34 0 0 1-2.33-4.033 2.34 2.34 0 0 0 0-3.831A2.34 2.34 0 0 1 6.35 6.051a2.34 2.34 0 0 0 3.319-1.915"></path><circle cx="12" cy="12" r="3"></circle></svg></span></div></div></div><div class="rounded-xl border border-[rgb(var(--border-subtle))] bg-[rgb(var(--card))] p-6 shadow-[0_1px_3px_0_rgb(0_0_0/0.1),0_1px_2px_-1px_rgb(0_0_0/0.1)] dark:shadow-[0_1px_3px_0_rgb(0_0_0/0.3),0_1px_2px_-1px_rgb(0_0_0/0.2)] cursor-pointer transition-all hover:shadow-lg hover:scale-[1.01]"><div class="p-6"><div class="flex items-start gap-4 mb-5"><div class="w-16 h-16 flex items-center justify-center bg-[rgb(var(--surface))] rounded-xl flex-shrink-0 border border-[rgb(var(--border-subtle))]"><span class="text-xl">≡ƒôª</span></div><div class="flex-1 min-w-0"><h3 class="font-semibold text-lg truncate mb-1.5 flex items-center gap-2">Echo Server - All</h3><span class="inline-flex items-center px-2.5 py-0.5 rounded-full text-xs font-medium bg-blue-100 dark:bg-blue-900/30 text-blue-700 dark:text-blue-300">Server All</span></div></div><p class="text-sm text-[rgb(var(--muted))] line-clamp-2 mb-4 h-10">All features from the Echo Server server</p><div class="flex items-center justify-between text-xs text-[rgb(var(--muted))] border-t border-[rgb(var(--border-subtle))] pt-4"><div class="flex items-center gap-1.5"><span class="truncate max-w-[150px]">echo-server</span></div><span class="italic">Auto-managed</span></div></div></div></div></div></div></div></div></main></div><div class="h-7 flex-shrink-0 border-t border-[rgb(var(--border-subtle))] bg-[rgb(var(--surface))] px-4"><div class="flex h-full items-center justify-between text-xs text-[rgb(var(--muted))]"><div class="flex items-center gap-4"><span class="flex items-center gap-1.5"><span class="h-2 w-2 rounded-full bg-green-500"></span>Gateway Active</span><span>Active Space: Personal</span></div><div class="flex items-center gap-4"><span>5 Servers ΓÇó 97 Tools</span></div></div></div></div></div>
[0-3] 
[0-3]   
[0-3] 
[0-3] </body></html>
[0-3] [DEBUG] Has Echo FeatureSet: true
[0-3] 2026-02-01T11:25:35.181Z INFO webdriver: COMMAND findElements("css selector", "[data-testid^="featureset-card-"]")
[0-3] 2026-02-01T11:25:35.181Z INFO webdriver: [POST] http://localhost:4444/session/fef445b943e70d7af9194aa0ec1339b3/elements
[0-3] 2026-02-01T11:25:35.181Z INFO webdriver: DATA {"using":"css selector","value":"[data-testid^=\"featureset-card-\"]"}
[0-3] 2026-02-01T11:25:35.192Z INFO webdriver: RESULT []
[0-3] 2026-02-01T11:25:35.193Z INFO webdriver: COMMAND getPageSource()
[0-3] 2026-02-01T11:25:35.194Z INFO webdriver: [GET] http://localhost:4444/session/fef445b943e70d7af9194aa0ec1339b3/source
[0-3] 2026-02-01T11:25:35.199Z INFO webdriver: RESULT <html lang="en"><head>
[0-3]     <meta charset="UTF-8">
[0-3]     <link rel="icon" type="image/svg+xml" href="/mcpmux.svg">
[0-3]     <meta name="viewport" content="width=device-width, initial-scale=1.0">
[0-3]     <title>McpMux</title>
[0-3]     <script type="module" crossorigin="" src="/assets/index-CiZJOwjC.js"></script>
[0-3]     <link rel="stylesheet" crossorigin="" href="/assets/index-Df7hU3Vb.css">
[0-3]   </head>
[0-3] 
[0-3]   <body>
[0-3]     <div id="root"><div class="flex h-screen flex-col overflow-hidden bg-[rgb(var(--background))]"><div class="drag-region h-8 flex-shrink-0 bg-[rgb(var(--surface))] border-b border-[rgb(var(--border-subtle))]"></div><div class="flex flex-1 overflow-hidden"><aside class="w-60 flex-shrink-0 border-r border-[rgb(var(--border-subtle))]"><nav class="flex h-full flex-col bg-[rgb(var(--surface))]"><div class="flex-shrink-0 p-4 border-b border-[rgb(var(--border-subtle))]"><div class="space-y-3"><div class="flex items-center justify-between"><div class="flex items-center gap-2"><svg xmlns="http://www.w3.org/2000/svg" width="24" height="24" viewBox="0 0 24 24" fill="none" stroke="currentColor" stroke-width="2" stroke-linecap="round" stroke-linejoin="round" class="lucide lucide-zap h-6 w-6 text-primary-500" aria-hidden="true"><path d="M4 14a1 1 0 0 1-.78-1.63l9.9-10.2a.5.5 0 0 1 .86.46l-1.92 6.02A1 1 0 0 0 13 10h7a1 1 0 0 1 .78 1.63l-9.9 10.2a.5.5 0 0 1-.86-.46l1.92-6.02A1 1 0 0 0 11 14z"></path></svg><span class="font-bold text-lg">McpMux</span></div><button class="p-1.5 rounded-lg hover:bg-surface-hover transition-colors" title="Dark mode"><svg xmlns="http://www.w3.org/2000/svg" width="24" height="24" viewBox="0 0 24 24" fill="none" stroke="currentColor" stroke-width="2" stroke-linecap="round" stroke-linejoin="round" class="lucide lucide-moon h-4 w-4" aria-hidden="true"><path d="M20.985 12.486a9 9 0 1 1-9.473-9.472c.405-.022.617.46.402.803a6 6 0 0 0 8.268 8.268c.344-.215.825-.004.803.401"></path></svg></button></div><div class="relative w-full"><button class="w-full flex items-center justify-between gap-2 px-3 py-2.5 rounded-xl border border-[rgb(var(--border))] bg-[rgb(var(--surface))] hover:bg-[rgb(var(--surface-hover))] hover:border-[rgb(var(--primary))/30] transition-all duration-150 group"><span class="flex items-center gap-3 min-w-0"><span class="text-xl">≡ƒÅá</span><span class="font-medium text-sm truncate">Personal</span></span><svg xmlns="http://www.w3.org/2000/svg" width="24" height="24" viewBox="0 0 24 24" fill="none" stroke="currentColor" stroke-width="2" stroke-linecap="round" stroke-linejoin="round" class="lucide lucide-chevron-down h-4 w-4 flex-shrink-0 text-[rgb(var(--muted))] group-hover:text-[rgb(var(--foreground))] transition-all duration-200" aria-hidden="true"><path d="m6 9 6 6 6-6"></path></svg></button></div></div></div><div class="flex-1 overflow-y-auto p-3"><div class="mb-6"><div class="space-y-0.5"><button data-testid="nav-dashboard" class="flex w-full items-center gap-3 rounded-lg px-3 py-2.5 text-sm font-medium transition-all duration-150 text-[rgb(var(--muted))] hover:text-[rgb(var(--foreground))] hover:bg-[rgb(var(--surface-hover))]"><span class="h-5 w-5 flex items-center justify-center transition-colors"><svg xmlns="http://www.w3.org/2000/svg" width="24" height="24" viewBox="0 0 24 24" fill="none" stroke="currentColor" stroke-width="2" stroke-linecap="round" stroke-linejoin="round" class="lucide lucide-house h-4 w-4" aria-hidden="true"><path d="M15 21v-8a1 1 0 0 0-1-1h-4a1 1 0 0 0-1 1v8"></path><path d="M3 10a2 2 0 0 1 .709-1.528l7-6a2 2 0 0 1 2.582 0l7 6A2 2 0 0 1 21 10v9a2 2 0 0 1-2 2H5a2 2 0 0 1-2-2z"></path></svg></span><span>Dashboard</span></button><button data-testid="nav-my-servers" class="flex w-full items-center gap-3 rounded-lg px-3 py-2.5 text-sm font-medium transition-all duration-150 text-[rgb(var(--muted))] hover:text-[rgb(var(--foreground))] hover:bg-[rgb(var(--surface-hover))]"><span class="h-5 w-5 flex items-center justify-center transition-colors"><svg xmlns="http://www.w3.org/2000/svg" width="24" height="24" viewBox="0 0 24 24" fill="none" stroke="currentColor" stroke-width="2" stroke-linecap="round" stroke-linejoin="round" class="lucide lucide-zap h-4 w-4" aria-hidden="true"><path d="M4 14a1 1 0 0 1-.78-1.63l9.9-10.2a.5.5 0 0 1 .86.46l-1.92 6.02A1 1 0 0 0 13 10h7a1 1 0 0 1 .78 1.63l-9.9 10.2a.5.5 0 0 1-.86-.46l1.92-6.02A1 1 0 0 0 11 14z"></path></svg></span><span>My Servers</span></button><button data-testid="nav-discover" class="flex w-full items-center gap-3 rounded-lg px-3 py-2.5 text-sm font-medium transition-all duration-150 text-[rgb(var(--muted))] hover:text-[rgb(var(--foreground))] hover:bg-[rgb(var(--surface-hover))]"><span class="h-5 w-5 flex items-center justify-center transition-colors"><svg xmlns="http://www.w3.org/2000/svg" width="24" height="24" viewBox="0 0 24 24" fill="none" stroke="currentColor" stroke-width="2" stroke-linecap="round" stroke-linejoin="round" class="lucide lucide-server h-4 w-4" aria-hidden="true"><rect width="20" height="8" x="2" y="2" rx="2" ry="2"></rect><rect width="20" height="8" x="2" y="14" rx="2" ry="2"></rect><line x1="6" x2="6.01" y1="6" y2="6"></line><line x1="6" x2="6.01" y1="18" y2="18"></line></svg></span><span>Discover</span></button></div></div><div class="mb-6"><h3 class="mb-2 px-3 text-[11px] font-semibold uppercase tracking-wider text-[rgb(var(--muted-foreground))]">Workspaces</h3><div class="space-y-0.5"><button data-testid="nav-spaces" class="flex w-full items-center gap-3 rounded-lg px-3 py-2.5 text-sm font-medium transition-all duration-150 text-[rgb(var(--muted))] hover:text-[rgb(var(--foreground))] hover:bg-[rgb(var(--surface-hover))]"><span class="h-5 w-5 flex items-center justify-center transition-colors"><svg xmlns="http://www.w3.org/2000/svg" width="24" height="24" viewBox="0 0 24 24" fill="none" stroke="currentColor" stroke-width="2" stroke-linecap="round" stroke-linejoin="round" class="lucide lucide-globe h-4 w-4" aria-hidden="true"><circle cx="12" cy="12" r="10"></circle><path d="M12 2a14.5 14.5 0 0 0 0 20 14.5 14.5 0 0 0 0-20"></path><path d="M2 12h20"></path></svg></span><span>Spaces</span></button><button data-testid="nav-featuresets" class="flex w-full items-center gap-3 rounded-lg px-3 py-2.5 text-sm font-medium transition-all duration-150 hover:text-[rgb(var(--foreground))] bg-[rgb(var(--primary))/10] text-[rgb(var(--primary))] hover:bg-[rgb(var(--primary))/15]"><span class="h-5 w-5 flex items-center justify-center transition-colors text-[rgb(var(--primary))]"><svg xmlns="http://www.w3.org/2000/svg" width="24" height="24" viewBox="0 0 24 24" fill="none" stroke="currentColor" stroke-width="2" stroke-linecap="round" stroke-linejoin="round" class="lucide lucide-wrench h-4 w-4" aria-hidden="true"><path d="M14.7 6.3a1 1 0 0 0 0 1.4l1.6 1.6a1 1 0 0 0 1.4 0l3.106-3.105c.32-.322.863-.22.983.218a6 6 0 0 1-8.259 7.057l-7.91 7.91a1 1 0 0 1-2.999-3l7.91-7.91a6 6 0 0 1 7.057-8.259c.438.12.54.662.219.984z"></path></svg></span><span>FeatureSets</span></button></div></div><div class="mb-6"><h3 class="mb-2 px-3 text-[11px] font-semibold uppercase tracking-wider text-[rgb(var(--muted-foreground))]">Connections</h3><div class="space-y-0.5"><button data-testid="nav-clients" class="flex w-full items-center gap-3 rounded-lg px-3 py-2.5 text-sm font-medium transition-all duration-150 text-[rgb(var(--muted))] hover:text-[rgb(var(--foreground))] hover:bg-[rgb(var(--surface-hover))]"><span class="h-5 w-5 flex items-center justify-center transition-colors"><svg xmlns="http://www.w3.org/2000/svg" width="24" height="24" viewBox="0 0 24 24" fill="none" stroke="currentColor" stroke-width="2" stroke-linecap="round" stroke-linejoin="round" class="lucide lucide-monitor h-4 w-4" aria-hidden="true"><rect width="20" height="14" x="2" y="3" rx="2"></rect><line x1="8" x2="16" y1="21" y2="21"></line><line x1="12" x2="12" y1="17" y2="21"></line></svg></span><span>Clients</span></button></div></div><div class="mb-6"><div class="space-y-0.5"><button data-testid="nav-settings" class="flex w-full items-center gap-3 rounded-lg px-3 py-2.5 text-sm font-medium transition-all duration-150 text-[rgb(var(--muted))] hover:text-[rgb(var(--foreground))] hover:bg-[rgb(var(--surface-hover))]"><span class="h-5 w-5 flex items-center justify-center transition-colors"><svg xmlns="http://www.w3.org/2000/svg" width="24" height="24" viewBox="0 0 24 24" fill="none" stroke="currentColor" stroke-width="2" stroke-linecap="round" stroke-linejoin="round" class="lucide lucide-settings h-4 w-4" aria-hidden="true"><path d="M9.671 4.136a2.34 2.34 0 0 1 4.659 0 2.34 2.34 0 0 0 3.319 1.915 2.34 2.34 0 0 1 2.33 4.033 2.34 2.34 0 0 0 0 3.831 2.34 2.34 0 0 1-2.33 4.033 2.34 2.34 0 0 0-3.319 1.915 2.34 2.34 0 0 1-4.659 0 2.34 2.34 0 0 0-3.32-1.915 2.34 2.34 0 0 1-2.33-4.033 2.34 2.34 0 0 0 0-3.831A2.34 2.34 0 0 1 6.35 6.051a2.34 2.34 0 0 0 3.319-1.915"></path><circle cx="12" cy="12" r="3"></circle></svg></span><span>Settings</span></button></div></div></div><div class="flex-shrink-0 p-4 border-t border-[rgb(var(--border-subtle))]"><div class="text-xs text-[rgb(var(--muted))]"><div>McpMux v0.1.0</div><div>Gateway: localhost:9315</div></div></div></nav></aside><main class="flex-1 overflow-auto p-6 bg-[rgb(var(--background))]"><div class="animate-fade-in"><div class="h-full flex flex-col relative"><div class="flex-shrink-0 p-8 border-b border-[rgb(var(--border-subtle))]"><div class="max-w-[2000px] mx-auto"><div class="flex flex-col sm:flex-row sm:items-start sm:justify-between gap-4 mb-6"><div class="flex-1 min-w-0"><div class="flex flex-wrap items-center gap-3 mb-2"><h1 class="text-3xl font-bold">Feature Sets</h1><span class="px-2 py-0.5 rounded-full bg-[rgb(var(--surface-elevated))] text-xs border border-[rgb(var(--border))] whitespace-nowrap">≡ƒÅá Personal</span></div><p class="text-base text-[rgb(var(--muted))]">Manage reusable collections of features, prompts, and resources</p></div><div class="flex gap-3 flex-shrink-0"><button class="inline-flex items-center justify-center gap-2 rounded-lg font-medium transition-all duration-150 ease-out focus-visible:outline-none focus-visible:ring-2 focus-visible:ring-[rgb(var(--primary))] focus-visible:ring-offset-2 disabled:pointer-events-none disabled:opacity-50 active:scale-[0.98] text-[rgb(var(--foreground))] hover:bg-[rgb(var(--surface-hover))] h-10 px-4"><svg xmlns="http://www.w3.org/2000/svg" width="24" height="24" viewBox="0 0 24 24" fill="none" stroke="currentColor" stroke-width="2" stroke-linecap="round" stroke-linejoin="round" class="lucide lucide-refresh-cw h-4 w-4 mr-2" aria-hidden="true"><path d="M3 12a9 9 0 0 1 9-9 9.75 9.75 0 0 1 6.74 2.74L21 8"></path><path d="M21 3v5h-5"></path><path d="M21 12a9 9 0 0 1-9 9 9.75 9.75 0 0 1-6.74-2.74L3 16"></path><path d="M8 16H3v5"></path></svg>Refresh</button><button class="inline-flex items-center justify-center gap-2 rounded-lg font-medium transition-all duration-150 ease-out focus-visible:outline-none focus-visible:ring-2 focus-visible:ring-[rgb(var(--primary))] focus-visible:ring-offset-2 disabled:pointer-events-none disabled:opacity-50 active:scale-[0.98] bg-[rgb(var(--primary))] text-[rgb(var(--primary-foreground))] hover:bg-[rgb(var(--primary-hover))] shadow-sm hover:shadow h-10 px-4"><svg xmlns="http://www.w3.org/2000/svg" width="24" height="24" viewBox="0 0 24 24" fill="none" stroke="currentColor" stroke-width="2" stroke-linecap="round" stroke-linejoin="round" class="lucide lucide-plus h-4 w-4 mr-2" aria-hidden="true"><path d="M5 12h14"></path><path d="M12 5v14"></path></svg>Create Feature Set</button></div></div><div class="relative max-w-3xl"><svg xmlns="http://www.w3.org/2000/svg" width="24" height="24" viewBox="0 0 24 24" fill="none" stroke="currentColor" stroke-width="2" stroke-linecap="round" stroke-linejoin="round" class="lucide lucide-search absolute left-4 top-1/2 -translate-y-1/2 h-5 w-5 text-[rgb(var(--muted))]" aria-hidden="true"><path d="m21 21-4.34-4.34"></path><circle cx="11" cy="11" r="8"></circle></svg><input placeholder="Search feature sets..." class="w-full pl-12 pr-4 py-3 text-base bg-[rgb(var(--surface))] border border-[rgb(var(--border))] rounded-xl focus:outline-none focus:ring-2 focus:ring-primary-500 focus:border-primary-500 transition-all" type="text" value=""></div></div></div><div class="flex-1 overflow-auto px-8 py-8"><div class="max-w-[2000px] mx-auto"><div class="grid gap-5 auto-fill-cards"><div class="rounded-xl border border-[rgb(var(--border-subtle))] bg-[rgb(var(--card))] p-6 shadow-[0_1px_3px_0_rgb(0_0_0/0.1),0_1px_2px_-1px_rgb(0_0_0/0.1)] dark:shadow-[0_1px_3px_0_rgb(0_0_0/0.3),0_1px_2px_-1px_rgb(0_0_0/0.2)] cursor-pointer transition-all hover:shadow-lg hover:scale-[1.01]"><div class="p-6"><div class="flex items-start gap-4 mb-5"><div class="w-16 h-16 flex items-center justify-center bg-[rgb(var(--surface))] rounded-xl flex-shrink-0 border border-[rgb(var(--border-subtle))]"><span class="text-xl">≡ƒîÉ</span></div><div class="flex-1 min-w-0"><h3 class="font-semibold text-lg truncate mb-1.5 flex items-center gap-2">All Features</h3><span class="inline-flex items-center px-2.5 py-0.5 rounded-full text-xs font-medium bg-blue-100 dark:bg-blue-900/30 text-blue-700 dark:text-blue-300">All Features</span></div></div><p class="text-sm text-[rgb(var(--muted))] line-clamp-2 mb-4 h-10">All features from all connected MCP servers in this space</p><div class="flex items-center justify-between text-xs text-[rgb(var(--muted))] border-t border-[rgb(var(--border-subtle))] pt-4"><div class="flex items-center gap-1.5"><span class="italic">All features</span></div><span class="italic">Auto-managed</span></div></div></div><div class="rounded-xl border border-[rgb(var(--border-subtle))] bg-[rgb(var(--card))] p-6 shadow-[0_1px_3px_0_rgb(0_0_0/0.1),0_1px_2px_-1px_rgb(0_0_0/0.1)] dark:shadow-[0_1px_3px_0_rgb(0_0_0/0.3),0_1px_2px_-1px_rgb(0_0_0/0.2)] cursor-pointer transition-all hover:shadow-lg hover:scale-[1.01]"><div class="p-6"><div class="flex items-start gap-4 mb-5"><div class="w-16 h-16 flex items-center justify-center bg-[rgb(var(--surface))] rounded-xl flex-shrink-0 border border-[rgb(var(--border-subtle))]"><span class="text-xl">Γ¡É</span></div><div class="flex-1 min-w-0"><h3 class="font-semibold text-lg truncate mb-1.5 flex items-center gap-2">Default</h3><span class="inline-flex items-center px-2.5 py-0.5 rounded-full text-xs font-medium bg-blue-100 dark:bg-blue-900/30 text-blue-700 dark:text-blue-300">Default</span></div></div><p class="text-sm text-[rgb(var(--muted))] line-clamp-2 mb-4 h-10">Features automatically granted to all connected clients in this space</p><div class="flex items-center justify-between text-xs text-[rgb(var(--muted))] border-t border-[rgb(var(--border-subtle))] pt-4"><div class="flex items-center gap-1.5"><span>0 members</span></div><span class="flex items-center gap-1 hover:text-primary-500 transition-colors">Configure <svg xmlns="http://www.w3.org/2000/svg" width="24" height="24" viewBox="0 0 24 24" fill="none" stroke="currentColor" stroke-width="2" stroke-linecap="round" stroke-linejoin="round" class="lucide lucide-settings h-3 w-3" aria-hidden="true"><path d="M9.671 4.136a2.34 2.34 0 0 1 4.659 0 2.34 2.34 0 0 0 3.319 1.915 2.34 2.34 0 0 1 2.33 4.033 2.34 2.34 0 0 0 0 3.831 2.34 2.34 0 0 1-2.33 4.033 2.34 2.34 0 0 0-3.319 1.915 2.34 2.34 0 0 1-4.659 0 2.34 2.34 0 0 0-3.32-1.915 2.34 2.34 0 0 1-2.33-4.033 2.34 2.34 0 0 0 0-3.831A2.34 2.34 0 0 1 6.35 6.051a2.34 2.34 0 0 0 3.319-1.915"></path><circle cx="12" cy="12" r="3"></circle></svg></span></div></div></div><div class="rounded-xl border border-[rgb(var(--border-subtle))] bg-[rgb(var(--card))] p-6 shadow-[0_1px_3px_0_rgb(0_0_0/0.1),0_1px_2px_-1px_rgb(0_0_0/0.1)] dark:shadow-[0_1px_3px_0_rgb(0_0_0/0.3),0_1px_2px_-1px_rgb(0_0_0/0.2)] cursor-pointer transition-all hover:shadow-lg hover:scale-[1.01]"><div class="p-6"><div class="flex items-start gap-4 mb-5"><div class="w-16 h-16 flex items-center justify-center bg-[rgb(var(--surface))] rounded-xl flex-shrink-0 border border-[rgb(var(--border-subtle))]"><span class="text-xl">≡ƒôª</span></div><div class="flex-1 min-w-0"><h3 class="font-semibold text-lg truncate mb-1.5 flex items-center gap-2">Echo Server - All</h3><span class="inline-flex items-center px-2.5 py-0.5 rounded-full text-xs font-medium bg-blue-100 dark:bg-blue-900/30 text-blue-700 dark:text-blue-300">Server All</span></div></div><p class="text-sm text-[rgb(var(--muted))] line-clamp-2 mb-4 h-10">All features from the Echo Server server</p><div class="flex items-center justify-between text-xs text-[rgb(var(--muted))] border-t border-[rgb(var(--border-subtle))] pt-4"><div class="flex items-center gap-1.5"><span class="truncate max-w-[150px]">echo-server</span></div><span class="italic">Auto-managed</span></div></div></div></div></div></div></div></div></main></div><div class="h-7 flex-shrink-0 border-t border-[rgb(var(--border-subtle))] bg-[rgb(var(--surface))] px-4"><div class="flex h-full items-center justify-between text-xs text-[rgb(var(--muted))]"><div class="flex items-center gap-4"><span class="flex items-center gap-1.5"><span class="h-2 w-2 rounded-full bg-green-500"></span>Gateway Active</span><span>Active Space: Personal</span></div><div class="flex items-center gap-4"><span>5 Servers ΓÇó 97 Tools</span></div></div></div></div></div>
[0-3] 
[0-3]   
[0-3] 
[0-3] </body></html>
[0-3] 2026-02-01T11:25:35.202Z INFO webdriver: COMMAND findElement("css selector", "[data-testid="nav-my-servers"]")
[0-3] 2026-02-01T11:25:35.202Z INFO webdriver: [POST] http://localhost:4444/session/fef445b943e70d7af9194aa0ec1339b3/element
[0-3] 2026-02-01T11:25:35.202Z INFO webdriver: DATA {"using":"css selector","value":"[data-testid=\"nav-my-servers\"]"}
[0-3] 2026-02-01T11:25:35.213Z INFO webdriver: RESULT {
[0-3]   'element-6066-11e4-a52e-4f735466cecf': 'f.851AA1EA8923BE829544670956E8EE51.d.D087279AD0554F31DA09936CA3F35FC4.e.143'
[0-3] }
[0-3] 2026-02-01T11:25:35.215Z INFO webdriver: COMMAND elementClick("f.851AA1EA8923BE829544670956E8EE51.d.D087279AD0554F31DA09936CA3F35FC4.e.143")
[0-3] 2026-02-01T11:25:35.216Z INFO webdriver: [POST] http://localhost:4444/session/fef445b943e70d7af9194aa0ec1339b3/element/f.851AA1EA8923BE829544670956E8EE51.d.D087279AD0554F31DA09936CA3F35FC4.e.143/click
[0-3] 2026-02-01T11:25:35.216Z INFO webdriver: DATA {}
[0-3] 2026-02-01T11:25:35.286Z INFO webdriver: RESULT null
[0-3] 2026-02-01T11:25:35.287Z INFO webdriver: COMMAND takeScreenshot()
[0-3] 2026-02-01T11:25:35.287Z INFO webdriver: [GET] http://localhost:4444/session/fef445b943e70d7af9194aa0ec1339b3/screenshot
[0-3] 2026-02-01T11:25:35.465Z INFO webdriver: RESULT iVBORw0KGgoAAAANSUhEUgAACWAAAAWmCAIAAACDPgzkAAAQAElEQVR4nOzdC...
[0-3] 2026-02-01T11:25:37.293Z INFO webdriver: COMMAND findElement("css selector", "[data-testid="disable-server-echo-server"]")
[0-3] 2026-02-01T11:25:37.293Z INFO webdriver: [POST] http://localhost:4444/session/fef445b943e70d7af9194aa0ec1339b3/element
[0-3] 2026-02-01T11:25:37.293Z INFO webdriver: DATA {"using":"css selector","value":"[data-testid=\"disable-server-echo-server\"]"}
[0-3] 2026-02-01T11:25:37.312Z INFO webdriver: RESULT {
[0-3]   'element-6066-11e4-a52e-4f735466cecf': 'f.851AA1EA8923BE829544670956E8EE51.d.D087279AD0554F31DA09936CA3F35FC4.e.268'
[0-3] }
[0-3] 2026-02-01T11:25:37.315Z INFO webdriver: COMMAND executeScript(<fn>, <object>)
[0-3] 2026-02-01T11:25:37.315Z INFO webdriver: [POST] http://localhost:4444/session/fef445b943e70d7af9194aa0ec1339b3/execute/sync
[0-3] 2026-02-01T11:25:37.315Z INFO webdriver: DATA {"script":"\n            function webdriverioPolyfill() {\n  var __defProp = Object.defineProperty;\n  var __name = function(target, _value) {\n    return __defProp(target, \"name\", { value: _value, configurable: true });\n  };\n  var __globalThis = typeof globalThis === \"object\" && globalThis || typeof window === \"object\" && window;\n  __globalThis.__name = __name;\n}\n            webdriverioPolyfill();\n            return (function(elem) {\n      try {\n        const style = window.getComputedStyle(elem);\n        return { value: style?.display ?? \"\" };\n      } catch {\n        if (typeof elem.isConnected === \"boolean\" && !elem.isConnected) {\n          throw new Error(\"stale element reference: element is not attached to the page document\");\n        }\n        return { value: \"\" };\n      }\n    }).apply(null, arguments)\n        ","args":[{"element-6066-11e4-a52e-4f735466cecf":"f.851AA1EA8923BE829544670956E8EE51.d.D087279AD0554F31DA09936CA3F35FC4.e.268","ELEMENT":"f.851AA1EA8923BE829544670956E8EE51.d.D087279AD0554F31DA09936CA3F35FC4.e.268"}]}
[0-3] 2026-02-01T11:25:37.317Z INFO webdriver: COMMAND executeScript(<fn>, <object>)
[0-3] 2026-02-01T11:25:37.318Z INFO webdriver: [POST] http://localhost:4444/session/fef445b943e70d7af9194aa0ec1339b3/execute/sync
[0-3] 2026-02-01T11:25:37.318Z INFO webdriver: DATA {"script":"\n            function webdriverioPolyfill() {\n  var __defProp = Object.defineProperty;\n  var __name = function(target, _value) {\n    return __defProp(target, \"name\", { value: _value, configurable: true });\n  };\n  var __globalThis = typeof globalThis === \"object\" && globalThis || typeof window === \"object\" && window;\n  __globalThis.__name = __name;\n}\n            webdriverioPolyfill();\n            return (function checkVisibility(elem, params) {\n      if (typeof elem.checkVisibility === \"function\") {\n        return elem.checkVisibility(params);\n      }\n      return null;\n    }).apply(null, arguments)\n        ","args":[{"element-6066-11e4-a52e-4f735466cecf":"f.851AA1EA8923BE829544670956E8EE51.d.D087279AD0554F31DA09936CA3F35FC4.e.268","ELEMENT":"f.851AA1EA8923BE829544670956E8EE51.d.D087279AD0554F31DA09936CA3F35FC4.e.268"},{"withinViewport":false,"contentVisibilityAuto":true,"opacityProperty":true,"visibilityProperty":true}]}
[0-3] 2026-02-01T11:25:37.329Z INFO webdriver: RESULT { value: 'block' }
[0-3] 2026-02-01T11:25:37.330Z INFO webdriver: COMMAND takeScreenshot()
[0-3] 2026-02-01T11:25:37.330Z INFO webdriver: [GET] http://localhost:4444/session/fef445b943e70d7af9194aa0ec1339b3/screenshot
[0-3] 2026-02-01T11:25:37.335Z INFO webdriver: RESULT true
[0-3] 2026-02-01T11:25:37.336Z INFO webdriver: COMMAND elementClick("f.851AA1EA8923BE829544670956E8EE51.d.D087279AD0554F31DA09936CA3F35FC4.e.268")
[0-3] 2026-02-01T11:25:37.336Z INFO webdriver: [POST] http://localhost:4444/session/fef445b943e70d7af9194aa0ec1339b3/element/f.851AA1EA8923BE829544670956E8EE51.d.D087279AD0554F31DA09936CA3F35FC4.e.268/click
[0-3] 2026-02-01T11:25:37.336Z INFO webdriver: DATA {}
[0-3] 2026-02-01T11:25:37.337Z INFO webdriver: COMMAND takeScreenshot()
[0-3] 2026-02-01T11:25:37.337Z INFO webdriver: [GET] http://localhost:4444/session/fef445b943e70d7af9194aa0ec1339b3/screenshot
[0-3] 2026-02-01T11:25:37.503Z INFO webdriver: RESULT iVBORw0KGgoAAAANSUhEUgAACWAAAAWmCAIAAACDPgzkAAAQAElEQVR4nOzdC...
[0-3] 2026-02-01T11:25:37.571Z INFO webdriver: RESULT null
[0-3] 2026-02-01T11:25:37.571Z INFO webdriver: COMMAND takeScreenshot()
[0-3] 2026-02-01T11:25:37.571Z INFO webdriver: [GET] http://localhost:4444/session/fef445b943e70d7af9194aa0ec1339b3/screenshot
[0-3] 2026-02-01T11:25:37.707Z INFO webdriver: RESULT iVBORw0KGgoAAAANSUhEUgAACWAAAAWmCAIAAACDPgzkAAAQAElEQVR4nOzdC...
[0-3] 2026-02-01T11:25:37.868Z INFO webdriver: RESULT iVBORw0KGgoAAAANSUhEUgAACWAAAAWmCAIAAACDPgzkAAAQAElEQVR4nOzdC...
[0-3] 2026-02-01T11:25:39.573Z INFO webdriver: COMMAND findElement("css selector", "[data-testid="nav-featuresets"]")
[0-3] 2026-02-01T11:25:39.573Z INFO webdriver: [POST] http://localhost:4444/session/fef445b943e70d7af9194aa0ec1339b3/element
[0-3] 2026-02-01T11:25:39.574Z INFO webdriver: DATA {"using":"css selector","value":"[data-testid=\"nav-featuresets\"]"}
[0-3] 2026-02-01T11:25:39.588Z INFO webdriver: RESULT {
[0-3]   'element-6066-11e4-a52e-4f735466cecf': 'f.851AA1EA8923BE829544670956E8EE51.d.D087279AD0554F31DA09936CA3F35FC4.e.21'
[0-3] }
[0-3] 2026-02-01T11:25:39.590Z INFO webdriver: COMMAND elementClick("f.851AA1EA8923BE829544670956E8EE51.d.D087279AD0554F31DA09936CA3F35FC4.e.21")
[0-3] 2026-02-01T11:25:39.591Z INFO webdriver: [POST] http://localhost:4444/session/fef445b943e70d7af9194aa0ec1339b3/element/f.851AA1EA8923BE829544670956E8EE51.d.D087279AD0554F31DA09936CA3F35FC4.e.21/click
[0-3] 2026-02-01T11:25:39.591Z INFO webdriver: DATA {}
[0-3] 2026-02-01T11:25:39.661Z INFO webdriver: RESULT null
[0-3] 2026-02-01T11:25:39.662Z INFO webdriver: COMMAND takeScreenshot()
[0-3] 2026-02-01T11:25:39.662Z INFO webdriver: [GET] http://localhost:4444/session/fef445b943e70d7af9194aa0ec1339b3/screenshot
[0-3] 2026-02-01T11:25:39.818Z INFO webdriver: RESULT iVBORw0KGgoAAAANSUhEUgAACWAAAAWmCAIAAACDPgzkAAAQAElEQVR4nOzdC...
[0-3] 2026-02-01T11:25:41.670Z INFO webdriver: COMMAND takeScreenshot()
[0-3] 2026-02-01T11:25:41.670Z INFO webdriver: [GET] http://localhost:4444/session/fef445b943e70d7af9194aa0ec1339b3/screenshot
[0-3] 2026-02-01T11:25:41.821Z INFO webdriver: RESULT iVBORw0KGgoAAAANSUhEUgAACWAAAAWmCAIAAACDPgzkAAAQAElEQVR4nOzdB...
[0-3] 2026-02-01T11:25:41.823Z INFO webdriver: COMMAND getPageSource()
[0-3] 2026-02-01T11:25:41.823Z INFO webdriver: [GET] http://localhost:4444/session/fef445b943e70d7af9194aa0ec1339b3/source
[0-3] 2026-02-01T11:25:41.830Z INFO webdriver: RESULT <html lang="en"><head>
[0-3]     <meta charset="UTF-8">
[0-3]     <link rel="icon" type="image/svg+xml" href="/mcpmux.svg">
[0-3]     <meta name="viewport" content="width=device-width, initial-scale=1.0">
[0-3]     <title>McpMux</title>
[0-3]     <script type="module" crossorigin="" src="/assets/index-CiZJOwjC.js"></script>
[0-3]     <link rel="stylesheet" crossorigin="" href="/assets/index-Df7hU3Vb.css">
[0-3]   </head>
[0-3] 
[0-3]   <body>
[0-3]     <div id="root"><div class="flex h-screen flex-col overflow-hidden bg-[rgb(var(--background))]"><div class="drag-region h-8 flex-shrink-0 bg-[rgb(var(--surface))] border-b border-[rgb(var(--border-subtle))]"></div><div class="flex flex-1 overflow-hidden"><aside class="w-60 flex-shrink-0 border-r border-[rgb(var(--border-subtle))]"><nav class="flex h-full flex-col bg-[rgb(var(--surface))]"><div class="flex-shrink-0 p-4 border-b border-[rgb(var(--border-subtle))]"><div class="space-y-3"><div class="flex items-center justify-between"><div class="flex items-center gap-2"><svg xmlns="http://www.w3.org/2000/svg" width="24" height="24" viewBox="0 0 24 24" fill="none" stroke="currentColor" stroke-width="2" stroke-linecap="round" stroke-linejoin="round" class="lucide lucide-zap h-6 w-6 text-primary-500" aria-hidden="true"><path d="M4 14a1 1 0 0 1-.78-1.63l9.9-10.2a.5.5 0 0 1 .86.46l-1.92 6.02A1 1 0 0 0 13 10h7a1 1 0 0 1 .78 1.63l-9.9 10.2a.5.5 0 0 1-.86-.46l1.92-6.02A1 1 0 0 0 11 14z"></path></svg><span class="font-bold text-lg">McpMux</span></div><button class="p-1.5 rounded-lg hover:bg-surface-hover transition-colors" title="Dark mode"><svg xmlns="http://www.w3.org/2000/svg" width="24" height="24" viewBox="0 0 24 24" fill="none" stroke="currentColor" stroke-width="2" stroke-linecap="round" stroke-linejoin="round" class="lucide lucide-moon h-4 w-4" aria-hidden="true"><path d="M20.985 12.486a9 9 0 1 1-9.473-9.472c.405-.022.617.46.402.803a6 6 0 0 0 8.268 8.268c.344-.215.825-.004.803.401"></path></svg></button></div><div class="relative w-full"><button class="w-full flex items-center justify-between gap-2 px-3 py-2.5 rounded-xl border border-[rgb(var(--border))] bg-[rgb(var(--surface))] hover:bg-[rgb(var(--surface-hover))] hover:border-[rgb(var(--primary))/30] transition-all duration-150 group"><span class="flex items-center gap-3 min-w-0"><span class="text-xl">≡ƒÅá</span><span class="font-medium text-sm truncate">Personal</span></span><svg xmlns="http://www.w3.org/2000/svg" width="24" height="24" viewBox="0 0 24 24" fill="none" stroke="currentColor" stroke-width="2" stroke-linecap="round" stroke-linejoin="round" class="lucide lucide-chevron-down h-4 w-4 flex-shrink-0 text-[rgb(var(--muted))] group-hover:text-[rgb(var(--foreground))] transition-all duration-200" aria-hidden="true"><path d="m6 9 6 6 6-6"></path></svg></button></div></div></div><div class="flex-1 overflow-y-auto p-3"><div class="mb-6"><div class="space-y-0.5"><button data-testid="nav-dashboard" class="flex w-full items-center gap-3 rounded-lg px-3 py-2.5 text-sm font-medium transition-all duration-150 text-[rgb(var(--muted))] hover:text-[rgb(var(--foreground))] hover:bg-[rgb(var(--surface-hover))]"><span class="h-5 w-5 flex items-center justify-center transition-colors"><svg xmlns="http://www.w3.org/2000/svg" width="24" height="24" viewBox="0 0 24 24" fill="none" stroke="currentColor" stroke-width="2" stroke-linecap="round" stroke-linejoin="round" class="lucide lucide-house h-4 w-4" aria-hidden="true"><path d="M15 21v-8a1 1 0 0 0-1-1h-4a1 1 0 0 0-1 1v8"></path><path d="M3 10a2 2 0 0 1 .709-1.528l7-6a2 2 0 0 1 2.582 0l7 6A2 2 0 0 1 21 10v9a2 2 0 0 1-2 2H5a2 2 0 0 1-2-2z"></path></svg></span><span>Dashboard</span></button><button data-testid="nav-my-servers" class="flex w-full items-center gap-3 rounded-lg px-3 py-2.5 text-sm font-medium transition-all duration-150 text-[rgb(var(--muted))] hover:text-[rgb(var(--foreground))] hover:bg-[rgb(var(--surface-hover))]"><span class="h-5 w-5 flex items-center justify-center transition-colors"><svg xmlns="http://www.w3.org/2000/svg" width="24" height="24" viewBox="0 0 24 24" fill="none" stroke="currentColor" stroke-width="2" stroke-linecap="round" stroke-linejoin="round" class="lucide lucide-zap h-4 w-4" aria-hidden="true"><path d="M4 14a1 1 0 0 1-.78-1.63l9.9-10.2a.5.5 0 0 1 .86.46l-1.92 6.02A1 1 0 0 0 13 10h7a1 1 0 0 1 .78 1.63l-9.9 10.2a.5.5 0 0 1-.86-.46l1.92-6.02A1 1 0 0 0 11 14z"></path></svg></span><span>My Servers</span></button><button data-testid="nav-discover" class="flex w-full items-center gap-3 rounded-lg px-3 py-2.5 text-sm font-medium transition-all duration-150 text-[rgb(var(--muted))] hover:text-[rgb(var(--foreground))] hover:bg-[rgb(var(--surface-hover))]"><span class="h-5 w-5 flex items-center justify-center transition-colors"><svg xmlns="http://www.w3.org/2000/svg" width="24" height="24" viewBox="0 0 24 24" fill="none" stroke="currentColor" stroke-width="2" stroke-linecap="round" stroke-linejoin="round" class="lucide lucide-server h-4 w-4" aria-hidden="true"><rect width="20" height="8" x="2" y="2" rx="2" ry="2"></rect><rect width="20" height="8" x="2" y="14" rx="2" ry="2"></rect><line x1="6" x2="6.01" y1="6" y2="6"></line><line x1="6" x2="6.01" y1="18" y2="18"></line></svg></span><span>Discover</span></button></div></div><div class="mb-6"><h3 class="mb-2 px-3 text-[11px] font-semibold uppercase tracking-wider text-[rgb(var(--muted-foreground))]">Workspaces</h3><div class="space-y-0.5"><button data-testid="nav-spaces" class="flex w-full items-center gap-3 rounded-lg px-3 py-2.5 text-sm font-medium transition-all duration-150 text-[rgb(var(--muted))] hover:text-[rgb(var(--foreground))] hover:bg-[rgb(var(--surface-hover))]"><span class="h-5 w-5 flex items-center justify-center transition-colors"><svg xmlns="http://www.w3.org/2000/svg" width="24" height="24" viewBox="0 0 24 24" fill="none" stroke="currentColor" stroke-width="2" stroke-linecap="round" stroke-linejoin="round" class="lucide lucide-globe h-4 w-4" aria-hidden="true"><circle cx="12" cy="12" r="10"></circle><path d="M12 2a14.5 14.5 0 0 0 0 20 14.5 14.5 0 0 0 0-20"></path><path d="M2 12h20"></path></svg></span><span>Spaces</span></button><button data-testid="nav-featuresets" class="flex w-full items-center gap-3 rounded-lg px-3 py-2.5 text-sm font-medium transition-all duration-150 hover:text-[rgb(var(--foreground))] bg-[rgb(var(--primary))/10] text-[rgb(var(--primary))] hover:bg-[rgb(var(--primary))/15]"><span class="h-5 w-5 flex items-center justify-center transition-colors text-[rgb(var(--primary))]"><svg xmlns="http://www.w3.org/2000/svg" width="24" height="24" viewBox="0 0 24 24" fill="none" stroke="currentColor" stroke-width="2" stroke-linecap="round" stroke-linejoin="round" class="lucide lucide-wrench h-4 w-4" aria-hidden="true"><path d="M14.7 6.3a1 1 0 0 0 0 1.4l1.6 1.6a1 1 0 0 0 1.4 0l3.106-3.105c.32-.322.863-.22.983.218a6 6 0 0 1-8.259 7.057l-7.91 7.91a1 1 0 0 1-2.999-3l7.91-7.91a6 6 0 0 1 7.057-8.259c.438.12.54.662.219.984z"></path></svg></span><span>FeatureSets</span></button></div></div><div class="mb-6"><h3 class="mb-2 px-3 text-[11px] font-semibold uppercase tracking-wider text-[rgb(var(--muted-foreground))]">Connections</h3><div class="space-y-0.5"><button data-testid="nav-clients" class="flex w-full items-center gap-3 rounded-lg px-3 py-2.5 text-sm font-medium transition-all duration-150 text-[rgb(var(--muted))] hover:text-[rgb(var(--foreground))] hover:bg-[rgb(var(--surface-hover))]"><span class="h-5 w-5 flex items-center justify-center transition-colors"><svg xmlns="http://www.w3.org/2000/svg" width="24" height="24" viewBox="0 0 24 24" fill="none" stroke="currentColor" stroke-width="2" stroke-linecap="round" stroke-linejoin="round" class="lucide lucide-monitor h-4 w-4" aria-hidden="true"><rect width="20" height="14" x="2" y="3" rx="2"></rect><line x1="8" x2="16" y1="21" y2="21"></line><line x1="12" x2="12" y1="17" y2="21"></line></svg></span><span>Clients</span></button></div></div><div class="mb-6"><div class="space-y-0.5"><button data-testid="nav-settings" class="flex w-full items-center gap-3 rounded-lg px-3 py-2.5 text-sm font-medium transition-all duration-150 text-[rgb(var(--muted))] hover:text-[rgb(var(--foreground))] hover:bg-[rgb(var(--surface-hover))]"><span class="h-5 w-5 flex items-center justify-center transition-colors"><svg xmlns="http://www.w3.org/2000/svg" width="24" height="24" viewBox="0 0 24 24" fill="none" stroke="currentColor" stroke-width="2" stroke-linecap="round" stroke-linejoin="round" class="lucide lucide-settings h-4 w-4" aria-hidden="true"><path d="M9.671 4.136a2.34 2.34 0 0 1 4.659 0 2.34 2.34 0 0 0 3.319 1.915 2.34 2.34 0 0 1 2.33 4.033 2.34 2.34 0 0 0 0 3.831 2.34 2.34 0 0 1-2.33 4.033 2.34 2.34 0 0 0-3.319 1.915 2.34 2.34 0 0 1-4.659 0 2.34 2.34 0 0 0-3.32-1.915 2.34 2.34 0 0 1-2.33-4.033 2.34 2.34 0 0 0 0-3.831A2.34 2.34 0 0 1 6.35 6.051a2.34 2.34 0 0 0 3.319-1.915"></path><circle cx="12" cy="12" r="3"></circle></svg></span><span>Settings</span></button></div></div></div><div class="flex-shrink-0 p-4 border-t border-[rgb(var(--border-subtle))]"><div class="text-xs text-[rgb(var(--muted))]"><div>McpMux v0.1.0</div><div>Gateway: localhost:9315</div></div></div></nav></aside><main class="flex-1 overflow-auto p-6 bg-[rgb(var(--background))]"><div class="animate-fade-in"><div class="h-full flex flex-col relative"><div class="flex-shrink-0 p-8 border-b border-[rgb(var(--border-subtle))]"><div class="max-w-[2000px] mx-auto"><div class="flex flex-col sm:flex-row sm:items-start sm:justify-between gap-4 mb-6"><div class="flex-1 min-w-0"><div class="flex flex-wrap items-center gap-3 mb-2"><h1 class="text-3xl font-bold">Feature Sets</h1><span class="px-2 py-0.5 rounded-full bg-[rgb(var(--surface-elevated))] text-xs border border-[rgb(var(--border))] whitespace-nowrap">≡ƒÅá Personal</span></div><p class="text-base text-[rgb(var(--muted))]">Manage reusable collections of features, prompts, and resources</p></div><div class="flex gap-3 flex-shrink-0"><button class="inline-flex items-center justify-center gap-2 rounded-lg font-medium transition-all duration-150 ease-out focus-visible:outline-none focus-visible:ring-2 focus-visible:ring-[rgb(var(--primary))] focus-visible:ring-offset-2 disabled:pointer-events-none disabled:opacity-50 active:scale-[0.98] text-[rgb(var(--foreground))] hover:bg-[rgb(var(--surface-hover))] h-10 px-4"><svg xmlns="http://www.w3.org/2000/svg" width="24" height="24" viewBox="0 0 24 24" fill="none" stroke="currentColor" stroke-width="2" stroke-linecap="round" stroke-linejoin="round" class="lucide lucide-refresh-cw h-4 w-4 mr-2" aria-hidden="true"><path d="M3 12a9 9 0 0 1 9-9 9.75 9.75 0 0 1 6.74 2.74L21 8"></path><path d="M21 3v5h-5"></path><path d="M21 12a9 9 0 0 1-9 9 9.75 9.75 0 0 1-6.74-2.74L3 16"></path><path d="M8 16H3v5"></path></svg>Refresh</button><button class="inline-flex items-center justify-center gap-2 rounded-lg font-medium transition-all duration-150 ease-out focus-visible:outline-none focus-visible:ring-2 focus-visible:ring-[rgb(var(--primary))] focus-visible:ring-offset-2 disabled:pointer-events-none disabled:opacity-50 active:scale-[0.98] bg-[rgb(var(--primary))] text-[rgb(var(--primary-foreground))] hover:bg-[rgb(var(--primary-hover))] shadow-sm hover:shadow h-10 px-4"><svg xmlns="http://www.w3.org/2000/svg" width="24" height="24" viewBox="0 0 24 24" fill="none" stroke="currentColor" stroke-width="2" stroke-linecap="round" stroke-linejoin="round" class="lucide lucide-plus h-4 w-4 mr-2" aria-hidden="true"><path d="M5 12h14"></path><path d="M12 5v14"></path></svg>Create Feature Set</button></div></div><div class="relative max-w-3xl"><svg xmlns="http://www.w3.org/2000/svg" width="24" height="24" viewBox="0 0 24 24" fill="none" stroke="currentColor" stroke-width="2" stroke-linecap="round" stroke-linejoin="round" class="lucide lucide-search absolute left-4 top-1/2 -translate-y-1/2 h-5 w-5 text-[rgb(var(--muted))]" aria-hidden="true"><path d="m21 21-4.34-4.34"></path><circle cx="11" cy="11" r="8"></circle></svg><input placeholder="Search feature sets..." class="w-full pl-12 pr-4 py-3 text-base bg-[rgb(var(--surface))] border border-[rgb(var(--border))] rounded-xl focus:outline-none focus:ring-2 focus:ring-primary-500 focus:border-primary-500 transition-all" type="text" value=""></div></div></div><div class="flex-1 overflow-auto px-8 py-8"><div class="max-w-[2000px] mx-auto"><div class="grid gap-5 auto-fill-cards"><div class="rounded-xl border border-[rgb(var(--border-subtle))] bg-[rgb(var(--card))] p-6 shadow-[0_1px_3px_0_rgb(0_0_0/0.1),0_1px_2px_-1px_rgb(0_0_0/0.1)] dark:shadow-[0_1px_3px_0_rgb(0_0_0/0.3),0_1px_2px_-1px_rgb(0_0_0/0.2)] cursor-pointer transition-all hover:shadow-lg hover:scale-[1.01]"><div class="p-6"><div class="flex items-start gap-4 mb-5"><div class="w-16 h-16 flex items-center justify-center bg-[rgb(var(--surface))] rounded-xl flex-shrink-0 border border-[rgb(var(--border-subtle))]"><span class="text-xl">≡ƒîÉ</span></div><div class="flex-1 min-w-0"><h3 class="font-semibold text-lg truncate mb-1.5 flex items-center gap-2">All Features</h3><span class="inline-flex items-center px-2.5 py-0.5 rounded-full text-xs font-medium bg-blue-100 dark:bg-blue-900/30 text-blue-700 dark:text-blue-300">All Features</span></div></div><p class="text-sm text-[rgb(var(--muted))] line-clamp-2 mb-4 h-10">All features from all connected MCP servers in this space</p><div class="flex items-center justify-between text-xs text-[rgb(var(--muted))] border-t border-[rgb(var(--border-subtle))] pt-4"><div class="flex items-center gap-1.5"><span class="italic">All features</span></div><span class="italic">Auto-managed</span></div></div></div><div class="rounded-xl border border-[rgb(var(--border-subtle))] bg-[rgb(var(--card))] p-6 shadow-[0_1px_3px_0_rgb(0_0_0/0.1),0_1px_2px_-1px_rgb(0_0_0/0.1)] dark:shadow-[0_1px_3px_0_rgb(0_0_0/0.3),0_1px_2px_-1px_rgb(0_0_0/0.2)] cursor-pointer transition-all hover:shadow-lg hover:scale-[1.01]"><div class="p-6"><div class="flex items-start gap-4 mb-5"><div class="w-16 h-16 flex items-center justify-center bg-[rgb(var(--surface))] rounded-xl flex-shrink-0 border border-[rgb(var(--border-subtle))]"><span class="text-xl">Γ¡É</span></div><div class="flex-1 min-w-0"><h3 class="font-semibold text-lg truncate mb-1.5 flex items-center gap-2">Default</h3><span class="inline-flex items-center px-2.5 py-0.5 rounded-full text-xs font-medium bg-blue-100 dark:bg-blue-900/30 text-blue-700 dark:text-blue-300">Default</span></div></div><p class="text-sm text-[rgb(var(--muted))] line-clamp-2 mb-4 h-10">Features automatically granted to all connected clients in this space</p><div class="flex items-center justify-between text-xs text-[rgb(var(--muted))] border-t border-[rgb(var(--border-subtle))] pt-4"><div class="flex items-center gap-1.5"><span>0 members</span></div><span class="flex items-center gap-1 hover:text-primary-500 transition-colors">Configure <svg xmlns="http://www.w3.org/2000/svg" width="24" height="24" viewBox="0 0 24 24" fill="none" stroke="currentColor" stroke-width="2" stroke-linecap="round" stroke-linejoin="round" class="lucide lucide-settings h-3 w-3" aria-hidden="true"><path d="M9.671 4.136a2.34 2.34 0 0 1 4.659 0 2.34 2.34 0 0 0 3.319 1.915 2.34 2.34 0 0 1 2.33 4.033 2.34 2.34 0 0 0 0 3.831 2.34 2.34 0 0 1-2.33 4.033 2.34 2.34 0 0 0-3.319 1.915 2.34 2.34 0 0 1-4.659 0 2.34 2.34 0 0 0-3.32-1.915 2.34 2.34 0 0 1-2.33-4.033 2.34 2.34 0 0 0 0-3.831A2.34 2.34 0 0 1 6.35 6.051a2.34 2.34 0 0 0 3.319-1.915"></path><circle cx="12" cy="12" r="3"></circle></svg></span></div></div></div></div></div></div></div></div></main></div><div class="h-7 flex-shrink-0 border-t border-[rgb(var(--border-subtle))] bg-[rgb(var(--surface))] px-4"><div class="flex h-full items-center justify-between text-xs text-[rgb(var(--muted))]"><div class="flex items-center gap-4"><span class="flex items-center gap-1.5"><span class="h-2 w-2 rounded-full bg-green-500"></span>Gateway Active</span><span>Active Space: Personal</span></div><div class="flex items-center gap-4"><span>5 Servers ΓÇó 97 Tools</span></div></div></div></div></div>
[0-3] 
[0-3]   
[0-3] 
[0-3] </body></html>
[0-3] 2026-02-01T11:25:41.833Z INFO webdriver: COMMAND findElement("css selector", "[data-testid="nav-discover"]")
[0-3] 2026-02-01T11:25:41.833Z INFO webdriver: [POST] http://localhost:4444/session/fef445b943e70d7af9194aa0ec1339b3/element
[0-3] 2026-02-01T11:25:41.833Z INFO webdriver: DATA {"using":"css selector","value":"[data-testid=\"nav-discover\"]"}
[0-3] 2026-02-01T11:25:41.844Z INFO webdriver: RESULT {
[0-3]   'element-6066-11e4-a52e-4f735466cecf': 'f.851AA1EA8923BE829544670956E8EE51.d.D087279AD0554F31DA09936CA3F35FC4.e.54'
[0-3] }
[0-3] 2026-02-01T11:25:41.847Z INFO webdriver: COMMAND elementClick("f.851AA1EA8923BE829544670956E8EE51.d.D087279AD0554F31DA09936CA3F35FC4.e.54")
[0-3] 2026-02-01T11:25:41.847Z INFO webdriver: [POST] http://localhost:4444/session/fef445b943e70d7af9194aa0ec1339b3/element/f.851AA1EA8923BE829544670956E8EE51.d.D087279AD0554F31DA09936CA3F35FC4.e.54/click
[0-3] 2026-02-01T11:25:41.847Z INFO webdriver: DATA {}
[0-3] 2026-02-01T11:25:41.925Z INFO webdriver: RESULT null
[0-3] 2026-02-01T11:25:41.925Z INFO webdriver: COMMAND takeScreenshot()
[0-3] 2026-02-01T11:25:41.925Z INFO webdriver: [GET] http://localhost:4444/session/fef445b943e70d7af9194aa0ec1339b3/screenshot
[0-3] 2026-02-01T11:25:42.081Z INFO webdriver: RESULT iVBORw0KGgoAAAANSUhEUgAACWAAAAWmCAIAAACDPgzkAAAQAElEQVR4nOzdC...
[0-3] 2026-02-01T11:25:43.926Z INFO webdriver: COMMAND findElement("css selector", "[data-testid="search-input"]")
[0-3] 2026-02-01T11:25:43.926Z INFO webdriver: [POST] http://localhost:4444/session/fef445b943e70d7af9194aa0ec1339b3/element
[0-3] 2026-02-01T11:25:43.926Z INFO webdriver: DATA {"using":"css selector","value":"[data-testid=\"search-input\"]"}
[0-3] 2026-02-01T11:25:43.940Z INFO webdriver: RESULT {
[0-3]   'element-6066-11e4-a52e-4f735466cecf': 'f.851AA1EA8923BE829544670956E8EE51.d.D087279AD0554F31DA09936CA3F35FC4.e.324'
[0-3] }
[0-3] 2026-02-01T11:25:43.942Z INFO webdriver: COMMAND elementClear("f.851AA1EA8923BE829544670956E8EE51.d.D087279AD0554F31DA09936CA3F35FC4.e.324")
[0-3] 2026-02-01T11:25:43.943Z INFO webdriver: [POST] http://localhost:4444/session/fef445b943e70d7af9194aa0ec1339b3/element/f.851AA1EA8923BE829544670956E8EE51.d.D087279AD0554F31DA09936CA3F35FC4.e.324/clear
[0-3] 2026-02-01T11:25:43.943Z INFO webdriver: DATA {}
[0-3] 2026-02-01T11:25:43.972Z INFO webdriver: RESULT null
[0-3] 2026-02-01T11:25:43.972Z INFO webdriver: COMMAND takeScreenshot()
[0-3] 2026-02-01T11:25:43.972Z INFO webdriver: [GET] http://localhost:4444/session/fef445b943e70d7af9194aa0ec1339b3/screenshot
[0-3] 2026-02-01T11:25:44.137Z INFO webdriver: RESULT iVBORw0KGgoAAAANSUhEUgAACWAAAAWmCAIAAACDPgzkAAAQAElEQVR4nOzdC...
[0-3] 2026-02-01T11:25:44.274Z INFO webdriver: COMMAND elementClear("f.851AA1EA8923BE829544670956E8EE51.d.D087279AD0554F31DA09936CA3F35FC4.e.324")
[0-3] 2026-02-01T11:25:44.275Z INFO webdriver: [POST] http://localhost:4444/session/fef445b943e70d7af9194aa0ec1339b3/element/f.851AA1EA8923BE829544670956E8EE51.d.D087279AD0554F31DA09936CA3F35FC4.e.324/clear
[0-3] 2026-02-01T11:25:44.275Z INFO webdriver: DATA {}
[0-3] 2026-02-01T11:25:44.314Z INFO webdriver: RESULT null
[0-3] 2026-02-01T11:25:44.314Z INFO webdriver: COMMAND elementSendKeys("f.851AA1EA8923BE829544670956E8EE51.d.D087279AD0554F31DA09936CA3F35FC4.e.324", "<Screenshot[base64]>")
[0-3] 2026-02-01T11:25:44.314Z INFO webdriver: [POST] http://localhost:4444/session/fef445b943e70d7af9194aa0ec1339b3/element/f.851AA1EA8923BE829544670956E8EE51.d.D087279AD0554F31DA09936CA3F35FC4.e.324/value
[0-3] 2026-02-01T11:25:44.314Z INFO webdriver: DATA {"text":"Echo"}
[0-3] 2026-02-01T11:25:44.315Z INFO webdriver: COMMAND takeScreenshot()
[0-3] 2026-02-01T11:25:44.315Z INFO webdriver: [GET] http://localhost:4444/session/fef445b943e70d7af9194aa0ec1339b3/screenshot
[0-3] 2026-02-01T11:25:44.362Z INFO webdriver: RESULT null
[0-3] 2026-02-01T11:25:44.364Z INFO webdriver: COMMAND takeScreenshot()
[0-3] 2026-02-01T11:25:44.364Z INFO webdriver: [GET] http://localhost:4444/session/fef445b943e70d7af9194aa0ec1339b3/screenshot
[0-3] 2026-02-01T11:25:44.521Z INFO webdriver: RESULT iVBORw0KGgoAAAANSUhEUgAACWAAAAWmCAIAAACDPgzkAAAQAElEQVR4nOzdC...
[0-3] 2026-02-01T11:25:44.655Z INFO webdriver: RESULT iVBORw0KGgoAAAANSUhEUgAACWAAAAWmCAIAAACDPgzkAAAQAElEQVR4nOzdC...
[0-3] 2026-02-01T11:25:45.371Z INFO webdriver: COMMAND findElement("css selector", "[data-testid="uninstall-btn-echo-server"]")
[0-3] 2026-02-01T11:25:45.372Z INFO webdriver: [POST] http://localhost:4444/session/fef445b943e70d7af9194aa0ec1339b3/element
[0-3] 2026-02-01T11:25:45.372Z INFO webdriver: DATA {"using":"css selector","value":"[data-testid=\"uninstall-btn-echo-server\"]"}
[0-3] 2026-02-01T11:25:45.390Z INFO webdriver: RESULT {
[0-3]   'element-6066-11e4-a52e-4f735466cecf': 'f.851AA1EA8923BE829544670956E8EE51.d.D087279AD0554F31DA09936CA3F35FC4.e.323'
[0-3] }
[0-3] 2026-02-01T11:25:45.394Z INFO webdriver: COMMAND executeScript(<fn>, <object>)
[0-3] 2026-02-01T11:25:45.395Z INFO webdriver: [POST] http://localhost:4444/session/fef445b943e70d7af9194aa0ec1339b3/execute/sync
[0-3] 2026-02-01T11:25:45.395Z INFO webdriver: DATA {"script":"\n            function webdriverioPolyfill() {\n  var __defProp = Object.defineProperty;\n  var __name = function(target, _value) {\n    return __defProp(target, \"name\", { value: _value, configurable: true });\n  };\n  var __globalThis = typeof globalThis === \"object\" && globalThis || typeof window === \"object\" && window;\n  __globalThis.__name = __name;\n}\n            webdriverioPolyfill();\n            return (function(elem) {\n      try {\n        const style = window.getComputedStyle(elem);\n        return { value: style?.display ?? \"\" };\n      } catch {\n        if (typeof elem.isConnected === \"boolean\" && !elem.isConnected) {\n          throw new Error(\"stale element reference: element is not attached to the page document\");\n        }\n        return { value: \"\" };\n      }\n    }).apply(null, arguments)\n        ","args":[{"element-6066-11e4-a52e-4f735466cecf":"f.851AA1EA8923BE829544670956E8EE51.d.D087279AD0554F31DA09936CA3F35FC4.e.323","ELEMENT":"f.851AA1EA8923BE829544670956E8EE51.d.D087279AD0554F31DA09936CA3F35FC4.e.323"}]}
[0-3] 2026-02-01T11:25:45.396Z INFO webdriver: COMMAND executeScript(<fn>, <object>)
[0-3] 2026-02-01T11:25:45.397Z INFO webdriver: [POST] http://localhost:4444/session/fef445b943e70d7af9194aa0ec1339b3/execute/sync
[0-3] 2026-02-01T11:25:45.397Z INFO webdriver: DATA {"script":"\n            function webdriverioPolyfill() {\n  var __defProp = Object.defineProperty;\n  var __name = function(target, _value) {\n    return __defProp(target, \"name\", { value: _value, configurable: true });\n  };\n  var __globalThis = typeof globalThis === \"object\" && globalThis || typeof window === \"object\" && window;\n  __globalThis.__name = __name;\n}\n            webdriverioPolyfill();\n            return (function checkVisibility(elem, params) {\n      if (typeof elem.checkVisibility === \"function\") {\n        return elem.checkVisibility(params);\n      }\n      return null;\n    }).apply(null, arguments)\n        ","args":[{"element-6066-11e4-a52e-4f735466cecf":"f.851AA1EA8923BE829544670956E8EE51.d.D087279AD0554F31DA09936CA3F35FC4.e.323","ELEMENT":"f.851AA1EA8923BE829544670956E8EE51.d.D087279AD0554F31DA09936CA3F35FC4.e.323"},{"withinViewport":false,"contentVisibilityAuto":true,"opacityProperty":true,"visibilityProperty":true}]}
[0-3] 2026-02-01T11:25:45.408Z INFO webdriver: RESULT { value: 'block' }
[0-3] 2026-02-01T11:25:45.409Z INFO webdriver: COMMAND takeScreenshot()
[0-3] 2026-02-01T11:25:45.409Z INFO webdriver: [GET] http://localhost:4444/session/fef445b943e70d7af9194aa0ec1339b3/screenshot
[0-3] 2026-02-01T11:25:45.416Z INFO webdriver: RESULT true
[0-3] 2026-02-01T11:25:45.417Z INFO webdriver: COMMAND executeScript(<fn>, <object>)
[0-3] 2026-02-01T11:25:45.418Z INFO webdriver: [POST] http://localhost:4444/session/fef445b943e70d7af9194aa0ec1339b3/execute/sync
[0-3] 2026-02-01T11:25:45.418Z INFO webdriver: DATA {"script":"\n            function webdriverioPolyfill() {\n  var __defProp = Object.defineProperty;\n  var __name = function(target, _value) {\n    return __defProp(target, \"name\", { value: _value, configurable: true });\n  };\n  var __globalThis = typeof globalThis === \"object\" && globalThis || typeof window === \"object\" && window;\n  __globalThis.__name = __name;\n}\n            webdriverioPolyfill();\n            return (function(elem) {\n      try {\n        const style = window.getComputedStyle(elem);\n        return { value: style?.display ?? \"\" };\n      } catch {\n        if (typeof elem.isConnected === \"boolean\" && !elem.isConnected) {\n          throw new Error(\"stale element reference: element is not attached to the page document\");\n        }\n        return { value: \"\" };\n      }\n    }).apply(null, arguments)\n        ","args":[{"element-6066-11e4-a52e-4f735466cecf":"f.851AA1EA8923BE829544670956E8EE51.d.D087279AD0554F31DA09936CA3F35FC4.e.323","ELEMENT":"f.851AA1EA8923BE829544670956E8EE51.d.D087279AD0554F31DA09936CA3F35FC4.e.323"}]}
[0-3] 2026-02-01T11:25:45.418Z INFO webdriver: COMMAND executeScript(<fn>, <object>)
[0-3] 2026-02-01T11:25:45.419Z INFO webdriver: [POST] http://localhost:4444/session/fef445b943e70d7af9194aa0ec1339b3/execute/sync
[0-3] 2026-02-01T11:25:45.419Z INFO webdriver: DATA {"script":"\n            function webdriverioPolyfill() {\n  var __defProp = Object.defineProperty;\n  var __name = function(target, _value) {\n    return __defProp(target, \"name\", { value: _value, configurable: true });\n  };\n  var __globalThis = typeof globalThis === \"object\" && globalThis || typeof window === \"object\" && window;\n  __globalThis.__name = __name;\n}\n            webdriverioPolyfill();\n            return (function checkVisibility(elem, params) {\n      if (typeof elem.checkVisibility === \"function\") {\n        return elem.checkVisibility(params);\n      }\n      return null;\n    }).apply(null, arguments)\n        ","args":[{"element-6066-11e4-a52e-4f735466cecf":"f.851AA1EA8923BE829544670956E8EE51.d.D087279AD0554F31DA09936CA3F35FC4.e.323","ELEMENT":"f.851AA1EA8923BE829544670956E8EE51.d.D087279AD0554F31DA09936CA3F35FC4.e.323"},{"withinViewport":false,"contentVisibilityAuto":true,"opacityProperty":true,"visibilityProperty":true}]}
[0-3] 2026-02-01T11:25:45.420Z INFO webdriver: COMMAND takeScreenshot()
[0-3] 2026-02-01T11:25:45.420Z INFO webdriver: [GET] http://localhost:4444/session/fef445b943e70d7af9194aa0ec1339b3/screenshot
[0-3] 2026-02-01T11:25:45.581Z INFO webdriver: RESULT iVBORw0KGgoAAAANSUhEUgAACWAAAAWmCAIAAACDPgzkAAAQAElEQVR4nOzdC...
[0-3] 2026-02-01T11:25:45.582Z INFO webdriver: RESULT { value: 'block' }
[0-3] 2026-02-01T11:25:45.583Z INFO webdriver: COMMAND takeScreenshot()
[0-3] 2026-02-01T11:25:45.583Z INFO webdriver: [GET] http://localhost:4444/session/fef445b943e70d7af9194aa0ec1339b3/screenshot
[0-3] 2026-02-01T11:25:45.742Z INFO webdriver: RESULT iVBORw0KGgoAAAANSUhEUgAACWAAAAWmCAIAAACDPgzkAAAQAElEQVR4nOzdC...
[0-3] 2026-02-01T11:25:45.742Z INFO webdriver: RESULT true
[0-3] 2026-02-01T11:25:45.743Z INFO webdriver: COMMAND executeScript(<fn>, <object>)
[0-3] 2026-02-01T11:25:45.743Z INFO webdriver: [POST] http://localhost:4444/session/fef445b943e70d7af9194aa0ec1339b3/execute/sync
[0-3] 2026-02-01T11:25:45.744Z INFO webdriver: DATA {"script":"\n            function webdriverioPolyfill() {\n  var __defProp = Object.defineProperty;\n  var __name = function(target, _value) {\n    return __defProp(target, \"name\", { value: _value, configurable: true });\n  };\n  var __globalThis = typeof globalThis === \"object\" && globalThis || typeof window === \"object\" && window;\n  __globalThis.__name = __name;\n}\n            webdriverioPolyfill();\n            return (function isElementClickable(elem) {\n  if (!elem.getBoundingClientRect || !elem.scrollIntoView || !elem.contains || !elem.getClientRects || !document.elementFromPoint) {\n    return false;\n  }\n  const isOldEdge = !!window.StyleMedia;\n  const scrollIntoViewFullSupport = !(window.safari || isOldEdge);\n  function getOverlappingElement(elem2, context) {\n    context = context || document;\n    const elemDimension = elem2.getBoundingClientRect();\n    const x = elemDimension.left + elem2.clientWidth / 2;\n    const y = elemDimension.top + elem2.clientHeight / 2;\n    return context.elementFromPoint(x, y);\n  }\n  function getOverlappingRects(elem2, context) {\n    context = context || document;\n    const rects = elem2.getClientRects();\n    const rect = rects[0];\n    const x = rect.left + rect.width / 2;\n    const y = rect.top + rect.height / 2;\n    return [context.elementFromPoint(x, y)];\n  }\n  function getOverlappingElements(elem2, context) {\n    return [getOverlappingElement(elem2, context)].concat(getOverlappingRects(elem2, context));\n  }\n  function nodeContains(elem2, otherNode) {\n    if (isOldEdge) {\n      let tmpElement = otherNode;\n      while (tmpElement) {\n        if (tmpElement === elem2) {\n          return true;\n        }\n        tmpElement = tmpElement.parentNode;\n        if (tmpElement && tmpElement.nodeType === 11 && tmpElement.host) {\n          tmpElement = tmpElement.host;\n        }\n      }\n      return false;\n    }\n    return elem2.contains(otherNode);\n  }\n  function isOverlappingElementMatch(elementsFromPoint, elem2) {\n    if (elementsFromPoint.some(function(elementFromPoint) {\n      return elementFromPoint === elem2 || nodeContains(elem2, elementFromPoint);\n    })) {\n      return true;\n    }\n    let elemsWithShadowRoot = [].concat(elementsFromPoint);\n    elemsWithShadowRoot = elemsWithShadowRoot.filter(function(x) {\n      return x && x.shadowRoot && x.shadowRoot.elementFromPoint;\n    });\n    let shadowElementsFromPoint = [];\n    for (let i = 0; i < elemsWithShadowRoot.length; ++i) {\n      const shadowElement = elemsWithShadowRoot[i];\n      shadowElementsFromPoint = shadowElementsFromPoint.concat(\n        getOverlappingElements(elem2, shadowElement.shadowRoot)\n      );\n    }\n    shadowElementsFromPoint = [].concat(shadowElementsFromPoint);\n    shadowElementsFromPoint = shadowElementsFromPoint.filter(function(x) {\n      return !elementsFromPoint.includes(x);\n    });\n    if (shadowElementsFromPoint.length === 0) {\n      return false;\n    }\n    return isOverlappingElementMatch(shadowElementsFromPoint, elem2);\n  }\n  function isElementInViewport(elem2) {\n    if (!elem2.getBoundingClientRect) {\n      return false;\n    }\n    const rect = elem2.getBoundingClientRect();\n    const windowHeight = window.innerHeight || document.documentElement.clientHeight;\n    const windowWidth = window.innerWidth || document.documentElement.clientWidth;\n    const vertInView = rect.top < windowHeight && rect.top + rect.height > 0;\n    const horInView = rect.left < windowWidth && rect.left + rect.width > 0;\n    return vertInView && horInView;\n  }\n  function isEnabled(elem2) {\n    return elem2.disabled !== true;\n  }\n  function hasOverlaps(elem2) {\n    return !isOverlappingElementMatch(getOverlappingElements(elem2), elem2);\n  }\n  function isFullyDisplayedInViewport(elem2) {\n    return isElementInViewport(elem2) && !hasOverlaps(elem2);\n  }\n  function getViewportScrollPositions() {\n    return {\n      x: window.scrollX !== null && window.scrollX !== void 0 ? window.scrollX : window.pageXOffset,\n      y: window.scrollY !== null && window.scrollY !== void 0 ? window.scrollY : window.pageYOffset\n    };\n  }\n  let _isFullyDisplayedInViewport = isFullyDisplayedInViewport(elem);\n  if (!_isFullyDisplayedInViewport) {\n    const { x: originalX, y: originalY } = getViewportScrollPositions();\n    elem.scrollIntoView(scrollIntoViewFullSupport ? { block: \"center\", inline: \"center\" } : false);\n    _isFullyDisplayedInViewport = isFullyDisplayedInViewport(elem);\n    const { x: currentX, y: currentY } = getViewportScrollPositions();\n    if (currentX !== originalX || currentY !== originalY) {\n      window.scroll(originalX, originalY);\n    }\n  }\n  return _isFullyDisplayedInViewport && isEnabled(elem);\n}).apply(null, arguments)\n        ","args":[{"element-6066-11e4-a52e-4f735466cecf":"f.851AA1EA8923BE829544670956E8EE51.d.D087279AD0554F31DA09936CA3F35FC4.e.323","ELEMENT":"f.851AA1EA8923BE829544670956E8EE51.d.D087279AD0554F31DA09936CA3F35FC4.e.323"}]}
[0-3] 2026-02-01T11:25:45.745Z INFO webdriver: COMMAND takeScreenshot()
[0-3] 2026-02-01T11:25:45.745Z INFO webdriver: [GET] http://localhost:4444/session/fef445b943e70d7af9194aa0ec1339b3/screenshot
[0-3] 2026-02-01T11:25:45.868Z INFO webdriver: RESULT iVBORw0KGgoAAAANSUhEUgAACWAAAAWmCAIAAACDPgzkAAAQAElEQVR4nOzdC...
[0-3] 2026-02-01T11:25:45.871Z INFO webdriver: RESULT true
[0-3] 2026-02-01T11:25:45.872Z INFO webdriver: COMMAND elementClick("f.851AA1EA8923BE829544670956E8EE51.d.D087279AD0554F31DA09936CA3F35FC4.e.323")
[0-3] 2026-02-01T11:25:45.872Z INFO webdriver: [POST] http://localhost:4444/session/fef445b943e70d7af9194aa0ec1339b3/element/f.851AA1EA8923BE829544670956E8EE51.d.D087279AD0554F31DA09936CA3F35FC4.e.323/click
[0-3] 2026-02-01T11:25:45.872Z INFO webdriver: DATA {}
[0-3] 2026-02-01T11:25:45.872Z INFO webdriver: COMMAND takeScreenshot()
[0-3] 2026-02-01T11:25:45.872Z INFO webdriver: [GET] http://localhost:4444/session/fef445b943e70d7af9194aa0ec1339b3/screenshot
[0-3] 2026-02-01T11:25:45.993Z INFO webdriver: RESULT iVBORw0KGgoAAAANSUhEUgAACWAAAAWmCAIAAACDPgzkAAAQAElEQVR4nOzdC...
[0-3] 2026-02-01T11:25:46.042Z INFO webdriver: RESULT null
[0-3] 2026-02-01T11:25:46.043Z INFO webdriver: COMMAND takeScreenshot()
[0-3] 2026-02-01T11:25:46.043Z INFO webdriver: [GET] http://localhost:4444/session/fef445b943e70d7af9194aa0ec1339b3/screenshot
[0-3] 2026-02-01T11:25:46.231Z INFO webdriver: RESULT iVBORw0KGgoAAAANSUhEUgAACWAAAAWmCAIAAACDPgzkAAAQAElEQVR4nOzdC...
[0-3] 2026-02-01T11:25:46.411Z INFO webdriver: RESULT iVBORw0KGgoAAAANSUhEUgAACWAAAAWmCAIAAACDPgzkAAAQAElEQVR4nOzdC...
[0-3] 2026-02-01T11:25:48.056Z INFO webdriver: COMMAND takeScreenshot()
[0-3] 2026-02-01T11:25:48.056Z INFO webdriver: [GET] http://localhost:4444/session/fef445b943e70d7af9194aa0ec1339b3/screenshot
[0-3] 2026-02-01T11:25:48.195Z INFO webdriver: RESULT iVBORw0KGgoAAAANSUhEUgAACWAAAAWmCAIAAACDPgzkAAAQAElEQVR4nOzdC...
[0-3] 2026-02-01T11:25:48.198Z INFO webdriver: COMMAND deleteSession()
[0-3] 2026-02-01T11:25:48.198Z INFO webdriver: [DELETE] http://localhost:4444/session/fef445b943e70d7af9194aa0ec1339b3
[0-3] 2026-02-01T11:25:48.225Z INFO webdriver: RESULT null
[0-3] PASSED in undefined - file:///D:/omc/mcp-mux/tests/e2e/specs/featureset.wdio.ts
2026-02-01T11:25:48.346Z INFO @wdio/cli:launcher: Run onWorkerEnd hook
2026-02-01T11:25:48.347Z INFO @wdio/cli:launcher: Run onWorkerStart hook
2026-02-01T11:25:48.347Z INFO @wdio/local-runner: Start worker 0-4 with arg: run tests/e2e/wdio.conf.ts
2026-02-01T11:25:48.420Z INFO @wdio/xvfb:ProcessFactory: xvfb-run not found, falling back to regular fork
2026-02-01T11:25:48.420Z INFO @wdio/xvfb:ProcessFactory: ProcessFactory: shouldRun=false, isAvailable=false
2026-02-01T11:25:48.420Z INFO @wdio/xvfb:ProcessFactory: Creating worker process with regular fork
[0-4] 2026-02-01T11:25:49.784Z INFO @wdio/local-runner: Run worker command: run
[0-4] Starting msedgedriver 144.0.3719.104 (7d1be999663b6950497e02929a79dc4136d9e376) on port 4445
[0-4] To submit feedback, report a bug, or suggest new features, please visit https://github.com/MicrosoftEdge/EdgeWebDriver
[0-4] 
[0-4] Only local connections are allowed.
[0-4] Please see https://aka.ms/WebDriverSecurity for suggestions on keeping Microsoft Edge WebDriver safe.
[0-4] msedgedriver was started successfully on port 4445.
[0-4] RUNNING in undefined - file:///D:/omc/mcp-mux/tests/e2e/specs/gateway.wdio.ts
[0-4] 2026-02-01T11:25:50.201Z INFO webdriver: Initiate new session using the WebDriver protocol
[0-4] 2026-02-01T11:25:50.201Z INFO @wdio/utils: Connecting to existing driver at http://localhost:4444/
[0-4] 2026-02-01T11:25:50.209Z INFO webdriver: [POST] http://localhost:4444/session
[0-4] 2026-02-01T11:25:51.274Z INFO webdriver: COMMAND getWindowHandle()
[0-4] 2026-02-01T11:25:51.274Z INFO webdriver: [GET] http://localhost:4444/session/4c85588fcf155a6a866608edbbce9b5e/window
[0-4] 2026-02-01T11:25:51.280Z INFO webdriver: RESULT 24CE22757BE8DB1F77E1BA3BC9CBF4AA
[0-4] 2026-02-01T11:25:51.289Z INFO webdriver: COMMAND findElement("css selector", "[data-testid="nav-dashboard"]")
[0-4] 2026-02-01T11:25:51.290Z INFO webdriver: [POST] http://localhost:4444/session/4c85588fcf155a6a866608edbbce9b5e/element
[0-4] 2026-02-01T11:25:51.290Z INFO webdriver: DATA {"using":"css selector","value":"[data-testid=\"nav-dashboard\"]"}
[0-4] 2026-02-01T11:25:51.337Z INFO webdriver: RESULT {
[0-4]   'element-6066-11e4-a52e-4f735466cecf': 'f.24CE22757BE8DB1F77E1BA3BC9CBF4AA.d.0A2C7ADF6E2C1CFE5A483BF2243E2A08.e.21'
[0-4] }
[0-4] 2026-02-01T11:25:51.341Z INFO webdriver: COMMAND elementClick("f.24CE22757BE8DB1F77E1BA3BC9CBF4AA.d.0A2C7ADF6E2C1CFE5A483BF2243E2A08.e.21")
[0-4] 2026-02-01T11:25:51.342Z INFO webdriver: [POST] http://localhost:4444/session/4c85588fcf155a6a866608edbbce9b5e/element/f.24CE22757BE8DB1F77E1BA3BC9CBF4AA.d.0A2C7ADF6E2C1CFE5A483BF2243E2A08.e.21/click
[0-4] 2026-02-01T11:25:51.342Z INFO webdriver: DATA {}
[0-4] 2026-02-01T11:25:51.427Z INFO webdriver: RESULT null
[0-4] 2026-02-01T11:25:53.469Z INFO webdriver: COMMAND takeScreenshot()
[0-4] 2026-02-01T11:25:53.469Z INFO webdriver: [GET] http://localhost:4444/session/4c85588fcf155a6a866608edbbce9b5e/screenshot
[0-4] 2026-02-01T11:25:53.628Z INFO webdriver: RESULT iVBORw0KGgoAAAANSUhEUgAACWAAAAWmCAIAAACDPgzkAAAQAElEQVR4nOzdC...
[0-4] 2026-02-01T11:25:53.632Z INFO webdriver: COMMAND getPageSource()
[0-4] 2026-02-01T11:25:53.632Z INFO webdriver: [GET] http://localhost:4444/session/4c85588fcf155a6a866608edbbce9b5e/source
[0-4] 2026-02-01T11:25:53.642Z INFO webdriver: RESULT <html lang="en"><head>
[0-4]     <meta charset="UTF-8">
[0-4]     <link rel="icon" type="image/svg+xml" href="/mcpmux.svg">
[0-4]     <meta name="viewport" content="width=device-width, initial-scale=1.0">
[0-4]     <title>McpMux</title>
[0-4]     <script type="module" crossorigin="" src="/assets/index-CiZJOwjC.js"></script>
[0-4]     <link rel="stylesheet" crossorigin="" href="/assets/index-Df7hU3Vb.css">
[0-4]   </head>
[0-4] 
[0-4]   <body>
[0-4]     <div id="root"><div class="flex h-screen flex-col overflow-hidden bg-[rgb(var(--background))]"><div class="drag-region h-8 flex-shrink-0 bg-[rgb(var(--surface))] border-b border-[rgb(var(--border-subtle))]"></div><div class="flex flex-1 overflow-hidden"><aside class="w-60 flex-shrink-0 border-r border-[rgb(var(--border-subtle))]"><nav class="flex h-full flex-col bg-[rgb(var(--surface))]"><div class="flex-shrink-0 p-4 border-b border-[rgb(var(--border-subtle))]"><div class="space-y-3"><div class="flex items-center justify-between"><div class="flex items-center gap-2"><svg xmlns="http://www.w3.org/2000/svg" width="24" height="24" viewBox="0 0 24 24" fill="none" stroke="currentColor" stroke-width="2" stroke-linecap="round" stroke-linejoin="round" class="lucide lucide-zap h-6 w-6 text-primary-500" aria-hidden="true"><path d="M4 14a1 1 0 0 1-.78-1.63l9.9-10.2a.5.5 0 0 1 .86.46l-1.92 6.02A1 1 0 0 0 13 10h7a1 1 0 0 1 .78 1.63l-9.9 10.2a.5.5 0 0 1-.86-.46l1.92-6.02A1 1 0 0 0 11 14z"></path></svg><span class="font-bold text-lg">McpMux</span></div><button class="p-1.5 rounded-lg hover:bg-surface-hover transition-colors" title="Dark mode"><svg xmlns="http://www.w3.org/2000/svg" width="24" height="24" viewBox="0 0 24 24" fill="none" stroke="currentColor" stroke-width="2" stroke-linecap="round" stroke-linejoin="round" class="lucide lucide-moon h-4 w-4" aria-hidden="true"><path d="M20.985 12.486a9 9 0 1 1-9.473-9.472c.405-.022.617.46.402.803a6 6 0 0 0 8.268 8.268c.344-.215.825-.004.803.401"></path></svg></button></div><div class="relative w-full"><button class="w-full flex items-center justify-between gap-2 px-3 py-2.5 rounded-xl border border-[rgb(var(--border))] bg-[rgb(var(--surface))] hover:bg-[rgb(var(--surface-hover))] hover:border-[rgb(var(--primary))/30] transition-all duration-150 group"><span class="flex items-center gap-3 min-w-0"><span class="text-xl">≡ƒÅá</span><span class="font-medium text-sm truncate">Personal</span></span><svg xmlns="http://www.w3.org/2000/svg" width="24" height="24" viewBox="0 0 24 24" fill="none" stroke="currentColor" stroke-width="2" stroke-linecap="round" stroke-linejoin="round" class="lucide lucide-chevron-down h-4 w-4 flex-shrink-0 text-[rgb(var(--muted))] group-hover:text-[rgb(var(--foreground))] transition-all duration-200" aria-hidden="true"><path d="m6 9 6 6 6-6"></path></svg></button></div></div></div><div class="flex-1 overflow-y-auto p-3"><div class="mb-6"><div class="space-y-0.5"><button data-testid="nav-dashboard" class="flex w-full items-center gap-3 rounded-lg px-3 py-2.5 text-sm font-medium transition-all duration-150 hover:text-[rgb(var(--foreground))] bg-[rgb(var(--primary))/10] text-[rgb(var(--primary))] hover:bg-[rgb(var(--primary))/15]"><span class="h-5 w-5 flex items-center justify-center transition-colors text-[rgb(var(--primary))]"><svg xmlns="http://www.w3.org/2000/svg" width="24" height="24" viewBox="0 0 24 24" fill="none" stroke="currentColor" stroke-width="2" stroke-linecap="round" stroke-linejoin="round" class="lucide lucide-house h-4 w-4" aria-hidden="true"><path d="M15 21v-8a1 1 0 0 0-1-1h-4a1 1 0 0 0-1 1v8"></path><path d="M3 10a2 2 0 0 1 .709-1.528l7-6a2 2 0 0 1 2.582 0l7 6A2 2 0 0 1 21 10v9a2 2 0 0 1-2 2H5a2 2 0 0 1-2-2z"></path></svg></span><span>Dashboard</span></button><button data-testid="nav-my-servers" class="flex w-full items-center gap-3 rounded-lg px-3 py-2.5 text-sm font-medium transition-all duration-150 text-[rgb(var(--muted))] hover:text-[rgb(var(--foreground))] hover:bg-[rgb(var(--surface-hover))]"><span class="h-5 w-5 flex items-center justify-center transition-colors"><svg xmlns="http://www.w3.org/2000/svg" width="24" height="24" viewBox="0 0 24 24" fill="none" stroke="currentColor" stroke-width="2" stroke-linecap="round" stroke-linejoin="round" class="lucide lucide-zap h-4 w-4" aria-hidden="true"><path d="M4 14a1 1 0 0 1-.78-1.63l9.9-10.2a.5.5 0 0 1 .86.46l-1.92 6.02A1 1 0 0 0 13 10h7a1 1 0 0 1 .78 1.63l-9.9 10.2a.5.5 0 0 1-.86-.46l1.92-6.02A1 1 0 0 0 11 14z"></path></svg></span><span>My Servers</span></button><button data-testid="nav-discover" class="flex w-full items-center gap-3 rounded-lg px-3 py-2.5 text-sm font-medium transition-all duration-150 text-[rgb(var(--muted))] hover:text-[rgb(var(--foreground))] hover:bg-[rgb(var(--surface-hover))]"><span class="h-5 w-5 flex items-center justify-center transition-colors"><svg xmlns="http://www.w3.org/2000/svg" width="24" height="24" viewBox="0 0 24 24" fill="none" stroke="currentColor" stroke-width="2" stroke-linecap="round" stroke-linejoin="round" class="lucide lucide-server h-4 w-4" aria-hidden="true"><rect width="20" height="8" x="2" y="2" rx="2" ry="2"></rect><rect width="20" height="8" x="2" y="14" rx="2" ry="2"></rect><line x1="6" x2="6.01" y1="6" y2="6"></line><line x1="6" x2="6.01" y1="18" y2="18"></line></svg></span><span>Discover</span></button></div></div><div class="mb-6"><h3 class="mb-2 px-3 text-[11px] font-semibold uppercase tracking-wider text-[rgb(var(--muted-foreground))]">Workspaces</h3><div class="space-y-0.5"><button data-testid="nav-spaces" class="flex w-full items-center gap-3 rounded-lg px-3 py-2.5 text-sm font-medium transition-all duration-150 text-[rgb(var(--muted))] hover:text-[rgb(var(--foreground))] hover:bg-[rgb(var(--surface-hover))]"><span class="h-5 w-5 flex items-center justify-center transition-colors"><svg xmlns="http://www.w3.org/2000/svg" width="24" height="24" viewBox="0 0 24 24" fill="none" stroke="currentColor" stroke-width="2" stroke-linecap="round" stroke-linejoin="round" class="lucide lucide-globe h-4 w-4" aria-hidden="true"><circle cx="12" cy="12" r="10"></circle><path d="M12 2a14.5 14.5 0 0 0 0 20 14.5 14.5 0 0 0 0-20"></path><path d="M2 12h20"></path></svg></span><span>Spaces</span></button><button data-testid="nav-featuresets" class="flex w-full items-center gap-3 rounded-lg px-3 py-2.5 text-sm font-medium transition-all duration-150 text-[rgb(var(--muted))] hover:text-[rgb(var(--foreground))] hover:bg-[rgb(var(--surface-hover))]"><span class="h-5 w-5 flex items-center justify-center transition-colors"><svg xmlns="http://www.w3.org/2000/svg" width="24" height="24" viewBox="0 0 24 24" fill="none" stroke="currentColor" stroke-width="2" stroke-linecap="round" stroke-linejoin="round" class="lucide lucide-wrench h-4 w-4" aria-hidden="true"><path d="M14.7 6.3a1 1 0 0 0 0 1.4l1.6 1.6a1 1 0 0 0 1.4 0l3.106-3.105c.32-.322.863-.22.983.218a6 6 0 0 1-8.259 7.057l-7.91 7.91a1 1 0 0 1-2.999-3l7.91-7.91a6 6 0 0 1 7.057-8.259c.438.12.54.662.219.984z"></path></svg></span><span>FeatureSets</span></button></div></div><div class="mb-6"><h3 class="mb-2 px-3 text-[11px] font-semibold uppercase tracking-wider text-[rgb(var(--muted-foreground))]">Connections</h3><div class="space-y-0.5"><button data-testid="nav-clients" class="flex w-full items-center gap-3 rounded-lg px-3 py-2.5 text-sm font-medium transition-all duration-150 text-[rgb(var(--muted))] hover:text-[rgb(var(--foreground))] hover:bg-[rgb(var(--surface-hover))]"><span class="h-5 w-5 flex items-center justify-center transition-colors"><svg xmlns="http://www.w3.org/2000/svg" width="24" height="24" viewBox="0 0 24 24" fill="none" stroke="currentColor" stroke-width="2" stroke-linecap="round" stroke-linejoin="round" class="lucide lucide-monitor h-4 w-4" aria-hidden="true"><rect width="20" height="14" x="2" y="3" rx="2"></rect><line x1="8" x2="16" y1="21" y2="21"></line><line x1="12" x2="12" y1="17" y2="21"></line></svg></span><span>Clients</span></button></div></div><div class="mb-6"><div class="space-y-0.5"><button data-testid="nav-settings" class="flex w-full items-center gap-3 rounded-lg px-3 py-2.5 text-sm font-medium transition-all duration-150 text-[rgb(var(--muted))] hover:text-[rgb(var(--foreground))] hover:bg-[rgb(var(--surface-hover))]"><span class="h-5 w-5 flex items-center justify-center transition-colors"><svg xmlns="http://www.w3.org/2000/svg" width="24" height="24" viewBox="0 0 24 24" fill="none" stroke="currentColor" stroke-width="2" stroke-linecap="round" stroke-linejoin="round" class="lucide lucide-settings h-4 w-4" aria-hidden="true"><path d="M9.671 4.136a2.34 2.34 0 0 1 4.659 0 2.34 2.34 0 0 0 3.319 1.915 2.34 2.34 0 0 1 2.33 4.033 2.34 2.34 0 0 0 0 3.831 2.34 2.34 0 0 1-2.33 4.033 2.34 2.34 0 0 0-3.319 1.915 2.34 2.34 0 0 1-4.659 0 2.34 2.34 0 0 0-3.32-1.915 2.34 2.34 0 0 1-2.33-4.033 2.34 2.34 0 0 0 0-3.831A2.34 2.34 0 0 1 6.35 6.051a2.34 2.34 0 0 0 3.319-1.915"></path><circle cx="12" cy="12" r="3"></circle></svg></span><span>Settings</span></button></div></div></div><div class="flex-shrink-0 p-4 border-t border-[rgb(var(--border-subtle))]"><div class="text-xs text-[rgb(var(--muted))]"><div>McpMux v0.1.0</div><div>Gateway: localhost:9315</div></div></div></nav></aside><main class="flex-1 overflow-auto p-6 bg-[rgb(var(--background))]"><div class="animate-fade-in"><div class="space-y-6"><div><h1 class="text-2xl font-bold">Dashboard</h1><p class="text-[rgb(var(--muted))]">Welcome to McpMux - your centralized MCP server manager.</p></div><div class="rounded-xl border bg-[rgb(var(--card))] p-6 shadow-[0_1px_3px_0_rgb(0_0_0/0.1),0_1px_2px_-1px_rgb(0_0_0/0.1)] dark:shadow-[0_1px_3px_0_rgb(0_0_0/0.3),0_1px_2px_-1px_rgb(0_0_0/0.2)] border-green-500" data-testid="gateway-status-card"><div class="flex items-center justify-between py-3"><div class="flex items-center gap-3"><span class="h-3 w-3 rounded-full bg-green-500" data-testid="gateway-status-indicator"></span><div><span class="font-medium" data-testid="gateway-status-text">Gateway: Running</span><span class="text-sm text-[rgb(var(--muted))] ml-2" data-testid="gateway-url">http://localhost:45818</span></div></div><button class="inline-flex items-center justify-center gap-2 rounded-lg font-medium transition-all duration-150 ease-out focus-visible:outline-none focus-visible:ring-2 focus-visible:ring-[rgb(var(--primary))] focus-visible:ring-offset-2 disabled:pointer-events-none disabled:opacity-50 active:scale-[0.98] text-[rgb(var(--foreground))] hover:bg-[rgb(var(--surface-hover))] h-8 px-3 text-sm" data-testid="gateway-toggle-btn">Stop</button></div></div><div class="grid grid-cols-1 md:grid-cols-2 lg:grid-cols-4 gap-4" data-testid="dashboard-stats-grid"><div class="rounded-xl border border-[rgb(var(--border-subtle))] bg-[rgb(var(--card))] p-6 shadow-[0_1px_3px_0_rgb(0_0_0/0.1),0_1px_2px_-1px_rgb(0_0_0/0.1)] dark:shadow-[0_1px_3px_0_rgb(0_0_0/0.3),0_1px_2px_-1px_rgb(0_0_0/0.2)]" data-testid="stat-servers"><div class="mb-4"><h3 class="font-semibold text-[rgb(var(--card-foreground))] flex items-center gap-2 text-base"><svg xmlns="http://www.w3.org/2000/svg" width="24" height="24" viewBox="0 0 24 24" fill="none" stroke="currentColor" stroke-width="2" stroke-linecap="round" stroke-linejoin="round" class="lucide lucide-server h-5 w-5 text-primary-500" aria-hidden="true"><rect width="20" height="8" x="2" y="2" rx="2" ry="2"></rect><rect width="20" height="8" x="2" y="14" rx="2" ry="2"></rect><line x1="6" x2="6.01" y1="6" y2="6"></line><line x1="6" x2="6.01" y1="18" y2="18"></line></svg>Servers</h3></div><div class=""><div class="text-3xl font-bold" data-testid="stat-servers-value">0/1</div><div class="text-sm text-[rgb(var(--muted))]">Connected / Installed</div></div></div><div class="rounded-xl border border-[rgb(var(--border-subtle))] bg-[rgb(var(--card))] p-6 shadow-[0_1px_3px_0_rgb(0_0_0/0.1),0_1px_2px_-1px_rgb(0_0_0/0.1)] dark:shadow-[0_1px_3px_0_rgb(0_0_0/0.3),0_1px_2px_-1px_rgb(0_0_0/0.2)]" data-testid="stat-featuresets"><div class="mb-4"><h3 class="font-semibold text-[rgb(var(--card-foreground))] flex items-center gap-2 text-base"><svg xmlns="http://www.w3.org/2000/svg" width="24" height="24" viewBox="0 0 24 24" fill="none" stroke="currentColor" stroke-width="2" stroke-linecap="round" stroke-linejoin="round" class="lucide lucide-wrench h-5 w-5 text-primary-500" aria-hidden="true"><path d="M14.7 6.3a1 1 0 0 0 0 1.4l1.6 1.6a1 1 0 0 0 1.4 0l3.106-3.105c.32-.322.863-.22.983.218a6 6 0 0 1-8.259 7.057l-7.91 7.91a1 1 0 0 1-2.999-3l7.91-7.91a6 6 0 0 1 7.057-8.259c.438.12.54.662.219.984z"></path></svg>FeatureSets</h3></div><div class=""><div class="text-3xl font-bold" data-testid="stat-featuresets-value">2</div><div class="text-sm text-[rgb(var(--muted))]">Permission bundles</div></div></div><div class="rounded-xl border border-[rgb(var(--border-subtle))] bg-[rgb(var(--card))] p-6 shadow-[0_1px_3px_0_rgb(0_0_0/0.1),0_1px_2px_-1px_rgb(0_0_0/0.1)] dark:shadow-[0_1px_3px_0_rgb(0_0_0/0.3),0_1px_2px_-1px_rgb(0_0_0/0.2)]" data-testid="stat-clients"><div class="mb-4"><h3 class="font-semibold text-[rgb(var(--card-foreground))] flex items-center gap-2 text-base"><svg xmlns="http://www.w3.org/2000/svg" width="24" height="24" viewBox="0 0 24 24" fill="none" stroke="currentColor" stroke-width="2" stroke-linecap="round" stroke-linejoin="round" class="lucide lucide-monitor h-5 w-5 text-primary-500" aria-hidden="true"><rect width="20" height="14" x="2" y="3" rx="2"></rect><line x1="8" x2="16" y1="21" y2="21"></line><line x1="12" x2="12" y1="17" y2="21"></line></svg>Clients</h3></div><div class=""><div class="text-3xl font-bold" data-testid="stat-clients-value">1</div><div class="text-sm text-[rgb(var(--muted))]">Registered AI clients</div></div></div><div class="rounded-xl border border-[rgb(var(--border-subtle))] bg-[rgb(var(--card))] p-6 shadow-[0_1px_3px_0_rgb(0_0_0/0.1),0_1px_2px_-1px_rgb(0_0_0/0.1)] dark:shadow-[0_1px_3px_0_rgb(0_0_0/0.3),0_1px_2px_-1px_rgb(0_0_0/0.2)]" data-testid="stat-active-space"><div class="mb-4"><h3 class="font-semibold text-[rgb(var(--card-foreground))] flex items-center gap-2 text-base"><svg xmlns="http://www.w3.org/2000/svg" width="24" height="24" viewBox="0 0 24 24" fill="none" stroke="currentColor" stroke-width="2" stroke-linecap="round" stroke-linejoin="round" class="lucide lucide-globe h-5 w-5 text-primary-500" aria-hidden="true"><circle cx="12" cy="12" r="10"></circle><path d="M12 2a14.5 14.5 0 0 0 0 20 14.5 14.5 0 0 0 0-20"></path><path d="M2 12h20"></path></svg>Active Space</h3></div><div class=""><div class="text-xl font-bold truncate" data-testid="stat-active-space-value">≡ƒÅá Personal</div><div class="text-sm text-[rgb(var(--muted))]">Current context</div></div></div></div><div class="rounded-xl border border-[rgb(var(--border-subtle))] bg-[rgb(var(--card))] p-6 shadow-[0_1px_3px_0_rgb(0_0_0/0.1),0_1px_2px_-1px_rgb(0_0_0/0.1)] dark:shadow-[0_1px_3px_0_rgb(0_0_0/0.3),0_1px_2px_-1px_rgb(0_0_0/0.2)]"><div class="mb-4"><h3 class="text-lg font-semibold text-[rgb(var(--card-foreground))]">Connect Your Client</h3><p class="text-sm text-[rgb(var(--muted))] mt-1">Add this server configuration to your MCP client settings (e.g., inside mcpServers section).</p></div><div class=""><div class="space-y-4"><div class="flex items-center gap-2 text-sm"><span class="h-2 w-2 rounded-full bg-green-500"></span><span class="text-[rgb(var(--muted))]">Gateway:</span><code class="bg-[var(--surface)] px-2 py-1 rounded text-cyan-500">http://localhost:45818</code></div><div class="relative"><pre class="bg-slate-900 text-slate-100 p-4 rounded-lg text-sm overflow-x-auto font-mono">"mcpmux": {
[0-4]   "url": "http://localhost:45818/mcp"
[0-4] }</pre><button class="inline-flex items-center justify-center gap-2 rounded-lg font-medium transition-all duration-150 ease-out focus-visible:outline-none focus-visible:ring-2 focus-visible:ring-[rgb(var(--primary))] focus-visible:ring-offset-2 disabled:pointer-events-none disabled:opacity-50 active:scale-[0.98] bg-[rgb(var(--surface-active))] text-[rgb(var(--foreground))] hover:bg-[rgb(var(--surface-hover))] border border-[rgb(var(--border))] h-8 px-3 text-sm absolute top-2 right-2" data-testid="copy-config-btn">≡ƒôï Copy</button></div></div></div></div></div></div></main></div><div class="h-7 flex-shrink-0 border-t border-[rgb(var(--border-subtle))] bg-[rgb(var(--surface))] px-4"><div class="flex h-full items-center justify-between text-xs text-[rgb(var(--muted))]"><div class="flex items-center gap-4"><span class="flex items-center gap-1.5"><span class="h-2 w-2 rounded-full bg-green-500"></span>Gateway Active</span><span>Active Space: Personal</span></div><div class="flex items-center gap-4"><span>5 Servers ΓÇó 97 Tools</span></div></div></div></div></div>
[0-4] 
[0-4]   
[0-4] 
[0-4] </body></html>
[0-4] 2026-02-01T11:25:53.648Z INFO webdriver: COMMAND findElement("css selector", "[data-testid="gateway-status-card"]")
[0-4] 2026-02-01T11:25:53.648Z INFO webdriver: [POST] http://localhost:4444/session/4c85588fcf155a6a866608edbbce9b5e/element
[0-4] 2026-02-01T11:25:53.649Z INFO webdriver: DATA {"using":"css selector","value":"[data-testid=\"gateway-status-card\"]"}
[0-4] 2026-02-01T11:25:53.668Z INFO webdriver: RESULT {
[0-4]   'element-6066-11e4-a52e-4f735466cecf': 'f.24CE22757BE8DB1F77E1BA3BC9CBF4AA.d.0A2C7ADF6E2C1CFE5A483BF2243E2A08.e.31'
[0-4] }
[0-4] 2026-02-01T11:25:53.672Z INFO webdriver: COMMAND executeScript(<fn>, <object>)
[0-4] 2026-02-01T11:25:53.673Z INFO webdriver: [POST] http://localhost:4444/session/4c85588fcf155a6a866608edbbce9b5e/execute/sync
[0-4] 2026-02-01T11:25:53.673Z INFO webdriver: DATA {"script":"\n            function webdriverioPolyfill() {\n  var __defProp = Object.defineProperty;\n  var __name = function(target, _value) {\n    return __defProp(target, \"name\", { value: _value, configurable: true });\n  };\n  var __globalThis = typeof globalThis === \"object\" && globalThis || typeof window === \"object\" && window;\n  __globalThis.__name = __name;\n}\n            webdriverioPolyfill();\n            return (function(elem) {\n      try {\n        const style = window.getComputedStyle(elem);\n        return { value: style?.display ?? \"\" };\n      } catch {\n        if (typeof elem.isConnected === \"boolean\" && !elem.isConnected) {\n          throw new Error(\"stale element reference: element is not attached to the page document\");\n        }\n        return { value: \"\" };\n      }\n    }).apply(null, arguments)\n        ","args":[{"element-6066-11e4-a52e-4f735466cecf":"f.24CE22757BE8DB1F77E1BA3BC9CBF4AA.d.0A2C7ADF6E2C1CFE5A483BF2243E2A08.e.31","ELEMENT":"f.24CE22757BE8DB1F77E1BA3BC9CBF4AA.d.0A2C7ADF6E2C1CFE5A483BF2243E2A08.e.31"}]}
[0-4] 2026-02-01T11:25:53.674Z INFO webdriver: COMMAND executeScript(<fn>, <object>)
[0-4] 2026-02-01T11:25:53.674Z INFO webdriver: [POST] http://localhost:4444/session/4c85588fcf155a6a866608edbbce9b5e/execute/sync
[0-4] 2026-02-01T11:25:53.675Z INFO webdriver: DATA {"script":"\n            function webdriverioPolyfill() {\n  var __defProp = Object.defineProperty;\n  var __name = function(target, _value) {\n    return __defProp(target, \"name\", { value: _value, configurable: true });\n  };\n  var __globalThis = typeof globalThis === \"object\" && globalThis || typeof window === \"object\" && window;\n  __globalThis.__name = __name;\n}\n            webdriverioPolyfill();\n            return (function checkVisibility(elem, params) {\n      if (typeof elem.checkVisibility === \"function\") {\n        return elem.checkVisibility(params);\n      }\n      return null;\n    }).apply(null, arguments)\n        ","args":[{"element-6066-11e4-a52e-4f735466cecf":"f.24CE22757BE8DB1F77E1BA3BC9CBF4AA.d.0A2C7ADF6E2C1CFE5A483BF2243E2A08.e.31","ELEMENT":"f.24CE22757BE8DB1F77E1BA3BC9CBF4AA.d.0A2C7ADF6E2C1CFE5A483BF2243E2A08.e.31"},{"withinViewport":false,"contentVisibilityAuto":true,"opacityProperty":true,"visibilityProperty":true}]}
[0-4] 2026-02-01T11:25:53.686Z INFO webdriver: RESULT { value: 'block' }
[0-4] 2026-02-01T11:25:53.687Z INFO webdriver: COMMAND takeScreenshot()
[0-4] 2026-02-01T11:25:53.687Z INFO webdriver: [GET] http://localhost:4444/session/4c85588fcf155a6a866608edbbce9b5e/screenshot
[0-4] 2026-02-01T11:25:53.692Z INFO webdriver: RESULT true
[0-4] 2026-02-01T11:25:53.693Z INFO webdriver: COMMAND takeScreenshot()
[0-4] 2026-02-01T11:25:53.694Z INFO webdriver: [GET] http://localhost:4444/session/4c85588fcf155a6a866608edbbce9b5e/screenshot
[0-4] 2026-02-01T11:25:53.694Z INFO webdriver: COMMAND takeScreenshot()
[0-4] 2026-02-01T11:25:53.695Z INFO webdriver: [GET] http://localhost:4444/session/4c85588fcf155a6a866608edbbce9b5e/screenshot
[0-4] 2026-02-01T11:25:53.838Z INFO webdriver: RESULT iVBORw0KGgoAAAANSUhEUgAACWAAAAWmCAIAAACDPgzkAAAQAElEQVR4nOzdC...
[0-4] 2026-02-01T11:25:54.036Z INFO webdriver: RESULT iVBORw0KGgoAAAANSUhEUgAACWAAAAWmCAIAAACDPgzkAAAQAElEQVR4nOzdC...
[0-4] 2026-02-01T11:25:54.164Z INFO webdriver: RESULT iVBORw0KGgoAAAANSUhEUgAACWAAAAWmCAIAAACDPgzkAAAQAElEQVR4nOzdC...
[0-4] 2026-02-01T11:25:54.168Z INFO webdriver: COMMAND getPageSource()
[0-4] 2026-02-01T11:25:54.168Z INFO webdriver: [GET] http://localhost:4444/session/4c85588fcf155a6a866608edbbce9b5e/source
[0-4] 2026-02-01T11:25:54.177Z INFO webdriver: RESULT <html lang="en"><head>
[0-4]     <meta charset="UTF-8">
[0-4]     <link rel="icon" type="image/svg+xml" href="/mcpmux.svg">
[0-4]     <meta name="viewport" content="width=device-width, initial-scale=1.0">
[0-4]     <title>McpMux</title>
[0-4]     <script type="module" crossorigin="" src="/assets/index-CiZJOwjC.js"></script>
[0-4]     <link rel="stylesheet" crossorigin="" href="/assets/index-Df7hU3Vb.css">
[0-4]   </head>
[0-4] 
[0-4]   <body>
[0-4]     <div id="root"><div class="flex h-screen flex-col overflow-hidden bg-[rgb(var(--background))]"><div class="drag-region h-8 flex-shrink-0 bg-[rgb(var(--surface))] border-b border-[rgb(var(--border-subtle))]"></div><div class="flex flex-1 overflow-hidden"><aside class="w-60 flex-shrink-0 border-r border-[rgb(var(--border-subtle))]"><nav class="flex h-full flex-col bg-[rgb(var(--surface))]"><div class="flex-shrink-0 p-4 border-b border-[rgb(var(--border-subtle))]"><div class="space-y-3"><div class="flex items-center justify-between"><div class="flex items-center gap-2"><svg xmlns="http://www.w3.org/2000/svg" width="24" height="24" viewBox="0 0 24 24" fill="none" stroke="currentColor" stroke-width="2" stroke-linecap="round" stroke-linejoin="round" class="lucide lucide-zap h-6 w-6 text-primary-500" aria-hidden="true"><path d="M4 14a1 1 0 0 1-.78-1.63l9.9-10.2a.5.5 0 0 1 .86.46l-1.92 6.02A1 1 0 0 0 13 10h7a1 1 0 0 1 .78 1.63l-9.9 10.2a.5.5 0 0 1-.86-.46l1.92-6.02A1 1 0 0 0 11 14z"></path></svg><span class="font-bold text-lg">McpMux</span></div><button class="p-1.5 rounded-lg hover:bg-surface-hover transition-colors" title="Dark mode"><svg xmlns="http://www.w3.org/2000/svg" width="24" height="24" viewBox="0 0 24 24" fill="none" stroke="currentColor" stroke-width="2" stroke-linecap="round" stroke-linejoin="round" class="lucide lucide-moon h-4 w-4" aria-hidden="true"><path d="M20.985 12.486a9 9 0 1 1-9.473-9.472c.405-.022.617.46.402.803a6 6 0 0 0 8.268 8.268c.344-.215.825-.004.803.401"></path></svg></button></div><div class="relative w-full"><button class="w-full flex items-center justify-between gap-2 px-3 py-2.5 rounded-xl border border-[rgb(var(--border))] bg-[rgb(var(--surface))] hover:bg-[rgb(var(--surface-hover))] hover:border-[rgb(var(--primary))/30] transition-all duration-150 group"><span class="flex items-center gap-3 min-w-0"><span class="text-xl">≡ƒÅá</span><span class="font-medium text-sm truncate">Personal</span></span><svg xmlns="http://www.w3.org/2000/svg" width="24" height="24" viewBox="0 0 24 24" fill="none" stroke="currentColor" stroke-width="2" stroke-linecap="round" stroke-linejoin="round" class="lucide lucide-chevron-down h-4 w-4 flex-shrink-0 text-[rgb(var(--muted))] group-hover:text-[rgb(var(--foreground))] transition-all duration-200" aria-hidden="true"><path d="m6 9 6 6 6-6"></path></svg></button></div></div></div><div class="flex-1 overflow-y-auto p-3"><div class="mb-6"><div class="space-y-0.5"><button data-testid="nav-dashboard" class="flex w-full items-center gap-3 rounded-lg px-3 py-2.5 text-sm font-medium transition-all duration-150 hover:text-[rgb(var(--foreground))] bg-[rgb(var(--primary))/10] text-[rgb(var(--primary))] hover:bg-[rgb(var(--primary))/15]"><span class="h-5 w-5 flex items-center justify-center transition-colors text-[rgb(var(--primary))]"><svg xmlns="http://www.w3.org/2000/svg" width="24" height="24" viewBox="0 0 24 24" fill="none" stroke="currentColor" stroke-width="2" stroke-linecap="round" stroke-linejoin="round" class="lucide lucide-house h-4 w-4" aria-hidden="true"><path d="M15 21v-8a1 1 0 0 0-1-1h-4a1 1 0 0 0-1 1v8"></path><path d="M3 10a2 2 0 0 1 .709-1.528l7-6a2 2 0 0 1 2.582 0l7 6A2 2 0 0 1 21 10v9a2 2 0 0 1-2 2H5a2 2 0 0 1-2-2z"></path></svg></span><span>Dashboard</span></button><button data-testid="nav-my-servers" class="flex w-full items-center gap-3 rounded-lg px-3 py-2.5 text-sm font-medium transition-all duration-150 text-[rgb(var(--muted))] hover:text-[rgb(var(--foreground))] hover:bg-[rgb(var(--surface-hover))]"><span class="h-5 w-5 flex items-center justify-center transition-colors"><svg xmlns="http://www.w3.org/2000/svg" width="24" height="24" viewBox="0 0 24 24" fill="none" stroke="currentColor" stroke-width="2" stroke-linecap="round" stroke-linejoin="round" class="lucide lucide-zap h-4 w-4" aria-hidden="true"><path d="M4 14a1 1 0 0 1-.78-1.63l9.9-10.2a.5.5 0 0 1 .86.46l-1.92 6.02A1 1 0 0 0 13 10h7a1 1 0 0 1 .78 1.63l-9.9 10.2a.5.5 0 0 1-.86-.46l1.92-6.02A1 1 0 0 0 11 14z"></path></svg></span><span>My Servers</span></button><button data-testid="nav-discover" class="flex w-full items-center gap-3 rounded-lg px-3 py-2.5 text-sm font-medium transition-all duration-150 text-[rgb(var(--muted))] hover:text-[rgb(var(--foreground))] hover:bg-[rgb(var(--surface-hover))]"><span class="h-5 w-5 flex items-center justify-center transition-colors"><svg xmlns="http://www.w3.org/2000/svg" width="24" height="24" viewBox="0 0 24 24" fill="none" stroke="currentColor" stroke-width="2" stroke-linecap="round" stroke-linejoin="round" class="lucide lucide-server h-4 w-4" aria-hidden="true"><rect width="20" height="8" x="2" y="2" rx="2" ry="2"></rect><rect width="20" height="8" x="2" y="14" rx="2" ry="2"></rect><line x1="6" x2="6.01" y1="6" y2="6"></line><line x1="6" x2="6.01" y1="18" y2="18"></line></svg></span><span>Discover</span></button></div></div><div class="mb-6"><h3 class="mb-2 px-3 text-[11px] font-semibold uppercase tracking-wider text-[rgb(var(--muted-foreground))]">Workspaces</h3><div class="space-y-0.5"><button data-testid="nav-spaces" class="flex w-full items-center gap-3 rounded-lg px-3 py-2.5 text-sm font-medium transition-all duration-150 text-[rgb(var(--muted))] hover:text-[rgb(var(--foreground))] hover:bg-[rgb(var(--surface-hover))]"><span class="h-5 w-5 flex items-center justify-center transition-colors"><svg xmlns="http://www.w3.org/2000/svg" width="24" height="24" viewBox="0 0 24 24" fill="none" stroke="currentColor" stroke-width="2" stroke-linecap="round" stroke-linejoin="round" class="lucide lucide-globe h-4 w-4" aria-hidden="true"><circle cx="12" cy="12" r="10"></circle><path d="M12 2a14.5 14.5 0 0 0 0 20 14.5 14.5 0 0 0 0-20"></path><path d="M2 12h20"></path></svg></span><span>Spaces</span></button><button data-testid="nav-featuresets" class="flex w-full items-center gap-3 rounded-lg px-3 py-2.5 text-sm font-medium transition-all duration-150 text-[rgb(var(--muted))] hover:text-[rgb(var(--foreground))] hover:bg-[rgb(var(--surface-hover))]"><span class="h-5 w-5 flex items-center justify-center transition-colors"><svg xmlns="http://www.w3.org/2000/svg" width="24" height="24" viewBox="0 0 24 24" fill="none" stroke="currentColor" stroke-width="2" stroke-linecap="round" stroke-linejoin="round" class="lucide lucide-wrench h-4 w-4" aria-hidden="true"><path d="M14.7 6.3a1 1 0 0 0 0 1.4l1.6 1.6a1 1 0 0 0 1.4 0l3.106-3.105c.32-.322.863-.22.983.218a6 6 0 0 1-8.259 7.057l-7.91 7.91a1 1 0 0 1-2.999-3l7.91-7.91a6 6 0 0 1 7.057-8.259c.438.12.54.662.219.984z"></path></svg></span><span>FeatureSets</span></button></div></div><div class="mb-6"><h3 class="mb-2 px-3 text-[11px] font-semibold uppercase tracking-wider text-[rgb(var(--muted-foreground))]">Connections</h3><div class="space-y-0.5"><button data-testid="nav-clients" class="flex w-full items-center gap-3 rounded-lg px-3 py-2.5 text-sm font-medium transition-all duration-150 text-[rgb(var(--muted))] hover:text-[rgb(var(--foreground))] hover:bg-[rgb(var(--surface-hover))]"><span class="h-5 w-5 flex items-center justify-center transition-colors"><svg xmlns="http://www.w3.org/2000/svg" width="24" height="24" viewBox="0 0 24 24" fill="none" stroke="currentColor" stroke-width="2" stroke-linecap="round" stroke-linejoin="round" class="lucide lucide-monitor h-4 w-4" aria-hidden="true"><rect width="20" height="14" x="2" y="3" rx="2"></rect><line x1="8" x2="16" y1="21" y2="21"></line><line x1="12" x2="12" y1="17" y2="21"></line></svg></span><span>Clients</span></button></div></div><div class="mb-6"><div class="space-y-0.5"><button data-testid="nav-settings" class="flex w-full items-center gap-3 rounded-lg px-3 py-2.5 text-sm font-medium transition-all duration-150 text-[rgb(var(--muted))] hover:text-[rgb(var(--foreground))] hover:bg-[rgb(var(--surface-hover))]"><span class="h-5 w-5 flex items-center justify-center transition-colors"><svg xmlns="http://www.w3.org/2000/svg" width="24" height="24" viewBox="0 0 24 24" fill="none" stroke="currentColor" stroke-width="2" stroke-linecap="round" stroke-linejoin="round" class="lucide lucide-settings h-4 w-4" aria-hidden="true"><path d="M9.671 4.136a2.34 2.34 0 0 1 4.659 0 2.34 2.34 0 0 0 3.319 1.915 2.34 2.34 0 0 1 2.33 4.033 2.34 2.34 0 0 0 0 3.831 2.34 2.34 0 0 1-2.33 4.033 2.34 2.34 0 0 0-3.319 1.915 2.34 2.34 0 0 1-4.659 0 2.34 2.34 0 0 0-3.32-1.915 2.34 2.34 0 0 1-2.33-4.033 2.34 2.34 0 0 0 0-3.831A2.34 2.34 0 0 1 6.35 6.051a2.34 2.34 0 0 0 3.319-1.915"></path><circle cx="12" cy="12" r="3"></circle></svg></span><span>Settings</span></button></div></div></div><div class="flex-shrink-0 p-4 border-t border-[rgb(var(--border-subtle))]"><div class="text-xs text-[rgb(var(--muted))]"><div>McpMux v0.1.0</div><div>Gateway: localhost:9315</div></div></div></nav></aside><main class="flex-1 overflow-auto p-6 bg-[rgb(var(--background))]"><div class="animate-fade-in"><div class="space-y-6"><div><h1 class="text-2xl font-bold">Dashboard</h1><p class="text-[rgb(var(--muted))]">Welcome to McpMux - your centralized MCP server manager.</p></div><div class="rounded-xl border bg-[rgb(var(--card))] p-6 shadow-[0_1px_3px_0_rgb(0_0_0/0.1),0_1px_2px_-1px_rgb(0_0_0/0.1)] dark:shadow-[0_1px_3px_0_rgb(0_0_0/0.3),0_1px_2px_-1px_rgb(0_0_0/0.2)] border-green-500" data-testid="gateway-status-card"><div class="flex items-center justify-between py-3"><div class="flex items-center gap-3"><span class="h-3 w-3 rounded-full bg-green-500" data-testid="gateway-status-indicator"></span><div><span class="font-medium" data-testid="gateway-status-text">Gateway: Running</span><span class="text-sm text-[rgb(var(--muted))] ml-2" data-testid="gateway-url">http://localhost:45818</span></div></div><button class="inline-flex items-center justify-center gap-2 rounded-lg font-medium transition-all duration-150 ease-out focus-visible:outline-none focus-visible:ring-2 focus-visible:ring-[rgb(var(--primary))] focus-visible:ring-offset-2 disabled:pointer-events-none disabled:opacity-50 active:scale-[0.98] text-[rgb(var(--foreground))] hover:bg-[rgb(var(--surface-hover))] h-8 px-3 text-sm" data-testid="gateway-toggle-btn">Stop</button></div></div><div class="grid grid-cols-1 md:grid-cols-2 lg:grid-cols-4 gap-4" data-testid="dashboard-stats-grid"><div class="rounded-xl border border-[rgb(var(--border-subtle))] bg-[rgb(var(--card))] p-6 shadow-[0_1px_3px_0_rgb(0_0_0/0.1),0_1px_2px_-1px_rgb(0_0_0/0.1)] dark:shadow-[0_1px_3px_0_rgb(0_0_0/0.3),0_1px_2px_-1px_rgb(0_0_0/0.2)]" data-testid="stat-servers"><div class="mb-4"><h3 class="font-semibold text-[rgb(var(--card-foreground))] flex items-center gap-2 text-base"><svg xmlns="http://www.w3.org/2000/svg" width="24" height="24" viewBox="0 0 24 24" fill="none" stroke="currentColor" stroke-width="2" stroke-linecap="round" stroke-linejoin="round" class="lucide lucide-server h-5 w-5 text-primary-500" aria-hidden="true"><rect width="20" height="8" x="2" y="2" rx="2" ry="2"></rect><rect width="20" height="8" x="2" y="14" rx="2" ry="2"></rect><line x1="6" x2="6.01" y1="6" y2="6"></line><line x1="6" x2="6.01" y1="18" y2="18"></line></svg>Servers</h3></div><div class=""><div class="text-3xl font-bold" data-testid="stat-servers-value">1/1</div><div class="text-sm text-[rgb(var(--muted))]">Connected / Installed</div></div></div><div class="rounded-xl border border-[rgb(var(--border-subtle))] bg-[rgb(var(--card))] p-6 shadow-[0_1px_3px_0_rgb(0_0_0/0.1),0_1px_2px_-1px_rgb(0_0_0/0.1)] dark:shadow-[0_1px_3px_0_rgb(0_0_0/0.3),0_1px_2px_-1px_rgb(0_0_0/0.2)]" data-testid="stat-featuresets"><div class="mb-4"><h3 class="font-semibold text-[rgb(var(--card-foreground))] flex items-center gap-2 text-base"><svg xmlns="http://www.w3.org/2000/svg" width="24" height="24" viewBox="0 0 24 24" fill="none" stroke="currentColor" stroke-width="2" stroke-linecap="round" stroke-linejoin="round" class="lucide lucide-wrench h-5 w-5 text-primary-500" aria-hidden="true"><path d="M14.7 6.3a1 1 0 0 0 0 1.4l1.6 1.6a1 1 0 0 0 1.4 0l3.106-3.105c.32-.322.863-.22.983.218a6 6 0 0 1-8.259 7.057l-7.91 7.91a1 1 0 0 1-2.999-3l7.91-7.91a6 6 0 0 1 7.057-8.259c.438.12.54.662.219.984z"></path></svg>FeatureSets</h3></div><div class=""><div class="text-3xl font-bold" data-testid="stat-featuresets-value">2</div><div class="text-sm text-[rgb(var(--muted))]">Permission bundles</div></div></div><div class="rounded-xl border border-[rgb(var(--border-subtle))] bg-[rgb(var(--card))] p-6 shadow-[0_1px_3px_0_rgb(0_0_0/0.1),0_1px_2px_-1px_rgb(0_0_0/0.1)] dark:shadow-[0_1px_3px_0_rgb(0_0_0/0.3),0_1px_2px_-1px_rgb(0_0_0/0.2)]" data-testid="stat-clients"><div class="mb-4"><h3 class="font-semibold text-[rgb(var(--card-foreground))] flex items-center gap-2 text-base"><svg xmlns="http://www.w3.org/2000/svg" width="24" height="24" viewBox="0 0 24 24" fill="none" stroke="currentColor" stroke-width="2" stroke-linecap="round" stroke-linejoin="round" class="lucide lucide-monitor h-5 w-5 text-primary-500" aria-hidden="true"><rect width="20" height="14" x="2" y="3" rx="2"></rect><line x1="8" x2="16" y1="21" y2="21"></line><line x1="12" x2="12" y1="17" y2="21"></line></svg>Clients</h3></div><div class=""><div class="text-3xl font-bold" data-testid="stat-clients-value">1</div><div class="text-sm text-[rgb(var(--muted))]">Registered AI clients</div></div></div><div class="rounded-xl border border-[rgb(var(--border-subtle))] bg-[rgb(var(--card))] p-6 shadow-[0_1px_3px_0_rgb(0_0_0/0.1),0_1px_2px_-1px_rgb(0_0_0/0.1)] dark:shadow-[0_1px_3px_0_rgb(0_0_0/0.3),0_1px_2px_-1px_rgb(0_0_0/0.2)]" data-testid="stat-active-space"><div class="mb-4"><h3 class="font-semibold text-[rgb(var(--card-foreground))] flex items-center gap-2 text-base"><svg xmlns="http://www.w3.org/2000/svg" width="24" height="24" viewBox="0 0 24 24" fill="none" stroke="currentColor" stroke-width="2" stroke-linecap="round" stroke-linejoin="round" class="lucide lucide-globe h-5 w-5 text-primary-500" aria-hidden="true"><circle cx="12" cy="12" r="10"></circle><path d="M12 2a14.5 14.5 0 0 0 0 20 14.5 14.5 0 0 0 0-20"></path><path d="M2 12h20"></path></svg>Active Space</h3></div><div class=""><div class="text-xl font-bold truncate" data-testid="stat-active-space-value">≡ƒÅá Personal</div><div class="text-sm text-[rgb(var(--muted))]">Current context</div></div></div></div><div class="rounded-xl border border-[rgb(var(--border-subtle))] bg-[rgb(var(--card))] p-6 shadow-[0_1px_3px_0_rgb(0_0_0/0.1),0_1px_2px_-1px_rgb(0_0_0/0.1)] dark:shadow-[0_1px_3px_0_rgb(0_0_0/0.3),0_1px_2px_-1px_rgb(0_0_0/0.2)]"><div class="mb-4"><h3 class="text-lg font-semibold text-[rgb(var(--card-foreground))]">Connect Your Client</h3><p class="text-sm text-[rgb(var(--muted))] mt-1">Add this server configuration to your MCP client settings (e.g., inside mcpServers section).</p></div><div class=""><div class="space-y-4"><div class="flex items-center gap-2 text-sm"><span class="h-2 w-2 rounded-full bg-green-500"></span><span class="text-[rgb(var(--muted))]">Gateway:</span><code class="bg-[var(--surface)] px-2 py-1 rounded text-cyan-500">http://localhost:45818</code></div><div class="relative"><pre class="bg-slate-900 text-slate-100 p-4 rounded-lg text-sm overflow-x-auto font-mono">"mcpmux": {
[0-4]   "url": "http://localhost:45818/mcp"
[0-4] }</pre><button class="inline-flex items-center justify-center gap-2 rounded-lg font-medium transition-all duration-150 ease-out focus-visible:outline-none focus-visible:ring-2 focus-visible:ring-[rgb(var(--primary))] focus-visible:ring-offset-2 disabled:pointer-events-none disabled:opacity-50 active:scale-[0.98] bg-[rgb(var(--surface-active))] text-[rgb(var(--foreground))] hover:bg-[rgb(var(--surface-hover))] border border-[rgb(var(--border))] h-8 px-3 text-sm absolute top-2 right-2" data-testid="copy-config-btn">≡ƒôï Copy</button></div></div></div></div></div></div></main></div><div class="h-7 flex-shrink-0 border-t border-[rgb(var(--border-subtle))] bg-[rgb(var(--surface))] px-4"><div class="flex h-full items-center justify-between text-xs text-[rgb(var(--muted))]"><div class="flex items-center gap-4"><span class="flex items-center gap-1.5"><span class="h-2 w-2 rounded-full bg-green-500"></span>Gateway Active</span><span>Active Space: Personal</span></div><div class="flex items-center gap-4"><span>5 Servers ΓÇó 97 Tools</span></div></div></div></div></div>
[0-4] 
[0-4]   
[0-4] 
[0-4] </body></html>
[0-4] [DEBUG] Gateway running: true
[0-4] 2026-02-01T11:25:54.181Z INFO webdriver: COMMAND getPageSource()
[0-4] 2026-02-01T11:25:54.181Z INFO webdriver: [GET] http://localhost:4444/session/4c85588fcf155a6a866608edbbce9b5e/source
[0-4] 2026-02-01T11:25:54.188Z INFO webdriver: RESULT <html lang="en"><head>
[0-4]     <meta charset="UTF-8">
[0-4]     <link rel="icon" type="image/svg+xml" href="/mcpmux.svg">
[0-4]     <meta name="viewport" content="width=device-width, initial-scale=1.0">
[0-4]     <title>McpMux</title>
[0-4]     <script type="module" crossorigin="" src="/assets/index-CiZJOwjC.js"></script>
[0-4]     <link rel="stylesheet" crossorigin="" href="/assets/index-Df7hU3Vb.css">
[0-4]   </head>
[0-4] 
[0-4]   <body>
[0-4]     <div id="root"><div class="flex h-screen flex-col overflow-hidden bg-[rgb(var(--background))]"><div class="drag-region h-8 flex-shrink-0 bg-[rgb(var(--surface))] border-b border-[rgb(var(--border-subtle))]"></div><div class="flex flex-1 overflow-hidden"><aside class="w-60 flex-shrink-0 border-r border-[rgb(var(--border-subtle))]"><nav class="flex h-full flex-col bg-[rgb(var(--surface))]"><div class="flex-shrink-0 p-4 border-b border-[rgb(var(--border-subtle))]"><div class="space-y-3"><div class="flex items-center justify-between"><div class="flex items-center gap-2"><svg xmlns="http://www.w3.org/2000/svg" width="24" height="24" viewBox="0 0 24 24" fill="none" stroke="currentColor" stroke-width="2" stroke-linecap="round" stroke-linejoin="round" class="lucide lucide-zap h-6 w-6 text-primary-500" aria-hidden="true"><path d="M4 14a1 1 0 0 1-.78-1.63l9.9-10.2a.5.5 0 0 1 .86.46l-1.92 6.02A1 1 0 0 0 13 10h7a1 1 0 0 1 .78 1.63l-9.9 10.2a.5.5 0 0 1-.86-.46l1.92-6.02A1 1 0 0 0 11 14z"></path></svg><span class="font-bold text-lg">McpMux</span></div><button class="p-1.5 rounded-lg hover:bg-surface-hover transition-colors" title="Dark mode"><svg xmlns="http://www.w3.org/2000/svg" width="24" height="24" viewBox="0 0 24 24" fill="none" stroke="currentColor" stroke-width="2" stroke-linecap="round" stroke-linejoin="round" class="lucide lucide-moon h-4 w-4" aria-hidden="true"><path d="M20.985 12.486a9 9 0 1 1-9.473-9.472c.405-.022.617.46.402.803a6 6 0 0 0 8.268 8.268c.344-.215.825-.004.803.401"></path></svg></button></div><div class="relative w-full"><button class="w-full flex items-center justify-between gap-2 px-3 py-2.5 rounded-xl border border-[rgb(var(--border))] bg-[rgb(var(--surface))] hover:bg-[rgb(var(--surface-hover))] hover:border-[rgb(var(--primary))/30] transition-all duration-150 group"><span class="flex items-center gap-3 min-w-0"><span class="text-xl">≡ƒÅá</span><span class="font-medium text-sm truncate">Personal</span></span><svg xmlns="http://www.w3.org/2000/svg" width="24" height="24" viewBox="0 0 24 24" fill="none" stroke="currentColor" stroke-width="2" stroke-linecap="round" stroke-linejoin="round" class="lucide lucide-chevron-down h-4 w-4 flex-shrink-0 text-[rgb(var(--muted))] group-hover:text-[rgb(var(--foreground))] transition-all duration-200" aria-hidden="true"><path d="m6 9 6 6 6-6"></path></svg></button></div></div></div><div class="flex-1 overflow-y-auto p-3"><div class="mb-6"><div class="space-y-0.5"><button data-testid="nav-dashboard" class="flex w-full items-center gap-3 rounded-lg px-3 py-2.5 text-sm font-medium transition-all duration-150 hover:text-[rgb(var(--foreground))] bg-[rgb(var(--primary))/10] text-[rgb(var(--primary))] hover:bg-[rgb(var(--primary))/15]"><span class="h-5 w-5 flex items-center justify-center transition-colors text-[rgb(var(--primary))]"><svg xmlns="http://www.w3.org/2000/svg" width="24" height="24" viewBox="0 0 24 24" fill="none" stroke="currentColor" stroke-width="2" stroke-linecap="round" stroke-linejoin="round" class="lucide lucide-house h-4 w-4" aria-hidden="true"><path d="M15 21v-8a1 1 0 0 0-1-1h-4a1 1 0 0 0-1 1v8"></path><path d="M3 10a2 2 0 0 1 .709-1.528l7-6a2 2 0 0 1 2.582 0l7 6A2 2 0 0 1 21 10v9a2 2 0 0 1-2 2H5a2 2 0 0 1-2-2z"></path></svg></span><span>Dashboard</span></button><button data-testid="nav-my-servers" class="flex w-full items-center gap-3 rounded-lg px-3 py-2.5 text-sm font-medium transition-all duration-150 text-[rgb(var(--muted))] hover:text-[rgb(var(--foreground))] hover:bg-[rgb(var(--surface-hover))]"><span class="h-5 w-5 flex items-center justify-center transition-colors"><svg xmlns="http://www.w3.org/2000/svg" width="24" height="24" viewBox="0 0 24 24" fill="none" stroke="currentColor" stroke-width="2" stroke-linecap="round" stroke-linejoin="round" class="lucide lucide-zap h-4 w-4" aria-hidden="true"><path d="M4 14a1 1 0 0 1-.78-1.63l9.9-10.2a.5.5 0 0 1 .86.46l-1.92 6.02A1 1 0 0 0 13 10h7a1 1 0 0 1 .78 1.63l-9.9 10.2a.5.5 0 0 1-.86-.46l1.92-6.02A1 1 0 0 0 11 14z"></path></svg></span><span>My Servers</span></button><button data-testid="nav-discover" class="flex w-full items-center gap-3 rounded-lg px-3 py-2.5 text-sm font-medium transition-all duration-150 text-[rgb(var(--muted))] hover:text-[rgb(var(--foreground))] hover:bg-[rgb(var(--surface-hover))]"><span class="h-5 w-5 flex items-center justify-center transition-colors"><svg xmlns="http://www.w3.org/2000/svg" width="24" height="24" viewBox="0 0 24 24" fill="none" stroke="currentColor" stroke-width="2" stroke-linecap="round" stroke-linejoin="round" class="lucide lucide-server h-4 w-4" aria-hidden="true"><rect width="20" height="8" x="2" y="2" rx="2" ry="2"></rect><rect width="20" height="8" x="2" y="14" rx="2" ry="2"></rect><line x1="6" x2="6.01" y1="6" y2="6"></line><line x1="6" x2="6.01" y1="18" y2="18"></line></svg></span><span>Discover</span></button></div></div><div class="mb-6"><h3 class="mb-2 px-3 text-[11px] font-semibold uppercase tracking-wider text-[rgb(var(--muted-foreground))]">Workspaces</h3><div class="space-y-0.5"><button data-testid="nav-spaces" class="flex w-full items-center gap-3 rounded-lg px-3 py-2.5 text-sm font-medium transition-all duration-150 text-[rgb(var(--muted))] hover:text-[rgb(var(--foreground))] hover:bg-[rgb(var(--surface-hover))]"><span class="h-5 w-5 flex items-center justify-center transition-colors"><svg xmlns="http://www.w3.org/2000/svg" width="24" height="24" viewBox="0 0 24 24" fill="none" stroke="currentColor" stroke-width="2" stroke-linecap="round" stroke-linejoin="round" class="lucide lucide-globe h-4 w-4" aria-hidden="true"><circle cx="12" cy="12" r="10"></circle><path d="M12 2a14.5 14.5 0 0 0 0 20 14.5 14.5 0 0 0 0-20"></path><path d="M2 12h20"></path></svg></span><span>Spaces</span></button><button data-testid="nav-featuresets" class="flex w-full items-center gap-3 rounded-lg px-3 py-2.5 text-sm font-medium transition-all duration-150 text-[rgb(var(--muted))] hover:text-[rgb(var(--foreground))] hover:bg-[rgb(var(--surface-hover))]"><span class="h-5 w-5 flex items-center justify-center transition-colors"><svg xmlns="http://www.w3.org/2000/svg" width="24" height="24" viewBox="0 0 24 24" fill="none" stroke="currentColor" stroke-width="2" stroke-linecap="round" stroke-linejoin="round" class="lucide lucide-wrench h-4 w-4" aria-hidden="true"><path d="M14.7 6.3a1 1 0 0 0 0 1.4l1.6 1.6a1 1 0 0 0 1.4 0l3.106-3.105c.32-.322.863-.22.983.218a6 6 0 0 1-8.259 7.057l-7.91 7.91a1 1 0 0 1-2.999-3l7.91-7.91a6 6 0 0 1 7.057-8.259c.438.12.54.662.219.984z"></path></svg></span><span>FeatureSets</span></button></div></div><div class="mb-6"><h3 class="mb-2 px-3 text-[11px] font-semibold uppercase tracking-wider text-[rgb(var(--muted-foreground))]">Connections</h3><div class="space-y-0.5"><button data-testid="nav-clients" class="flex w-full items-center gap-3 rounded-lg px-3 py-2.5 text-sm font-medium transition-all duration-150 text-[rgb(var(--muted))] hover:text-[rgb(var(--foreground))] hover:bg-[rgb(var(--surface-hover))]"><span class="h-5 w-5 flex items-center justify-center transition-colors"><svg xmlns="http://www.w3.org/2000/svg" width="24" height="24" viewBox="0 0 24 24" fill="none" stroke="currentColor" stroke-width="2" stroke-linecap="round" stroke-linejoin="round" class="lucide lucide-monitor h-4 w-4" aria-hidden="true"><rect width="20" height="14" x="2" y="3" rx="2"></rect><line x1="8" x2="16" y1="21" y2="21"></line><line x1="12" x2="12" y1="17" y2="21"></line></svg></span><span>Clients</span></button></div></div><div class="mb-6"><div class="space-y-0.5"><button data-testid="nav-settings" class="flex w-full items-center gap-3 rounded-lg px-3 py-2.5 text-sm font-medium transition-all duration-150 text-[rgb(var(--muted))] hover:text-[rgb(var(--foreground))] hover:bg-[rgb(var(--surface-hover))]"><span class="h-5 w-5 flex items-center justify-center transition-colors"><svg xmlns="http://www.w3.org/2000/svg" width="24" height="24" viewBox="0 0 24 24" fill="none" stroke="currentColor" stroke-width="2" stroke-linecap="round" stroke-linejoin="round" class="lucide lucide-settings h-4 w-4" aria-hidden="true"><path d="M9.671 4.136a2.34 2.34 0 0 1 4.659 0 2.34 2.34 0 0 0 3.319 1.915 2.34 2.34 0 0 1 2.33 4.033 2.34 2.34 0 0 0 0 3.831 2.34 2.34 0 0 1-2.33 4.033 2.34 2.34 0 0 0-3.319 1.915 2.34 2.34 0 0 1-4.659 0 2.34 2.34 0 0 0-3.32-1.915 2.34 2.34 0 0 1-2.33-4.033 2.34 2.34 0 0 0 0-3.831A2.34 2.34 0 0 1 6.35 6.051a2.34 2.34 0 0 0 3.319-1.915"></path><circle cx="12" cy="12" r="3"></circle></svg></span><span>Settings</span></button></div></div></div><div class="flex-shrink-0 p-4 border-t border-[rgb(var(--border-subtle))]"><div class="text-xs text-[rgb(var(--muted))]"><div>McpMux v0.1.0</div><div>Gateway: localhost:9315</div></div></div></nav></aside><main class="flex-1 overflow-auto p-6 bg-[rgb(var(--background))]"><div class="animate-fade-in"><div class="space-y-6"><div><h1 class="text-2xl font-bold">Dashboard</h1><p class="text-[rgb(var(--muted))]">Welcome to McpMux - your centralized MCP server manager.</p></div><div class="rounded-xl border bg-[rgb(var(--card))] p-6 shadow-[0_1px_3px_0_rgb(0_0_0/0.1),0_1px_2px_-1px_rgb(0_0_0/0.1)] dark:shadow-[0_1px_3px_0_rgb(0_0_0/0.3),0_1px_2px_-1px_rgb(0_0_0/0.2)] border-green-500" data-testid="gateway-status-card"><div class="flex items-center justify-between py-3"><div class="flex items-center gap-3"><span class="h-3 w-3 rounded-full bg-green-500" data-testid="gateway-status-indicator"></span><div><span class="font-medium" data-testid="gateway-status-text">Gateway: Running</span><span class="text-sm text-[rgb(var(--muted))] ml-2" data-testid="gateway-url">http://localhost:45818</span></div></div><button class="inline-flex items-center justify-center gap-2 rounded-lg font-medium transition-all duration-150 ease-out focus-visible:outline-none focus-visible:ring-2 focus-visible:ring-[rgb(var(--primary))] focus-visible:ring-offset-2 disabled:pointer-events-none disabled:opacity-50 active:scale-[0.98] text-[rgb(var(--foreground))] hover:bg-[rgb(var(--surface-hover))] h-8 px-3 text-sm" data-testid="gateway-toggle-btn">Stop</button></div></div><div class="grid grid-cols-1 md:grid-cols-2 lg:grid-cols-4 gap-4" data-testid="dashboard-stats-grid"><div class="rounded-xl border border-[rgb(var(--border-subtle))] bg-[rgb(var(--card))] p-6 shadow-[0_1px_3px_0_rgb(0_0_0/0.1),0_1px_2px_-1px_rgb(0_0_0/0.1)] dark:shadow-[0_1px_3px_0_rgb(0_0_0/0.3),0_1px_2px_-1px_rgb(0_0_0/0.2)]" data-testid="stat-servers"><div class="mb-4"><h3 class="font-semibold text-[rgb(var(--card-foreground))] flex items-center gap-2 text-base"><svg xmlns="http://www.w3.org/2000/svg" width="24" height="24" viewBox="0 0 24 24" fill="none" stroke="currentColor" stroke-width="2" stroke-linecap="round" stroke-linejoin="round" class="lucide lucide-server h-5 w-5 text-primary-500" aria-hidden="true"><rect width="20" height="8" x="2" y="2" rx="2" ry="2"></rect><rect width="20" height="8" x="2" y="14" rx="2" ry="2"></rect><line x1="6" x2="6.01" y1="6" y2="6"></line><line x1="6" x2="6.01" y1="18" y2="18"></line></svg>Servers</h3></div><div class=""><div class="text-3xl font-bold" data-testid="stat-servers-value">1/1</div><div class="text-sm text-[rgb(var(--muted))]">Connected / Installed</div></div></div><div class="rounded-xl border border-[rgb(var(--border-subtle))] bg-[rgb(var(--card))] p-6 shadow-[0_1px_3px_0_rgb(0_0_0/0.1),0_1px_2px_-1px_rgb(0_0_0/0.1)] dark:shadow-[0_1px_3px_0_rgb(0_0_0/0.3),0_1px_2px_-1px_rgb(0_0_0/0.2)]" data-testid="stat-featuresets"><div class="mb-4"><h3 class="font-semibold text-[rgb(var(--card-foreground))] flex items-center gap-2 text-base"><svg xmlns="http://www.w3.org/2000/svg" width="24" height="24" viewBox="0 0 24 24" fill="none" stroke="currentColor" stroke-width="2" stroke-linecap="round" stroke-linejoin="round" class="lucide lucide-wrench h-5 w-5 text-primary-500" aria-hidden="true"><path d="M14.7 6.3a1 1 0 0 0 0 1.4l1.6 1.6a1 1 0 0 0 1.4 0l3.106-3.105c.32-.322.863-.22.983.218a6 6 0 0 1-8.259 7.057l-7.91 7.91a1 1 0 0 1-2.999-3l7.91-7.91a6 6 0 0 1 7.057-8.259c.438.12.54.662.219.984z"></path></svg>FeatureSets</h3></div><div class=""><div class="text-3xl font-bold" data-testid="stat-featuresets-value">2</div><div class="text-sm text-[rgb(var(--muted))]">Permission bundles</div></div></div><div class="rounded-xl border border-[rgb(var(--border-subtle))] bg-[rgb(var(--card))] p-6 shadow-[0_1px_3px_0_rgb(0_0_0/0.1),0_1px_2px_-1px_rgb(0_0_0/0.1)] dark:shadow-[0_1px_3px_0_rgb(0_0_0/0.3),0_1px_2px_-1px_rgb(0_0_0/0.2)]" data-testid="stat-clients"><div class="mb-4"><h3 class="font-semibold text-[rgb(var(--card-foreground))] flex items-center gap-2 text-base"><svg xmlns="http://www.w3.org/2000/svg" width="24" height="24" viewBox="0 0 24 24" fill="none" stroke="currentColor" stroke-width="2" stroke-linecap="round" stroke-linejoin="round" class="lucide lucide-monitor h-5 w-5 text-primary-500" aria-hidden="true"><rect width="20" height="14" x="2" y="3" rx="2"></rect><line x1="8" x2="16" y1="21" y2="21"></line><line x1="12" x2="12" y1="17" y2="21"></line></svg>Clients</h3></div><div class=""><div class="text-3xl font-bold" data-testid="stat-clients-value">1</div><div class="text-sm text-[rgb(var(--muted))]">Registered AI clients</div></div></div><div class="rounded-xl border border-[rgb(var(--border-subtle))] bg-[rgb(var(--card))] p-6 shadow-[0_1px_3px_0_rgb(0_0_0/0.1),0_1px_2px_-1px_rgb(0_0_0/0.1)] dark:shadow-[0_1px_3px_0_rgb(0_0_0/0.3),0_1px_2px_-1px_rgb(0_0_0/0.2)]" data-testid="stat-active-space"><div class="mb-4"><h3 class="font-semibold text-[rgb(var(--card-foreground))] flex items-center gap-2 text-base"><svg xmlns="http://www.w3.org/2000/svg" width="24" height="24" viewBox="0 0 24 24" fill="none" stroke="currentColor" stroke-width="2" stroke-linecap="round" stroke-linejoin="round" class="lucide lucide-globe h-5 w-5 text-primary-500" aria-hidden="true"><circle cx="12" cy="12" r="10"></circle><path d="M12 2a14.5 14.5 0 0 0 0 20 14.5 14.5 0 0 0 0-20"></path><path d="M2 12h20"></path></svg>Active Space</h3></div><div class=""><div class="text-xl font-bold truncate" data-testid="stat-active-space-value">≡ƒÅá Personal</div><div class="text-sm text-[rgb(var(--muted))]">Current context</div></div></div></div><div class="rounded-xl border border-[rgb(var(--border-subtle))] bg-[rgb(var(--card))] p-6 shadow-[0_1px_3px_0_rgb(0_0_0/0.1),0_1px_2px_-1px_rgb(0_0_0/0.1)] dark:shadow-[0_1px_3px_0_rgb(0_0_0/0.3),0_1px_2px_-1px_rgb(0_0_0/0.2)]"><div class="mb-4"><h3 class="text-lg font-semibold text-[rgb(var(--card-foreground))]">Connect Your Client</h3><p class="text-sm text-[rgb(var(--muted))] mt-1">Add this server configuration to your MCP client settings (e.g., inside mcpServers section).</p></div><div class=""><div class="space-y-4"><div class="flex items-center gap-2 text-sm"><span class="h-2 w-2 rounded-full bg-green-500"></span><span class="text-[rgb(var(--muted))]">Gateway:</span><code class="bg-[var(--surface)] px-2 py-1 rounded text-cyan-500">http://localhost:45818</code></div><div class="relative"><pre class="bg-slate-900 text-slate-100 p-4 rounded-lg text-sm overflow-x-auto font-mono">"mcpmux": {
[0-4]   "url": "http://localhost:45818/mcp"
[0-4] }</pre><button class="inline-flex items-center justify-center gap-2 rounded-lg font-medium transition-all duration-150 ease-out focus-visible:outline-none focus-visible:ring-2 focus-visible:ring-[rgb(var(--primary))] focus-visible:ring-offset-2 disabled:pointer-events-none disabled:opacity-50 active:scale-[0.98] bg-[rgb(var(--surface-active))] text-[rgb(var(--foreground))] hover:bg-[rgb(var(--surface-hover))] border border-[rgb(var(--border))] h-8 px-3 text-sm absolute top-2 right-2" data-testid="copy-config-btn">≡ƒôï Copy</button></div></div></div></div></div></div></main></div><div class="h-7 flex-shrink-0 border-t border-[rgb(var(--border-subtle))] bg-[rgb(var(--surface))] px-4"><div class="flex h-full items-center justify-between text-xs text-[rgb(var(--muted))]"><div class="flex items-center gap-4"><span class="flex items-center gap-1.5"><span class="h-2 w-2 rounded-full bg-green-500"></span>Gateway Active</span><span>Active Space: Personal</span></div><div class="flex items-center gap-4"><span>5 Servers ΓÇó 97 Tools</span></div></div></div></div></div>
[0-4] 
[0-4]   
[0-4] 
[0-4] </body></html>
[0-4] 2026-02-01T11:25:54.191Z INFO webdriver: COMMAND getPageSource()
[0-4] 2026-02-01T11:25:54.191Z INFO webdriver: [GET] http://localhost:4444/session/4c85588fcf155a6a866608edbbce9b5e/source
[0-4] 2026-02-01T11:25:54.198Z INFO webdriver: RESULT <html lang="en"><head>
[0-4]     <meta charset="UTF-8">
[0-4]     <link rel="icon" type="image/svg+xml" href="/mcpmux.svg">
[0-4]     <meta name="viewport" content="width=device-width, initial-scale=1.0">
[0-4]     <title>McpMux</title>
[0-4]     <script type="module" crossorigin="" src="/assets/index-CiZJOwjC.js"></script>
[0-4]     <link rel="stylesheet" crossorigin="" href="/assets/index-Df7hU3Vb.css">
[0-4]   </head>
[0-4] 
[0-4]   <body>
[0-4]     <div id="root"><div class="flex h-screen flex-col overflow-hidden bg-[rgb(var(--background))]"><div class="drag-region h-8 flex-shrink-0 bg-[rgb(var(--surface))] border-b border-[rgb(var(--border-subtle))]"></div><div class="flex flex-1 overflow-hidden"><aside class="w-60 flex-shrink-0 border-r border-[rgb(var(--border-subtle))]"><nav class="flex h-full flex-col bg-[rgb(var(--surface))]"><div class="flex-shrink-0 p-4 border-b border-[rgb(var(--border-subtle))]"><div class="space-y-3"><div class="flex items-center justify-between"><div class="flex items-center gap-2"><svg xmlns="http://www.w3.org/2000/svg" width="24" height="24" viewBox="0 0 24 24" fill="none" stroke="currentColor" stroke-width="2" stroke-linecap="round" stroke-linejoin="round" class="lucide lucide-zap h-6 w-6 text-primary-500" aria-hidden="true"><path d="M4 14a1 1 0 0 1-.78-1.63l9.9-10.2a.5.5 0 0 1 .86.46l-1.92 6.02A1 1 0 0 0 13 10h7a1 1 0 0 1 .78 1.63l-9.9 10.2a.5.5 0 0 1-.86-.46l1.92-6.02A1 1 0 0 0 11 14z"></path></svg><span class="font-bold text-lg">McpMux</span></div><button class="p-1.5 rounded-lg hover:bg-surface-hover transition-colors" title="Dark mode"><svg xmlns="http://www.w3.org/2000/svg" width="24" height="24" viewBox="0 0 24 24" fill="none" stroke="currentColor" stroke-width="2" stroke-linecap="round" stroke-linejoin="round" class="lucide lucide-moon h-4 w-4" aria-hidden="true"><path d="M20.985 12.486a9 9 0 1 1-9.473-9.472c.405-.022.617.46.402.803a6 6 0 0 0 8.268 8.268c.344-.215.825-.004.803.401"></path></svg></button></div><div class="relative w-full"><button class="w-full flex items-center justify-between gap-2 px-3 py-2.5 rounded-xl border border-[rgb(var(--border))] bg-[rgb(var(--surface))] hover:bg-[rgb(var(--surface-hover))] hover:border-[rgb(var(--primary))/30] transition-all duration-150 group"><span class="flex items-center gap-3 min-w-0"><span class="text-xl">≡ƒÅá</span><span class="font-medium text-sm truncate">Personal</span></span><svg xmlns="http://www.w3.org/2000/svg" width="24" height="24" viewBox="0 0 24 24" fill="none" stroke="currentColor" stroke-width="2" stroke-linecap="round" stroke-linejoin="round" class="lucide lucide-chevron-down h-4 w-4 flex-shrink-0 text-[rgb(var(--muted))] group-hover:text-[rgb(var(--foreground))] transition-all duration-200" aria-hidden="true"><path d="m6 9 6 6 6-6"></path></svg></button></div></div></div><div class="flex-1 overflow-y-auto p-3"><div class="mb-6"><div class="space-y-0.5"><button data-testid="nav-dashboard" class="flex w-full items-center gap-3 rounded-lg px-3 py-2.5 text-sm font-medium transition-all duration-150 hover:text-[rgb(var(--foreground))] bg-[rgb(var(--primary))/10] text-[rgb(var(--primary))] hover:bg-[rgb(var(--primary))/15]"><span class="h-5 w-5 flex items-center justify-center transition-colors text-[rgb(var(--primary))]"><svg xmlns="http://www.w3.org/2000/svg" width="24" height="24" viewBox="0 0 24 24" fill="none" stroke="currentColor" stroke-width="2" stroke-linecap="round" stroke-linejoin="round" class="lucide lucide-house h-4 w-4" aria-hidden="true"><path d="M15 21v-8a1 1 0 0 0-1-1h-4a1 1 0 0 0-1 1v8"></path><path d="M3 10a2 2 0 0 1 .709-1.528l7-6a2 2 0 0 1 2.582 0l7 6A2 2 0 0 1 21 10v9a2 2 0 0 1-2 2H5a2 2 0 0 1-2-2z"></path></svg></span><span>Dashboard</span></button><button data-testid="nav-my-servers" class="flex w-full items-center gap-3 rounded-lg px-3 py-2.5 text-sm font-medium transition-all duration-150 text-[rgb(var(--muted))] hover:text-[rgb(var(--foreground))] hover:bg-[rgb(var(--surface-hover))]"><span class="h-5 w-5 flex items-center justify-center transition-colors"><svg xmlns="http://www.w3.org/2000/svg" width="24" height="24" viewBox="0 0 24 24" fill="none" stroke="currentColor" stroke-width="2" stroke-linecap="round" stroke-linejoin="round" class="lucide lucide-zap h-4 w-4" aria-hidden="true"><path d="M4 14a1 1 0 0 1-.78-1.63l9.9-10.2a.5.5 0 0 1 .86.46l-1.92 6.02A1 1 0 0 0 13 10h7a1 1 0 0 1 .78 1.63l-9.9 10.2a.5.5 0 0 1-.86-.46l1.92-6.02A1 1 0 0 0 11 14z"></path></svg></span><span>My Servers</span></button><button data-testid="nav-discover" class="flex w-full items-center gap-3 rounded-lg px-3 py-2.5 text-sm font-medium transition-all duration-150 text-[rgb(var(--muted))] hover:text-[rgb(var(--foreground))] hover:bg-[rgb(var(--surface-hover))]"><span class="h-5 w-5 flex items-center justify-center transition-colors"><svg xmlns="http://www.w3.org/2000/svg" width="24" height="24" viewBox="0 0 24 24" fill="none" stroke="currentColor" stroke-width="2" stroke-linecap="round" stroke-linejoin="round" class="lucide lucide-server h-4 w-4" aria-hidden="true"><rect width="20" height="8" x="2" y="2" rx="2" ry="2"></rect><rect width="20" height="8" x="2" y="14" rx="2" ry="2"></rect><line x1="6" x2="6.01" y1="6" y2="6"></line><line x1="6" x2="6.01" y1="18" y2="18"></line></svg></span><span>Discover</span></button></div></div><div class="mb-6"><h3 class="mb-2 px-3 text-[11px] font-semibold uppercase tracking-wider text-[rgb(var(--muted-foreground))]">Workspaces</h3><div class="space-y-0.5"><button data-testid="nav-spaces" class="flex w-full items-center gap-3 rounded-lg px-3 py-2.5 text-sm font-medium transition-all duration-150 text-[rgb(var(--muted))] hover:text-[rgb(var(--foreground))] hover:bg-[rgb(var(--surface-hover))]"><span class="h-5 w-5 flex items-center justify-center transition-colors"><svg xmlns="http://www.w3.org/2000/svg" width="24" height="24" viewBox="0 0 24 24" fill="none" stroke="currentColor" stroke-width="2" stroke-linecap="round" stroke-linejoin="round" class="lucide lucide-globe h-4 w-4" aria-hidden="true"><circle cx="12" cy="12" r="10"></circle><path d="M12 2a14.5 14.5 0 0 0 0 20 14.5 14.5 0 0 0 0-20"></path><path d="M2 12h20"></path></svg></span><span>Spaces</span></button><button data-testid="nav-featuresets" class="flex w-full items-center gap-3 rounded-lg px-3 py-2.5 text-sm font-medium transition-all duration-150 text-[rgb(var(--muted))] hover:text-[rgb(var(--foreground))] hover:bg-[rgb(var(--surface-hover))]"><span class="h-5 w-5 flex items-center justify-center transition-colors"><svg xmlns="http://www.w3.org/2000/svg" width="24" height="24" viewBox="0 0 24 24" fill="none" stroke="currentColor" stroke-width="2" stroke-linecap="round" stroke-linejoin="round" class="lucide lucide-wrench h-4 w-4" aria-hidden="true"><path d="M14.7 6.3a1 1 0 0 0 0 1.4l1.6 1.6a1 1 0 0 0 1.4 0l3.106-3.105c.32-.322.863-.22.983.218a6 6 0 0 1-8.259 7.057l-7.91 7.91a1 1 0 0 1-2.999-3l7.91-7.91a6 6 0 0 1 7.057-8.259c.438.12.54.662.219.984z"></path></svg></span><span>FeatureSets</span></button></div></div><div class="mb-6"><h3 class="mb-2 px-3 text-[11px] font-semibold uppercase tracking-wider text-[rgb(var(--muted-foreground))]">Connections</h3><div class="space-y-0.5"><button data-testid="nav-clients" class="flex w-full items-center gap-3 rounded-lg px-3 py-2.5 text-sm font-medium transition-all duration-150 text-[rgb(var(--muted))] hover:text-[rgb(var(--foreground))] hover:bg-[rgb(var(--surface-hover))]"><span class="h-5 w-5 flex items-center justify-center transition-colors"><svg xmlns="http://www.w3.org/2000/svg" width="24" height="24" viewBox="0 0 24 24" fill="none" stroke="currentColor" stroke-width="2" stroke-linecap="round" stroke-linejoin="round" class="lucide lucide-monitor h-4 w-4" aria-hidden="true"><rect width="20" height="14" x="2" y="3" rx="2"></rect><line x1="8" x2="16" y1="21" y2="21"></line><line x1="12" x2="12" y1="17" y2="21"></line></svg></span><span>Clients</span></button></div></div><div class="mb-6"><div class="space-y-0.5"><button data-testid="nav-settings" class="flex w-full items-center gap-3 rounded-lg px-3 py-2.5 text-sm font-medium transition-all duration-150 text-[rgb(var(--muted))] hover:text-[rgb(var(--foreground))] hover:bg-[rgb(var(--surface-hover))]"><span class="h-5 w-5 flex items-center justify-center transition-colors"><svg xmlns="http://www.w3.org/2000/svg" width="24" height="24" viewBox="0 0 24 24" fill="none" stroke="currentColor" stroke-width="2" stroke-linecap="round" stroke-linejoin="round" class="lucide lucide-settings h-4 w-4" aria-hidden="true"><path d="M9.671 4.136a2.34 2.34 0 0 1 4.659 0 2.34 2.34 0 0 0 3.319 1.915 2.34 2.34 0 0 1 2.33 4.033 2.34 2.34 0 0 0 0 3.831 2.34 2.34 0 0 1-2.33 4.033 2.34 2.34 0 0 0-3.319 1.915 2.34 2.34 0 0 1-4.659 0 2.34 2.34 0 0 0-3.32-1.915 2.34 2.34 0 0 1-2.33-4.033 2.34 2.34 0 0 0 0-3.831A2.34 2.34 0 0 1 6.35 6.051a2.34 2.34 0 0 0 3.319-1.915"></path><circle cx="12" cy="12" r="3"></circle></svg></span><span>Settings</span></button></div></div></div><div class="flex-shrink-0 p-4 border-t border-[rgb(var(--border-subtle))]"><div class="text-xs text-[rgb(var(--muted))]"><div>McpMux v0.1.0</div><div>Gateway: localhost:9315</div></div></div></nav></aside><main class="flex-1 overflow-auto p-6 bg-[rgb(var(--background))]"><div class="animate-fade-in"><div class="space-y-6"><div><h1 class="text-2xl font-bold">Dashboard</h1><p class="text-[rgb(var(--muted))]">Welcome to McpMux - your centralized MCP server manager.</p></div><div class="rounded-xl border bg-[rgb(var(--card))] p-6 shadow-[0_1px_3px_0_rgb(0_0_0/0.1),0_1px_2px_-1px_rgb(0_0_0/0.1)] dark:shadow-[0_1px_3px_0_rgb(0_0_0/0.3),0_1px_2px_-1px_rgb(0_0_0/0.2)] border-green-500" data-testid="gateway-status-card"><div class="flex items-center justify-between py-3"><div class="flex items-center gap-3"><span class="h-3 w-3 rounded-full bg-green-500" data-testid="gateway-status-indicator"></span><div><span class="font-medium" data-testid="gateway-status-text">Gateway: Running</span><span class="text-sm text-[rgb(var(--muted))] ml-2" data-testid="gateway-url">http://localhost:45818</span></div></div><button class="inline-flex items-center justify-center gap-2 rounded-lg font-medium transition-all duration-150 ease-out focus-visible:outline-none focus-visible:ring-2 focus-visible:ring-[rgb(var(--primary))] focus-visible:ring-offset-2 disabled:pointer-events-none disabled:opacity-50 active:scale-[0.98] text-[rgb(var(--foreground))] hover:bg-[rgb(var(--surface-hover))] h-8 px-3 text-sm" data-testid="gateway-toggle-btn">Stop</button></div></div><div class="grid grid-cols-1 md:grid-cols-2 lg:grid-cols-4 gap-4" data-testid="dashboard-stats-grid"><div class="rounded-xl border border-[rgb(var(--border-subtle))] bg-[rgb(var(--card))] p-6 shadow-[0_1px_3px_0_rgb(0_0_0/0.1),0_1px_2px_-1px_rgb(0_0_0/0.1)] dark:shadow-[0_1px_3px_0_rgb(0_0_0/0.3),0_1px_2px_-1px_rgb(0_0_0/0.2)]" data-testid="stat-servers"><div class="mb-4"><h3 class="font-semibold text-[rgb(var(--card-foreground))] flex items-center gap-2 text-base"><svg xmlns="http://www.w3.org/2000/svg" width="24" height="24" viewBox="0 0 24 24" fill="none" stroke="currentColor" stroke-width="2" stroke-linecap="round" stroke-linejoin="round" class="lucide lucide-server h-5 w-5 text-primary-500" aria-hidden="true"><rect width="20" height="8" x="2" y="2" rx="2" ry="2"></rect><rect width="20" height="8" x="2" y="14" rx="2" ry="2"></rect><line x1="6" x2="6.01" y1="6" y2="6"></line><line x1="6" x2="6.01" y1="18" y2="18"></line></svg>Servers</h3></div><div class=""><div class="text-3xl font-bold" data-testid="stat-servers-value">1/1</div><div class="text-sm text-[rgb(var(--muted))]">Connected / Installed</div></div></div><div class="rounded-xl border border-[rgb(var(--border-subtle))] bg-[rgb(var(--card))] p-6 shadow-[0_1px_3px_0_rgb(0_0_0/0.1),0_1px_2px_-1px_rgb(0_0_0/0.1)] dark:shadow-[0_1px_3px_0_rgb(0_0_0/0.3),0_1px_2px_-1px_rgb(0_0_0/0.2)]" data-testid="stat-featuresets"><div class="mb-4"><h3 class="font-semibold text-[rgb(var(--card-foreground))] flex items-center gap-2 text-base"><svg xmlns="http://www.w3.org/2000/svg" width="24" height="24" viewBox="0 0 24 24" fill="none" stroke="currentColor" stroke-width="2" stroke-linecap="round" stroke-linejoin="round" class="lucide lucide-wrench h-5 w-5 text-primary-500" aria-hidden="true"><path d="M14.7 6.3a1 1 0 0 0 0 1.4l1.6 1.6a1 1 0 0 0 1.4 0l3.106-3.105c.32-.322.863-.22.983.218a6 6 0 0 1-8.259 7.057l-7.91 7.91a1 1 0 0 1-2.999-3l7.91-7.91a6 6 0 0 1 7.057-8.259c.438.12.54.662.219.984z"></path></svg>FeatureSets</h3></div><div class=""><div class="text-3xl font-bold" data-testid="stat-featuresets-value">2</div><div class="text-sm text-[rgb(var(--muted))]">Permission bundles</div></div></div><div class="rounded-xl border border-[rgb(var(--border-subtle))] bg-[rgb(var(--card))] p-6 shadow-[0_1px_3px_0_rgb(0_0_0/0.1),0_1px_2px_-1px_rgb(0_0_0/0.1)] dark:shadow-[0_1px_3px_0_rgb(0_0_0/0.3),0_1px_2px_-1px_rgb(0_0_0/0.2)]" data-testid="stat-clients"><div class="mb-4"><h3 class="font-semibold text-[rgb(var(--card-foreground))] flex items-center gap-2 text-base"><svg xmlns="http://www.w3.org/2000/svg" width="24" height="24" viewBox="0 0 24 24" fill="none" stroke="currentColor" stroke-width="2" stroke-linecap="round" stroke-linejoin="round" class="lucide lucide-monitor h-5 w-5 text-primary-500" aria-hidden="true"><rect width="20" height="14" x="2" y="3" rx="2"></rect><line x1="8" x2="16" y1="21" y2="21"></line><line x1="12" x2="12" y1="17" y2="21"></line></svg>Clients</h3></div><div class=""><div class="text-3xl font-bold" data-testid="stat-clients-value">1</div><div class="text-sm text-[rgb(var(--muted))]">Registered AI clients</div></div></div><div class="rounded-xl border border-[rgb(var(--border-subtle))] bg-[rgb(var(--card))] p-6 shadow-[0_1px_3px_0_rgb(0_0_0/0.1),0_1px_2px_-1px_rgb(0_0_0/0.1)] dark:shadow-[0_1px_3px_0_rgb(0_0_0/0.3),0_1px_2px_-1px_rgb(0_0_0/0.2)]" data-testid="stat-active-space"><div class="mb-4"><h3 class="font-semibold text-[rgb(var(--card-foreground))] flex items-center gap-2 text-base"><svg xmlns="http://www.w3.org/2000/svg" width="24" height="24" viewBox="0 0 24 24" fill="none" stroke="currentColor" stroke-width="2" stroke-linecap="round" stroke-linejoin="round" class="lucide lucide-globe h-5 w-5 text-primary-500" aria-hidden="true"><circle cx="12" cy="12" r="10"></circle><path d="M12 2a14.5 14.5 0 0 0 0 20 14.5 14.5 0 0 0 0-20"></path><path d="M2 12h20"></path></svg>Active Space</h3></div><div class=""><div class="text-xl font-bold truncate" data-testid="stat-active-space-value">≡ƒÅá Personal</div><div class="text-sm text-[rgb(var(--muted))]">Current context</div></div></div></div><div class="rounded-xl border border-[rgb(var(--border-subtle))] bg-[rgb(var(--card))] p-6 shadow-[0_1px_3px_0_rgb(0_0_0/0.1),0_1px_2px_-1px_rgb(0_0_0/0.1)] dark:shadow-[0_1px_3px_0_rgb(0_0_0/0.3),0_1px_2px_-1px_rgb(0_0_0/0.2)]"><div class="mb-4"><h3 class="text-lg font-semibold text-[rgb(var(--card-foreground))]">Connect Your Client</h3><p class="text-sm text-[rgb(var(--muted))] mt-1">Add this server configuration to your MCP client settings (e.g., inside mcpServers section).</p></div><div class=""><div class="space-y-4"><div class="flex items-center gap-2 text-sm"><span class="h-2 w-2 rounded-full bg-green-500"></span><span class="text-[rgb(var(--muted))]">Gateway:</span><code class="bg-[var(--surface)] px-2 py-1 rounded text-cyan-500">http://localhost:45818</code></div><div class="relative"><pre class="bg-slate-900 text-slate-100 p-4 rounded-lg text-sm overflow-x-auto font-mono">"mcpmux": {
[0-4]   "url": "http://localhost:45818/mcp"
[0-4] }</pre><button class="inline-flex items-center justify-center gap-2 rounded-lg font-medium transition-all duration-150 ease-out focus-visible:outline-none focus-visible:ring-2 focus-visible:ring-[rgb(var(--primary))] focus-visible:ring-offset-2 disabled:pointer-events-none disabled:opacity-50 active:scale-[0.98] bg-[rgb(var(--surface-active))] text-[rgb(var(--foreground))] hover:bg-[rgb(var(--surface-hover))] border border-[rgb(var(--border))] h-8 px-3 text-sm absolute top-2 right-2" data-testid="copy-config-btn">≡ƒôï Copy</button></div></div></div></div></div></div></main></div><div class="h-7 flex-shrink-0 border-t border-[rgb(var(--border-subtle))] bg-[rgb(var(--surface))] px-4"><div class="flex h-full items-center justify-between text-xs text-[rgb(var(--muted))]"><div class="flex items-center gap-4"><span class="flex items-center gap-1.5"><span class="h-2 w-2 rounded-full bg-green-500"></span>Gateway Active</span><span>Active Space: Personal</span></div><div class="flex items-center gap-4"><span>5 Servers ΓÇó 97 Tools</span></div></div></div></div></div>
[0-4] 
[0-4]   
[0-4] 
[0-4] </body></html>
[0-4] [DEBUG] Has gateway URL: true
[0-4] 2026-02-01T11:25:54.202Z INFO webdriver: COMMAND findElement("css selector", "[data-testid="copy-config-btn"]")
[0-4] 2026-02-01T11:25:54.202Z INFO webdriver: [POST] http://localhost:4444/session/4c85588fcf155a6a866608edbbce9b5e/element
[0-4] 2026-02-01T11:25:54.202Z INFO webdriver: DATA {"using":"css selector","value":"[data-testid=\"copy-config-btn\"]"}
[0-4] 2026-02-01T11:25:54.220Z INFO webdriver: RESULT {
[0-4]   'element-6066-11e4-a52e-4f735466cecf': 'f.24CE22757BE8DB1F77E1BA3BC9CBF4AA.d.0A2C7ADF6E2C1CFE5A483BF2243E2A08.e.32'
[0-4] }
[0-4] 2026-02-01T11:25:54.222Z INFO webdriver: COMMAND executeScript(<fn>, <object>)
[0-4] 2026-02-01T11:25:54.222Z INFO webdriver: [POST] http://localhost:4444/session/4c85588fcf155a6a866608edbbce9b5e/execute/sync
[0-4] 2026-02-01T11:25:54.222Z INFO webdriver: DATA {"script":"\n            function webdriverioPolyfill() {\n  var __defProp = Object.defineProperty;\n  var __name = function(target, _value) {\n    return __defProp(target, \"name\", { value: _value, configurable: true });\n  };\n  var __globalThis = typeof globalThis === \"object\" && globalThis || typeof window === \"object\" && window;\n  __globalThis.__name = __name;\n}\n            webdriverioPolyfill();\n            return (function(elem) {\n      try {\n        const style = window.getComputedStyle(elem);\n        return { value: style?.display ?? \"\" };\n      } catch {\n        if (typeof elem.isConnected === \"boolean\" && !elem.isConnected) {\n          throw new Error(\"stale element reference: element is not attached to the page document\");\n        }\n        return { value: \"\" };\n      }\n    }).apply(null, arguments)\n        ","args":[{"element-6066-11e4-a52e-4f735466cecf":"f.24CE22757BE8DB1F77E1BA3BC9CBF4AA.d.0A2C7ADF6E2C1CFE5A483BF2243E2A08.e.32","ELEMENT":"f.24CE22757BE8DB1F77E1BA3BC9CBF4AA.d.0A2C7ADF6E2C1CFE5A483BF2243E2A08.e.32"}]}
[0-4] 2026-02-01T11:25:54.222Z INFO webdriver: COMMAND executeScript(<fn>, <object>)
[0-4] 2026-02-01T11:25:54.222Z INFO webdriver: [POST] http://localhost:4444/session/4c85588fcf155a6a866608edbbce9b5e/execute/sync
[0-4] 2026-02-01T11:25:54.222Z INFO webdriver: DATA {"script":"\n            function webdriverioPolyfill() {\n  var __defProp = Object.defineProperty;\n  var __name = function(target, _value) {\n    return __defProp(target, \"name\", { value: _value, configurable: true });\n  };\n  var __globalThis = typeof globalThis === \"object\" && globalThis || typeof window === \"object\" && window;\n  __globalThis.__name = __name;\n}\n            webdriverioPolyfill();\n            return (function checkVisibility(elem, params) {\n      if (typeof elem.checkVisibility === \"function\") {\n        return elem.checkVisibility(params);\n      }\n      return null;\n    }).apply(null, arguments)\n        ","args":[{"element-6066-11e4-a52e-4f735466cecf":"f.24CE22757BE8DB1F77E1BA3BC9CBF4AA.d.0A2C7ADF6E2C1CFE5A483BF2243E2A08.e.32","ELEMENT":"f.24CE22757BE8DB1F77E1BA3BC9CBF4AA.d.0A2C7ADF6E2C1CFE5A483BF2243E2A08.e.32"},{"withinViewport":false,"contentVisibilityAuto":true,"opacityProperty":true,"visibilityProperty":true}]}
[0-4] 2026-02-01T11:25:54.233Z INFO webdriver: RESULT { value: 'flex' }
[0-4] 2026-02-01T11:25:54.234Z INFO webdriver: COMMAND takeScreenshot()
[0-4] 2026-02-01T11:25:54.234Z INFO webdriver: [GET] http://localhost:4444/session/4c85588fcf155a6a866608edbbce9b5e/screenshot
[0-4] 2026-02-01T11:25:54.239Z INFO webdriver: RESULT true
[0-4] 2026-02-01T11:25:54.240Z INFO webdriver: COMMAND takeScreenshot()
[0-4] 2026-02-01T11:25:54.240Z INFO webdriver: [GET] http://localhost:4444/session/4c85588fcf155a6a866608edbbce9b5e/screenshot
[0-4] 2026-02-01T11:25:54.241Z INFO webdriver: COMMAND takeScreenshot()
[0-4] 2026-02-01T11:25:54.241Z INFO webdriver: [GET] http://localhost:4444/session/4c85588fcf155a6a866608edbbce9b5e/screenshot
[0-4] 2026-02-01T11:25:54.417Z INFO webdriver: RESULT iVBORw0KGgoAAAANSUhEUgAACWAAAAWmCAIAAACDPgzkAAAQAElEQVR4nOzdC...
[0-4] 2026-02-01T11:25:54.571Z INFO webdriver: RESULT iVBORw0KGgoAAAANSUhEUgAACWAAAAWmCAIAAACDPgzkAAAQAElEQVR4nOzdC...
[0-4] 2026-02-01T11:25:54.696Z INFO webdriver: RESULT iVBORw0KGgoAAAANSUhEUgAACWAAAAWmCAIAAACDPgzkAAAQAElEQVR4nOzdC...
[0-4] 2026-02-01T11:25:54.702Z INFO webdriver: COMMAND findElement("css selector", "[data-testid="dashboard-stats-grid"]")
[0-4] 2026-02-01T11:25:54.702Z INFO webdriver: [POST] http://localhost:4444/session/4c85588fcf155a6a866608edbbce9b5e/element
[0-4] 2026-02-01T11:25:54.702Z INFO webdriver: DATA {"using":"css selector","value":"[data-testid=\"dashboard-stats-grid\"]"}
[0-4] 2026-02-01T11:25:54.728Z INFO webdriver: RESULT {
[0-4]   'element-6066-11e4-a52e-4f735466cecf': 'f.24CE22757BE8DB1F77E1BA3BC9CBF4AA.d.0A2C7ADF6E2C1CFE5A483BF2243E2A08.e.33'
[0-4] }
[0-4] 2026-02-01T11:25:54.730Z INFO webdriver: COMMAND executeScript(<fn>, <object>)
[0-4] 2026-02-01T11:25:54.730Z INFO webdriver: [POST] http://localhost:4444/session/4c85588fcf155a6a866608edbbce9b5e/execute/sync
[0-4] 2026-02-01T11:25:54.730Z INFO webdriver: DATA {"script":"\n            function webdriverioPolyfill() {\n  var __defProp = Object.defineProperty;\n  var __name = function(target, _value) {\n    return __defProp(target, \"name\", { value: _value, configurable: true });\n  };\n  var __globalThis = typeof globalThis === \"object\" && globalThis || typeof window === \"object\" && window;\n  __globalThis.__name = __name;\n}\n            webdriverioPolyfill();\n            return (function(elem) {\n      try {\n        const style = window.getComputedStyle(elem);\n        return { value: style?.display ?? \"\" };\n      } catch {\n        if (typeof elem.isConnected === \"boolean\" && !elem.isConnected) {\n          throw new Error(\"stale element reference: element is not attached to the page document\");\n        }\n        return { value: \"\" };\n      }\n    }).apply(null, arguments)\n        ","args":[{"element-6066-11e4-a52e-4f735466cecf":"f.24CE22757BE8DB1F77E1BA3BC9CBF4AA.d.0A2C7ADF6E2C1CFE5A483BF2243E2A08.e.33","ELEMENT":"f.24CE22757BE8DB1F77E1BA3BC9CBF4AA.d.0A2C7ADF6E2C1CFE5A483BF2243E2A08.e.33"}]}
[0-4] 2026-02-01T11:25:54.730Z INFO webdriver: COMMAND executeScript(<fn>, <object>)
[0-4] 2026-02-01T11:25:54.731Z INFO webdriver: [POST] http://localhost:4444/session/4c85588fcf155a6a866608edbbce9b5e/execute/sync
[0-4] 2026-02-01T11:25:54.731Z INFO webdriver: DATA {"script":"\n            function webdriverioPolyfill() {\n  var __defProp = Object.defineProperty;\n  var __name = function(target, _value) {\n    return __defProp(target, \"name\", { value: _value, configurable: true });\n  };\n  var __globalThis = typeof globalThis === \"object\" && globalThis || typeof window === \"object\" && window;\n  __globalThis.__name = __name;\n}\n            webdriverioPolyfill();\n            return (function checkVisibility(elem, params) {\n      if (typeof elem.checkVisibility === \"function\") {\n        return elem.checkVisibility(params);\n      }\n      return null;\n    }).apply(null, arguments)\n        ","args":[{"element-6066-11e4-a52e-4f735466cecf":"f.24CE22757BE8DB1F77E1BA3BC9CBF4AA.d.0A2C7ADF6E2C1CFE5A483BF2243E2A08.e.33","ELEMENT":"f.24CE22757BE8DB1F77E1BA3BC9CBF4AA.d.0A2C7ADF6E2C1CFE5A483BF2243E2A08.e.33"},{"withinViewport":false,"contentVisibilityAuto":true,"opacityProperty":true,"visibilityProperty":true}]}
[0-4] 2026-02-01T11:25:54.739Z INFO webdriver: RESULT { value: 'grid' }
[0-4] 2026-02-01T11:25:54.739Z INFO webdriver: COMMAND takeScreenshot()
[0-4] 2026-02-01T11:25:54.739Z INFO webdriver: [GET] http://localhost:4444/session/4c85588fcf155a6a866608edbbce9b5e/screenshot
[0-4] 2026-02-01T11:25:54.744Z INFO webdriver: RESULT true
[0-4] 2026-02-01T11:25:54.745Z INFO webdriver: COMMAND takeScreenshot()
[0-4] 2026-02-01T11:25:54.745Z INFO webdriver: [GET] http://localhost:4444/session/4c85588fcf155a6a866608edbbce9b5e/screenshot
[0-4] 2026-02-01T11:25:54.746Z INFO webdriver: COMMAND takeScreenshot()
[0-4] 2026-02-01T11:25:54.746Z INFO webdriver: [GET] http://localhost:4444/session/4c85588fcf155a6a866608edbbce9b5e/screenshot
[0-4] 2026-02-01T11:25:54.881Z INFO webdriver: RESULT iVBORw0KGgoAAAANSUhEUgAACWAAAAWmCAIAAACDPgzkAAAQAElEQVR4nOzdC...
[0-4] 2026-02-01T11:25:55.032Z INFO webdriver: RESULT iVBORw0KGgoAAAANSUhEUgAACWAAAAWmCAIAAACDPgzkAAAQAElEQVR4nOzdC...
[0-4] 2026-02-01T11:25:55.035Z INFO webdriver: COMMAND getPageSource()
[0-4] 2026-02-01T11:25:55.036Z INFO webdriver: [GET] http://localhost:4444/session/4c85588fcf155a6a866608edbbce9b5e/source
[0-4] 2026-02-01T11:25:55.163Z INFO webdriver: RESULT iVBORw0KGgoAAAANSUhEUgAACWAAAAWmCAIAAACDPgzkAAAQAElEQVR4nOzdC...
[0-4] 2026-02-01T11:25:55.164Z INFO webdriver: RESULT <html lang="en"><head>
[0-4]     <meta charset="UTF-8">
[0-4]     <link rel="icon" type="image/svg+xml" href="/mcpmux.svg">
[0-4]     <meta name="viewport" content="width=device-width, initial-scale=1.0">
[0-4]     <title>McpMux</title>
[0-4]     <script type="module" crossorigin="" src="/assets/index-CiZJOwjC.js"></script>
[0-4]     <link rel="stylesheet" crossorigin="" href="/assets/index-Df7hU3Vb.css">
[0-4]   </head>
[0-4] 
[0-4]   <body>
[0-4]     <div id="root"><div class="flex h-screen flex-col overflow-hidden bg-[rgb(var(--background))]"><div class="drag-region h-8 flex-shrink-0 bg-[rgb(var(--surface))] border-b border-[rgb(var(--border-subtle))]"></div><div class="flex flex-1 overflow-hidden"><aside class="w-60 flex-shrink-0 border-r border-[rgb(var(--border-subtle))]"><nav class="flex h-full flex-col bg-[rgb(var(--surface))]"><div class="flex-shrink-0 p-4 border-b border-[rgb(var(--border-subtle))]"><div class="space-y-3"><div class="flex items-center justify-between"><div class="flex items-center gap-2"><svg xmlns="http://www.w3.org/2000/svg" width="24" height="24" viewBox="0 0 24 24" fill="none" stroke="currentColor" stroke-width="2" stroke-linecap="round" stroke-linejoin="round" class="lucide lucide-zap h-6 w-6 text-primary-500" aria-hidden="true"><path d="M4 14a1 1 0 0 1-.78-1.63l9.9-10.2a.5.5 0 0 1 .86.46l-1.92 6.02A1 1 0 0 0 13 10h7a1 1 0 0 1 .78 1.63l-9.9 10.2a.5.5 0 0 1-.86-.46l1.92-6.02A1 1 0 0 0 11 14z"></path></svg><span class="font-bold text-lg">McpMux</span></div><button class="p-1.5 rounded-lg hover:bg-surface-hover transition-colors" title="Dark mode"><svg xmlns="http://www.w3.org/2000/svg" width="24" height="24" viewBox="0 0 24 24" fill="none" stroke="currentColor" stroke-width="2" stroke-linecap="round" stroke-linejoin="round" class="lucide lucide-moon h-4 w-4" aria-hidden="true"><path d="M20.985 12.486a9 9 0 1 1-9.473-9.472c.405-.022.617.46.402.803a6 6 0 0 0 8.268 8.268c.344-.215.825-.004.803.401"></path></svg></button></div><div class="relative w-full"><button class="w-full flex items-center justify-between gap-2 px-3 py-2.5 rounded-xl border border-[rgb(var(--border))] bg-[rgb(var(--surface))] hover:bg-[rgb(var(--surface-hover))] hover:border-[rgb(var(--primary))/30] transition-all duration-150 group"><span class="flex items-center gap-3 min-w-0"><span class="text-xl">≡ƒÅá</span><span class="font-medium text-sm truncate">Personal</span></span><svg xmlns="http://www.w3.org/2000/svg" width="24" height="24" viewBox="0 0 24 24" fill="none" stroke="currentColor" stroke-width="2" stroke-linecap="round" stroke-linejoin="round" class="lucide lucide-chevron-down h-4 w-4 flex-shrink-0 text-[rgb(var(--muted))] group-hover:text-[rgb(var(--foreground))] transition-all duration-200" aria-hidden="true"><path d="m6 9 6 6 6-6"></path></svg></button></div></div></div><div class="flex-1 overflow-y-auto p-3"><div class="mb-6"><div class="space-y-0.5"><button data-testid="nav-dashboard" class="flex w-full items-center gap-3 rounded-lg px-3 py-2.5 text-sm font-medium transition-all duration-150 hover:text-[rgb(var(--foreground))] bg-[rgb(var(--primary))/10] text-[rgb(var(--primary))] hover:bg-[rgb(var(--primary))/15]"><span class="h-5 w-5 flex items-center justify-center transition-colors text-[rgb(var(--primary))]"><svg xmlns="http://www.w3.org/2000/svg" width="24" height="24" viewBox="0 0 24 24" fill="none" stroke="currentColor" stroke-width="2" stroke-linecap="round" stroke-linejoin="round" class="lucide lucide-house h-4 w-4" aria-hidden="true"><path d="M15 21v-8a1 1 0 0 0-1-1h-4a1 1 0 0 0-1 1v8"></path><path d="M3 10a2 2 0 0 1 .709-1.528l7-6a2 2 0 0 1 2.582 0l7 6A2 2 0 0 1 21 10v9a2 2 0 0 1-2 2H5a2 2 0 0 1-2-2z"></path></svg></span><span>Dashboard</span></button><button data-testid="nav-my-servers" class="flex w-full items-center gap-3 rounded-lg px-3 py-2.5 text-sm font-medium transition-all duration-150 text-[rgb(var(--muted))] hover:text-[rgb(var(--foreground))] hover:bg-[rgb(var(--surface-hover))]"><span class="h-5 w-5 flex items-center justify-center transition-colors"><svg xmlns="http://www.w3.org/2000/svg" width="24" height="24" viewBox="0 0 24 24" fill="none" stroke="currentColor" stroke-width="2" stroke-linecap="round" stroke-linejoin="round" class="lucide lucide-zap h-4 w-4" aria-hidden="true"><path d="M4 14a1 1 0 0 1-.78-1.63l9.9-10.2a.5.5 0 0 1 .86.46l-1.92 6.02A1 1 0 0 0 13 10h7a1 1 0 0 1 .78 1.63l-9.9 10.2a.5.5 0 0 1-.86-.46l1.92-6.02A1 1 0 0 0 11 14z"></path></svg></span><span>My Servers</span></button><button data-testid="nav-discover" class="flex w-full items-center gap-3 rounded-lg px-3 py-2.5 text-sm font-medium transition-all duration-150 text-[rgb(var(--muted))] hover:text-[rgb(var(--foreground))] hover:bg-[rgb(var(--surface-hover))]"><span class="h-5 w-5 flex items-center justify-center transition-colors"><svg xmlns="http://www.w3.org/2000/svg" width="24" height="24" viewBox="0 0 24 24" fill="none" stroke="currentColor" stroke-width="2" stroke-linecap="round" stroke-linejoin="round" class="lucide lucide-server h-4 w-4" aria-hidden="true"><rect width="20" height="8" x="2" y="2" rx="2" ry="2"></rect><rect width="20" height="8" x="2" y="14" rx="2" ry="2"></rect><line x1="6" x2="6.01" y1="6" y2="6"></line><line x1="6" x2="6.01" y1="18" y2="18"></line></svg></span><span>Discover</span></button></div></div><div class="mb-6"><h3 class="mb-2 px-3 text-[11px] font-semibold uppercase tracking-wider text-[rgb(var(--muted-foreground))]">Workspaces</h3><div class="space-y-0.5"><button data-testid="nav-spaces" class="flex w-full items-center gap-3 rounded-lg px-3 py-2.5 text-sm font-medium transition-all duration-150 text-[rgb(var(--muted))] hover:text-[rgb(var(--foreground))] hover:bg-[rgb(var(--surface-hover))]"><span class="h-5 w-5 flex items-center justify-center transition-colors"><svg xmlns="http://www.w3.org/2000/svg" width="24" height="24" viewBox="0 0 24 24" fill="none" stroke="currentColor" stroke-width="2" stroke-linecap="round" stroke-linejoin="round" class="lucide lucide-globe h-4 w-4" aria-hidden="true"><circle cx="12" cy="12" r="10"></circle><path d="M12 2a14.5 14.5 0 0 0 0 20 14.5 14.5 0 0 0 0-20"></path><path d="M2 12h20"></path></svg></span><span>Spaces</span></button><button data-testid="nav-featuresets" class="flex w-full items-center gap-3 rounded-lg px-3 py-2.5 text-sm font-medium transition-all duration-150 text-[rgb(var(--muted))] hover:text-[rgb(var(--foreground))] hover:bg-[rgb(var(--surface-hover))]"><span class="h-5 w-5 flex items-center justify-center transition-colors"><svg xmlns="http://www.w3.org/2000/svg" width="24" height="24" viewBox="0 0 24 24" fill="none" stroke="currentColor" stroke-width="2" stroke-linecap="round" stroke-linejoin="round" class="lucide lucide-wrench h-4 w-4" aria-hidden="true"><path d="M14.7 6.3a1 1 0 0 0 0 1.4l1.6 1.6a1 1 0 0 0 1.4 0l3.106-3.105c.32-.322.863-.22.983.218a6 6 0 0 1-8.259 7.057l-7.91 7.91a1 1 0 0 1-2.999-3l7.91-7.91a6 6 0 0 1 7.057-8.259c.438.12.54.662.219.984z"></path></svg></span><span>FeatureSets</span></button></div></div><div class="mb-6"><h3 class="mb-2 px-3 text-[11px] font-semibold uppercase tracking-wider text-[rgb(var(--muted-foreground))]">Connections</h3><div class="space-y-0.5"><button data-testid="nav-clients" class="flex w-full items-center gap-3 rounded-lg px-3 py-2.5 text-sm font-medium transition-all duration-150 text-[rgb(var(--muted))] hover:text-[rgb(var(--foreground))] hover:bg-[rgb(var(--surface-hover))]"><span class="h-5 w-5 flex items-center justify-center transition-colors"><svg xmlns="http://www.w3.org/2000/svg" width="24" height="24" viewBox="0 0 24 24" fill="none" stroke="currentColor" stroke-width="2" stroke-linecap="round" stroke-linejoin="round" class="lucide lucide-monitor h-4 w-4" aria-hidden="true"><rect width="20" height="14" x="2" y="3" rx="2"></rect><line x1="8" x2="16" y1="21" y2="21"></line><line x1="12" x2="12" y1="17" y2="21"></line></svg></span><span>Clients</span></button></div></div><div class="mb-6"><div class="space-y-0.5"><button data-testid="nav-settings" class="flex w-full items-center gap-3 rounded-lg px-3 py-2.5 text-sm font-medium transition-all duration-150 text-[rgb(var(--muted))] hover:text-[rgb(var(--foreground))] hover:bg-[rgb(var(--surface-hover))]"><span class="h-5 w-5 flex items-center justify-center transition-colors"><svg xmlns="http://www.w3.org/2000/svg" width="24" height="24" viewBox="0 0 24 24" fill="none" stroke="currentColor" stroke-width="2" stroke-linecap="round" stroke-linejoin="round" class="lucide lucide-settings h-4 w-4" aria-hidden="true"><path d="M9.671 4.136a2.34 2.34 0 0 1 4.659 0 2.34 2.34 0 0 0 3.319 1.915 2.34 2.34 0 0 1 2.33 4.033 2.34 2.34 0 0 0 0 3.831 2.34 2.34 0 0 1-2.33 4.033 2.34 2.34 0 0 0-3.319 1.915 2.34 2.34 0 0 1-4.659 0 2.34 2.34 0 0 0-3.32-1.915 2.34 2.34 0 0 1-2.33-4.033 2.34 2.34 0 0 0 0-3.831A2.34 2.34 0 0 1 6.35 6.051a2.34 2.34 0 0 0 3.319-1.915"></path><circle cx="12" cy="12" r="3"></circle></svg></span><span>Settings</span></button></div></div></div><div class="flex-shrink-0 p-4 border-t border-[rgb(var(--border-subtle))]"><div class="text-xs text-[rgb(var(--muted))]"><div>McpMux v0.1.0</div><div>Gateway: localhost:9315</div></div></div></nav></aside><main class="flex-1 overflow-auto p-6 bg-[rgb(var(--background))]"><div class="animate-fade-in"><div class="space-y-6"><div><h1 class="text-2xl font-bold">Dashboard</h1><p class="text-[rgb(var(--muted))]">Welcome to McpMux - your centralized MCP server manager.</p></div><div class="rounded-xl border bg-[rgb(var(--card))] p-6 shadow-[0_1px_3px_0_rgb(0_0_0/0.1),0_1px_2px_-1px_rgb(0_0_0/0.1)] dark:shadow-[0_1px_3px_0_rgb(0_0_0/0.3),0_1px_2px_-1px_rgb(0_0_0/0.2)] border-green-500" data-testid="gateway-status-card"><div class="flex items-center justify-between py-3"><div class="flex items-center gap-3"><span class="h-3 w-3 rounded-full bg-green-500" data-testid="gateway-status-indicator"></span><div><span class="font-medium" data-testid="gateway-status-text">Gateway: Running</span><span class="text-sm text-[rgb(var(--muted))] ml-2" data-testid="gateway-url">http://localhost:45818</span></div></div><button class="inline-flex items-center justify-center gap-2 rounded-lg font-medium transition-all duration-150 ease-out focus-visible:outline-none focus-visible:ring-2 focus-visible:ring-[rgb(var(--primary))] focus-visible:ring-offset-2 disabled:pointer-events-none disabled:opacity-50 active:scale-[0.98] text-[rgb(var(--foreground))] hover:bg-[rgb(var(--surface-hover))] h-8 px-3 text-sm" data-testid="gateway-toggle-btn">Stop</button></div></div><div class="grid grid-cols-1 md:grid-cols-2 lg:grid-cols-4 gap-4" data-testid="dashboard-stats-grid"><div class="rounded-xl border border-[rgb(var(--border-subtle))] bg-[rgb(var(--card))] p-6 shadow-[0_1px_3px_0_rgb(0_0_0/0.1),0_1px_2px_-1px_rgb(0_0_0/0.1)] dark:shadow-[0_1px_3px_0_rgb(0_0_0/0.3),0_1px_2px_-1px_rgb(0_0_0/0.2)]" data-testid="stat-servers"><div class="mb-4"><h3 class="font-semibold text-[rgb(var(--card-foreground))] flex items-center gap-2 text-base"><svg xmlns="http://www.w3.org/2000/svg" width="24" height="24" viewBox="0 0 24 24" fill="none" stroke="currentColor" stroke-width="2" stroke-linecap="round" stroke-linejoin="round" class="lucide lucide-server h-5 w-5 text-primary-500" aria-hidden="true"><rect width="20" height="8" x="2" y="2" rx="2" ry="2"></rect><rect width="20" height="8" x="2" y="14" rx="2" ry="2"></rect><line x1="6" x2="6.01" y1="6" y2="6"></line><line x1="6" x2="6.01" y1="18" y2="18"></line></svg>Servers</h3></div><div class=""><div class="text-3xl font-bold" data-testid="stat-servers-value">1/1</div><div class="text-sm text-[rgb(var(--muted))]">Connected / Installed</div></div></div><div class="rounded-xl border border-[rgb(var(--border-subtle))] bg-[rgb(var(--card))] p-6 shadow-[0_1px_3px_0_rgb(0_0_0/0.1),0_1px_2px_-1px_rgb(0_0_0/0.1)] dark:shadow-[0_1px_3px_0_rgb(0_0_0/0.3),0_1px_2px_-1px_rgb(0_0_0/0.2)]" data-testid="stat-featuresets"><div class="mb-4"><h3 class="font-semibold text-[rgb(var(--card-foreground))] flex items-center gap-2 text-base"><svg xmlns="http://www.w3.org/2000/svg" width="24" height="24" viewBox="0 0 24 24" fill="none" stroke="currentColor" stroke-width="2" stroke-linecap="round" stroke-linejoin="round" class="lucide lucide-wrench h-5 w-5 text-primary-500" aria-hidden="true"><path d="M14.7 6.3a1 1 0 0 0 0 1.4l1.6 1.6a1 1 0 0 0 1.4 0l3.106-3.105c.32-.322.863-.22.983.218a6 6 0 0 1-8.259 7.057l-7.91 7.91a1 1 0 0 1-2.999-3l7.91-7.91a6 6 0 0 1 7.057-8.259c.438.12.54.662.219.984z"></path></svg>FeatureSets</h3></div><div class=""><div class="text-3xl font-bold" data-testid="stat-featuresets-value">2</div><div class="text-sm text-[rgb(var(--muted))]">Permission bundles</div></div></div><div class="rounded-xl border border-[rgb(var(--border-subtle))] bg-[rgb(var(--card))] p-6 shadow-[0_1px_3px_0_rgb(0_0_0/0.1),0_1px_2px_-1px_rgb(0_0_0/0.1)] dark:shadow-[0_1px_3px_0_rgb(0_0_0/0.3),0_1px_2px_-1px_rgb(0_0_0/0.2)]" data-testid="stat-clients"><div class="mb-4"><h3 class="font-semibold text-[rgb(var(--card-foreground))] flex items-center gap-2 text-base"><svg xmlns="http://www.w3.org/2000/svg" width="24" height="24" viewBox="0 0 24 24" fill="none" stroke="currentColor" stroke-width="2" stroke-linecap="round" stroke-linejoin="round" class="lucide lucide-monitor h-5 w-5 text-primary-500" aria-hidden="true"><rect width="20" height="14" x="2" y="3" rx="2"></rect><line x1="8" x2="16" y1="21" y2="21"></line><line x1="12" x2="12" y1="17" y2="21"></line></svg>Clients</h3></div><div class=""><div class="text-3xl font-bold" data-testid="stat-clients-value">1</div><div class="text-sm text-[rgb(var(--muted))]">Registered AI clients</div></div></div><div class="rounded-xl border border-[rgb(var(--border-subtle))] bg-[rgb(var(--card))] p-6 shadow-[0_1px_3px_0_rgb(0_0_0/0.1),0_1px_2px_-1px_rgb(0_0_0/0.1)] dark:shadow-[0_1px_3px_0_rgb(0_0_0/0.3),0_1px_2px_-1px_rgb(0_0_0/0.2)]" data-testid="stat-active-space"><div class="mb-4"><h3 class="font-semibold text-[rgb(var(--card-foreground))] flex items-center gap-2 text-base"><svg xmlns="http://www.w3.org/2000/svg" width="24" height="24" viewBox="0 0 24 24" fill="none" stroke="currentColor" stroke-width="2" stroke-linecap="round" stroke-linejoin="round" class="lucide lucide-globe h-5 w-5 text-primary-500" aria-hidden="true"><circle cx="12" cy="12" r="10"></circle><path d="M12 2a14.5 14.5 0 0 0 0 20 14.5 14.5 0 0 0 0-20"></path><path d="M2 12h20"></path></svg>Active Space</h3></div><div class=""><div class="text-xl font-bold truncate" data-testid="stat-active-space-value">≡ƒÅá Personal</div><div class="text-sm text-[rgb(var(--muted))]">Current context</div></div></div></div><div class="rounded-xl border border-[rgb(var(--border-subtle))] bg-[rgb(var(--card))] p-6 shadow-[0_1px_3px_0_rgb(0_0_0/0.1),0_1px_2px_-1px_rgb(0_0_0/0.1)] dark:shadow-[0_1px_3px_0_rgb(0_0_0/0.3),0_1px_2px_-1px_rgb(0_0_0/0.2)]"><div class="mb-4"><h3 class="text-lg font-semibold text-[rgb(var(--card-foreground))]">Connect Your Client</h3><p class="text-sm text-[rgb(var(--muted))] mt-1">Add this server configuration to your MCP client settings (e.g., inside mcpServers section).</p></div><div class=""><div class="space-y-4"><div class="flex items-center gap-2 text-sm"><span class="h-2 w-2 rounded-full bg-green-500"></span><span class="text-[rgb(var(--muted))]">Gateway:</span><code class="bg-[var(--surface)] px-2 py-1 rounded text-cyan-500">http://localhost:45818</code></div><div class="relative"><pre class="bg-slate-900 text-slate-100 p-4 rounded-lg text-sm overflow-x-auto font-mono">"mcpmux": {
[0-4]   "url": "http://localhost:45818/mcp"
[0-4] }</pre><button class="inline-flex items-center justify-center gap-2 rounded-lg font-medium transition-all duration-150 ease-out focus-visible:outline-none focus-visible:ring-2 focus-visible:ring-[rgb(var(--primary))] focus-visible:ring-offset-2 disabled:pointer-events-none disabled:opacity-50 active:scale-[0.98] bg-[rgb(var(--surface-active))] text-[rgb(var(--foreground))] hover:bg-[rgb(var(--surface-hover))] border border-[rgb(var(--border))] h-8 px-3 text-sm absolute top-2 right-2" data-testid="copy-config-btn">≡ƒôï Copy</button></div></div></div></div></div></div></main></div><div class="h-7 flex-shrink-0 border-t border-[rgb(var(--border-subtle))] bg-[rgb(var(--surface))] px-4"><div class="flex h-full items-center justify-between text-xs text-[rgb(var(--muted))]"><div class="flex items-center gap-4"><span class="flex items-center gap-1.5"><span class="h-2 w-2 rounded-full bg-green-500"></span>Gateway Active</span><span>Active Space: Personal</span></div><div class="flex items-center gap-4"><span>5 Servers ΓÇó 97 Tools</span></div></div></div></div></div>
[0-4] 
[0-4]   
[0-4] 
[0-4] </body></html>
[0-4] [DEBUG] Stats - Servers: true
[0-4] [DEBUG] Stats - FeatureSets: true
[0-4] [DEBUG] Stats - Clients: true
[0-4] [DEBUG] Stats - Active Space: true
[0-4] 2026-02-01T11:25:55.166Z INFO webdriver: COMMAND findElement("css selector", "[data-testid="nav-dashboard"]")
[0-4] 2026-02-01T11:25:55.166Z INFO webdriver: [POST] http://localhost:4444/session/4c85588fcf155a6a866608edbbce9b5e/element
[0-4] 2026-02-01T11:25:55.166Z INFO webdriver: DATA {"using":"css selector","value":"[data-testid=\"nav-dashboard\"]"}
[0-4] 2026-02-01T11:25:55.179Z INFO webdriver: RESULT {
[0-4]   'element-6066-11e4-a52e-4f735466cecf': 'f.24CE22757BE8DB1F77E1BA3BC9CBF4AA.d.0A2C7ADF6E2C1CFE5A483BF2243E2A08.e.21'
[0-4] }
[0-4] 2026-02-01T11:25:55.180Z INFO webdriver: COMMAND elementClick("f.24CE22757BE8DB1F77E1BA3BC9CBF4AA.d.0A2C7ADF6E2C1CFE5A483BF2243E2A08.e.21")
[0-4] 2026-02-01T11:25:55.180Z INFO webdriver: [POST] http://localhost:4444/session/4c85588fcf155a6a866608edbbce9b5e/element/f.24CE22757BE8DB1F77E1BA3BC9CBF4AA.d.0A2C7ADF6E2C1CFE5A483BF2243E2A08.e.21/click
[0-4] 2026-02-01T11:25:55.181Z INFO webdriver: DATA {}
[0-4] 2026-02-01T11:25:55.261Z INFO webdriver: RESULT null
[0-4] 2026-02-01T11:25:55.262Z INFO webdriver: COMMAND takeScreenshot()
[0-4] 2026-02-01T11:25:55.262Z INFO webdriver: [GET] http://localhost:4444/session/4c85588fcf155a6a866608edbbce9b5e/screenshot
[0-4] 2026-02-01T11:25:55.420Z INFO webdriver: RESULT iVBORw0KGgoAAAANSUhEUgAACWAAAAWmCAIAAACDPgzkAAAQAElEQVR4nOzdC...
[0-4] 2026-02-01T11:25:57.275Z INFO webdriver: COMMAND findElement("css selector", "[data-testid="gateway-toggle-btn"]")
[0-4] 2026-02-01T11:25:57.276Z INFO webdriver: [POST] http://localhost:4444/session/4c85588fcf155a6a866608edbbce9b5e/element
[0-4] 2026-02-01T11:25:57.276Z INFO webdriver: DATA {"using":"css selector","value":"[data-testid=\"gateway-toggle-btn\"]"}
[0-4] 2026-02-01T11:25:57.295Z INFO webdriver: RESULT {
[0-4]   'element-6066-11e4-a52e-4f735466cecf': 'f.24CE22757BE8DB1F77E1BA3BC9CBF4AA.d.0A2C7ADF6E2C1CFE5A483BF2243E2A08.e.24'
[0-4] }
[0-4] 2026-02-01T11:25:57.298Z INFO webdriver: COMMAND executeScript(<fn>, <object>)
[0-4] 2026-02-01T11:25:57.298Z INFO webdriver: [POST] http://localhost:4444/session/4c85588fcf155a6a866608edbbce9b5e/execute/sync
[0-4] 2026-02-01T11:25:57.299Z INFO webdriver: DATA {"script":"\n            function webdriverioPolyfill() {\n  var __defProp = Object.defineProperty;\n  var __name = function(target, _value) {\n    return __defProp(target, \"name\", { value: _value, configurable: true });\n  };\n  var __globalThis = typeof globalThis === \"object\" && globalThis || typeof window === \"object\" && window;\n  __globalThis.__name = __name;\n}\n            webdriverioPolyfill();\n            return (function(elem) {\n      try {\n        const style = window.getComputedStyle(elem);\n        return { value: style?.display ?? \"\" };\n      } catch {\n        if (typeof elem.isConnected === \"boolean\" && !elem.isConnected) {\n          throw new Error(\"stale element reference: element is not attached to the page document\");\n        }\n        return { value: \"\" };\n      }\n    }).apply(null, arguments)\n        ","args":[{"element-6066-11e4-a52e-4f735466cecf":"f.24CE22757BE8DB1F77E1BA3BC9CBF4AA.d.0A2C7ADF6E2C1CFE5A483BF2243E2A08.e.24","ELEMENT":"f.24CE22757BE8DB1F77E1BA3BC9CBF4AA.d.0A2C7ADF6E2C1CFE5A483BF2243E2A08.e.24"}]}
[0-4] 2026-02-01T11:25:57.300Z INFO webdriver: COMMAND executeScript(<fn>, <object>)
[0-4] 2026-02-01T11:25:57.300Z INFO webdriver: [POST] http://localhost:4444/session/4c85588fcf155a6a866608edbbce9b5e/execute/sync
[0-4] 2026-02-01T11:25:57.300Z INFO webdriver: DATA {"script":"\n            function webdriverioPolyfill() {\n  var __defProp = Object.defineProperty;\n  var __name = function(target, _value) {\n    return __defProp(target, \"name\", { value: _value, configurable: true });\n  };\n  var __globalThis = typeof globalThis === \"object\" && globalThis || typeof window === \"object\" && window;\n  __globalThis.__name = __name;\n}\n            webdriverioPolyfill();\n            return (function checkVisibility(elem, params) {\n      if (typeof elem.checkVisibility === \"function\") {\n        return elem.checkVisibility(params);\n      }\n      return null;\n    }).apply(null, arguments)\n        ","args":[{"element-6066-11e4-a52e-4f735466cecf":"f.24CE22757BE8DB1F77E1BA3BC9CBF4AA.d.0A2C7ADF6E2C1CFE5A483BF2243E2A08.e.24","ELEMENT":"f.24CE22757BE8DB1F77E1BA3BC9CBF4AA.d.0A2C7ADF6E2C1CFE5A483BF2243E2A08.e.24"},{"withinViewport":false,"contentVisibilityAuto":true,"opacityProperty":true,"visibilityProperty":true}]}
[0-4] 2026-02-01T11:25:57.311Z INFO webdriver: RESULT { value: 'flex' }
[0-4] 2026-02-01T11:25:57.312Z INFO webdriver: COMMAND takeScreenshot()
[0-4] 2026-02-01T11:25:57.312Z INFO webdriver: [GET] http://localhost:4444/session/4c85588fcf155a6a866608edbbce9b5e/screenshot
[0-4] 2026-02-01T11:25:57.319Z INFO webdriver: RESULT true
[0-4] 2026-02-01T11:25:57.320Z INFO webdriver: COMMAND takeScreenshot()
[0-4] 2026-02-01T11:25:57.320Z INFO webdriver: [GET] http://localhost:4444/session/4c85588fcf155a6a866608edbbce9b5e/screenshot
[0-4] 2026-02-01T11:25:57.321Z INFO webdriver: COMMAND takeScreenshot()
[0-4] 2026-02-01T11:25:57.321Z INFO webdriver: [GET] http://localhost:4444/session/4c85588fcf155a6a866608edbbce9b5e/screenshot
[0-4] 2026-02-01T11:25:57.488Z INFO webdriver: RESULT iVBORw0KGgoAAAANSUhEUgAACWAAAAWmCAIAAACDPgzkAAAQAElEQVR4nOzdC...
[0-4] 2026-02-01T11:25:57.618Z INFO webdriver: RESULT iVBORw0KGgoAAAANSUhEUgAACWAAAAWmCAIAAACDPgzkAAAQAElEQVR4nOzdC...
[0-4] 2026-02-01T11:25:57.794Z INFO webdriver: RESULT iVBORw0KGgoAAAANSUhEUgAACWAAAAWmCAIAAACDPgzkAAAQAElEQVR4nOzdC...
[0-4] 2026-02-01T11:25:57.797Z INFO webdriver: COMMAND deleteSession()
[0-4] 2026-02-01T11:25:57.797Z INFO webdriver: [DELETE] http://localhost:4444/session/4c85588fcf155a6a866608edbbce9b5e
[0-4] 2026-02-01T11:25:57.829Z INFO webdriver: RESULT null
[0-4] PASSED in undefined - file:///D:/omc/mcp-mux/tests/e2e/specs/gateway.wdio.ts
2026-02-01T11:25:57.978Z INFO @wdio/cli:launcher: Run onWorkerEnd hook
2026-02-01T11:25:57.978Z INFO @wdio/cli:launcher: Run onWorkerStart hook
2026-02-01T11:25:57.980Z INFO @wdio/local-runner: Start worker 0-5 with arg: run tests/e2e/wdio.conf.ts
2026-02-01T11:25:58.075Z INFO @wdio/xvfb:ProcessFactory: xvfb-run not found, falling back to regular fork
2026-02-01T11:25:58.075Z INFO @wdio/xvfb:ProcessFactory: ProcessFactory: shouldRun=false, isAvailable=false
2026-02-01T11:25:58.075Z INFO @wdio/xvfb:ProcessFactory: Creating worker process with regular fork
[0-5] 2026-02-01T11:25:59.418Z INFO @wdio/local-runner: Run worker command: run
[0-5] Starting msedgedriver 144.0.3719.104 (7d1be999663b6950497e02929a79dc4136d9e376) on port 4445
[0-5] To submit feedback, report a bug, or suggest new features, please visit https://github.com/MicrosoftEdge/EdgeWebDriver
[0-5] 
[0-5] Only local connections are allowed.
[0-5] Please see https://aka.ms/WebDriverSecurity for suggestions on keeping Microsoft Edge WebDriver safe.
[0-5] msedgedriver was started successfully on port 4445.
[0-5] RUNNING in undefined - file:///D:/omc/mcp-mux/tests/e2e/specs/server-config.wdio.ts
[0-5] 2026-02-01T11:25:59.848Z INFO webdriver: Initiate new session using the WebDriver protocol
[0-5] 2026-02-01T11:25:59.849Z INFO @wdio/utils: Connecting to existing driver at http://localhost:4444/
[0-5] 2026-02-01T11:25:59.856Z INFO webdriver: [POST] http://localhost:4444/session
[0-5] 2026-02-01T11:26:01.040Z INFO webdriver: COMMAND getWindowHandle()
[0-5] 2026-02-01T11:26:01.040Z INFO webdriver: [GET] http://localhost:4444/session/0bb75b696c4ed44ab7d198b3602e143f/window
[0-5] 2026-02-01T11:26:01.048Z INFO webdriver: RESULT 5111E231A97C62BF26BE6692294BC6F6
[0-5] 2026-02-01T11:26:01.069Z INFO webdriver: COMMAND findElement("css selector", "[data-testid="nav-discover"]")
[0-5] 2026-02-01T11:26:01.069Z INFO webdriver: [POST] http://localhost:4444/session/0bb75b696c4ed44ab7d198b3602e143f/element
[0-5] 2026-02-01T11:26:01.070Z INFO webdriver: DATA {"using":"css selector","value":"[data-testid=\"nav-discover\"]"}
[0-5] 2026-02-01T11:26:01.087Z INFO webdriver: RESULT {
[0-5]   'element-6066-11e4-a52e-4f735466cecf': 'f.5111E231A97C62BF26BE6692294BC6F6.d.8483E44E3483EEFEF368012294C535F4.e.22'
[0-5] }
[0-5] 2026-02-01T11:26:01.091Z INFO webdriver: COMMAND elementClick("f.5111E231A97C62BF26BE6692294BC6F6.d.8483E44E3483EEFEF368012294C535F4.e.22")
[0-5] 2026-02-01T11:26:01.092Z INFO webdriver: [POST] http://localhost:4444/session/0bb75b696c4ed44ab7d198b3602e143f/element/f.5111E231A97C62BF26BE6692294BC6F6.d.8483E44E3483EEFEF368012294C535F4.e.22/click
[0-5] 2026-02-01T11:26:01.092Z INFO webdriver: DATA {}
[0-5] 2026-02-01T11:26:01.184Z INFO webdriver: RESULT null
[0-5] 2026-02-01T11:26:01.187Z INFO webdriver: COMMAND takeScreenshot()
[0-5] 2026-02-01T11:26:01.187Z INFO webdriver: [GET] http://localhost:4444/session/0bb75b696c4ed44ab7d198b3602e143f/screenshot
[0-5] 2026-02-01T11:26:01.408Z INFO webdriver: RESULT iVBORw0KGgoAAAANSUhEUgAACWAAAAWmCAIAAACDPgzkAAAQAElEQVR4nOzdB...
[0-5] 2026-02-01T11:26:03.192Z INFO webdriver: COMMAND findElement("css selector", "[data-testid="search-input"]")
[0-5] 2026-02-01T11:26:03.193Z INFO webdriver: [POST] http://localhost:4444/session/0bb75b696c4ed44ab7d198b3602e143f/element
[0-5] 2026-02-01T11:26:03.193Z INFO webdriver: DATA {"using":"css selector","value":"[data-testid=\"search-input\"]"}
[0-5] 2026-02-01T11:26:03.215Z INFO webdriver: RESULT {
[0-5]   'element-6066-11e4-a52e-4f735466cecf': 'f.5111E231A97C62BF26BE6692294BC6F6.d.8483E44E3483EEFEF368012294C535F4.e.53'
[0-5] }
[0-5] 2026-02-01T11:26:03.220Z INFO webdriver: COMMAND elementClear("f.5111E231A97C62BF26BE6692294BC6F6.d.8483E44E3483EEFEF368012294C535F4.e.53")
[0-5] 2026-02-01T11:26:03.220Z INFO webdriver: [POST] http://localhost:4444/session/0bb75b696c4ed44ab7d198b3602e143f/element/f.5111E231A97C62BF26BE6692294BC6F6.d.8483E44E3483EEFEF368012294C535F4.e.53/clear
[0-5] 2026-02-01T11:26:03.220Z INFO webdriver: DATA {}
[0-5] 2026-02-01T11:26:03.280Z INFO webdriver: RESULT null
[0-5] 2026-02-01T11:26:03.281Z INFO webdriver: COMMAND takeScreenshot()
[0-5] 2026-02-01T11:26:03.281Z INFO webdriver: [GET] http://localhost:4444/session/0bb75b696c4ed44ab7d198b3602e143f/screenshot
[0-5] 2026-02-01T11:26:03.463Z INFO webdriver: RESULT iVBORw0KGgoAAAANSUhEUgAACWAAAAWmCAIAAACDPgzkAAAQAElEQVR4nOzdC...
[0-5] 2026-02-01T11:26:03.588Z INFO webdriver: COMMAND elementClear("f.5111E231A97C62BF26BE6692294BC6F6.d.8483E44E3483EEFEF368012294C535F4.e.53")
[0-5] 2026-02-01T11:26:03.589Z INFO webdriver: [POST] http://localhost:4444/session/0bb75b696c4ed44ab7d198b3602e143f/element/f.5111E231A97C62BF26BE6692294BC6F6.d.8483E44E3483EEFEF368012294C535F4.e.53/clear
[0-5] 2026-02-01T11:26:03.589Z INFO webdriver: DATA {}
[0-5] 2026-02-01T11:26:03.657Z INFO webdriver: RESULT null
[0-5] 2026-02-01T11:26:03.658Z INFO webdriver: COMMAND elementSendKeys("f.5111E231A97C62BF26BE6692294BC6F6.d.8483E44E3483EEFEF368012294C535F4.e.53", "API Key")
[0-5] 2026-02-01T11:26:03.659Z INFO webdriver: [POST] http://localhost:4444/session/0bb75b696c4ed44ab7d198b3602e143f/element/f.5111E231A97C62BF26BE6692294BC6F6.d.8483E44E3483EEFEF368012294C535F4.e.53/value
[0-5] 2026-02-01T11:26:03.659Z INFO webdriver: DATA {"text":"API Key"}
[0-5] 2026-02-01T11:26:03.661Z INFO webdriver: COMMAND takeScreenshot()
[0-5] 2026-02-01T11:26:03.662Z INFO webdriver: [GET] http://localhost:4444/session/0bb75b696c4ed44ab7d198b3602e143f/screenshot
[0-5] 2026-02-01T11:26:03.743Z INFO webdriver: RESULT null
[0-5] 2026-02-01T11:26:03.743Z INFO webdriver: COMMAND takeScreenshot()
[0-5] 2026-02-01T11:26:03.743Z INFO webdriver: [GET] http://localhost:4444/session/0bb75b696c4ed44ab7d198b3602e143f/screenshot
[0-5] 2026-02-01T11:26:03.874Z INFO webdriver: RESULT iVBORw0KGgoAAAANSUhEUgAACWAAAAWmCAIAAACDPgzkAAAQAElEQVR4nOzdC...
[0-5] 2026-02-01T11:26:04.010Z INFO webdriver: RESULT iVBORw0KGgoAAAANSUhEUgAACWAAAAWmCAIAAACDPgzkAAAQAElEQVR4nOzdC...
[0-5] 2026-02-01T11:26:04.752Z INFO webdriver: COMMAND takeScreenshot()
[0-5] 2026-02-01T11:26:04.753Z INFO webdriver: [GET] http://localhost:4444/session/0bb75b696c4ed44ab7d198b3602e143f/screenshot
[0-5] 2026-02-01T11:26:04.892Z INFO webdriver: RESULT iVBORw0KGgoAAAANSUhEUgAACWAAAAWmCAIAAACDPgzkAAAQAElEQVR4nOzdC...
[0-5] 2026-02-01T11:26:04.895Z INFO webdriver: COMMAND findElement("css selector", "[data-testid="install-btn-api-key-server"]")
[0-5] 2026-02-01T11:26:04.895Z INFO webdriver: [POST] http://localhost:4444/session/0bb75b696c4ed44ab7d198b3602e143f/element
[0-5] 2026-02-01T11:26:04.895Z INFO webdriver: DATA {"using":"css selector","value":"[data-testid=\"install-btn-api-key-server\"]"}
[0-5] 2026-02-01T11:26:04.911Z INFO webdriver: RESULT {
[0-5]   'element-6066-11e4-a52e-4f735466cecf': 'f.5111E231A97C62BF26BE6692294BC6F6.d.8483E44E3483EEFEF368012294C535F4.e.69'
[0-5] }
[0-5] 2026-02-01T11:26:04.915Z INFO webdriver: COMMAND executeScript(<fn>, <object>)
[0-5] 2026-02-01T11:26:04.916Z INFO webdriver: [POST] http://localhost:4444/session/0bb75b696c4ed44ab7d198b3602e143f/execute/sync
[0-5] 2026-02-01T11:26:04.916Z INFO webdriver: DATA {"script":"\n            function webdriverioPolyfill() {\n  var __defProp = Object.defineProperty;\n  var __name = function(target, _value) {\n    return __defProp(target, \"name\", { value: _value, configurable: true });\n  };\n  var __globalThis = typeof globalThis === \"object\" && globalThis || typeof window === \"object\" && window;\n  __globalThis.__name = __name;\n}\n            webdriverioPolyfill();\n            return (function(elem) {\n      try {\n        const style = window.getComputedStyle(elem);\n        return { value: style?.display ?? \"\" };\n      } catch {\n        if (typeof elem.isConnected === \"boolean\" && !elem.isConnected) {\n          throw new Error(\"stale element reference: element is not attached to the page document\");\n        }\n        return { value: \"\" };\n      }\n    }).apply(null, arguments)\n        ","args":[{"element-6066-11e4-a52e-4f735466cecf":"f.5111E231A97C62BF26BE6692294BC6F6.d.8483E44E3483EEFEF368012294C535F4.e.69","ELEMENT":"f.5111E231A97C62BF26BE6692294BC6F6.d.8483E44E3483EEFEF368012294C535F4.e.69"}]}
[0-5] 2026-02-01T11:26:04.916Z INFO webdriver: COMMAND executeScript(<fn>, <object>)
[0-5] 2026-02-01T11:26:04.917Z INFO webdriver: [POST] http://localhost:4444/session/0bb75b696c4ed44ab7d198b3602e143f/execute/sync
[0-5] 2026-02-01T11:26:04.917Z INFO webdriver: DATA {"script":"\n            function webdriverioPolyfill() {\n  var __defProp = Object.defineProperty;\n  var __name = function(target, _value) {\n    return __defProp(target, \"name\", { value: _value, configurable: true });\n  };\n  var __globalThis = typeof globalThis === \"object\" && globalThis || typeof window === \"object\" && window;\n  __globalThis.__name = __name;\n}\n            webdriverioPolyfill();\n            return (function checkVisibility(elem, params) {\n      if (typeof elem.checkVisibility === \"function\") {\n        return elem.checkVisibility(params);\n      }\n      return null;\n    }).apply(null, arguments)\n        ","args":[{"element-6066-11e4-a52e-4f735466cecf":"f.5111E231A97C62BF26BE6692294BC6F6.d.8483E44E3483EEFEF368012294C535F4.e.69","ELEMENT":"f.5111E231A97C62BF26BE6692294BC6F6.d.8483E44E3483EEFEF368012294C535F4.e.69"},{"withinViewport":false,"contentVisibilityAuto":true,"opacityProperty":true,"visibilityProperty":true}]}
[0-5] 2026-02-01T11:26:04.927Z INFO webdriver: RESULT { value: 'block' }
[0-5] 2026-02-01T11:26:04.928Z INFO webdriver: COMMAND takeScreenshot()
[0-5] 2026-02-01T11:26:04.928Z INFO webdriver: [GET] http://localhost:4444/session/0bb75b696c4ed44ab7d198b3602e143f/screenshot
[0-5] 2026-02-01T11:26:04.932Z INFO webdriver: RESULT true
[0-5] 2026-02-01T11:26:04.933Z INFO webdriver: COMMAND executeScript(<fn>, <object>)
[0-5] 2026-02-01T11:26:04.933Z INFO webdriver: [POST] http://localhost:4444/session/0bb75b696c4ed44ab7d198b3602e143f/execute/sync
[0-5] 2026-02-01T11:26:04.933Z INFO webdriver: DATA {"script":"\n            function webdriverioPolyfill() {\n  var __defProp = Object.defineProperty;\n  var __name = function(target, _value) {\n    return __defProp(target, \"name\", { value: _value, configurable: true });\n  };\n  var __globalThis = typeof globalThis === \"object\" && globalThis || typeof window === \"object\" && window;\n  __globalThis.__name = __name;\n}\n            webdriverioPolyfill();\n            return (function(elem) {\n      try {\n        const style = window.getComputedStyle(elem);\n        return { value: style?.display ?? \"\" };\n      } catch {\n        if (typeof elem.isConnected === \"boolean\" && !elem.isConnected) {\n          throw new Error(\"stale element reference: element is not attached to the page document\");\n        }\n        return { value: \"\" };\n      }\n    }).apply(null, arguments)\n        ","args":[{"element-6066-11e4-a52e-4f735466cecf":"f.5111E231A97C62BF26BE6692294BC6F6.d.8483E44E3483EEFEF368012294C535F4.e.69","ELEMENT":"f.5111E231A97C62BF26BE6692294BC6F6.d.8483E44E3483EEFEF368012294C535F4.e.69"}]}
[0-5] 2026-02-01T11:26:04.933Z INFO webdriver: COMMAND executeScript(<fn>, <object>)
[0-5] 2026-02-01T11:26:04.934Z INFO webdriver: [POST] http://localhost:4444/session/0bb75b696c4ed44ab7d198b3602e143f/execute/sync
[0-5] 2026-02-01T11:26:04.934Z INFO webdriver: DATA {"script":"\n            function webdriverioPolyfill() {\n  var __defProp = Object.defineProperty;\n  var __name = function(target, _value) {\n    return __defProp(target, \"name\", { value: _value, configurable: true });\n  };\n  var __globalThis = typeof globalThis === \"object\" && globalThis || typeof window === \"object\" && window;\n  __globalThis.__name = __name;\n}\n            webdriverioPolyfill();\n            return (function checkVisibility(elem, params) {\n      if (typeof elem.checkVisibility === \"function\") {\n        return elem.checkVisibility(params);\n      }\n      return null;\n    }).apply(null, arguments)\n        ","args":[{"element-6066-11e4-a52e-4f735466cecf":"f.5111E231A97C62BF26BE6692294BC6F6.d.8483E44E3483EEFEF368012294C535F4.e.69","ELEMENT":"f.5111E231A97C62BF26BE6692294BC6F6.d.8483E44E3483EEFEF368012294C535F4.e.69"},{"withinViewport":false,"contentVisibilityAuto":true,"opacityProperty":true,"visibilityProperty":true}]}
[0-5] 2026-02-01T11:26:04.935Z INFO webdriver: COMMAND takeScreenshot()
[0-5] 2026-02-01T11:26:04.935Z INFO webdriver: [GET] http://localhost:4444/session/0bb75b696c4ed44ab7d198b3602e143f/screenshot
[0-5] 2026-02-01T11:26:05.072Z INFO webdriver: RESULT iVBORw0KGgoAAAANSUhEUgAACWAAAAWmCAIAAACDPgzkAAAQAElEQVR4nOzdC...
[0-5] 2026-02-01T11:26:05.075Z INFO webdriver: RESULT { value: 'block' }
[0-5] 2026-02-01T11:26:05.082Z INFO webdriver: COMMAND takeScreenshot()
[0-5] 2026-02-01T11:26:05.082Z INFO webdriver: [GET] http://localhost:4444/session/0bb75b696c4ed44ab7d198b3602e143f/screenshot
[0-5] 2026-02-01T11:26:05.215Z INFO webdriver: RESULT iVBORw0KGgoAAAANSUhEUgAACWAAAAWmCAIAAACDPgzkAAAQAElEQVR4nOzdC...
[0-5] 2026-02-01T11:26:05.219Z INFO webdriver: RESULT true
[0-5] 2026-02-01T11:26:05.220Z INFO webdriver: COMMAND executeScript(<fn>, <object>)
[0-5] 2026-02-01T11:26:05.220Z INFO webdriver: [POST] http://localhost:4444/session/0bb75b696c4ed44ab7d198b3602e143f/execute/sync
[0-5] 2026-02-01T11:26:05.221Z INFO webdriver: DATA {"script":"\n            function webdriverioPolyfill() {\n  var __defProp = Object.defineProperty;\n  var __name = function(target, _value) {\n    return __defProp(target, \"name\", { value: _value, configurable: true });\n  };\n  var __globalThis = typeof globalThis === \"object\" && globalThis || typeof window === \"object\" && window;\n  __globalThis.__name = __name;\n}\n            webdriverioPolyfill();\n            return (function isElementClickable(elem) {\n  if (!elem.getBoundingClientRect || !elem.scrollIntoView || !elem.contains || !elem.getClientRects || !document.elementFromPoint) {\n    return false;\n  }\n  const isOldEdge = !!window.StyleMedia;\n  const scrollIntoViewFullSupport = !(window.safari || isOldEdge);\n  function getOverlappingElement(elem2, context) {\n    context = context || document;\n    const elemDimension = elem2.getBoundingClientRect();\n    const x = elemDimension.left + elem2.clientWidth / 2;\n    const y = elemDimension.top + elem2.clientHeight / 2;\n    return context.elementFromPoint(x, y);\n  }\n  function getOverlappingRects(elem2, context) {\n    context = context || document;\n    const rects = elem2.getClientRects();\n    const rect = rects[0];\n    const x = rect.left + rect.width / 2;\n    const y = rect.top + rect.height / 2;\n    return [context.elementFromPoint(x, y)];\n  }\n  function getOverlappingElements(elem2, context) {\n    return [getOverlappingElement(elem2, context)].concat(getOverlappingRects(elem2, context));\n  }\n  function nodeContains(elem2, otherNode) {\n    if (isOldEdge) {\n      let tmpElement = otherNode;\n      while (tmpElement) {\n        if (tmpElement === elem2) {\n          return true;\n        }\n        tmpElement = tmpElement.parentNode;\n        if (tmpElement && tmpElement.nodeType === 11 && tmpElement.host) {\n          tmpElement = tmpElement.host;\n        }\n      }\n      return false;\n    }\n    return elem2.contains(otherNode);\n  }\n  function isOverlappingElementMatch(elementsFromPoint, elem2) {\n    if (elementsFromPoint.some(function(elementFromPoint) {\n      return elementFromPoint === elem2 || nodeContains(elem2, elementFromPoint);\n    })) {\n      return true;\n    }\n    let elemsWithShadowRoot = [].concat(elementsFromPoint);\n    elemsWithShadowRoot = elemsWithShadowRoot.filter(function(x) {\n      return x && x.shadowRoot && x.shadowRoot.elementFromPoint;\n    });\n    let shadowElementsFromPoint = [];\n    for (let i = 0; i < elemsWithShadowRoot.length; ++i) {\n      const shadowElement = elemsWithShadowRoot[i];\n      shadowElementsFromPoint = shadowElementsFromPoint.concat(\n        getOverlappingElements(elem2, shadowElement.shadowRoot)\n      );\n    }\n    shadowElementsFromPoint = [].concat(shadowElementsFromPoint);\n    shadowElementsFromPoint = shadowElementsFromPoint.filter(function(x) {\n      return !elementsFromPoint.includes(x);\n    });\n    if (shadowElementsFromPoint.length === 0) {\n      return false;\n    }\n    return isOverlappingElementMatch(shadowElementsFromPoint, elem2);\n  }\n  function isElementInViewport(elem2) {\n    if (!elem2.getBoundingClientRect) {\n      return false;\n    }\n    const rect = elem2.getBoundingClientRect();\n    const windowHeight = window.innerHeight || document.documentElement.clientHeight;\n    const windowWidth = window.innerWidth || document.documentElement.clientWidth;\n    const vertInView = rect.top < windowHeight && rect.top + rect.height > 0;\n    const horInView = rect.left < windowWidth && rect.left + rect.width > 0;\n    return vertInView && horInView;\n  }\n  function isEnabled(elem2) {\n    return elem2.disabled !== true;\n  }\n  function hasOverlaps(elem2) {\n    return !isOverlappingElementMatch(getOverlappingElements(elem2), elem2);\n  }\n  function isFullyDisplayedInViewport(elem2) {\n    return isElementInViewport(elem2) && !hasOverlaps(elem2);\n  }\n  function getViewportScrollPositions() {\n    return {\n      x: window.scrollX !== null && window.scrollX !== void 0 ? window.scrollX : window.pageXOffset,\n      y: window.scrollY !== null && window.scrollY !== void 0 ? window.scrollY : window.pageYOffset\n    };\n  }\n  let _isFullyDisplayedInViewport = isFullyDisplayedInViewport(elem);\n  if (!_isFullyDisplayedInViewport) {\n    const { x: originalX, y: originalY } = getViewportScrollPositions();\n    elem.scrollIntoView(scrollIntoViewFullSupport ? { block: \"center\", inline: \"center\" } : false);\n    _isFullyDisplayedInViewport = isFullyDisplayedInViewport(elem);\n    const { x: currentX, y: currentY } = getViewportScrollPositions();\n    if (currentX !== originalX || currentY !== originalY) {\n      window.scroll(originalX, originalY);\n    }\n  }\n  return _isFullyDisplayedInViewport && isEnabled(elem);\n}).apply(null, arguments)\n        ","args":[{"element-6066-11e4-a52e-4f735466cecf":"f.5111E231A97C62BF26BE6692294BC6F6.d.8483E44E3483EEFEF368012294C535F4.e.69","ELEMENT":"f.5111E231A97C62BF26BE6692294BC6F6.d.8483E44E3483EEFEF368012294C535F4.e.69"}]}
[0-5] 2026-02-01T11:26:05.223Z INFO webdriver: COMMAND takeScreenshot()
[0-5] 2026-02-01T11:26:05.223Z INFO webdriver: [GET] http://localhost:4444/session/0bb75b696c4ed44ab7d198b3602e143f/screenshot
[0-5] 2026-02-01T11:26:05.371Z INFO webdriver: RESULT iVBORw0KGgoAAAANSUhEUgAACWAAAAWmCAIAAACDPgzkAAAQAElEQVR4nOzdC...
[0-5] 2026-02-01T11:26:05.373Z INFO webdriver: RESULT true
[0-5] 2026-02-01T11:26:05.374Z INFO webdriver: COMMAND elementClick("f.5111E231A97C62BF26BE6692294BC6F6.d.8483E44E3483EEFEF368012294C535F4.e.69")
[0-5] 2026-02-01T11:26:05.374Z INFO webdriver: [POST] http://localhost:4444/session/0bb75b696c4ed44ab7d198b3602e143f/element/f.5111E231A97C62BF26BE6692294BC6F6.d.8483E44E3483EEFEF368012294C535F4.e.69/click
[0-5] 2026-02-01T11:26:05.374Z INFO webdriver: DATA {}
[0-5] 2026-02-01T11:26:05.375Z INFO webdriver: COMMAND takeScreenshot()
[0-5] 2026-02-01T11:26:05.375Z INFO webdriver: [GET] http://localhost:4444/session/0bb75b696c4ed44ab7d198b3602e143f/screenshot
[0-5] 2026-02-01T11:26:05.505Z INFO webdriver: RESULT iVBORw0KGgoAAAANSUhEUgAACWAAAAWmCAIAAACDPgzkAAAQAElEQVR4nOzdC...
[0-5] 2026-02-01T11:26:05.576Z INFO webdriver: RESULT null
[0-5] 2026-02-01T11:26:05.577Z INFO webdriver: COMMAND takeScreenshot()
[0-5] 2026-02-01T11:26:05.578Z INFO webdriver: [GET] http://localhost:4444/session/0bb75b696c4ed44ab7d198b3602e143f/screenshot
[0-5] 2026-02-01T11:26:05.803Z INFO webdriver: RESULT iVBORw0KGgoAAAANSUhEUgAACWAAAAWmCAIAAACDPgzkAAAQAElEQVR4nOzdC...
[0-5] 2026-02-01T11:26:05.968Z INFO webdriver: RESULT iVBORw0KGgoAAAANSUhEUgAACWAAAAWmCAIAAACDPgzkAAAQAElEQVR4nOzdC...
[0-5] 2026-02-01T11:26:08.578Z INFO webdriver: COMMAND findElement("css selector", "[data-testid="uninstall-btn-api-key-server"]")
[0-5] 2026-02-01T11:26:08.579Z INFO webdriver: [POST] http://localhost:4444/session/0bb75b696c4ed44ab7d198b3602e143f/element
[0-5] 2026-02-01T11:26:08.579Z INFO webdriver: DATA {"using":"css selector","value":"[data-testid=\"uninstall-btn-api-key-server\"]"}
[0-5] 2026-02-01T11:26:08.607Z INFO webdriver: RESULT {
[0-5]   'element-6066-11e4-a52e-4f735466cecf': 'f.5111E231A97C62BF26BE6692294BC6F6.d.8483E44E3483EEFEF368012294C535F4.e.69'
[0-5] }
[0-5] 2026-02-01T11:26:08.610Z INFO webdriver: COMMAND executeScript(<fn>, <object>)
[0-5] 2026-02-01T11:26:08.610Z INFO webdriver: [POST] http://localhost:4444/session/0bb75b696c4ed44ab7d198b3602e143f/execute/sync
[0-5] 2026-02-01T11:26:08.610Z INFO webdriver: DATA {"script":"\n            function webdriverioPolyfill() {\n  var __defProp = Object.defineProperty;\n  var __name = function(target, _value) {\n    return __defProp(target, \"name\", { value: _value, configurable: true });\n  };\n  var __globalThis = typeof globalThis === \"object\" && globalThis || typeof window === \"object\" && window;\n  __globalThis.__name = __name;\n}\n            webdriverioPolyfill();\n            return (function(elem) {\n      try {\n        const style = window.getComputedStyle(elem);\n        return { value: style?.display ?? \"\" };\n      } catch {\n        if (typeof elem.isConnected === \"boolean\" && !elem.isConnected) {\n          throw new Error(\"stale element reference: element is not attached to the page document\");\n        }\n        return { value: \"\" };\n      }\n    }).apply(null, arguments)\n        ","args":[{"element-6066-11e4-a52e-4f735466cecf":"f.5111E231A97C62BF26BE6692294BC6F6.d.8483E44E3483EEFEF368012294C535F4.e.69","ELEMENT":"f.5111E231A97C62BF26BE6692294BC6F6.d.8483E44E3483EEFEF368012294C535F4.e.69"}]}
[0-5] 2026-02-01T11:26:08.611Z INFO webdriver: COMMAND executeScript(<fn>, <object>)
[0-5] 2026-02-01T11:26:08.611Z INFO webdriver: [POST] http://localhost:4444/session/0bb75b696c4ed44ab7d198b3602e143f/execute/sync
[0-5] 2026-02-01T11:26:08.611Z INFO webdriver: DATA {"script":"\n            function webdriverioPolyfill() {\n  var __defProp = Object.defineProperty;\n  var __name = function(target, _value) {\n    return __defProp(target, \"name\", { value: _value, configurable: true });\n  };\n  var __globalThis = typeof globalThis === \"object\" && globalThis || typeof window === \"object\" && window;\n  __globalThis.__name = __name;\n}\n            webdriverioPolyfill();\n            return (function checkVisibility(elem, params) {\n      if (typeof elem.checkVisibility === \"function\") {\n        return elem.checkVisibility(params);\n      }\n      return null;\n    }).apply(null, arguments)\n        ","args":[{"element-6066-11e4-a52e-4f735466cecf":"f.5111E231A97C62BF26BE6692294BC6F6.d.8483E44E3483EEFEF368012294C535F4.e.69","ELEMENT":"f.5111E231A97C62BF26BE6692294BC6F6.d.8483E44E3483EEFEF368012294C535F4.e.69"},{"withinViewport":false,"contentVisibilityAuto":true,"opacityProperty":true,"visibilityProperty":true}]}
[0-5] 2026-02-01T11:26:08.617Z INFO webdriver: RESULT { value: 'block' }
[0-5] 2026-02-01T11:26:08.618Z INFO webdriver: COMMAND takeScreenshot()
[0-5] 2026-02-01T11:26:08.618Z INFO webdriver: [GET] http://localhost:4444/session/0bb75b696c4ed44ab7d198b3602e143f/screenshot
[0-5] 2026-02-01T11:26:08.620Z INFO webdriver: RESULT true
[0-5] 2026-02-01T11:26:08.621Z INFO webdriver: COMMAND takeScreenshot()
[0-5] 2026-02-01T11:26:08.621Z INFO webdriver: [GET] http://localhost:4444/session/0bb75b696c4ed44ab7d198b3602e143f/screenshot
[0-5] 2026-02-01T11:26:08.621Z INFO webdriver: COMMAND takeScreenshot()
[0-5] 2026-02-01T11:26:08.622Z INFO webdriver: [GET] http://localhost:4444/session/0bb75b696c4ed44ab7d198b3602e143f/screenshot
[0-5] 2026-02-01T11:26:08.739Z INFO webdriver: RESULT iVBORw0KGgoAAAANSUhEUgAACWAAAAWmCAIAAACDPgzkAAAQAElEQVR4nOzdC...
[0-5] 2026-02-01T11:26:08.860Z INFO webdriver: RESULT iVBORw0KGgoAAAANSUhEUgAACWAAAAWmCAIAAACDPgzkAAAQAElEQVR4nOzdC...
[0-5] 2026-02-01T11:26:08.997Z INFO webdriver: RESULT iVBORw0KGgoAAAANSUhEUgAACWAAAAWmCAIAAACDPgzkAAAQAElEQVR4nOzdC...
[0-5] 2026-02-01T11:26:09.001Z INFO webdriver: COMMAND findElement("css selector", "[data-testid="nav-my-servers"]")
[0-5] 2026-02-01T11:26:09.002Z INFO webdriver: [POST] http://localhost:4444/session/0bb75b696c4ed44ab7d198b3602e143f/element
[0-5] 2026-02-01T11:26:09.002Z INFO webdriver: DATA {"using":"css selector","value":"[data-testid=\"nav-my-servers\"]"}
[0-5] 2026-02-01T11:26:09.014Z INFO webdriver: RESULT {
[0-5]   'element-6066-11e4-a52e-4f735466cecf': 'f.5111E231A97C62BF26BE6692294BC6F6.d.8483E44E3483EEFEF368012294C535F4.e.118'
[0-5] }
[0-5] 2026-02-01T11:26:09.016Z INFO webdriver: COMMAND elementClick("f.5111E231A97C62BF26BE6692294BC6F6.d.8483E44E3483EEFEF368012294C535F4.e.118")
[0-5] 2026-02-01T11:26:09.016Z INFO webdriver: [POST] http://localhost:4444/session/0bb75b696c4ed44ab7d198b3602e143f/element/f.5111E231A97C62BF26BE6692294BC6F6.d.8483E44E3483EEFEF368012294C535F4.e.118/click
[0-5] 2026-02-01T11:26:09.016Z INFO webdriver: DATA {}
[0-5] 2026-02-01T11:26:09.096Z INFO webdriver: RESULT null
[0-5] 2026-02-01T11:26:09.096Z INFO webdriver: COMMAND takeScreenshot()
[0-5] 2026-02-01T11:26:09.096Z INFO webdriver: [GET] http://localhost:4444/session/0bb75b696c4ed44ab7d198b3602e143f/screenshot
[0-5] 2026-02-01T11:26:09.318Z INFO webdriver: RESULT iVBORw0KGgoAAAANSUhEUgAACWAAAAWmCAIAAACDPgzkAAAQAElEQVR4nOzdC...
[0-5] 2026-02-01T11:26:11.107Z INFO webdriver: COMMAND getPageSource()
[0-5] 2026-02-01T11:26:11.108Z INFO webdriver: [GET] http://localhost:4444/session/0bb75b696c4ed44ab7d198b3602e143f/source
[0-5] 2026-02-01T11:26:11.116Z INFO webdriver: RESULT <html lang="en"><head>
[0-5]     <meta charset="UTF-8">
[0-5]     <link rel="icon" type="image/svg+xml" href="/mcpmux.svg">
[0-5]     <meta name="viewport" content="width=device-width, initial-scale=1.0">
[0-5]     <title>McpMux</title>
[0-5]     <script type="module" crossorigin="" src="/assets/index-CiZJOwjC.js"></script>
[0-5]     <link rel="stylesheet" crossorigin="" href="/assets/index-Df7hU3Vb.css">
[0-5]   </head>
[0-5] 
[0-5]   <body>
[0-5]     <div id="root"><div class="flex h-screen flex-col overflow-hidden bg-[rgb(var(--background))]"><div class="drag-region h-8 flex-shrink-0 bg-[rgb(var(--surface))] border-b border-[rgb(var(--border-subtle))]"></div><div class="flex flex-1 overflow-hidden"><aside class="w-60 flex-shrink-0 border-r border-[rgb(var(--border-subtle))]"><nav class="flex h-full flex-col bg-[rgb(var(--surface))]"><div class="flex-shrink-0 p-4 border-b border-[rgb(var(--border-subtle))]"><div class="space-y-3"><div class="flex items-center justify-between"><div class="flex items-center gap-2"><svg xmlns="http://www.w3.org/2000/svg" width="24" height="24" viewBox="0 0 24 24" fill="none" stroke="currentColor" stroke-width="2" stroke-linecap="round" stroke-linejoin="round" class="lucide lucide-zap h-6 w-6 text-primary-500" aria-hidden="true"><path d="M4 14a1 1 0 0 1-.78-1.63l9.9-10.2a.5.5 0 0 1 .86.46l-1.92 6.02A1 1 0 0 0 13 10h7a1 1 0 0 1 .78 1.63l-9.9 10.2a.5.5 0 0 1-.86-.46l1.92-6.02A1 1 0 0 0 11 14z"></path></svg><span class="font-bold text-lg">McpMux</span></div><button class="p-1.5 rounded-lg hover:bg-surface-hover transition-colors" title="Dark mode"><svg xmlns="http://www.w3.org/2000/svg" width="24" height="24" viewBox="0 0 24 24" fill="none" stroke="currentColor" stroke-width="2" stroke-linecap="round" stroke-linejoin="round" class="lucide lucide-moon h-4 w-4" aria-hidden="true"><path d="M20.985 12.486a9 9 0 1 1-9.473-9.472c.405-.022.617.46.402.803a6 6 0 0 0 8.268 8.268c.344-.215.825-.004.803.401"></path></svg></button></div><div class="relative w-full"><button class="w-full flex items-center justify-between gap-2 px-3 py-2.5 rounded-xl border border-[rgb(var(--border))] bg-[rgb(var(--surface))] hover:bg-[rgb(var(--surface-hover))] hover:border-[rgb(var(--primary))/30] transition-all duration-150 group"><span class="flex items-center gap-3 min-w-0"><span class="text-xl">≡ƒÅá</span><span class="font-medium text-sm truncate">Personal</span></span><svg xmlns="http://www.w3.org/2000/svg" width="24" height="24" viewBox="0 0 24 24" fill="none" stroke="currentColor" stroke-width="2" stroke-linecap="round" stroke-linejoin="round" class="lucide lucide-chevron-down h-4 w-4 flex-shrink-0 text-[rgb(var(--muted))] group-hover:text-[rgb(var(--foreground))] transition-all duration-200" aria-hidden="true"><path d="m6 9 6 6 6-6"></path></svg></button></div></div></div><div class="flex-1 overflow-y-auto p-3"><div class="mb-6"><div class="space-y-0.5"><button data-testid="nav-dashboard" class="flex w-full items-center gap-3 rounded-lg px-3 py-2.5 text-sm font-medium transition-all duration-150 text-[rgb(var(--muted))] hover:text-[rgb(var(--foreground))] hover:bg-[rgb(var(--surface-hover))]"><span class="h-5 w-5 flex items-center justify-center transition-colors"><svg xmlns="http://www.w3.org/2000/svg" width="24" height="24" viewBox="0 0 24 24" fill="none" stroke="currentColor" stroke-width="2" stroke-linecap="round" stroke-linejoin="round" class="lucide lucide-house h-4 w-4" aria-hidden="true"><path d="M15 21v-8a1 1 0 0 0-1-1h-4a1 1 0 0 0-1 1v8"></path><path d="M3 10a2 2 0 0 1 .709-1.528l7-6a2 2 0 0 1 2.582 0l7 6A2 2 0 0 1 21 10v9a2 2 0 0 1-2 2H5a2 2 0 0 1-2-2z"></path></svg></span><span>Dashboard</span></button><button data-testid="nav-my-servers" class="flex w-full items-center gap-3 rounded-lg px-3 py-2.5 text-sm font-medium transition-all duration-150 hover:text-[rgb(var(--foreground))] bg-[rgb(var(--primary))/10] text-[rgb(var(--primary))] hover:bg-[rgb(var(--primary))/15]"><span class="h-5 w-5 flex items-center justify-center transition-colors text-[rgb(var(--primary))]"><svg xmlns="http://www.w3.org/2000/svg" width="24" height="24" viewBox="0 0 24 24" fill="none" stroke="currentColor" stroke-width="2" stroke-linecap="round" stroke-linejoin="round" class="lucide lucide-zap h-4 w-4" aria-hidden="true"><path d="M4 14a1 1 0 0 1-.78-1.63l9.9-10.2a.5.5 0 0 1 .86.46l-1.92 6.02A1 1 0 0 0 13 10h7a1 1 0 0 1 .78 1.63l-9.9 10.2a.5.5 0 0 1-.86-.46l1.92-6.02A1 1 0 0 0 11 14z"></path></svg></span><span>My Servers</span></button><button data-testid="nav-discover" class="flex w-full items-center gap-3 rounded-lg px-3 py-2.5 text-sm font-medium transition-all duration-150 text-[rgb(var(--muted))] hover:text-[rgb(var(--foreground))] hover:bg-[rgb(var(--surface-hover))]"><span class="h-5 w-5 flex items-center justify-center transition-colors"><svg xmlns="http://www.w3.org/2000/svg" width="24" height="24" viewBox="0 0 24 24" fill="none" stroke="currentColor" stroke-width="2" stroke-linecap="round" stroke-linejoin="round" class="lucide lucide-server h-4 w-4" aria-hidden="true"><rect width="20" height="8" x="2" y="2" rx="2" ry="2"></rect><rect width="20" height="8" x="2" y="14" rx="2" ry="2"></rect><line x1="6" x2="6.01" y1="6" y2="6"></line><line x1="6" x2="6.01" y1="18" y2="18"></line></svg></span><span>Discover</span></button></div></div><div class="mb-6"><h3 class="mb-2 px-3 text-[11px] font-semibold uppercase tracking-wider text-[rgb(var(--muted-foreground))]">Workspaces</h3><div class="space-y-0.5"><button data-testid="nav-spaces" class="flex w-full items-center gap-3 rounded-lg px-3 py-2.5 text-sm font-medium transition-all duration-150 text-[rgb(var(--muted))] hover:text-[rgb(var(--foreground))] hover:bg-[rgb(var(--surface-hover))]"><span class="h-5 w-5 flex items-center justify-center transition-colors"><svg xmlns="http://www.w3.org/2000/svg" width="24" height="24" viewBox="0 0 24 24" fill="none" stroke="currentColor" stroke-width="2" stroke-linecap="round" stroke-linejoin="round" class="lucide lucide-globe h-4 w-4" aria-hidden="true"><circle cx="12" cy="12" r="10"></circle><path d="M12 2a14.5 14.5 0 0 0 0 20 14.5 14.5 0 0 0 0-20"></path><path d="M2 12h20"></path></svg></span><span>Spaces</span></button><button data-testid="nav-featuresets" class="flex w-full items-center gap-3 rounded-lg px-3 py-2.5 text-sm font-medium transition-all duration-150 text-[rgb(var(--muted))] hover:text-[rgb(var(--foreground))] hover:bg-[rgb(var(--surface-hover))]"><span class="h-5 w-5 flex items-center justify-center transition-colors"><svg xmlns="http://www.w3.org/2000/svg" width="24" height="24" viewBox="0 0 24 24" fill="none" stroke="currentColor" stroke-width="2" stroke-linecap="round" stroke-linejoin="round" class="lucide lucide-wrench h-4 w-4" aria-hidden="true"><path d="M14.7 6.3a1 1 0 0 0 0 1.4l1.6 1.6a1 1 0 0 0 1.4 0l3.106-3.105c.32-.322.863-.22.983.218a6 6 0 0 1-8.259 7.057l-7.91 7.91a1 1 0 0 1-2.999-3l7.91-7.91a6 6 0 0 1 7.057-8.259c.438.12.54.662.219.984z"></path></svg></span><span>FeatureSets</span></button></div></div><div class="mb-6"><h3 class="mb-2 px-3 text-[11px] font-semibold uppercase tracking-wider text-[rgb(var(--muted-foreground))]">Connections</h3><div class="space-y-0.5"><button data-testid="nav-clients" class="flex w-full items-center gap-3 rounded-lg px-3 py-2.5 text-sm font-medium transition-all duration-150 text-[rgb(var(--muted))] hover:text-[rgb(var(--foreground))] hover:bg-[rgb(var(--surface-hover))]"><span class="h-5 w-5 flex items-center justify-center transition-colors"><svg xmlns="http://www.w3.org/2000/svg" width="24" height="24" viewBox="0 0 24 24" fill="none" stroke="currentColor" stroke-width="2" stroke-linecap="round" stroke-linejoin="round" class="lucide lucide-monitor h-4 w-4" aria-hidden="true"><rect width="20" height="14" x="2" y="3" rx="2"></rect><line x1="8" x2="16" y1="21" y2="21"></line><line x1="12" x2="12" y1="17" y2="21"></line></svg></span><span>Clients</span></button></div></div><div class="mb-6"><div class="space-y-0.5"><button data-testid="nav-settings" class="flex w-full items-center gap-3 rounded-lg px-3 py-2.5 text-sm font-medium transition-all duration-150 text-[rgb(var(--muted))] hover:text-[rgb(var(--foreground))] hover:bg-[rgb(var(--surface-hover))]"><span class="h-5 w-5 flex items-center justify-center transition-colors"><svg xmlns="http://www.w3.org/2000/svg" width="24" height="24" viewBox="0 0 24 24" fill="none" stroke="currentColor" stroke-width="2" stroke-linecap="round" stroke-linejoin="round" class="lucide lucide-settings h-4 w-4" aria-hidden="true"><path d="M9.671 4.136a2.34 2.34 0 0 1 4.659 0 2.34 2.34 0 0 0 3.319 1.915 2.34 2.34 0 0 1 2.33 4.033 2.34 2.34 0 0 0 0 3.831 2.34 2.34 0 0 1-2.33 4.033 2.34 2.34 0 0 0-3.319 1.915 2.34 2.34 0 0 1-4.659 0 2.34 2.34 0 0 0-3.32-1.915 2.34 2.34 0 0 1-2.33-4.033 2.34 2.34 0 0 0 0-3.831A2.34 2.34 0 0 1 6.35 6.051a2.34 2.34 0 0 0 3.319-1.915"></path><circle cx="12" cy="12" r="3"></circle></svg></span><span>Settings</span></button></div></div></div><div class="flex-shrink-0 p-4 border-t border-[rgb(var(--border-subtle))]"><div class="text-xs text-[rgb(var(--muted))]"><div>McpMux v0.1.0</div><div>Gateway: localhost:9315</div></div></div></nav></aside><main class="flex-1 overflow-auto p-6 bg-[rgb(var(--background))]"><div class="animate-fade-in"><div class="space-y-6" data-testid="servers-page"><div class="flex items-center justify-between"><div><h1 class="text-2xl font-bold" data-testid="servers-title">My Servers</h1><p class="text-sm text-[rgb(var(--muted))]">Manage your installed MCP servers</p></div><button class="flex items-center gap-2 px-4 py-2 text-sm border border-[rgb(var(--border))] rounded-lg hover:bg-[rgb(var(--surface-hover))] transition-colors"><svg xmlns="http://www.w3.org/2000/svg" width="24" height="24" viewBox="0 0 24 24" fill="none" stroke="currentColor" stroke-width="2" stroke-linecap="round" stroke-linejoin="round" class="lucide lucide-file-braces h-4 w-4" aria-hidden="true"><path d="M6 22a2 2 0 0 1-2-2V4a2 2 0 0 1 2-2h8a2.4 2.4 0 0 1 1.704.706l3.588 3.588A2.4 2.4 0 0 1 20 8v12a2 2 0 0 1-2 2z"></path><path d="M14 2v5a1 1 0 0 0 1 1h5"></path><path d="M10 12a1 1 0 0 0-1 1v1a1 1 0 0 1-1 1 1 1 0 0 1 1 1v1a1 1 0 0 0 1 1"></path><path d="M14 18a1 1 0 0 0 1-1v-1a1 1 0 0 1 1-1 1 1 0 0 1-1-1v-1a1 1 0 0 0-1-1"></path></svg>Add Server Manually</button></div><div class="p-4 rounded-xl border bg-[rgb(var(--success))]/10 border-[rgb(var(--success))]/30"><div class="flex items-center justify-between"><div class="flex items-center gap-3"><span class="h-3 w-3 rounded-full bg-[rgb(var(--success))] animate-pulse"></span><span class="font-medium">Gateway Running</span><code class="text-xs bg-[rgb(var(--surface-elevated))] px-2 py-1 rounded text-[rgb(var(--primary))]">http://localhost:45818</code></div></div></div><div class="space-y-3"><div class="bg-[rgb(var(--card))] border border-[rgb(var(--border-subtle))] rounded-xl shadow-sm transition-all opacity-60" data-testid="installed-server-api-key-server"><div class="p-4"><div class="flex items-center justify-between"><div class="flex items-center gap-4"><div class="text-3xl">≡ƒöæ</div><div><div class="font-medium">API Key Server</div><div class="text-sm text-[rgb(var(--muted))] max-w-md truncate">Server requiring an API key input for testing input handling</div><div class="flex items-center gap-2 mt-2 flex-wrap"><span class="inline-flex items-center gap-1.5 px-2 py-0.5 rounded-md text-xs font-medium bg-[rgb(var(--muted))]/10 text-[rgb(var(--muted))]"><span class="h-1.5 w-1.5 rounded-full bg-[rgb(var(--muted))]"></span>Disabled</span><span class="text-xs text-[rgb(var(--muted))] px-2 py-0.5 bg-[rgb(var(--surface-hover))] rounded-md">≡ƒöæ API Key</span><span class="text-xs text-[rgb(var(--muted))]">stdio</span><span class="inline-flex items-center px-2 py-0.5 rounded text-xs font-medium bg-blue-100 text-blue-800 dark:bg-blue-900 dark:text-blue-200 " title="Installed from registry">Registry</span></div></div></div><div class="flex items-center gap-2"><button class="px-4 py-2 text-sm rounded-lg bg-[rgb(var(--primary))] text-[rgb(var(--primary-foreground))] hover:bg-[rgb(var(--primary-hover))] transition-colors disabled:opacity-50" data-testid="enable-server-api-key-server">Enable</button><div class="relative"><button class="p-2 text-sm rounded-lg border border-[rgb(var(--border))] text-[rgb(var(--muted))] hover:bg-[rgb(var(--surface-hover))] transition-colors disabled:opacity-50" title="More actions" aria-label="More actions" aria-expanded="false" aria-haspopup="menu"><svg xmlns="http://www.w3.org/2000/svg" width="24" height="24" viewBox="0 0 24 24" fill="none" stroke="currentColor" stroke-width="2" stroke-linecap="round" stroke-linejoin="round" class="lucide lucide-ellipsis-vertical h-4 w-4" aria-hidden="true"><circle cx="12" cy="12" r="1"></circle><circle cx="12" cy="5" r="1"></circle><circle cx="12" cy="19" r="1"></circle></svg></button></div></div></div></div></div><div class="bg-[rgb(var(--card))] border border-[rgb(var(--border-subtle))] rounded-xl shadow-sm transition-all opacity-60" data-testid="installed-server-directory-server"><div class="p-4"><div class="flex items-center justify-between"><div class="flex items-center gap-4"><div class="text-3xl">≡ƒôé</div><div><div class="font-medium">Directory Server</div><div class="text-sm text-[rgb(var(--muted))] max-w-md truncate">Server with directory path input for testing path inputs</div><div class="flex items-center gap-2 mt-2 flex-wrap"><span class="inline-flex items-center gap-1.5 px-2 py-0.5 rounded-md text-xs font-medium bg-[rgb(var(--muted))]/10 text-[rgb(var(--muted))]"><span class="h-1.5 w-1.5 rounded-full bg-[rgb(var(--muted))]"></span>Disabled</span><span class="text-xs text-[rgb(var(--muted))]">stdio</span><span class="inline-flex items-center px-2 py-0.5 rounded text-xs font-medium bg-blue-100 text-blue-800 dark:bg-blue-900 dark:text-blue-200 " title="Installed from registry">Registry</span></div></div></div><div class="flex items-center gap-2"><button class="px-4 py-2 text-sm rounded-lg bg-[rgb(var(--primary))] text-[rgb(var(--primary-foreground))] hover:bg-[rgb(var(--primary-hover))] transition-colors disabled:opacity-50" data-testid="enable-server-directory-server">Enable</button><div class="relative"><button class="p-2 text-sm rounded-lg border border-[rgb(var(--border))] text-[rgb(var(--muted))] hover:bg-[rgb(var(--surface-hover))] transition-colors disabled:opacity-50" title="More actions" aria-label="More actions" aria-expanded="false" aria-haspopup="menu"><svg xmlns="http://www.w3.org/2000/svg" width="24" height="24" viewBox="0 0 24 24" fill="none" stroke="currentColor" stroke-width="2" stroke-linecap="round" stroke-linejoin="round" class="lucide lucide-ellipsis-vertical h-4 w-4" aria-hidden="true"><circle cx="12" cy="12" r="1"></circle><circle cx="12" cy="5" r="1"></circle><circle cx="12" cy="19" r="1"></circle></svg></button></div></div></div></div></div></div></div></div></main></div><div class="h-7 flex-shrink-0 border-t border-[rgb(var(--border-subtle))] bg-[rgb(var(--surface))] px-4"><div class="flex h-full items-center justify-between text-xs text-[rgb(var(--muted))]"><div class="flex items-center gap-4"><span class="flex items-center gap-1.5"><span class="h-2 w-2 rounded-full bg-green-500"></span>Gateway Active</span><span>Active Space: Personal</span></div><div class="flex items-center gap-4"><span>5 Servers ΓÇó 97 Tools</span></div></div></div></div></div>
[0-5] 
[0-5]   
[0-5] 
[0-5] </body></html>
[0-5] 2026-02-01T11:26:11.117Z INFO webdriver: COMMAND findElement("css selector", "[data-testid="enable-server-api-key-server"]")
[0-5] 2026-02-01T11:26:11.118Z INFO webdriver: [POST] http://localhost:4444/session/0bb75b696c4ed44ab7d198b3602e143f/element
[0-5] 2026-02-01T11:26:11.118Z INFO webdriver: DATA {"using":"css selector","value":"[data-testid=\"enable-server-api-key-server\"]"}
[0-5] 2026-02-01T11:26:11.136Z INFO webdriver: RESULT {
[0-5]   'element-6066-11e4-a52e-4f735466cecf': 'f.5111E231A97C62BF26BE6692294BC6F6.d.8483E44E3483EEFEF368012294C535F4.e.136'
[0-5] }
[0-5] 2026-02-01T11:26:11.139Z INFO webdriver: COMMAND elementClick("f.5111E231A97C62BF26BE6692294BC6F6.d.8483E44E3483EEFEF368012294C535F4.e.136")
[0-5] 2026-02-01T11:26:11.140Z INFO webdriver: [POST] http://localhost:4444/session/0bb75b696c4ed44ab7d198b3602e143f/element/f.5111E231A97C62BF26BE6692294BC6F6.d.8483E44E3483EEFEF368012294C535F4.e.136/click
[0-5] 2026-02-01T11:26:11.140Z INFO webdriver: DATA {}
[0-5] 2026-02-01T11:26:11.230Z INFO webdriver: RESULT null
[0-5] 2026-02-01T11:26:11.231Z INFO webdriver: COMMAND takeScreenshot()
[0-5] 2026-02-01T11:26:11.231Z INFO webdriver: [GET] http://localhost:4444/session/0bb75b696c4ed44ab7d198b3602e143f/screenshot
[0-5] 2026-02-01T11:26:11.566Z INFO webdriver: RESULT iVBORw0KGgoAAAANSUhEUgAACWAAAAWmCAIAAACDPgzkAAAQAElEQVR4nOydC...
[0-5] 2026-02-01T11:26:12.232Z INFO webdriver: COMMAND takeScreenshot()
[0-5] 2026-02-01T11:26:12.233Z INFO webdriver: [GET] http://localhost:4444/session/0bb75b696c4ed44ab7d198b3602e143f/screenshot
[0-5] 2026-02-01T11:26:12.412Z INFO webdriver: RESULT iVBORw0KGgoAAAANSUhEUgAACWAAAAWmCAIAAACDPgzkAAAQAElEQVR4nOydC...
[0-5] 2026-02-01T11:26:12.414Z INFO webdriver: COMMAND getPageSource()
[0-5] 2026-02-01T11:26:12.414Z INFO webdriver: [GET] http://localhost:4444/session/0bb75b696c4ed44ab7d198b3602e143f/source
[0-5] 2026-02-01T11:26:12.421Z INFO webdriver: RESULT <html lang="en"><head>
[0-5]     <meta charset="UTF-8">
[0-5]     <link rel="icon" type="image/svg+xml" href="/mcpmux.svg">
[0-5]     <meta name="viewport" content="width=device-width, initial-scale=1.0">
[0-5]     <title>McpMux</title>
[0-5]     <script type="module" crossorigin="" src="/assets/index-CiZJOwjC.js"></script>
[0-5]     <link rel="stylesheet" crossorigin="" href="/assets/index-Df7hU3Vb.css">
[0-5]   </head>
[0-5] 
[0-5]   <body>
[0-5]     <div id="root"><div class="flex h-screen flex-col overflow-hidden bg-[rgb(var(--background))]"><div class="drag-region h-8 flex-shrink-0 bg-[rgb(var(--surface))] border-b border-[rgb(var(--border-subtle))]"></div><div class="flex flex-1 overflow-hidden"><aside class="w-60 flex-shrink-0 border-r border-[rgb(var(--border-subtle))]"><nav class="flex h-full flex-col bg-[rgb(var(--surface))]"><div class="flex-shrink-0 p-4 border-b border-[rgb(var(--border-subtle))]"><div class="space-y-3"><div class="flex items-center justify-between"><div class="flex items-center gap-2"><svg xmlns="http://www.w3.org/2000/svg" width="24" height="24" viewBox="0 0 24 24" fill="none" stroke="currentColor" stroke-width="2" stroke-linecap="round" stroke-linejoin="round" class="lucide lucide-zap h-6 w-6 text-primary-500" aria-hidden="true"><path d="M4 14a1 1 0 0 1-.78-1.63l9.9-10.2a.5.5 0 0 1 .86.46l-1.92 6.02A1 1 0 0 0 13 10h7a1 1 0 0 1 .78 1.63l-9.9 10.2a.5.5 0 0 1-.86-.46l1.92-6.02A1 1 0 0 0 11 14z"></path></svg><span class="font-bold text-lg">McpMux</span></div><button class="p-1.5 rounded-lg hover:bg-surface-hover transition-colors" title="Dark mode"><svg xmlns="http://www.w3.org/2000/svg" width="24" height="24" viewBox="0 0 24 24" fill="none" stroke="currentColor" stroke-width="2" stroke-linecap="round" stroke-linejoin="round" class="lucide lucide-moon h-4 w-4" aria-hidden="true"><path d="M20.985 12.486a9 9 0 1 1-9.473-9.472c.405-.022.617.46.402.803a6 6 0 0 0 8.268 8.268c.344-.215.825-.004.803.401"></path></svg></button></div><div class="relative w-full"><button class="w-full flex items-center justify-between gap-2 px-3 py-2.5 rounded-xl border border-[rgb(var(--border))] bg-[rgb(var(--surface))] hover:bg-[rgb(var(--surface-hover))] hover:border-[rgb(var(--primary))/30] transition-all duration-150 group"><span class="flex items-center gap-3 min-w-0"><span class="text-xl">≡ƒÅá</span><span class="font-medium text-sm truncate">Personal</span></span><svg xmlns="http://www.w3.org/2000/svg" width="24" height="24" viewBox="0 0 24 24" fill="none" stroke="currentColor" stroke-width="2" stroke-linecap="round" stroke-linejoin="round" class="lucide lucide-chevron-down h-4 w-4 flex-shrink-0 text-[rgb(var(--muted))] group-hover:text-[rgb(var(--foreground))] transition-all duration-200" aria-hidden="true"><path d="m6 9 6 6 6-6"></path></svg></button></div></div></div><div class="flex-1 overflow-y-auto p-3"><div class="mb-6"><div class="space-y-0.5"><button data-testid="nav-dashboard" class="flex w-full items-center gap-3 rounded-lg px-3 py-2.5 text-sm font-medium transition-all duration-150 text-[rgb(var(--muted))] hover:text-[rgb(var(--foreground))] hover:bg-[rgb(var(--surface-hover))]"><span class="h-5 w-5 flex items-center justify-center transition-colors"><svg xmlns="http://www.w3.org/2000/svg" width="24" height="24" viewBox="0 0 24 24" fill="none" stroke="currentColor" stroke-width="2" stroke-linecap="round" stroke-linejoin="round" class="lucide lucide-house h-4 w-4" aria-hidden="true"><path d="M15 21v-8a1 1 0 0 0-1-1h-4a1 1 0 0 0-1 1v8"></path><path d="M3 10a2 2 0 0 1 .709-1.528l7-6a2 2 0 0 1 2.582 0l7 6A2 2 0 0 1 21 10v9a2 2 0 0 1-2 2H5a2 2 0 0 1-2-2z"></path></svg></span><span>Dashboard</span></button><button data-testid="nav-my-servers" class="flex w-full items-center gap-3 rounded-lg px-3 py-2.5 text-sm font-medium transition-all duration-150 hover:text-[rgb(var(--foreground))] bg-[rgb(var(--primary))/10] text-[rgb(var(--primary))] hover:bg-[rgb(var(--primary))/15]"><span class="h-5 w-5 flex items-center justify-center transition-colors text-[rgb(var(--primary))]"><svg xmlns="http://www.w3.org/2000/svg" width="24" height="24" viewBox="0 0 24 24" fill="none" stroke="currentColor" stroke-width="2" stroke-linecap="round" stroke-linejoin="round" class="lucide lucide-zap h-4 w-4" aria-hidden="true"><path d="M4 14a1 1 0 0 1-.78-1.63l9.9-10.2a.5.5 0 0 1 .86.46l-1.92 6.02A1 1 0 0 0 13 10h7a1 1 0 0 1 .78 1.63l-9.9 10.2a.5.5 0 0 1-.86-.46l1.92-6.02A1 1 0 0 0 11 14z"></path></svg></span><span>My Servers</span></button><button data-testid="nav-discover" class="flex w-full items-center gap-3 rounded-lg px-3 py-2.5 text-sm font-medium transition-all duration-150 text-[rgb(var(--muted))] hover:text-[rgb(var(--foreground))] hover:bg-[rgb(var(--surface-hover))]"><span class="h-5 w-5 flex items-center justify-center transition-colors"><svg xmlns="http://www.w3.org/2000/svg" width="24" height="24" viewBox="0 0 24 24" fill="none" stroke="currentColor" stroke-width="2" stroke-linecap="round" stroke-linejoin="round" class="lucide lucide-server h-4 w-4" aria-hidden="true"><rect width="20" height="8" x="2" y="2" rx="2" ry="2"></rect><rect width="20" height="8" x="2" y="14" rx="2" ry="2"></rect><line x1="6" x2="6.01" y1="6" y2="6"></line><line x1="6" x2="6.01" y1="18" y2="18"></line></svg></span><span>Discover</span></button></div></div><div class="mb-6"><h3 class="mb-2 px-3 text-[11px] font-semibold uppercase tracking-wider text-[rgb(var(--muted-foreground))]">Workspaces</h3><div class="space-y-0.5"><button data-testid="nav-spaces" class="flex w-full items-center gap-3 rounded-lg px-3 py-2.5 text-sm font-medium transition-all duration-150 text-[rgb(var(--muted))] hover:text-[rgb(var(--foreground))] hover:bg-[rgb(var(--surface-hover))]"><span class="h-5 w-5 flex items-center justify-center transition-colors"><svg xmlns="http://www.w3.org/2000/svg" width="24" height="24" viewBox="0 0 24 24" fill="none" stroke="currentColor" stroke-width="2" stroke-linecap="round" stroke-linejoin="round" class="lucide lucide-globe h-4 w-4" aria-hidden="true"><circle cx="12" cy="12" r="10"></circle><path d="M12 2a14.5 14.5 0 0 0 0 20 14.5 14.5 0 0 0 0-20"></path><path d="M2 12h20"></path></svg></span><span>Spaces</span></button><button data-testid="nav-featuresets" class="flex w-full items-center gap-3 rounded-lg px-3 py-2.5 text-sm font-medium transition-all duration-150 text-[rgb(var(--muted))] hover:text-[rgb(var(--foreground))] hover:bg-[rgb(var(--surface-hover))]"><span class="h-5 w-5 flex items-center justify-center transition-colors"><svg xmlns="http://www.w3.org/2000/svg" width="24" height="24" viewBox="0 0 24 24" fill="none" stroke="currentColor" stroke-width="2" stroke-linecap="round" stroke-linejoin="round" class="lucide lucide-wrench h-4 w-4" aria-hidden="true"><path d="M14.7 6.3a1 1 0 0 0 0 1.4l1.6 1.6a1 1 0 0 0 1.4 0l3.106-3.105c.32-.322.863-.22.983.218a6 6 0 0 1-8.259 7.057l-7.91 7.91a1 1 0 0 1-2.999-3l7.91-7.91a6 6 0 0 1 7.057-8.259c.438.12.54.662.219.984z"></path></svg></span><span>FeatureSets</span></button></div></div><div class="mb-6"><h3 class="mb-2 px-3 text-[11px] font-semibold uppercase tracking-wider text-[rgb(var(--muted-foreground))]">Connections</h3><div class="space-y-0.5"><button data-testid="nav-clients" class="flex w-full items-center gap-3 rounded-lg px-3 py-2.5 text-sm font-medium transition-all duration-150 text-[rgb(var(--muted))] hover:text-[rgb(var(--foreground))] hover:bg-[rgb(var(--surface-hover))]"><span class="h-5 w-5 flex items-center justify-center transition-colors"><svg xmlns="http://www.w3.org/2000/svg" width="24" height="24" viewBox="0 0 24 24" fill="none" stroke="currentColor" stroke-width="2" stroke-linecap="round" stroke-linejoin="round" class="lucide lucide-monitor h-4 w-4" aria-hidden="true"><rect width="20" height="14" x="2" y="3" rx="2"></rect><line x1="8" x2="16" y1="21" y2="21"></line><line x1="12" x2="12" y1="17" y2="21"></line></svg></span><span>Clients</span></button></div></div><div class="mb-6"><div class="space-y-0.5"><button data-testid="nav-settings" class="flex w-full items-center gap-3 rounded-lg px-3 py-2.5 text-sm font-medium transition-all duration-150 text-[rgb(var(--muted))] hover:text-[rgb(var(--foreground))] hover:bg-[rgb(var(--surface-hover))]"><span class="h-5 w-5 flex items-center justify-center transition-colors"><svg xmlns="http://www.w3.org/2000/svg" width="24" height="24" viewBox="0 0 24 24" fill="none" stroke="currentColor" stroke-width="2" stroke-linecap="round" stroke-linejoin="round" class="lucide lucide-settings h-4 w-4" aria-hidden="true"><path d="M9.671 4.136a2.34 2.34 0 0 1 4.659 0 2.34 2.34 0 0 0 3.319 1.915 2.34 2.34 0 0 1 2.33 4.033 2.34 2.34 0 0 0 0 3.831 2.34 2.34 0 0 1-2.33 4.033 2.34 2.34 0 0 0-3.319 1.915 2.34 2.34 0 0 1-4.659 0 2.34 2.34 0 0 0-3.32-1.915 2.34 2.34 0 0 1-2.33-4.033 2.34 2.34 0 0 0 0-3.831A2.34 2.34 0 0 1 6.35 6.051a2.34 2.34 0 0 0 3.319-1.915"></path><circle cx="12" cy="12" r="3"></circle></svg></span><span>Settings</span></button></div></div></div><div class="flex-shrink-0 p-4 border-t border-[rgb(var(--border-subtle))]"><div class="text-xs text-[rgb(var(--muted))]"><div>McpMux v0.1.0</div><div>Gateway: localhost:9315</div></div></div></nav></aside><main class="flex-1 overflow-auto p-6 bg-[rgb(var(--background))]"><div class="animate-fade-in"><div class="space-y-6" data-testid="servers-page"><div class="flex items-center justify-between"><div><h1 class="text-2xl font-bold" data-testid="servers-title">My Servers</h1><p class="text-sm text-[rgb(var(--muted))]">Manage your installed MCP servers</p></div><button class="flex items-center gap-2 px-4 py-2 text-sm border border-[rgb(var(--border))] rounded-lg hover:bg-[rgb(var(--surface-hover))] transition-colors"><svg xmlns="http://www.w3.org/2000/svg" width="24" height="24" viewBox="0 0 24 24" fill="none" stroke="currentColor" stroke-width="2" stroke-linecap="round" stroke-linejoin="round" class="lucide lucide-file-braces h-4 w-4" aria-hidden="true"><path d="M6 22a2 2 0 0 1-2-2V4a2 2 0 0 1 2-2h8a2.4 2.4 0 0 1 1.704.706l3.588 3.588A2.4 2.4 0 0 1 20 8v12a2 2 0 0 1-2 2z"></path><path d="M14 2v5a1 1 0 0 0 1 1h5"></path><path d="M10 12a1 1 0 0 0-1 1v1a1 1 0 0 1-1 1 1 1 0 0 1 1 1v1a1 1 0 0 0 1 1"></path><path d="M14 18a1 1 0 0 0 1-1v-1a1 1 0 0 1 1-1 1 1 0 0 1-1-1v-1a1 1 0 0 0-1-1"></path></svg>Add Server Manually</button></div><div class="p-4 rounded-xl border bg-[rgb(var(--success))]/10 border-[rgb(var(--success))]/30"><div class="flex items-center justify-between"><div class="flex items-center gap-3"><span class="h-3 w-3 rounded-full bg-[rgb(var(--success))] animate-pulse"></span><span class="font-medium">Gateway Running</span><code class="text-xs bg-[rgb(var(--surface-elevated))] px-2 py-1 rounded text-[rgb(var(--primary))]">http://localhost:45818</code></div></div></div><div class="space-y-3"><div class="bg-[rgb(var(--card))] border border-[rgb(var(--border-subtle))] rounded-xl shadow-sm transition-all opacity-60" data-testid="installed-server-api-key-server"><div class="p-4"><div class="flex items-center justify-between"><div class="flex items-center gap-4"><div class="text-3xl">≡ƒöæ</div><div><div class="font-medium">API Key Server</div><div class="text-sm text-[rgb(var(--muted))] max-w-md truncate">Server requiring an API key input for testing input handling</div><div class="flex items-center gap-2 mt-2 flex-wrap"><span class="inline-flex items-center gap-1.5 px-2 py-0.5 rounded-md text-xs font-medium bg-[rgb(var(--muted))]/10 text-[rgb(var(--muted))]"><span class="h-1.5 w-1.5 rounded-full bg-[rgb(var(--muted))]"></span>Disabled</span><span class="text-xs text-[rgb(var(--muted))] px-2 py-0.5 bg-[rgb(var(--surface-hover))] rounded-md">≡ƒöæ API Key</span><span class="text-xs text-[rgb(var(--muted))]">stdio</span><span class="inline-flex items-center px-2 py-0.5 rounded text-xs font-medium bg-blue-100 text-blue-800 dark:bg-blue-900 dark:text-blue-200 " title="Installed from registry">Registry</span></div></div></div><div class="flex items-center gap-2"><button class="px-4 py-2 text-sm rounded-lg bg-[rgb(var(--primary))] text-[rgb(var(--primary-foreground))] hover:bg-[rgb(var(--primary-hover))] transition-colors disabled:opacity-50" data-testid="enable-server-api-key-server">Enable</button><div class="relative"><button class="p-2 text-sm rounded-lg border border-[rgb(var(--border))] text-[rgb(var(--muted))] hover:bg-[rgb(var(--surface-hover))] transition-colors disabled:opacity-50" title="More actions" aria-label="More actions" aria-expanded="false" aria-haspopup="menu"><svg xmlns="http://www.w3.org/2000/svg" width="24" height="24" viewBox="0 0 24 24" fill="none" stroke="currentColor" stroke-width="2" stroke-linecap="round" stroke-linejoin="round" class="lucide lucide-ellipsis-vertical h-4 w-4" aria-hidden="true"><circle cx="12" cy="12" r="1"></circle><circle cx="12" cy="5" r="1"></circle><circle cx="12" cy="19" r="1"></circle></svg></button></div></div></div></div></div><div class="bg-[rgb(var(--card))] border border-[rgb(var(--border-subtle))] rounded-xl shadow-sm transition-all opacity-60" data-testid="installed-server-directory-server"><div class="p-4"><div class="flex items-center justify-between"><div class="flex items-center gap-4"><div class="text-3xl">≡ƒôé</div><div><div class="font-medium">Directory Server</div><div class="text-sm text-[rgb(var(--muted))] max-w-md truncate">Server with directory path input for testing path inputs</div><div class="flex items-center gap-2 mt-2 flex-wrap"><span class="inline-flex items-center gap-1.5 px-2 py-0.5 rounded-md text-xs font-medium bg-[rgb(var(--muted))]/10 text-[rgb(var(--muted))]"><span class="h-1.5 w-1.5 rounded-full bg-[rgb(var(--muted))]"></span>Disabled</span><span class="text-xs text-[rgb(var(--muted))]">stdio</span><span class="inline-flex items-center px-2 py-0.5 rounded text-xs font-medium bg-blue-100 text-blue-800 dark:bg-blue-900 dark:text-blue-200 " title="Installed from registry">Registry</span></div></div></div><div class="flex items-center gap-2"><button class="px-4 py-2 text-sm rounded-lg bg-[rgb(var(--primary))] text-[rgb(var(--primary-foreground))] hover:bg-[rgb(var(--primary-hover))] transition-colors disabled:opacity-50" data-testid="enable-server-directory-server">Enable</button><div class="relative"><button class="p-2 text-sm rounded-lg border border-[rgb(var(--border))] text-[rgb(var(--muted))] hover:bg-[rgb(var(--surface-hover))] transition-colors disabled:opacity-50" title="More actions" aria-label="More actions" aria-expanded="false" aria-haspopup="menu"><svg xmlns="http://www.w3.org/2000/svg" width="24" height="24" viewBox="0 0 24 24" fill="none" stroke="currentColor" stroke-width="2" stroke-linecap="round" stroke-linejoin="round" class="lucide lucide-ellipsis-vertical h-4 w-4" aria-hidden="true"><circle cx="12" cy="12" r="1"></circle><circle cx="12" cy="5" r="1"></circle><circle cx="12" cy="19" r="1"></circle></svg></button></div></div></div></div></div></div><div class="fixed inset-0 bg-black/60 backdrop-blur-sm flex items-center justify-center z-50 p-4" data-testid="config-modal-overlay"><div class="dropdown-menu w-full max-w-md p-6 animate-in fade-in scale-in duration-150 max-h-[80vh] overflow-y-auto" data-testid="config-modal"><h3 class="text-lg font-semibold text-[rgb(var(--foreground))] mb-2" data-testid="config-modal-title">Configure API Key Server</h3><p class="text-sm text-[rgb(var(--muted))] mb-4">Enter any value for testing</p><div class="space-y-4"><div><label class="block text-sm font-medium text-[rgb(var(--foreground))] mb-1">Test API Key<span class="text-[rgb(var(--error))] ml-1">*</span></label><p class="text-xs text-[rgb(var(--muted))] mb-2">API key for testing (any value works)</p><input placeholder="test_key_xxx" class="input w-full" data-testid="config-input-API_KEY" type="password" value=""></div><div class="flex justify-end gap-2 pt-2"><button class="px-4 py-2 text-sm rounded-lg border border-[rgb(var(--border))] text-[rgb(var(--muted))] hover:bg-[rgb(var(--surface-hover))] transition-colors" data-testid="config-cancel-btn">Cancel</button><button disabled="" class="px-4 py-2 text-sm rounded-lg bg-[rgb(var(--primary))] text-[rgb(var(--primary-foreground))] hover:bg-[rgb(var(--primary-hover))] disabled:opacity-50 transition-colors" data-testid="config-save-btn">Save &amp; Enable</button></div></div></div></div></div></div></main></div><div class="h-7 flex-shrink-0 border-t border-[rgb(var(--border-subtle))] bg-[rgb(var(--surface))] px-4"><div class="flex h-full items-center justify-between text-xs text-[rgb(var(--muted))]"><div class="flex items-center gap-4"><span class="flex items-center gap-1.5"><span class="h-2 w-2 rounded-full bg-green-500"></span>Gateway Active</span><span>Active Space: Personal</span></div><div class="flex items-center gap-4"><span>5 Servers ΓÇó 97 Tools</span></div></div></div></div></div>
[0-5] 
[0-5]   
[0-5] 
[0-5] </body></html>
[0-5] 2026-02-01T11:26:12.424Z INFO webdriver: COMMAND findElement("css selector", "[data-testid="config-input-API_KEY"]")
[0-5] 2026-02-01T11:26:12.425Z INFO webdriver: [POST] http://localhost:4444/session/0bb75b696c4ed44ab7d198b3602e143f/element
[0-5] 2026-02-01T11:26:12.425Z INFO webdriver: DATA {"using":"css selector","value":"[data-testid=\"config-input-API_KEY\"]"}
[0-5] 2026-02-01T11:26:12.440Z INFO webdriver: RESULT {
[0-5]   'element-6066-11e4-a52e-4f735466cecf': 'f.5111E231A97C62BF26BE6692294BC6F6.d.8483E44E3483EEFEF368012294C535F4.e.152'
[0-5] }
[0-5] 2026-02-01T11:26:12.443Z INFO webdriver: COMMAND executeScript(<fn>, <object>)
[0-5] 2026-02-01T11:26:12.443Z INFO webdriver: [POST] http://localhost:4444/session/0bb75b696c4ed44ab7d198b3602e143f/execute/sync
[0-5] 2026-02-01T11:26:12.444Z INFO webdriver: DATA {"script":"\n            function webdriverioPolyfill() {\n  var __defProp = Object.defineProperty;\n  var __name = function(target, _value) {\n    return __defProp(target, \"name\", { value: _value, configurable: true });\n  };\n  var __globalThis = typeof globalThis === \"object\" && globalThis || typeof window === \"object\" && window;\n  __globalThis.__name = __name;\n}\n            webdriverioPolyfill();\n            return (function(elem) {\n      try {\n        const style = window.getComputedStyle(elem);\n        return { value: style?.display ?? \"\" };\n      } catch {\n        if (typeof elem.isConnected === \"boolean\" && !elem.isConnected) {\n          throw new Error(\"stale element reference: element is not attached to the page document\");\n        }\n        return { value: \"\" };\n      }\n    }).apply(null, arguments)\n        ","args":[{"element-6066-11e4-a52e-4f735466cecf":"f.5111E231A97C62BF26BE6692294BC6F6.d.8483E44E3483EEFEF368012294C535F4.e.152","ELEMENT":"f.5111E231A97C62BF26BE6692294BC6F6.d.8483E44E3483EEFEF368012294C535F4.e.152"}]}
[0-5] 2026-02-01T11:26:12.446Z INFO webdriver: COMMAND executeScript(<fn>, <object>)
[0-5] 2026-02-01T11:26:12.446Z INFO webdriver: [POST] http://localhost:4444/session/0bb75b696c4ed44ab7d198b3602e143f/execute/sync
[0-5] 2026-02-01T11:26:12.446Z INFO webdriver: DATA {"script":"\n            function webdriverioPolyfill() {\n  var __defProp = Object.defineProperty;\n  var __name = function(target, _value) {\n    return __defProp(target, \"name\", { value: _value, configurable: true });\n  };\n  var __globalThis = typeof globalThis === \"object\" && globalThis || typeof window === \"object\" && window;\n  __globalThis.__name = __name;\n}\n            webdriverioPolyfill();\n            return (function checkVisibility(elem, params) {\n      if (typeof elem.checkVisibility === \"function\") {\n        return elem.checkVisibility(params);\n      }\n      return null;\n    }).apply(null, arguments)\n        ","args":[{"element-6066-11e4-a52e-4f735466cecf":"f.5111E231A97C62BF26BE6692294BC6F6.d.8483E44E3483EEFEF368012294C535F4.e.152","ELEMENT":"f.5111E231A97C62BF26BE6692294BC6F6.d.8483E44E3483EEFEF368012294C535F4.e.152"},{"withinViewport":false,"contentVisibilityAuto":true,"opacityProperty":true,"visibilityProperty":true}]}
[0-5] 2026-02-01T11:26:12.456Z INFO webdriver: RESULT { value: 'inline-block' }
[0-5] 2026-02-01T11:26:12.456Z INFO webdriver: COMMAND takeScreenshot()
[0-5] 2026-02-01T11:26:12.456Z INFO webdriver: [GET] http://localhost:4444/session/0bb75b696c4ed44ab7d198b3602e143f/screenshot
[0-5] 2026-02-01T11:26:12.463Z INFO webdriver: RESULT true
[0-5] 2026-02-01T11:26:12.463Z INFO webdriver: COMMAND elementClear("f.5111E231A97C62BF26BE6692294BC6F6.d.8483E44E3483EEFEF368012294C535F4.e.152")
[0-5] 2026-02-01T11:26:12.463Z INFO webdriver: [POST] http://localhost:4444/session/0bb75b696c4ed44ab7d198b3602e143f/element/f.5111E231A97C62BF26BE6692294BC6F6.d.8483E44E3483EEFEF368012294C535F4.e.152/clear
[0-5] 2026-02-01T11:26:12.463Z INFO webdriver: DATA {}
[0-5] 2026-02-01T11:26:12.464Z INFO webdriver: COMMAND takeScreenshot()
[0-5] 2026-02-01T11:26:12.464Z INFO webdriver: [GET] http://localhost:4444/session/0bb75b696c4ed44ab7d198b3602e143f/screenshot
[0-5] 2026-02-01T11:26:12.687Z INFO webdriver: RESULT iVBORw0KGgoAAAANSUhEUgAACWAAAAWmCAIAAACDPgzkAAAQAElEQVR4nOydC...
[0-5] 2026-02-01T11:26:12.711Z INFO webdriver: RESULT null
[0-5] 2026-02-01T11:26:12.712Z INFO webdriver: COMMAND elementSendKeys("f.5111E231A97C62BF26BE6692294BC6F6.d.8483E44E3483EEFEF368012294C535F4.e.152", "test_api_key_12345")
[0-5] 2026-02-01T11:26:12.712Z INFO webdriver: [POST] http://localhost:4444/session/0bb75b696c4ed44ab7d198b3602e143f/element/f.5111E231A97C62BF26BE6692294BC6F6.d.8483E44E3483EEFEF368012294C535F4.e.152/value
[0-5] 2026-02-01T11:26:12.712Z INFO webdriver: DATA {"text":"test_api_key_12345"}
[0-5] 2026-02-01T11:26:12.713Z INFO webdriver: COMMAND takeScreenshot()
[0-5] 2026-02-01T11:26:12.713Z INFO webdriver: [GET] http://localhost:4444/session/0bb75b696c4ed44ab7d198b3602e143f/screenshot
[0-5] 2026-02-01T11:26:12.942Z INFO webdriver: RESULT iVBORw0KGgoAAAANSUhEUgAACWAAAAWmCAIAAACDPgzkAAAQAElEQVR4nOydC...
[0-5] 2026-02-01T11:26:13.053Z INFO webdriver: RESULT null
[0-5] 2026-02-01T11:26:13.053Z INFO webdriver: COMMAND takeScreenshot()
[0-5] 2026-02-01T11:26:13.053Z INFO webdriver: [GET] http://localhost:4444/session/0bb75b696c4ed44ab7d198b3602e143f/screenshot
[0-5] 2026-02-01T11:26:13.307Z INFO webdriver: RESULT iVBORw0KGgoAAAANSUhEUgAACWAAAAWmCAIAAACDPgzkAAAQAElEQVR4nOydC...
[0-5] 2026-02-01T11:26:13.527Z INFO webdriver: RESULT iVBORw0KGgoAAAANSUhEUgAACWAAAAWmCAIAAACDPgzkAAAQAElEQVR4nOydC...
[0-5] 2026-02-01T11:26:13.560Z INFO webdriver: COMMAND takeScreenshot()
[0-5] 2026-02-01T11:26:13.560Z INFO webdriver: [GET] http://localhost:4444/session/0bb75b696c4ed44ab7d198b3602e143f/screenshot
[0-5] 2026-02-01T11:26:13.758Z INFO webdriver: RESULT iVBORw0KGgoAAAANSUhEUgAACWAAAAWmCAIAAACDPgzkAAAQAElEQVR4nOydC...
[0-5] 2026-02-01T11:26:13.760Z INFO webdriver: COMMAND findElement("css selector", "[data-testid="config-save-btn"]")
[0-5] 2026-02-01T11:26:13.760Z INFO webdriver: [POST] http://localhost:4444/session/0bb75b696c4ed44ab7d198b3602e143f/element
[0-5] 2026-02-01T11:26:13.761Z INFO webdriver: DATA {"using":"css selector","value":"[data-testid=\"config-save-btn\"]"}
[0-5] 2026-02-01T11:26:13.798Z INFO webdriver: RESULT {
[0-5]   'element-6066-11e4-a52e-4f735466cecf': 'f.5111E231A97C62BF26BE6692294BC6F6.d.8483E44E3483EEFEF368012294C535F4.e.151'
[0-5] }
[0-5] 2026-02-01T11:26:13.800Z INFO webdriver: COMMAND executeScript(<fn>, <object>)
[0-5] 2026-02-01T11:26:13.801Z INFO webdriver: [POST] http://localhost:4444/session/0bb75b696c4ed44ab7d198b3602e143f/execute/sync
[0-5] 2026-02-01T11:26:13.801Z INFO webdriver: DATA {"script":"\n            function webdriverioPolyfill() {\n  var __defProp = Object.defineProperty;\n  var __name = function(target, _value) {\n    return __defProp(target, \"name\", { value: _value, configurable: true });\n  };\n  var __globalThis = typeof globalThis === \"object\" && globalThis || typeof window === \"object\" && window;\n  __globalThis.__name = __name;\n}\n            webdriverioPolyfill();\n            return (function(elem) {\n      try {\n        const style = window.getComputedStyle(elem);\n        return { value: style?.display ?? \"\" };\n      } catch {\n        if (typeof elem.isConnected === \"boolean\" && !elem.isConnected) {\n          throw new Error(\"stale element reference: element is not attached to the page document\");\n        }\n        return { value: \"\" };\n      }\n    }).apply(null, arguments)\n        ","args":[{"element-6066-11e4-a52e-4f735466cecf":"f.5111E231A97C62BF26BE6692294BC6F6.d.8483E44E3483EEFEF368012294C535F4.e.151","ELEMENT":"f.5111E231A97C62BF26BE6692294BC6F6.d.8483E44E3483EEFEF368012294C535F4.e.151"}]}
[0-5] 2026-02-01T11:26:13.801Z INFO webdriver: COMMAND executeScript(<fn>, <object>)
[0-5] 2026-02-01T11:26:13.801Z INFO webdriver: [POST] http://localhost:4444/session/0bb75b696c4ed44ab7d198b3602e143f/execute/sync
[0-5] 2026-02-01T11:26:13.802Z INFO webdriver: DATA {"script":"\n            function webdriverioPolyfill() {\n  var __defProp = Object.defineProperty;\n  var __name = function(target, _value) {\n    return __defProp(target, \"name\", { value: _value, configurable: true });\n  };\n  var __globalThis = typeof globalThis === \"object\" && globalThis || typeof window === \"object\" && window;\n  __globalThis.__name = __name;\n}\n            webdriverioPolyfill();\n            return (function checkVisibility(elem, params) {\n      if (typeof elem.checkVisibility === \"function\") {\n        return elem.checkVisibility(params);\n      }\n      return null;\n    }).apply(null, arguments)\n        ","args":[{"element-6066-11e4-a52e-4f735466cecf":"f.5111E231A97C62BF26BE6692294BC6F6.d.8483E44E3483EEFEF368012294C535F4.e.151","ELEMENT":"f.5111E231A97C62BF26BE6692294BC6F6.d.8483E44E3483EEFEF368012294C535F4.e.151"},{"withinViewport":false,"contentVisibilityAuto":true,"opacityProperty":true,"visibilityProperty":true}]}
[0-5] 2026-02-01T11:26:13.810Z INFO webdriver: RESULT { value: 'block' }
[0-5] 2026-02-01T11:26:13.811Z INFO webdriver: COMMAND takeScreenshot()
[0-5] 2026-02-01T11:26:13.811Z INFO webdriver: [GET] http://localhost:4444/session/0bb75b696c4ed44ab7d198b3602e143f/screenshot
[0-5] 2026-02-01T11:26:13.815Z INFO webdriver: RESULT true
[0-5] 2026-02-01T11:26:13.816Z INFO webdriver: COMMAND elementClick("f.5111E231A97C62BF26BE6692294BC6F6.d.8483E44E3483EEFEF368012294C535F4.e.151")
[0-5] 2026-02-01T11:26:13.816Z INFO webdriver: [POST] http://localhost:4444/session/0bb75b696c4ed44ab7d198b3602e143f/element/f.5111E231A97C62BF26BE6692294BC6F6.d.8483E44E3483EEFEF368012294C535F4.e.151/click
[0-5] 2026-02-01T11:26:13.816Z INFO webdriver: DATA {}
[0-5] 2026-02-01T11:26:13.816Z INFO webdriver: COMMAND takeScreenshot()
[0-5] 2026-02-01T11:26:13.817Z INFO webdriver: [GET] http://localhost:4444/session/0bb75b696c4ed44ab7d198b3602e143f/screenshot
[0-5] 2026-02-01T11:26:14.006Z INFO webdriver: RESULT iVBORw0KGgoAAAANSUhEUgAACWAAAAWmCAIAAACDPgzkAAAQAElEQVR4nOydC...
[0-5] 2026-02-01T11:26:14.080Z INFO webdriver: RESULT null
[0-5] 2026-02-01T11:26:14.081Z INFO webdriver: COMMAND takeScreenshot()
[0-5] 2026-02-01T11:26:14.081Z INFO webdriver: [GET] http://localhost:4444/session/0bb75b696c4ed44ab7d198b3602e143f/screenshot
[0-5] 2026-02-01T11:26:14.286Z INFO webdriver: RESULT iVBORw0KGgoAAAANSUhEUgAACWAAAAWmCAIAAACDPgzkAAAQAElEQVR4nOzdC...
[0-5] 2026-02-01T11:26:14.487Z INFO webdriver: RESULT iVBORw0KGgoAAAANSUhEUgAACWAAAAWmCAIAAACDPgzkAAAQAElEQVR4nOzdC...
[0-5] 2026-02-01T11:26:17.095Z INFO webdriver: COMMAND takeScreenshot()
[0-5] 2026-02-01T11:26:17.096Z INFO webdriver: [GET] http://localhost:4444/session/0bb75b696c4ed44ab7d198b3602e143f/screenshot
[0-5] 2026-02-01T11:26:17.317Z INFO webdriver: RESULT iVBORw0KGgoAAAANSUhEUgAACWAAAAWmCAIAAACDPgzkAAAQAElEQVR4nOzdC...
[0-5] 2026-02-01T11:26:17.319Z INFO webdriver: COMMAND getPageSource()
[0-5] 2026-02-01T11:26:17.320Z INFO webdriver: [GET] http://localhost:4444/session/0bb75b696c4ed44ab7d198b3602e143f/source
[0-5] 2026-02-01T11:26:17.329Z INFO webdriver: RESULT <html lang="en"><head>
[0-5]     <meta charset="UTF-8">
[0-5]     <link rel="icon" type="image/svg+xml" href="/mcpmux.svg">
[0-5]     <meta name="viewport" content="width=device-width, initial-scale=1.0">
[0-5]     <title>McpMux</title>
[0-5]     <script type="module" crossorigin="" src="/assets/index-CiZJOwjC.js"></script>
[0-5]     <link rel="stylesheet" crossorigin="" href="/assets/index-Df7hU3Vb.css">
[0-5]   </head>
[0-5] 
[0-5]   <body>
[0-5]     <div id="root"><div class="flex h-screen flex-col overflow-hidden bg-[rgb(var(--background))]"><div class="drag-region h-8 flex-shrink-0 bg-[rgb(var(--surface))] border-b border-[rgb(var(--border-subtle))]"></div><div class="flex flex-1 overflow-hidden"><aside class="w-60 flex-shrink-0 border-r border-[rgb(var(--border-subtle))]"><nav class="flex h-full flex-col bg-[rgb(var(--surface))]"><div class="flex-shrink-0 p-4 border-b border-[rgb(var(--border-subtle))]"><div class="space-y-3"><div class="flex items-center justify-between"><div class="flex items-center gap-2"><svg xmlns="http://www.w3.org/2000/svg" width="24" height="24" viewBox="0 0 24 24" fill="none" stroke="currentColor" stroke-width="2" stroke-linecap="round" stroke-linejoin="round" class="lucide lucide-zap h-6 w-6 text-primary-500" aria-hidden="true"><path d="M4 14a1 1 0 0 1-.78-1.63l9.9-10.2a.5.5 0 0 1 .86.46l-1.92 6.02A1 1 0 0 0 13 10h7a1 1 0 0 1 .78 1.63l-9.9 10.2a.5.5 0 0 1-.86-.46l1.92-6.02A1 1 0 0 0 11 14z"></path></svg><span class="font-bold text-lg">McpMux</span></div><button class="p-1.5 rounded-lg hover:bg-surface-hover transition-colors" title="Dark mode"><svg xmlns="http://www.w3.org/2000/svg" width="24" height="24" viewBox="0 0 24 24" fill="none" stroke="currentColor" stroke-width="2" stroke-linecap="round" stroke-linejoin="round" class="lucide lucide-moon h-4 w-4" aria-hidden="true"><path d="M20.985 12.486a9 9 0 1 1-9.473-9.472c.405-.022.617.46.402.803a6 6 0 0 0 8.268 8.268c.344-.215.825-.004.803.401"></path></svg></button></div><div class="relative w-full"><button class="w-full flex items-center justify-between gap-2 px-3 py-2.5 rounded-xl border border-[rgb(var(--border))] bg-[rgb(var(--surface))] hover:bg-[rgb(var(--surface-hover))] hover:border-[rgb(var(--primary))/30] transition-all duration-150 group"><span class="flex items-center gap-3 min-w-0"><span class="text-xl">≡ƒÅá</span><span class="font-medium text-sm truncate">Personal</span></span><svg xmlns="http://www.w3.org/2000/svg" width="24" height="24" viewBox="0 0 24 24" fill="none" stroke="currentColor" stroke-width="2" stroke-linecap="round" stroke-linejoin="round" class="lucide lucide-chevron-down h-4 w-4 flex-shrink-0 text-[rgb(var(--muted))] group-hover:text-[rgb(var(--foreground))] transition-all duration-200" aria-hidden="true"><path d="m6 9 6 6 6-6"></path></svg></button></div></div></div><div class="flex-1 overflow-y-auto p-3"><div class="mb-6"><div class="space-y-0.5"><button data-testid="nav-dashboard" class="flex w-full items-center gap-3 rounded-lg px-3 py-2.5 text-sm font-medium transition-all duration-150 text-[rgb(var(--muted))] hover:text-[rgb(var(--foreground))] hover:bg-[rgb(var(--surface-hover))]"><span class="h-5 w-5 flex items-center justify-center transition-colors"><svg xmlns="http://www.w3.org/2000/svg" width="24" height="24" viewBox="0 0 24 24" fill="none" stroke="currentColor" stroke-width="2" stroke-linecap="round" stroke-linejoin="round" class="lucide lucide-house h-4 w-4" aria-hidden="true"><path d="M15 21v-8a1 1 0 0 0-1-1h-4a1 1 0 0 0-1 1v8"></path><path d="M3 10a2 2 0 0 1 .709-1.528l7-6a2 2 0 0 1 2.582 0l7 6A2 2 0 0 1 21 10v9a2 2 0 0 1-2 2H5a2 2 0 0 1-2-2z"></path></svg></span><span>Dashboard</span></button><button data-testid="nav-my-servers" class="flex w-full items-center gap-3 rounded-lg px-3 py-2.5 text-sm font-medium transition-all duration-150 hover:text-[rgb(var(--foreground))] bg-[rgb(var(--primary))/10] text-[rgb(var(--primary))] hover:bg-[rgb(var(--primary))/15]"><span class="h-5 w-5 flex items-center justify-center transition-colors text-[rgb(var(--primary))]"><svg xmlns="http://www.w3.org/2000/svg" width="24" height="24" viewBox="0 0 24 24" fill="none" stroke="currentColor" stroke-width="2" stroke-linecap="round" stroke-linejoin="round" class="lucide lucide-zap h-4 w-4" aria-hidden="true"><path d="M4 14a1 1 0 0 1-.78-1.63l9.9-10.2a.5.5 0 0 1 .86.46l-1.92 6.02A1 1 0 0 0 13 10h7a1 1 0 0 1 .78 1.63l-9.9 10.2a.5.5 0 0 1-.86-.46l1.92-6.02A1 1 0 0 0 11 14z"></path></svg></span><span>My Servers</span></button><button data-testid="nav-discover" class="flex w-full items-center gap-3 rounded-lg px-3 py-2.5 text-sm font-medium transition-all duration-150 text-[rgb(var(--muted))] hover:text-[rgb(var(--foreground))] hover:bg-[rgb(var(--surface-hover))]"><span class="h-5 w-5 flex items-center justify-center transition-colors"><svg xmlns="http://www.w3.org/2000/svg" width="24" height="24" viewBox="0 0 24 24" fill="none" stroke="currentColor" stroke-width="2" stroke-linecap="round" stroke-linejoin="round" class="lucide lucide-server h-4 w-4" aria-hidden="true"><rect width="20" height="8" x="2" y="2" rx="2" ry="2"></rect><rect width="20" height="8" x="2" y="14" rx="2" ry="2"></rect><line x1="6" x2="6.01" y1="6" y2="6"></line><line x1="6" x2="6.01" y1="18" y2="18"></line></svg></span><span>Discover</span></button></div></div><div class="mb-6"><h3 class="mb-2 px-3 text-[11px] font-semibold uppercase tracking-wider text-[rgb(var(--muted-foreground))]">Workspaces</h3><div class="space-y-0.5"><button data-testid="nav-spaces" class="flex w-full items-center gap-3 rounded-lg px-3 py-2.5 text-sm font-medium transition-all duration-150 text-[rgb(var(--muted))] hover:text-[rgb(var(--foreground))] hover:bg-[rgb(var(--surface-hover))]"><span class="h-5 w-5 flex items-center justify-center transition-colors"><svg xmlns="http://www.w3.org/2000/svg" width="24" height="24" viewBox="0 0 24 24" fill="none" stroke="currentColor" stroke-width="2" stroke-linecap="round" stroke-linejoin="round" class="lucide lucide-globe h-4 w-4" aria-hidden="true"><circle cx="12" cy="12" r="10"></circle><path d="M12 2a14.5 14.5 0 0 0 0 20 14.5 14.5 0 0 0 0-20"></path><path d="M2 12h20"></path></svg></span><span>Spaces</span></button><button data-testid="nav-featuresets" class="flex w-full items-center gap-3 rounded-lg px-3 py-2.5 text-sm font-medium transition-all duration-150 text-[rgb(var(--muted))] hover:text-[rgb(var(--foreground))] hover:bg-[rgb(var(--surface-hover))]"><span class="h-5 w-5 flex items-center justify-center transition-colors"><svg xmlns="http://www.w3.org/2000/svg" width="24" height="24" viewBox="0 0 24 24" fill="none" stroke="currentColor" stroke-width="2" stroke-linecap="round" stroke-linejoin="round" class="lucide lucide-wrench h-4 w-4" aria-hidden="true"><path d="M14.7 6.3a1 1 0 0 0 0 1.4l1.6 1.6a1 1 0 0 0 1.4 0l3.106-3.105c.32-.322.863-.22.983.218a6 6 0 0 1-8.259 7.057l-7.91 7.91a1 1 0 0 1-2.999-3l7.91-7.91a6 6 0 0 1 7.057-8.259c.438.12.54.662.219.984z"></path></svg></span><span>FeatureSets</span></button></div></div><div class="mb-6"><h3 class="mb-2 px-3 text-[11px] font-semibold uppercase tracking-wider text-[rgb(var(--muted-foreground))]">Connections</h3><div class="space-y-0.5"><button data-testid="nav-clients" class="flex w-full items-center gap-3 rounded-lg px-3 py-2.5 text-sm font-medium transition-all duration-150 text-[rgb(var(--muted))] hover:text-[rgb(var(--foreground))] hover:bg-[rgb(var(--surface-hover))]"><span class="h-5 w-5 flex items-center justify-center transition-colors"><svg xmlns="http://www.w3.org/2000/svg" width="24" height="24" viewBox="0 0 24 24" fill="none" stroke="currentColor" stroke-width="2" stroke-linecap="round" stroke-linejoin="round" class="lucide lucide-monitor h-4 w-4" aria-hidden="true"><rect width="20" height="14" x="2" y="3" rx="2"></rect><line x1="8" x2="16" y1="21" y2="21"></line><line x1="12" x2="12" y1="17" y2="21"></line></svg></span><span>Clients</span></button></div></div><div class="mb-6"><div class="space-y-0.5"><button data-testid="nav-settings" class="flex w-full items-center gap-3 rounded-lg px-3 py-2.5 text-sm font-medium transition-all duration-150 text-[rgb(var(--muted))] hover:text-[rgb(var(--foreground))] hover:bg-[rgb(var(--surface-hover))]"><span class="h-5 w-5 flex items-center justify-center transition-colors"><svg xmlns="http://www.w3.org/2000/svg" width="24" height="24" viewBox="0 0 24 24" fill="none" stroke="currentColor" stroke-width="2" stroke-linecap="round" stroke-linejoin="round" class="lucide lucide-settings h-4 w-4" aria-hidden="true"><path d="M9.671 4.136a2.34 2.34 0 0 1 4.659 0 2.34 2.34 0 0 0 3.319 1.915 2.34 2.34 0 0 1 2.33 4.033 2.34 2.34 0 0 0 0 3.831 2.34 2.34 0 0 1-2.33 4.033 2.34 2.34 0 0 0-3.319 1.915 2.34 2.34 0 0 1-4.659 0 2.34 2.34 0 0 0-3.32-1.915 2.34 2.34 0 0 1-2.33-4.033 2.34 2.34 0 0 0 0-3.831A2.34 2.34 0 0 1 6.35 6.051a2.34 2.34 0 0 0 3.319-1.915"></path><circle cx="12" cy="12" r="3"></circle></svg></span><span>Settings</span></button></div></div></div><div class="flex-shrink-0 p-4 border-t border-[rgb(var(--border-subtle))]"><div class="text-xs text-[rgb(var(--muted))]"><div>McpMux v0.1.0</div><div>Gateway: localhost:9315</div></div></div></nav></aside><main class="flex-1 overflow-auto p-6 bg-[rgb(var(--background))]"><div class="animate-fade-in"><div class="space-y-6" data-testid="servers-page"><div class="flex items-center justify-between"><div><h1 class="text-2xl font-bold" data-testid="servers-title">My Servers</h1><p class="text-sm text-[rgb(var(--muted))]">Manage your installed MCP servers</p></div><button class="flex items-center gap-2 px-4 py-2 text-sm border border-[rgb(var(--border))] rounded-lg hover:bg-[rgb(var(--surface-hover))] transition-colors"><svg xmlns="http://www.w3.org/2000/svg" width="24" height="24" viewBox="0 0 24 24" fill="none" stroke="currentColor" stroke-width="2" stroke-linecap="round" stroke-linejoin="round" class="lucide lucide-file-braces h-4 w-4" aria-hidden="true"><path d="M6 22a2 2 0 0 1-2-2V4a2 2 0 0 1 2-2h8a2.4 2.4 0 0 1 1.704.706l3.588 3.588A2.4 2.4 0 0 1 20 8v12a2 2 0 0 1-2 2z"></path><path d="M14 2v5a1 1 0 0 0 1 1h5"></path><path d="M10 12a1 1 0 0 0-1 1v1a1 1 0 0 1-1 1 1 1 0 0 1 1 1v1a1 1 0 0 0 1 1"></path><path d="M14 18a1 1 0 0 0 1-1v-1a1 1 0 0 1 1-1 1 1 0 0 1-1-1v-1a1 1 0 0 0-1-1"></path></svg>Add Server Manually</button></div><div class="p-4 rounded-xl border bg-[rgb(var(--success))]/10 border-[rgb(var(--success))]/30"><div class="flex items-center justify-between"><div class="flex items-center gap-3"><span class="h-3 w-3 rounded-full bg-[rgb(var(--success))] animate-pulse"></span><span class="font-medium">Gateway Running</span><code class="text-xs bg-[rgb(var(--surface-elevated))] px-2 py-1 rounded text-[rgb(var(--primary))]">http://localhost:45818</code></div></div></div><div class="space-y-3"><div class="bg-[rgb(var(--card))] border border-[rgb(var(--border-subtle))] rounded-xl shadow-sm transition-all false" data-testid="installed-server-api-key-server"><div class="p-4"><div class="flex items-center justify-between"><div class="flex items-center gap-4"><button class="p-1 rounded hover:bg-[rgb(var(--surface-hover))] transition-colors"><svg xmlns="http://www.w3.org/2000/svg" width="24" height="24" viewBox="0 0 24 24" fill="none" stroke="currentColor" stroke-width="2" stroke-linecap="round" stroke-linejoin="round" class="lucide lucide-chevron-down h-5 w-5 text-[rgb(var(--muted))]" aria-hidden="true"><path d="m6 9 6 6 6-6"></path></svg></button><div class="text-3xl">≡ƒöæ</div><div><div class="font-medium">API Key Server</div><div class="text-sm text-[rgb(var(--muted))] max-w-md truncate">Server requiring an API key input for testing input handling</div><div class="flex items-center gap-2 mt-2 flex-wrap"><span class="inline-flex items-center gap-1.5 px-2 py-0.5 rounded-md text-xs font-medium bg-[rgb(var(--success))]/15 text-[rgb(var(--success))]"><span class="h-1.5 w-1.5 rounded-full bg-[rgb(var(--success))]"></span>Connected</span><span class="inline-flex items-center gap-1 px-2 py-0.5 rounded-md text-xs bg-purple-500/15 text-purple-600 dark:text-purple-400"><svg xmlns="http://www.w3.org/2000/svg" width="24" height="24" viewBox="0 0 24 24" fill="none" stroke="currentColor" stroke-width="2" stroke-linecap="round" stroke-linejoin="round" class="lucide lucide-wrench h-3 w-3" aria-hidden="true"><path d="M14.7 6.3a1 1 0 0 0 0 1.4l1.6 1.6a1 1 0 0 0 1.4 0l3.106-3.105c.32-.322.863-.22.983.218a6 6 0 0 1-8.259 7.057l-7.91 7.91a1 1 0 0 1-2.999-3l7.91-7.91a6 6 0 0 1 7.057-8.259c.438.12.54.662.219.984z"></path></svg>6 tools</span><span class="inline-flex items-center gap-1 px-2 py-0.5 rounded-md text-xs bg-blue-500/15 text-blue-600 dark:text-blue-400"><svg xmlns="http://www.w3.org/2000/svg" width="24" height="24" viewBox="0 0 24 24" fill="none" stroke="currentColor" stroke-width="2" stroke-linecap="round" stroke-linejoin="round" class="lucide lucide-message-square h-3 w-3" aria-hidden="true"><path d="M22 17a2 2 0 0 1-2 2H6.828a2 2 0 0 0-1.414.586l-2.202 2.202A.71.71 0 0 1 2 21.286V5a2 2 0 0 1 2-2h16a2 2 0 0 1 2 2z"></path></svg>2 prompts</span><span class="text-xs text-[rgb(var(--muted))] px-2 py-0.5 bg-[rgb(var(--surface-hover))] rounded-md">≡ƒöæ API Key</span><span class="text-xs text-[rgb(var(--muted))]">stdio</span><span class="inline-flex items-center px-2 py-0.5 rounded text-xs font-medium bg-blue-100 text-blue-800 dark:bg-blue-900 dark:text-blue-200 " title="Installed from registry">Registry</span></div></div></div><div class="flex items-center gap-2"><button class="px-4 py-2 text-sm rounded-lg border border-[rgb(var(--border))] text-[rgb(var(--muted))] hover:bg-[rgb(var(--surface-hover))] transition-colors disabled:opacity-50" data-testid="disable-server-api-key-server">Disable</button><div class="relative"><button class="p-2 text-sm rounded-lg border border-[rgb(var(--border))] text-[rgb(var(--muted))] hover:bg-[rgb(var(--surface-hover))] transition-colors disabled:opacity-50" title="More actions" aria-label="More actions" aria-expanded="false" aria-haspopup="menu"><svg xmlns="http://www.w3.org/2000/svg" width="24" height="24" viewBox="0 0 24 24" fill="none" stroke="currentColor" stroke-width="2" stroke-linecap="round" stroke-linejoin="round" class="lucide lucide-ellipsis-vertical h-4 w-4" aria-hidden="true"><circle cx="12" cy="12" r="1"></circle><circle cx="12" cy="5" r="1"></circle><circle cx="12" cy="19" r="1"></circle></svg></button></div></div></div></div><div class="border-t border-[rgb(var(--border-subtle))] bg-[rgb(var(--surface-dim))]"><div class="p-4 space-y-4"><div><h4 class="text-sm font-medium flex items-center gap-2 mb-2"><svg xmlns="http://www.w3.org/2000/svg" width="24" height="24" viewBox="0 0 24 24" fill="none" stroke="currentColor" stroke-width="2" stroke-linecap="round" stroke-linejoin="round" class="lucide lucide-wrench h-4 w-4 text-purple-500" aria-hidden="true"><path d="M14.7 6.3a1 1 0 0 0 0 1.4l1.6 1.6a1 1 0 0 0 1.4 0l3.106-3.105c.32-.322.863-.22.983.218a6 6 0 0 1-8.259 7.057l-7.91 7.91a1 1 0 0 1-2.999-3l7.91-7.91a6 6 0 0 1 7.057-8.259c.438.12.54.662.219.984z"></path></svg>Tools (6)</h4><div class="grid grid-cols-1 md:grid-cols-2 lg:grid-cols-3 gap-2"><div class="p-3 bg-[rgb(var(--card))] rounded-lg border border-[rgb(var(--border-subtle))]"><div class="font-medium text-sm">add</div><p class="text-xs text-[rgb(var(--muted))] mt-1 line-clamp-2">Add two numbers together</p></div><div class="p-3 bg-[rgb(var(--card))] rounded-lg border border-[rgb(var(--border-subtle))]"><div class="font-medium text-sm">echo</div><p class="text-xs text-[rgb(var(--muted))] mt-1 line-clamp-2">Echo back the input message</p></div><div class="p-3 bg-[rgb(var(--card))] rounded-lg border border-[rgb(var(--border-subtle))]"><div class="font-medium text-sm">error</div><p class="text-xs text-[rgb(var(--muted))] mt-1 line-clamp-2">Intentionally throw an error</p></div><div class="p-3 bg-[rgb(var(--card))] rounded-lg border border-[rgb(var(--border-subtle))]"><div class="font-medium text-sm">get_env</div><p class="text-xs text-[rgb(var(--muted))] mt-1 line-clamp-2">Get environment variable value</p></div><div class="p-3 bg-[rgb(var(--card))] rounded-lg border border-[rgb(var(--border-subtle))]"><div class="font-medium text-sm">get_time</div><p class="text-xs text-[rgb(var(--muted))] mt-1 line-clamp-2">Get the current server time</p></div><div class="p-3 bg-[rgb(var(--card))] rounded-lg border border-[rgb(var(--border-subtle))]"><div class="font-medium text-sm">slow_task</div><p class="text-xs text-[rgb(var(--muted))] mt-1 line-clamp-2">Simulate a slow operation</p></div></div></div><div><h4 class="text-sm font-medium flex items-center gap-2 mb-2"><svg xmlns="http://www.w3.org/2000/svg" width="24" height="24" viewBox="0 0 24 24" fill="none" stroke="currentColor" stroke-width="2" stroke-linecap="round" stroke-linejoin="round" class="lucide lucide-message-square h-4 w-4 text-blue-500" aria-hidden="true"><path d="M22 17a2 2 0 0 1-2 2H6.828a2 2 0 0 0-1.414.586l-2.202 2.202A.71.71 0 0 1 2 21.286V5a2 2 0 0 1 2-2h16a2 2 0 0 1 2 2z"></path></svg>Prompts (2)</h4><div class="grid grid-cols-1 md:grid-cols-2 lg:grid-cols-3 gap-2"><div class="p-3 bg-[rgb(var(--card))] rounded-lg border border-[rgb(var(--border-subtle))]"><div class="font-medium text-sm">code_review</div><p class="text-xs text-[rgb(var(--muted))] mt-1 line-clamp-2">Review code and suggest improvements</p></div><div class="p-3 bg-[rgb(var(--card))] rounded-lg border border-[rgb(var(--border-subtle))]"><div class="font-medium text-sm">greeting</div><p class="text-xs text-[rgb(var(--muted))] mt-1 line-clamp-2">Generate a greeting message</p></div></div></div></div></div></div><div class="bg-[rgb(var(--card))] border border-[rgb(var(--border-subtle))] rounded-xl shadow-sm transition-all opacity-60" data-testid="installed-server-directory-server"><div class="p-4"><div class="flex items-center justify-between"><div class="flex items-center gap-4"><div class="text-3xl">≡ƒôé</div><div><div class="font-medium">Directory Server</div><div class="text-sm text-[rgb(var(--muted))] max-w-md truncate">Server with directory path input for testing path inputs</div><div class="flex items-center gap-2 mt-2 flex-wrap"><span class="inline-flex items-center gap-1.5 px-2 py-0.5 rounded-md text-xs font-medium bg-[rgb(var(--muted))]/10 text-[rgb(var(--muted))]"><span class="h-1.5 w-1.5 rounded-full bg-[rgb(var(--muted))]"></span>Disabled</span><span class="text-xs text-[rgb(var(--muted))]">stdio</span><span class="inline-flex items-center px-2 py-0.5 rounded text-xs font-medium bg-blue-100 text-blue-800 dark:bg-blue-900 dark:text-blue-200 " title="Installed from registry">Registry</span></div></div></div><div class="flex items-center gap-2"><button class="px-4 py-2 text-sm rounded-lg bg-[rgb(var(--primary))] text-[rgb(var(--primary-foreground))] hover:bg-[rgb(var(--primary-hover))] transition-colors disabled:opacity-50" data-testid="enable-server-directory-server">Enable</button><div class="relative"><button class="p-2 text-sm rounded-lg border border-[rgb(var(--border))] text-[rgb(var(--muted))] hover:bg-[rgb(var(--surface-hover))] transition-colors disabled:opacity-50" title="More actions" aria-label="More actions" aria-expanded="false" aria-haspopup="menu"><svg xmlns="http://www.w3.org/2000/svg" width="24" height="24" viewBox="0 0 24 24" fill="none" stroke="currentColor" stroke-width="2" stroke-linecap="round" stroke-linejoin="round" class="lucide lucide-ellipsis-vertical h-4 w-4" aria-hidden="true"><circle cx="12" cy="12" r="1"></circle><circle cx="12" cy="5" r="1"></circle><circle cx="12" cy="19" r="1"></circle></svg></button></div></div></div></div></div></div><div class="fixed bottom-6 left-1/2 -translate-x-1/2 z-50 animate-in slide-in-from-bottom-2 duration-200"><div class="flex items-center gap-3 px-4 py-3 rounded-lg shadow-lg border backdrop-blur-sm bg-[rgb(var(--success))]/90 border-[rgb(var(--success))] text-white"><span class="text-lg">Γ£ô</span><span class="text-sm font-medium">Configuration saved</span><button class="ml-2 hover:opacity-70 transition-opacity">Γ£ò</button></div></div></div></div></main></div><div class="h-7 flex-shrink-0 border-t border-[rgb(var(--border-subtle))] bg-[rgb(var(--surface))] px-4"><div class="flex h-full items-center justify-between text-xs text-[rgb(var(--muted))]"><div class="flex items-center gap-4"><span class="flex items-center gap-1.5"><span class="h-2 w-2 rounded-full bg-green-500"></span>Gateway Active</span><span>Active Space: Personal</span></div><div class="flex items-center gap-4"><span>5 Servers ΓÇó 97 Tools</span></div></div></div></div></div>
[0-5] 
[0-5]   
[0-5] 
[0-5] </body></html>
[0-5] 2026-02-01T11:26:17.331Z INFO webdriver: COMMAND findElement("css selector", "[data-testid="nav-discover"]")
[0-5] 2026-02-01T11:26:17.332Z INFO webdriver: [POST] http://localhost:4444/session/0bb75b696c4ed44ab7d198b3602e143f/element
[0-5] 2026-02-01T11:26:17.332Z INFO webdriver: DATA {"using":"css selector","value":"[data-testid=\"nav-discover\"]"}
[0-5] 2026-02-01T11:26:17.344Z INFO webdriver: RESULT {
[0-5]   'element-6066-11e4-a52e-4f735466cecf': 'f.5111E231A97C62BF26BE6692294BC6F6.d.8483E44E3483EEFEF368012294C535F4.e.22'
[0-5] }
[0-5] 2026-02-01T11:26:17.346Z INFO webdriver: COMMAND elementClick("f.5111E231A97C62BF26BE6692294BC6F6.d.8483E44E3483EEFEF368012294C535F4.e.22")
[0-5] 2026-02-01T11:26:17.346Z INFO webdriver: [POST] http://localhost:4444/session/0bb75b696c4ed44ab7d198b3602e143f/element/f.5111E231A97C62BF26BE6692294BC6F6.d.8483E44E3483EEFEF368012294C535F4.e.22/click
[0-5] 2026-02-01T11:26:17.346Z INFO webdriver: DATA {}
[0-5] 2026-02-01T11:26:17.471Z INFO webdriver: RESULT null
[0-5] 2026-02-01T11:26:17.471Z INFO webdriver: COMMAND takeScreenshot()
[0-5] 2026-02-01T11:26:17.472Z INFO webdriver: [GET] http://localhost:4444/session/0bb75b696c4ed44ab7d198b3602e143f/screenshot
[0-5] 2026-02-01T11:26:17.684Z INFO webdriver: RESULT iVBORw0KGgoAAAANSUhEUgAACWAAAAWmCAIAAACDPgzkAAAQAElEQVR4nOzdC...
[0-5] 2026-02-01T11:26:19.476Z INFO webdriver: COMMAND findElement("css selector", "[data-testid="search-input"]")
[0-5] 2026-02-01T11:26:19.476Z INFO webdriver: [POST] http://localhost:4444/session/0bb75b696c4ed44ab7d198b3602e143f/element
[0-5] 2026-02-01T11:26:19.476Z INFO webdriver: DATA {"using":"css selector","value":"[data-testid=\"search-input\"]"}
[0-5] 2026-02-01T11:26:19.496Z INFO webdriver: RESULT {
[0-5]   'element-6066-11e4-a52e-4f735466cecf': 'f.5111E231A97C62BF26BE6692294BC6F6.d.8483E44E3483EEFEF368012294C535F4.e.244'
[0-5] }
[0-5] 2026-02-01T11:26:19.497Z INFO webdriver: COMMAND elementClear("f.5111E231A97C62BF26BE6692294BC6F6.d.8483E44E3483EEFEF368012294C535F4.e.244")
[0-5] 2026-02-01T11:26:19.497Z INFO webdriver: [POST] http://localhost:4444/session/0bb75b696c4ed44ab7d198b3602e143f/element/f.5111E231A97C62BF26BE6692294BC6F6.d.8483E44E3483EEFEF368012294C535F4.e.244/clear
[0-5] 2026-02-01T11:26:19.497Z INFO webdriver: DATA {}
[0-5] 2026-02-01T11:26:19.548Z INFO webdriver: RESULT null
[0-5] 2026-02-01T11:26:19.548Z INFO webdriver: COMMAND takeScreenshot()
[0-5] 2026-02-01T11:26:19.549Z INFO webdriver: [GET] http://localhost:4444/session/0bb75b696c4ed44ab7d198b3602e143f/screenshot
[0-5] 2026-02-01T11:26:19.717Z INFO webdriver: RESULT iVBORw0KGgoAAAANSUhEUgAACWAAAAWmCAIAAACDPgzkAAAQAElEQVR4nOzdC...
[0-5] 2026-02-01T11:26:19.853Z INFO webdriver: COMMAND elementClear("f.5111E231A97C62BF26BE6692294BC6F6.d.8483E44E3483EEFEF368012294C535F4.e.244")
[0-5] 2026-02-01T11:26:19.853Z INFO webdriver: [POST] http://localhost:4444/session/0bb75b696c4ed44ab7d198b3602e143f/element/f.5111E231A97C62BF26BE6692294BC6F6.d.8483E44E3483EEFEF368012294C535F4.e.244/clear
[0-5] 2026-02-01T11:26:19.853Z INFO webdriver: DATA {}
[0-5] 2026-02-01T11:26:19.924Z INFO webdriver: RESULT null
[0-5] 2026-02-01T11:26:19.924Z INFO webdriver: COMMAND elementSendKeys("f.5111E231A97C62BF26BE6692294BC6F6.d.8483E44E3483EEFEF368012294C535F4.e.244", "API Key")
[0-5] 2026-02-01T11:26:19.925Z INFO webdriver: [POST] http://localhost:4444/session/0bb75b696c4ed44ab7d198b3602e143f/element/f.5111E231A97C62BF26BE6692294BC6F6.d.8483E44E3483EEFEF368012294C535F4.e.244/value
[0-5] 2026-02-01T11:26:19.925Z INFO webdriver: DATA {"text":"API Key"}
[0-5] 2026-02-01T11:26:19.927Z INFO webdriver: COMMAND takeScreenshot()
[0-5] 2026-02-01T11:26:19.927Z INFO webdriver: [GET] http://localhost:4444/session/0bb75b696c4ed44ab7d198b3602e143f/screenshot
[0-5] 2026-02-01T11:26:20.003Z INFO webdriver: RESULT null
[0-5] 2026-02-01T11:26:20.004Z INFO webdriver: COMMAND takeScreenshot()
[0-5] 2026-02-01T11:26:20.004Z INFO webdriver: [GET] http://localhost:4444/session/0bb75b696c4ed44ab7d198b3602e143f/screenshot
[0-5] 2026-02-01T11:26:20.164Z INFO webdriver: RESULT iVBORw0KGgoAAAANSUhEUgAACWAAAAWmCAIAAACDPgzkAAAQAElEQVR4nOzdC...
[0-5] 2026-02-01T11:26:20.332Z INFO webdriver: RESULT iVBORw0KGgoAAAANSUhEUgAACWAAAAWmCAIAAACDPgzkAAAQAElEQVR4nOzdC...
[0-5] 2026-02-01T11:26:21.008Z INFO webdriver: COMMAND findElement("css selector", "[data-testid="uninstall-btn-api-key-server"]")
[0-5] 2026-02-01T11:26:21.008Z INFO webdriver: [POST] http://localhost:4444/session/0bb75b696c4ed44ab7d198b3602e143f/element
[0-5] 2026-02-01T11:26:21.008Z INFO webdriver: DATA {"using":"css selector","value":"[data-testid=\"uninstall-btn-api-key-server\"]"}
[0-5] 2026-02-01T11:26:21.022Z INFO webdriver: RESULT {
[0-5]   'element-6066-11e4-a52e-4f735466cecf': 'f.5111E231A97C62BF26BE6692294BC6F6.d.8483E44E3483EEFEF368012294C535F4.e.234'
[0-5] }
[0-5] 2026-02-01T11:26:21.025Z INFO webdriver: COMMAND executeScript(<fn>, <object>)
[0-5] 2026-02-01T11:26:21.025Z INFO webdriver: [POST] http://localhost:4444/session/0bb75b696c4ed44ab7d198b3602e143f/execute/sync
[0-5] 2026-02-01T11:26:21.025Z INFO webdriver: DATA {"script":"\n            function webdriverioPolyfill() {\n  var __defProp = Object.defineProperty;\n  var __name = function(target, _value) {\n    return __defProp(target, \"name\", { value: _value, configurable: true });\n  };\n  var __globalThis = typeof globalThis === \"object\" && globalThis || typeof window === \"object\" && window;\n  __globalThis.__name = __name;\n}\n            webdriverioPolyfill();\n            return (function(elem) {\n      try {\n        const style = window.getComputedStyle(elem);\n        return { value: style?.display ?? \"\" };\n      } catch {\n        if (typeof elem.isConnected === \"boolean\" && !elem.isConnected) {\n          throw new Error(\"stale element reference: element is not attached to the page document\");\n        }\n        return { value: \"\" };\n      }\n    }).apply(null, arguments)\n        ","args":[{"element-6066-11e4-a52e-4f735466cecf":"f.5111E231A97C62BF26BE6692294BC6F6.d.8483E44E3483EEFEF368012294C535F4.e.234","ELEMENT":"f.5111E231A97C62BF26BE6692294BC6F6.d.8483E44E3483EEFEF368012294C535F4.e.234"}]}
[0-5] 2026-02-01T11:26:21.027Z INFO webdriver: COMMAND executeScript(<fn>, <object>)
[0-5] 2026-02-01T11:26:21.027Z INFO webdriver: [POST] http://localhost:4444/session/0bb75b696c4ed44ab7d198b3602e143f/execute/sync
[0-5] 2026-02-01T11:26:21.027Z INFO webdriver: DATA {"script":"\n            function webdriverioPolyfill() {\n  var __defProp = Object.defineProperty;\n  var __name = function(target, _value) {\n    return __defProp(target, \"name\", { value: _value, configurable: true });\n  };\n  var __globalThis = typeof globalThis === \"object\" && globalThis || typeof window === \"object\" && window;\n  __globalThis.__name = __name;\n}\n            webdriverioPolyfill();\n            return (function checkVisibility(elem, params) {\n      if (typeof elem.checkVisibility === \"function\") {\n        return elem.checkVisibility(params);\n      }\n      return null;\n    }).apply(null, arguments)\n        ","args":[{"element-6066-11e4-a52e-4f735466cecf":"f.5111E231A97C62BF26BE6692294BC6F6.d.8483E44E3483EEFEF368012294C535F4.e.234","ELEMENT":"f.5111E231A97C62BF26BE6692294BC6F6.d.8483E44E3483EEFEF368012294C535F4.e.234"},{"withinViewport":false,"contentVisibilityAuto":true,"opacityProperty":true,"visibilityProperty":true}]}
[0-5] 2026-02-01T11:26:21.041Z INFO webdriver: RESULT { value: 'block' }
[0-5] 2026-02-01T11:26:21.041Z INFO webdriver: COMMAND takeScreenshot()
[0-5] 2026-02-01T11:26:21.041Z INFO webdriver: [GET] http://localhost:4444/session/0bb75b696c4ed44ab7d198b3602e143f/screenshot
[0-5] 2026-02-01T11:26:21.048Z INFO webdriver: RESULT true
[0-5] 2026-02-01T11:26:21.049Z INFO webdriver: COMMAND executeScript(<fn>, <object>)
[0-5] 2026-02-01T11:26:21.049Z INFO webdriver: [POST] http://localhost:4444/session/0bb75b696c4ed44ab7d198b3602e143f/execute/sync
[0-5] 2026-02-01T11:26:21.049Z INFO webdriver: DATA {"script":"\n            function webdriverioPolyfill() {\n  var __defProp = Object.defineProperty;\n  var __name = function(target, _value) {\n    return __defProp(target, \"name\", { value: _value, configurable: true });\n  };\n  var __globalThis = typeof globalThis === \"object\" && globalThis || typeof window === \"object\" && window;\n  __globalThis.__name = __name;\n}\n            webdriverioPolyfill();\n            return (function(elem) {\n      try {\n        const style = window.getComputedStyle(elem);\n        return { value: style?.display ?? \"\" };\n      } catch {\n        if (typeof elem.isConnected === \"boolean\" && !elem.isConnected) {\n          throw new Error(\"stale element reference: element is not attached to the page document\");\n        }\n        return { value: \"\" };\n      }\n    }).apply(null, arguments)\n        ","args":[{"element-6066-11e4-a52e-4f735466cecf":"f.5111E231A97C62BF26BE6692294BC6F6.d.8483E44E3483EEFEF368012294C535F4.e.234","ELEMENT":"f.5111E231A97C62BF26BE6692294BC6F6.d.8483E44E3483EEFEF368012294C535F4.e.234"}]}
[0-5] 2026-02-01T11:26:21.050Z INFO webdriver: COMMAND executeScript(<fn>, <object>)
[0-5] 2026-02-01T11:26:21.050Z INFO webdriver: [POST] http://localhost:4444/session/0bb75b696c4ed44ab7d198b3602e143f/execute/sync
[0-5] 2026-02-01T11:26:21.051Z INFO webdriver: DATA {"script":"\n            function webdriverioPolyfill() {\n  var __defProp = Object.defineProperty;\n  var __name = function(target, _value) {\n    return __defProp(target, \"name\", { value: _value, configurable: true });\n  };\n  var __globalThis = typeof globalThis === \"object\" && globalThis || typeof window === \"object\" && window;\n  __globalThis.__name = __name;\n}\n            webdriverioPolyfill();\n            return (function checkVisibility(elem, params) {\n      if (typeof elem.checkVisibility === \"function\") {\n        return elem.checkVisibility(params);\n      }\n      return null;\n    }).apply(null, arguments)\n        ","args":[{"element-6066-11e4-a52e-4f735466cecf":"f.5111E231A97C62BF26BE6692294BC6F6.d.8483E44E3483EEFEF368012294C535F4.e.234","ELEMENT":"f.5111E231A97C62BF26BE6692294BC6F6.d.8483E44E3483EEFEF368012294C535F4.e.234"},{"withinViewport":false,"contentVisibilityAuto":true,"opacityProperty":true,"visibilityProperty":true}]}
[0-5] 2026-02-01T11:26:21.052Z INFO webdriver: COMMAND takeScreenshot()
[0-5] 2026-02-01T11:26:21.052Z INFO webdriver: [GET] http://localhost:4444/session/0bb75b696c4ed44ab7d198b3602e143f/screenshot
[0-5] 2026-02-01T11:26:21.194Z INFO webdriver: RESULT iVBORw0KGgoAAAANSUhEUgAACWAAAAWmCAIAAACDPgzkAAAQAElEQVR4nOzdC...
[0-5] 2026-02-01T11:26:21.195Z INFO webdriver: RESULT { value: 'block' }
[0-5] 2026-02-01T11:26:21.196Z INFO webdriver: COMMAND takeScreenshot()
[0-5] 2026-02-01T11:26:21.197Z INFO webdriver: [GET] http://localhost:4444/session/0bb75b696c4ed44ab7d198b3602e143f/screenshot
[0-5] 2026-02-01T11:26:21.340Z INFO webdriver: RESULT iVBORw0KGgoAAAANSUhEUgAACWAAAAWmCAIAAACDPgzkAAAQAElEQVR4nOzdC...
[0-5] 2026-02-01T11:26:21.341Z INFO webdriver: RESULT true
[0-5] 2026-02-01T11:26:21.342Z INFO webdriver: COMMAND executeScript(<fn>, <object>)
[0-5] 2026-02-01T11:26:21.342Z INFO webdriver: [POST] http://localhost:4444/session/0bb75b696c4ed44ab7d198b3602e143f/execute/sync
[0-5] 2026-02-01T11:26:21.343Z INFO webdriver: DATA {"script":"\n            function webdriverioPolyfill() {\n  var __defProp = Object.defineProperty;\n  var __name = function(target, _value) {\n    return __defProp(target, \"name\", { value: _value, configurable: true });\n  };\n  var __globalThis = typeof globalThis === \"object\" && globalThis || typeof window === \"object\" && window;\n  __globalThis.__name = __name;\n}\n            webdriverioPolyfill();\n            return (function isElementClickable(elem) {\n  if (!elem.getBoundingClientRect || !elem.scrollIntoView || !elem.contains || !elem.getClientRects || !document.elementFromPoint) {\n    return false;\n  }\n  const isOldEdge = !!window.StyleMedia;\n  const scrollIntoViewFullSupport = !(window.safari || isOldEdge);\n  function getOverlappingElement(elem2, context) {\n    context = context || document;\n    const elemDimension = elem2.getBoundingClientRect();\n    const x = elemDimension.left + elem2.clientWidth / 2;\n    const y = elemDimension.top + elem2.clientHeight / 2;\n    return context.elementFromPoint(x, y);\n  }\n  function getOverlappingRects(elem2, context) {\n    context = context || document;\n    const rects = elem2.getClientRects();\n    const rect = rects[0];\n    const x = rect.left + rect.width / 2;\n    const y = rect.top + rect.height / 2;\n    return [context.elementFromPoint(x, y)];\n  }\n  function getOverlappingElements(elem2, context) {\n    return [getOverlappingElement(elem2, context)].concat(getOverlappingRects(elem2, context));\n  }\n  function nodeContains(elem2, otherNode) {\n    if (isOldEdge) {\n      let tmpElement = otherNode;\n      while (tmpElement) {\n        if (tmpElement === elem2) {\n          return true;\n        }\n        tmpElement = tmpElement.parentNode;\n        if (tmpElement && tmpElement.nodeType === 11 && tmpElement.host) {\n          tmpElement = tmpElement.host;\n        }\n      }\n      return false;\n    }\n    return elem2.contains(otherNode);\n  }\n  function isOverlappingElementMatch(elementsFromPoint, elem2) {\n    if (elementsFromPoint.some(function(elementFromPoint) {\n      return elementFromPoint === elem2 || nodeContains(elem2, elementFromPoint);\n    })) {\n      return true;\n    }\n    let elemsWithShadowRoot = [].concat(elementsFromPoint);\n    elemsWithShadowRoot = elemsWithShadowRoot.filter(function(x) {\n      return x && x.shadowRoot && x.shadowRoot.elementFromPoint;\n    });\n    let shadowElementsFromPoint = [];\n    for (let i = 0; i < elemsWithShadowRoot.length; ++i) {\n      const shadowElement = elemsWithShadowRoot[i];\n      shadowElementsFromPoint = shadowElementsFromPoint.concat(\n        getOverlappingElements(elem2, shadowElement.shadowRoot)\n      );\n    }\n    shadowElementsFromPoint = [].concat(shadowElementsFromPoint);\n    shadowElementsFromPoint = shadowElementsFromPoint.filter(function(x) {\n      return !elementsFromPoint.includes(x);\n    });\n    if (shadowElementsFromPoint.length === 0) {\n      return false;\n    }\n    return isOverlappingElementMatch(shadowElementsFromPoint, elem2);\n  }\n  function isElementInViewport(elem2) {\n    if (!elem2.getBoundingClientRect) {\n      return false;\n    }\n    const rect = elem2.getBoundingClientRect();\n    const windowHeight = window.innerHeight || document.documentElement.clientHeight;\n    const windowWidth = window.innerWidth || document.documentElement.clientWidth;\n    const vertInView = rect.top < windowHeight && rect.top + rect.height > 0;\n    const horInView = rect.left < windowWidth && rect.left + rect.width > 0;\n    return vertInView && horInView;\n  }\n  function isEnabled(elem2) {\n    return elem2.disabled !== true;\n  }\n  function hasOverlaps(elem2) {\n    return !isOverlappingElementMatch(getOverlappingElements(elem2), elem2);\n  }\n  function isFullyDisplayedInViewport(elem2) {\n    return isElementInViewport(elem2) && !hasOverlaps(elem2);\n  }\n  function getViewportScrollPositions() {\n    return {\n      x: window.scrollX !== null && window.scrollX !== void 0 ? window.scrollX : window.pageXOffset,\n      y: window.scrollY !== null && window.scrollY !== void 0 ? window.scrollY : window.pageYOffset\n    };\n  }\n  let _isFullyDisplayedInViewport = isFullyDisplayedInViewport(elem);\n  if (!_isFullyDisplayedInViewport) {\n    const { x: originalX, y: originalY } = getViewportScrollPositions();\n    elem.scrollIntoView(scrollIntoViewFullSupport ? { block: \"center\", inline: \"center\" } : false);\n    _isFullyDisplayedInViewport = isFullyDisplayedInViewport(elem);\n    const { x: currentX, y: currentY } = getViewportScrollPositions();\n    if (currentX !== originalX || currentY !== originalY) {\n      window.scroll(originalX, originalY);\n    }\n  }\n  return _isFullyDisplayedInViewport && isEnabled(elem);\n}).apply(null, arguments)\n        ","args":[{"element-6066-11e4-a52e-4f735466cecf":"f.5111E231A97C62BF26BE6692294BC6F6.d.8483E44E3483EEFEF368012294C535F4.e.234","ELEMENT":"f.5111E231A97C62BF26BE6692294BC6F6.d.8483E44E3483EEFEF368012294C535F4.e.234"}]}
[0-5] 2026-02-01T11:26:21.344Z INFO webdriver: COMMAND takeScreenshot()
[0-5] 2026-02-01T11:26:21.345Z INFO webdriver: [GET] http://localhost:4444/session/0bb75b696c4ed44ab7d198b3602e143f/screenshot
[0-5] 2026-02-01T11:26:21.481Z INFO webdriver: RESULT iVBORw0KGgoAAAANSUhEUgAACWAAAAWmCAIAAACDPgzkAAAQAElEQVR4nOzdC...
[0-5] 2026-02-01T11:26:21.485Z INFO webdriver: RESULT true
[0-5] 2026-02-01T11:26:21.486Z INFO webdriver: COMMAND elementClick("f.5111E231A97C62BF26BE6692294BC6F6.d.8483E44E3483EEFEF368012294C535F4.e.234")
[0-5] 2026-02-01T11:26:21.487Z INFO webdriver: [POST] http://localhost:4444/session/0bb75b696c4ed44ab7d198b3602e143f/element/f.5111E231A97C62BF26BE6692294BC6F6.d.8483E44E3483EEFEF368012294C535F4.e.234/click
[0-5] 2026-02-01T11:26:21.487Z INFO webdriver: DATA {}
[0-5] 2026-02-01T11:26:21.489Z INFO webdriver: COMMAND takeScreenshot()
[0-5] 2026-02-01T11:26:21.489Z INFO webdriver: [GET] http://localhost:4444/session/0bb75b696c4ed44ab7d198b3602e143f/screenshot
[0-5] 2026-02-01T11:26:21.667Z INFO webdriver: RESULT iVBORw0KGgoAAAANSUhEUgAACWAAAAWmCAIAAACDPgzkAAAQAElEQVR4nOzdC...
[0-5] 2026-02-01T11:26:21.747Z INFO webdriver: RESULT null
[0-5] 2026-02-01T11:26:21.748Z INFO webdriver: COMMAND takeScreenshot()
[0-5] 2026-02-01T11:26:21.748Z INFO webdriver: [GET] http://localhost:4444/session/0bb75b696c4ed44ab7d198b3602e143f/screenshot
[0-5] 2026-02-01T11:26:21.962Z INFO webdriver: RESULT iVBORw0KGgoAAAANSUhEUgAACWAAAAWmCAIAAACDPgzkAAAQAElEQVR4nOzdC...
[0-5] 2026-02-01T11:26:22.133Z INFO webdriver: RESULT iVBORw0KGgoAAAANSUhEUgAACWAAAAWmCAIAAACDPgzkAAAQAElEQVR4nOzdC...
[0-5] 2026-02-01T11:26:23.754Z INFO webdriver: COMMAND takeScreenshot()
[0-5] 2026-02-01T11:26:23.754Z INFO webdriver: [GET] http://localhost:4444/session/0bb75b696c4ed44ab7d198b3602e143f/screenshot
[0-5] 2026-02-01T11:26:23.905Z INFO webdriver: RESULT iVBORw0KGgoAAAANSUhEUgAACWAAAAWmCAIAAACDPgzkAAAQAElEQVR4nOzdC...
[0-5] 2026-02-01T11:26:23.913Z INFO webdriver: COMMAND findElement("css selector", "[data-testid="nav-discover"]")
[0-5] 2026-02-01T11:26:23.913Z INFO webdriver: [POST] http://localhost:4444/session/0bb75b696c4ed44ab7d198b3602e143f/element
[0-5] 2026-02-01T11:26:23.913Z INFO webdriver: DATA {"using":"css selector","value":"[data-testid=\"nav-discover\"]"}
[0-5] 2026-02-01T11:26:23.923Z INFO webdriver: RESULT {
[0-5]   'element-6066-11e4-a52e-4f735466cecf': 'f.5111E231A97C62BF26BE6692294BC6F6.d.8483E44E3483EEFEF368012294C535F4.e.22'
[0-5] }
[0-5] 2026-02-01T11:26:23.925Z INFO webdriver: COMMAND elementClick("f.5111E231A97C62BF26BE6692294BC6F6.d.8483E44E3483EEFEF368012294C535F4.e.22")
[0-5] 2026-02-01T11:26:23.925Z INFO webdriver: [POST] http://localhost:4444/session/0bb75b696c4ed44ab7d198b3602e143f/element/f.5111E231A97C62BF26BE6692294BC6F6.d.8483E44E3483EEFEF368012294C535F4.e.22/click
[0-5] 2026-02-01T11:26:23.925Z INFO webdriver: DATA {}
[0-5] 2026-02-01T11:26:24.003Z INFO webdriver: RESULT null
[0-5] 2026-02-01T11:26:24.004Z INFO webdriver: COMMAND takeScreenshot()
[0-5] 2026-02-01T11:26:24.004Z INFO webdriver: [GET] http://localhost:4444/session/0bb75b696c4ed44ab7d198b3602e143f/screenshot
[0-5] 2026-02-01T11:26:24.200Z INFO webdriver: RESULT iVBORw0KGgoAAAANSUhEUgAACWAAAAWmCAIAAACDPgzkAAAQAElEQVR4nOzdC...
[0-5] 2026-02-01T11:26:26.010Z INFO webdriver: COMMAND findElement("css selector", "[data-testid="search-input"]")
[0-5] 2026-02-01T11:26:26.011Z INFO webdriver: [POST] http://localhost:4444/session/0bb75b696c4ed44ab7d198b3602e143f/element
[0-5] 2026-02-01T11:26:26.011Z INFO webdriver: DATA {"using":"css selector","value":"[data-testid=\"search-input\"]"}
[0-5] 2026-02-01T11:26:26.025Z INFO webdriver: RESULT {
[0-5]   'element-6066-11e4-a52e-4f735466cecf': 'f.5111E231A97C62BF26BE6692294BC6F6.d.8483E44E3483EEFEF368012294C535F4.e.244'
[0-5] }
[0-5] 2026-02-01T11:26:26.028Z INFO webdriver: COMMAND elementClear("f.5111E231A97C62BF26BE6692294BC6F6.d.8483E44E3483EEFEF368012294C535F4.e.244")
[0-5] 2026-02-01T11:26:26.028Z INFO webdriver: [POST] http://localhost:4444/session/0bb75b696c4ed44ab7d198b3602e143f/element/f.5111E231A97C62BF26BE6692294BC6F6.d.8483E44E3483EEFEF368012294C535F4.e.244/clear
[0-5] 2026-02-01T11:26:26.028Z INFO webdriver: DATA {}
[0-5] 2026-02-01T11:26:26.086Z INFO webdriver: RESULT null
[0-5] 2026-02-01T11:26:26.086Z INFO webdriver: COMMAND takeScreenshot()
[0-5] 2026-02-01T11:26:26.087Z INFO webdriver: [GET] http://localhost:4444/session/0bb75b696c4ed44ab7d198b3602e143f/screenshot
[0-5] 2026-02-01T11:26:26.248Z INFO webdriver: RESULT iVBORw0KGgoAAAANSUhEUgAACWAAAAWmCAIAAACDPgzkAAAQAElEQVR4nOzdC...
[0-5] 2026-02-01T11:26:26.390Z INFO webdriver: COMMAND elementClear("f.5111E231A97C62BF26BE6692294BC6F6.d.8483E44E3483EEFEF368012294C535F4.e.244")
[0-5] 2026-02-01T11:26:26.391Z INFO webdriver: [POST] http://localhost:4444/session/0bb75b696c4ed44ab7d198b3602e143f/element/f.5111E231A97C62BF26BE6692294BC6F6.d.8483E44E3483EEFEF368012294C535F4.e.244/clear
[0-5] 2026-02-01T11:26:26.391Z INFO webdriver: DATA {}
[0-5] 2026-02-01T11:26:26.434Z INFO webdriver: RESULT null
[0-5] 2026-02-01T11:26:26.435Z INFO webdriver: COMMAND elementSendKeys("f.5111E231A97C62BF26BE6692294BC6F6.d.8483E44E3483EEFEF368012294C535F4.e.244", "Directory")
[0-5] 2026-02-01T11:26:26.436Z INFO webdriver: [POST] http://localhost:4444/session/0bb75b696c4ed44ab7d198b3602e143f/element/f.5111E231A97C62BF26BE6692294BC6F6.d.8483E44E3483EEFEF368012294C535F4.e.244/value
[0-5] 2026-02-01T11:26:26.436Z INFO webdriver: DATA {"text":"Directory"}
[0-5] 2026-02-01T11:26:26.437Z INFO webdriver: COMMAND takeScreenshot()
[0-5] 2026-02-01T11:26:26.437Z INFO webdriver: [GET] http://localhost:4444/session/0bb75b696c4ed44ab7d198b3602e143f/screenshot
[0-5] 2026-02-01T11:26:26.502Z INFO webdriver: RESULT null
[0-5] 2026-02-01T11:26:26.503Z INFO webdriver: COMMAND takeScreenshot()
[0-5] 2026-02-01T11:26:26.503Z INFO webdriver: [GET] http://localhost:4444/session/0bb75b696c4ed44ab7d198b3602e143f/screenshot
[0-5] 2026-02-01T11:26:26.671Z INFO webdriver: RESULT iVBORw0KGgoAAAANSUhEUgAACWAAAAWmCAIAAACDPgzkAAAQAElEQVR4nOzdC...
[0-5] 2026-02-01T11:26:26.822Z INFO webdriver: RESULT iVBORw0KGgoAAAANSUhEUgAACWAAAAWmCAIAAACDPgzkAAAQAElEQVR4nOzdC...
[0-5] 2026-02-01T11:26:27.517Z INFO webdriver: COMMAND takeScreenshot()
[0-5] 2026-02-01T11:26:27.517Z INFO webdriver: [GET] http://localhost:4444/session/0bb75b696c4ed44ab7d198b3602e143f/screenshot
[0-5] 2026-02-01T11:26:27.657Z INFO webdriver: RESULT iVBORw0KGgoAAAANSUhEUgAACWAAAAWmCAIAAACDPgzkAAAQAElEQVR4nOzdC...
[0-5] 2026-02-01T11:26:27.659Z INFO webdriver: COMMAND findElement("css selector", "[data-testid="install-btn-directory-server"]")
[0-5] 2026-02-01T11:26:27.660Z INFO webdriver: [POST] http://localhost:4444/session/0bb75b696c4ed44ab7d198b3602e143f/element
[0-5] 2026-02-01T11:26:27.660Z INFO webdriver: DATA {"using":"css selector","value":"[data-testid=\"install-btn-directory-server\"]"}
[0-5] 2026-02-01T11:26:27.674Z INFO webdriver: RESULT {
[0-5]   error: 'no such element',
[0-5]   message: 'no such element: Unable to locate element: {"method":"css selector","selector":"[data-testid="install-btn-directory-server"]"}\n' +
[0-5]     '  (Session info: MicrosoftEdge=144.0.3719.93)',
[0-5]   stacktrace: 'Symbols not available. Dumping unresolved backtrace:\n' +
[0-5]     '\t0x7ff7aa8d5085\n' +
[0-5]     '\t0x7ff7aa8d50e4\n' +
[0-5]     '\t0x7ff7aac228f4\n' +
[0-5]     '\t0x7ff7aa676a9a\n' +
[0-5]     '\t0x7ff7aa676d35\n' +
[0-5]     '\t0x7ff7aa6b4b07\n' +
[0-5]     '\t0x7ff7aa66d6b7\n' +
[0-5]     '\t0x7ff7aa6b28f7\n' +
[0-5]     '\t0x7ff7aa66cbcc\n' +
[0-5]     '\t0x7ff7aa66be26\n' +
[0-5]     '\t0x7ff7aa66c9f3\n' +
[0-5]     '\t0x7ff7aa730214\n' +
[0-5]     '\t0x7ff7aa72c685\n' +
[0-5]     '\t0x7ff7aa73ce73\n' +
[0-5]     '\t0x7ff7aa8f03b8\n' +
[0-5]     '\t0x7ff7aa8f8c86\n' +
[0-5]     '\t0x7ff7aa8dc764\n' +
[0-5]     '\t0x7ff7aa8dc8a9\n' +
[0-5]     '\t0x7ff7aa8ca742\n' +
[0-5]     '\t0x7ffc8f26e8d7\n' +
[0-5]     '\t0x7ffc8f5ac53c\n'
[0-5] }
[0-5] 2026-02-01T11:26:27.676Z INFO webdriver: COMMAND findElement("css selector", "[data-testid="install-btn-directory-server"]")
[0-5] 2026-02-01T11:26:27.676Z INFO webdriver: [POST] http://localhost:4444/session/0bb75b696c4ed44ab7d198b3602e143f/element
[0-5] 2026-02-01T11:26:27.676Z INFO webdriver: DATA {"using":"css selector","value":"[data-testid=\"install-btn-directory-server\"]"}
[0-5] 2026-02-01T11:26:27.688Z INFO webdriver: RESULT {
[0-5]   error: 'no such element',
[0-5]   message: 'no such element: Unable to locate element: {"method":"css selector","selector":"[data-testid="install-btn-directory-server"]"}\n' +
[0-5]     '  (Session info: MicrosoftEdge=144.0.3719.93)',
[0-5]   stacktrace: 'Symbols not available. Dumping unresolved backtrace:\n' +
[0-5]     '\t0x7ff7aa8d5085\n' +
[0-5]     '\t0x7ff7aa8d50e4\n' +
[0-5]     '\t0x7ff7aac228f4\n' +
[0-5]     '\t0x7ff7aa676a9a\n' +
[0-5]     '\t0x7ff7aa676d35\n' +
[0-5]     '\t0x7ff7aa6b4b07\n' +
[0-5]     '\t0x7ff7aa66d6b7\n' +
[0-5]     '\t0x7ff7aa6b28f7\n' +
[0-5]     '\t0x7ff7aa66cbcc\n' +
[0-5]     '\t0x7ff7aa66be26\n' +
[0-5]     '\t0x7ff7aa66c9f3\n' +
[0-5]     '\t0x7ff7aa730214\n' +
[0-5]     '\t0x7ff7aa72c685\n' +
[0-5]     '\t0x7ff7aa73ce73\n' +
[0-5]     '\t0x7ff7aa8f03b8\n' +
[0-5]     '\t0x7ff7aa8f8c86\n' +
[0-5]     '\t0x7ff7aa8dc764\n' +
[0-5]     '\t0x7ff7aa8dc8a9\n' +
[0-5]     '\t0x7ff7aa8ca742\n' +
[0-5]     '\t0x7ffc8f26e8d7\n' +
[0-5]     '\t0x7ffc8f5ac53c\n'
[0-5] }
[0-5] 2026-02-01T11:26:27.691Z INFO webdriver: COMMAND findElement("css selector", "[data-testid="uninstall-btn-directory-server"]")
[0-5] 2026-02-01T11:26:27.691Z INFO webdriver: [POST] http://localhost:4444/session/0bb75b696c4ed44ab7d198b3602e143f/element
[0-5] 2026-02-01T11:26:27.691Z INFO webdriver: DATA {"using":"css selector","value":"[data-testid=\"uninstall-btn-directory-server\"]"}
[0-5] 2026-02-01T11:26:27.722Z INFO webdriver: RESULT {
[0-5]   'element-6066-11e4-a52e-4f735466cecf': 'f.5111E231A97C62BF26BE6692294BC6F6.d.8483E44E3483EEFEF368012294C535F4.e.296'
[0-5] }
[0-5] 2026-02-01T11:26:27.724Z INFO webdriver: COMMAND executeScript(<fn>, <object>)
[0-5] 2026-02-01T11:26:27.724Z INFO webdriver: [POST] http://localhost:4444/session/0bb75b696c4ed44ab7d198b3602e143f/execute/sync
[0-5] 2026-02-01T11:26:27.724Z INFO webdriver: DATA {"script":"\n            function webdriverioPolyfill() {\n  var __defProp = Object.defineProperty;\n  var __name = function(target, _value) {\n    return __defProp(target, \"name\", { value: _value, configurable: true });\n  };\n  var __globalThis = typeof globalThis === \"object\" && globalThis || typeof window === \"object\" && window;\n  __globalThis.__name = __name;\n}\n            webdriverioPolyfill();\n            return (function(elem) {\n      try {\n        const style = window.getComputedStyle(elem);\n        return { value: style?.display ?? \"\" };\n      } catch {\n        if (typeof elem.isConnected === \"boolean\" && !elem.isConnected) {\n          throw new Error(\"stale element reference: element is not attached to the page document\");\n        }\n        return { value: \"\" };\n      }\n    }).apply(null, arguments)\n        ","args":[{"element-6066-11e4-a52e-4f735466cecf":"f.5111E231A97C62BF26BE6692294BC6F6.d.8483E44E3483EEFEF368012294C535F4.e.296","ELEMENT":"f.5111E231A97C62BF26BE6692294BC6F6.d.8483E44E3483EEFEF368012294C535F4.e.296"}]}
[0-5] 2026-02-01T11:26:27.725Z INFO webdriver: COMMAND executeScript(<fn>, <object>)
[0-5] 2026-02-01T11:26:27.725Z INFO webdriver: [POST] http://localhost:4444/session/0bb75b696c4ed44ab7d198b3602e143f/execute/sync
[0-5] 2026-02-01T11:26:27.725Z INFO webdriver: DATA {"script":"\n            function webdriverioPolyfill() {\n  var __defProp = Object.defineProperty;\n  var __name = function(target, _value) {\n    return __defProp(target, \"name\", { value: _value, configurable: true });\n  };\n  var __globalThis = typeof globalThis === \"object\" && globalThis || typeof window === \"object\" && window;\n  __globalThis.__name = __name;\n}\n            webdriverioPolyfill();\n            return (function checkVisibility(elem, params) {\n      if (typeof elem.checkVisibility === \"function\") {\n        return elem.checkVisibility(params);\n      }\n      return null;\n    }).apply(null, arguments)\n        ","args":[{"element-6066-11e4-a52e-4f735466cecf":"f.5111E231A97C62BF26BE6692294BC6F6.d.8483E44E3483EEFEF368012294C535F4.e.296","ELEMENT":"f.5111E231A97C62BF26BE6692294BC6F6.d.8483E44E3483EEFEF368012294C535F4.e.296"},{"withinViewport":false,"contentVisibilityAuto":true,"opacityProperty":true,"visibilityProperty":true}]}
[0-5] 2026-02-01T11:26:27.736Z INFO webdriver: RESULT { value: 'block' }
[0-5] 2026-02-01T11:26:27.737Z INFO webdriver: COMMAND takeScreenshot()
[0-5] 2026-02-01T11:26:27.737Z INFO webdriver: [GET] http://localhost:4444/session/0bb75b696c4ed44ab7d198b3602e143f/screenshot
[0-5] 2026-02-01T11:26:27.744Z INFO webdriver: RESULT true
[0-5] 2026-02-01T11:26:27.746Z INFO webdriver: COMMAND takeScreenshot()
[0-5] 2026-02-01T11:26:27.746Z INFO webdriver: [GET] http://localhost:4444/session/0bb75b696c4ed44ab7d198b3602e143f/screenshot
[0-5] 2026-02-01T11:26:27.749Z INFO webdriver: COMMAND findElement("css selector", "[data-testid="nav-my-servers"]")
[0-5] 2026-02-01T11:26:27.749Z INFO webdriver: [POST] http://localhost:4444/session/0bb75b696c4ed44ab7d198b3602e143f/element
[0-5] 2026-02-01T11:26:27.749Z INFO webdriver: DATA {"using":"css selector","value":"[data-testid=\"nav-my-servers\"]"}
[0-5] 2026-02-01T11:26:27.871Z INFO webdriver: RESULT iVBORw0KGgoAAAANSUhEUgAACWAAAAWmCAIAAACDPgzkAAAQAElEQVR4nOzdC...
[0-5] 2026-02-01T11:26:28.001Z INFO webdriver: RESULT iVBORw0KGgoAAAANSUhEUgAACWAAAAWmCAIAAACDPgzkAAAQAElEQVR4nOzdC...
[0-5] 2026-02-01T11:26:28.023Z INFO webdriver: RESULT {
[0-5]   'element-6066-11e4-a52e-4f735466cecf': 'f.5111E231A97C62BF26BE6692294BC6F6.d.8483E44E3483EEFEF368012294C535F4.e.118'
[0-5] }
[0-5] 2026-02-01T11:26:28.025Z INFO webdriver: COMMAND elementClick("f.5111E231A97C62BF26BE6692294BC6F6.d.8483E44E3483EEFEF368012294C535F4.e.118")
[0-5] 2026-02-01T11:26:28.025Z INFO webdriver: [POST] http://localhost:4444/session/0bb75b696c4ed44ab7d198b3602e143f/element/f.5111E231A97C62BF26BE6692294BC6F6.d.8483E44E3483EEFEF368012294C535F4.e.118/click
[0-5] 2026-02-01T11:26:28.025Z INFO webdriver: DATA {}
[0-5] 2026-02-01T11:26:28.100Z INFO webdriver: RESULT null
[0-5] 2026-02-01T11:26:28.100Z INFO webdriver: COMMAND takeScreenshot()
[0-5] 2026-02-01T11:26:28.101Z INFO webdriver: [GET] http://localhost:4444/session/0bb75b696c4ed44ab7d198b3602e143f/screenshot
[0-5] 2026-02-01T11:26:28.314Z INFO webdriver: RESULT iVBORw0KGgoAAAANSUhEUgAACWAAAAWmCAIAAACDPgzkAAAQAElEQVR4nOzdC...
[0-5] 2026-02-01T11:26:30.114Z INFO webdriver: COMMAND findElement("css selector", "[data-testid="enable-server-directory-server"]")
[0-5] 2026-02-01T11:26:30.114Z INFO webdriver: [POST] http://localhost:4444/session/0bb75b696c4ed44ab7d198b3602e143f/element
[0-5] 2026-02-01T11:26:30.115Z INFO webdriver: DATA {"using":"css selector","value":"[data-testid=\"enable-server-directory-server\"]"}
[0-5] 2026-02-01T11:26:30.128Z INFO webdriver: RESULT {
[0-5]   'element-6066-11e4-a52e-4f735466cecf': 'f.5111E231A97C62BF26BE6692294BC6F6.d.8483E44E3483EEFEF368012294C535F4.e.313'
[0-5] }
[0-5] 2026-02-01T11:26:30.129Z INFO webdriver: COMMAND executeScript(<fn>, <object>)
[0-5] 2026-02-01T11:26:30.130Z INFO webdriver: [POST] http://localhost:4444/session/0bb75b696c4ed44ab7d198b3602e143f/execute/sync
[0-5] 2026-02-01T11:26:30.130Z INFO webdriver: DATA {"script":"\n            function webdriverioPolyfill() {\n  var __defProp = Object.defineProperty;\n  var __name = function(target, _value) {\n    return __defProp(target, \"name\", { value: _value, configurable: true });\n  };\n  var __globalThis = typeof globalThis === \"object\" && globalThis || typeof window === \"object\" && window;\n  __globalThis.__name = __name;\n}\n            webdriverioPolyfill();\n            return (function(elem) {\n      try {\n        const style = window.getComputedStyle(elem);\n        return { value: style?.display ?? \"\" };\n      } catch {\n        if (typeof elem.isConnected === \"boolean\" && !elem.isConnected) {\n          throw new Error(\"stale element reference: element is not attached to the page document\");\n        }\n        return { value: \"\" };\n      }\n    }).apply(null, arguments)\n        ","args":[{"element-6066-11e4-a52e-4f735466cecf":"f.5111E231A97C62BF26BE6692294BC6F6.d.8483E44E3483EEFEF368012294C535F4.e.313","ELEMENT":"f.5111E231A97C62BF26BE6692294BC6F6.d.8483E44E3483EEFEF368012294C535F4.e.313"}]}
[0-5] 2026-02-01T11:26:30.130Z INFO webdriver: COMMAND executeScript(<fn>, <object>)
[0-5] 2026-02-01T11:26:30.131Z INFO webdriver: [POST] http://localhost:4444/session/0bb75b696c4ed44ab7d198b3602e143f/execute/sync
[0-5] 2026-02-01T11:26:30.131Z INFO webdriver: DATA {"script":"\n            function webdriverioPolyfill() {\n  var __defProp = Object.defineProperty;\n  var __name = function(target, _value) {\n    return __defProp(target, \"name\", { value: _value, configurable: true });\n  };\n  var __globalThis = typeof globalThis === \"object\" && globalThis || typeof window === \"object\" && window;\n  __globalThis.__name = __name;\n}\n            webdriverioPolyfill();\n            return (function checkVisibility(elem, params) {\n      if (typeof elem.checkVisibility === \"function\") {\n        return elem.checkVisibility(params);\n      }\n      return null;\n    }).apply(null, arguments)\n        ","args":[{"element-6066-11e4-a52e-4f735466cecf":"f.5111E231A97C62BF26BE6692294BC6F6.d.8483E44E3483EEFEF368012294C535F4.e.313","ELEMENT":"f.5111E231A97C62BF26BE6692294BC6F6.d.8483E44E3483EEFEF368012294C535F4.e.313"},{"withinViewport":false,"contentVisibilityAuto":true,"opacityProperty":true,"visibilityProperty":true}]}
[0-5] 2026-02-01T11:26:30.143Z INFO webdriver: RESULT { value: 'block' }
[0-5] 2026-02-01T11:26:30.144Z INFO webdriver: COMMAND takeScreenshot()
[0-5] 2026-02-01T11:26:30.144Z INFO webdriver: [GET] http://localhost:4444/session/0bb75b696c4ed44ab7d198b3602e143f/screenshot
[0-5] 2026-02-01T11:26:30.148Z INFO webdriver: RESULT true
[0-5] 2026-02-01T11:26:30.149Z INFO webdriver: COMMAND elementClick("f.5111E231A97C62BF26BE6692294BC6F6.d.8483E44E3483EEFEF368012294C535F4.e.313")
[0-5] 2026-02-01T11:26:30.149Z INFO webdriver: [POST] http://localhost:4444/session/0bb75b696c4ed44ab7d198b3602e143f/element/f.5111E231A97C62BF26BE6692294BC6F6.d.8483E44E3483EEFEF368012294C535F4.e.313/click
[0-5] 2026-02-01T11:26:30.150Z INFO webdriver: DATA {}
[0-5] 2026-02-01T11:26:30.151Z INFO webdriver: COMMAND takeScreenshot()
[0-5] 2026-02-01T11:26:30.152Z INFO webdriver: [GET] http://localhost:4444/session/0bb75b696c4ed44ab7d198b3602e143f/screenshot
[0-5] 2026-02-01T11:26:30.310Z INFO webdriver: RESULT iVBORw0KGgoAAAANSUhEUgAACWAAAAWmCAIAAACDPgzkAAAQAElEQVR4nOzdC...
[0-5] 2026-02-01T11:26:30.408Z INFO webdriver: RESULT null
[0-5] 2026-02-01T11:26:30.409Z INFO webdriver: COMMAND takeScreenshot()
[0-5] 2026-02-01T11:26:30.409Z INFO webdriver: [GET] http://localhost:4444/session/0bb75b696c4ed44ab7d198b3602e143f/screenshot
[0-5] 2026-02-01T11:26:30.650Z INFO webdriver: RESULT iVBORw0KGgoAAAANSUhEUgAACWAAAAWmCAIAAACDPgzkAAAQAElEQVR4nOydC...
[0-5] 2026-02-01T11:26:30.854Z INFO webdriver: RESULT iVBORw0KGgoAAAANSUhEUgAACWAAAAWmCAIAAACDPgzkAAAQAElEQVR4nOydC...
[0-5] 2026-02-01T11:26:31.419Z INFO webdriver: COMMAND takeScreenshot()
[0-5] 2026-02-01T11:26:31.420Z INFO webdriver: [GET] http://localhost:4444/session/0bb75b696c4ed44ab7d198b3602e143f/screenshot
[0-5] 2026-02-01T11:26:31.656Z INFO webdriver: RESULT iVBORw0KGgoAAAANSUhEUgAACWAAAAWmCAIAAACDPgzkAAAQAElEQVR4nOydC...
[0-5] 2026-02-01T11:26:31.658Z INFO webdriver: COMMAND findElement("css selector", "[data-testid="config-input-DIRECTORY"]")
[0-5] 2026-02-01T11:26:31.659Z INFO webdriver: [POST] http://localhost:4444/session/0bb75b696c4ed44ab7d198b3602e143f/element
[0-5] 2026-02-01T11:26:31.659Z INFO webdriver: DATA {"using":"css selector","value":"[data-testid=\"config-input-DIRECTORY\"]"}
[0-5] 2026-02-01T11:26:31.692Z INFO webdriver: RESULT {
[0-5]   'element-6066-11e4-a52e-4f735466cecf': 'f.5111E231A97C62BF26BE6692294BC6F6.d.8483E44E3483EEFEF368012294C535F4.e.322'
[0-5] }
[0-5] 2026-02-01T11:26:31.695Z INFO webdriver: COMMAND executeScript(<fn>, <object>)
[0-5] 2026-02-01T11:26:31.695Z INFO webdriver: [POST] http://localhost:4444/session/0bb75b696c4ed44ab7d198b3602e143f/execute/sync
[0-5] 2026-02-01T11:26:31.695Z INFO webdriver: DATA {"script":"\n            function webdriverioPolyfill() {\n  var __defProp = Object.defineProperty;\n  var __name = function(target, _value) {\n    return __defProp(target, \"name\", { value: _value, configurable: true });\n  };\n  var __globalThis = typeof globalThis === \"object\" && globalThis || typeof window === \"object\" && window;\n  __globalThis.__name = __name;\n}\n            webdriverioPolyfill();\n            return (function(elem) {\n      try {\n        const style = window.getComputedStyle(elem);\n        return { value: style?.display ?? \"\" };\n      } catch {\n        if (typeof elem.isConnected === \"boolean\" && !elem.isConnected) {\n          throw new Error(\"stale element reference: element is not attached to the page document\");\n        }\n        return { value: \"\" };\n      }\n    }).apply(null, arguments)\n        ","args":[{"element-6066-11e4-a52e-4f735466cecf":"f.5111E231A97C62BF26BE6692294BC6F6.d.8483E44E3483EEFEF368012294C535F4.e.322","ELEMENT":"f.5111E231A97C62BF26BE6692294BC6F6.d.8483E44E3483EEFEF368012294C535F4.e.322"}]}
[0-5] 2026-02-01T11:26:31.696Z INFO webdriver: COMMAND executeScript(<fn>, <object>)
[0-5] 2026-02-01T11:26:31.696Z INFO webdriver: [POST] http://localhost:4444/session/0bb75b696c4ed44ab7d198b3602e143f/execute/sync
[0-5] 2026-02-01T11:26:31.697Z INFO webdriver: DATA {"script":"\n            function webdriverioPolyfill() {\n  var __defProp = Object.defineProperty;\n  var __name = function(target, _value) {\n    return __defProp(target, \"name\", { value: _value, configurable: true });\n  };\n  var __globalThis = typeof globalThis === \"object\" && globalThis || typeof window === \"object\" && window;\n  __globalThis.__name = __name;\n}\n            webdriverioPolyfill();\n            return (function checkVisibility(elem, params) {\n      if (typeof elem.checkVisibility === \"function\") {\n        return elem.checkVisibility(params);\n      }\n      return null;\n    }).apply(null, arguments)\n        ","args":[{"element-6066-11e4-a52e-4f735466cecf":"f.5111E231A97C62BF26BE6692294BC6F6.d.8483E44E3483EEFEF368012294C535F4.e.322","ELEMENT":"f.5111E231A97C62BF26BE6692294BC6F6.d.8483E44E3483EEFEF368012294C535F4.e.322"},{"withinViewport":false,"contentVisibilityAuto":true,"opacityProperty":true,"visibilityProperty":true}]}
[0-5] 2026-02-01T11:26:31.707Z INFO webdriver: RESULT { value: 'inline-block' }
[0-5] 2026-02-01T11:26:31.708Z INFO webdriver: COMMAND takeScreenshot()
[0-5] 2026-02-01T11:26:31.708Z INFO webdriver: [GET] http://localhost:4444/session/0bb75b696c4ed44ab7d198b3602e143f/screenshot
[0-5] 2026-02-01T11:26:31.715Z INFO webdriver: RESULT true
[0-5] 2026-02-01T11:26:31.715Z INFO webdriver: COMMAND elementClear("f.5111E231A97C62BF26BE6692294BC6F6.d.8483E44E3483EEFEF368012294C535F4.e.322")
[0-5] 2026-02-01T11:26:31.715Z INFO webdriver: [POST] http://localhost:4444/session/0bb75b696c4ed44ab7d198b3602e143f/element/f.5111E231A97C62BF26BE6692294BC6F6.d.8483E44E3483EEFEF368012294C535F4.e.322/clear
[0-5] 2026-02-01T11:26:31.716Z INFO webdriver: DATA {}
[0-5] 2026-02-01T11:26:31.717Z INFO webdriver: COMMAND takeScreenshot()
[0-5] 2026-02-01T11:26:31.717Z INFO webdriver: [GET] http://localhost:4444/session/0bb75b696c4ed44ab7d198b3602e143f/screenshot
[0-5] 2026-02-01T11:26:31.937Z INFO webdriver: RESULT iVBORw0KGgoAAAANSUhEUgAACWAAAAWmCAIAAACDPgzkAAAQAElEQVR4nOydC...
[0-5] 2026-02-01T11:26:31.965Z INFO webdriver: RESULT null
[0-5] 2026-02-01T11:26:31.965Z INFO webdriver: COMMAND elementSendKeys("f.5111E231A97C62BF26BE6692294BC6F6.d.8483E44E3483EEFEF368012294C535F4.e.322", "C:\Users\test")
[0-5] 2026-02-01T11:26:31.966Z INFO webdriver: [POST] http://localhost:4444/session/0bb75b696c4ed44ab7d198b3602e143f/element/f.5111E231A97C62BF26BE6692294BC6F6.d.8483E44E3483EEFEF368012294C535F4.e.322/value
[0-5] 2026-02-01T11:26:31.966Z INFO webdriver: DATA {"text":"C:\\Users\\test"}
[0-5] 2026-02-01T11:26:31.967Z INFO webdriver: COMMAND takeScreenshot()
[0-5] 2026-02-01T11:26:31.967Z INFO webdriver: [GET] http://localhost:4444/session/0bb75b696c4ed44ab7d198b3602e143f/screenshot
[0-5] 2026-02-01T11:26:32.212Z INFO webdriver: RESULT iVBORw0KGgoAAAANSUhEUgAACWAAAAWmCAIAAACDPgzkAAAQAElEQVR4nOydC...
[0-5] 2026-02-01T11:26:32.329Z INFO webdriver: RESULT null
[0-5] 2026-02-01T11:26:32.330Z INFO webdriver: COMMAND takeScreenshot()
[0-5] 2026-02-01T11:26:32.330Z INFO webdriver: [GET] http://localhost:4444/session/0bb75b696c4ed44ab7d198b3602e143f/screenshot
[0-5] 2026-02-01T11:26:32.524Z INFO webdriver: RESULT iVBORw0KGgoAAAANSUhEUgAACWAAAAWmCAIAAACDPgzkAAAQAElEQVR4nOydC...
[0-5] 2026-02-01T11:26:32.724Z INFO webdriver: RESULT iVBORw0KGgoAAAANSUhEUgAACWAAAAWmCAIAAACDPgzkAAAQAElEQVR4nOydC...
[0-5] 2026-02-01T11:26:32.844Z INFO webdriver: COMMAND takeScreenshot()
[0-5] 2026-02-01T11:26:32.845Z INFO webdriver: [GET] http://localhost:4444/session/0bb75b696c4ed44ab7d198b3602e143f/screenshot
[0-5] 2026-02-01T11:26:33.108Z INFO webdriver: RESULT iVBORw0KGgoAAAANSUhEUgAACWAAAAWmCAIAAACDPgzkAAAQAElEQVR4nOydC...
[0-5] 2026-02-01T11:26:33.111Z INFO webdriver: COMMAND findElement("css selector", "[data-testid="config-save-btn"]")
[0-5] 2026-02-01T11:26:33.112Z INFO webdriver: [POST] http://localhost:4444/session/0bb75b696c4ed44ab7d198b3602e143f/element
[0-5] 2026-02-01T11:26:33.112Z INFO webdriver: DATA {"using":"css selector","value":"[data-testid=\"config-save-btn\"]"}
[0-5] 2026-02-01T11:26:33.137Z INFO webdriver: RESULT {
[0-5]   'element-6066-11e4-a52e-4f735466cecf': 'f.5111E231A97C62BF26BE6692294BC6F6.d.8483E44E3483EEFEF368012294C535F4.e.321'
[0-5] }
[0-5] 2026-02-01T11:26:33.139Z INFO webdriver: COMMAND executeScript(<fn>, <object>)
[0-5] 2026-02-01T11:26:33.139Z INFO webdriver: [POST] http://localhost:4444/session/0bb75b696c4ed44ab7d198b3602e143f/execute/sync
[0-5] 2026-02-01T11:26:33.139Z INFO webdriver: DATA {"script":"\n            function webdriverioPolyfill() {\n  var __defProp = Object.defineProperty;\n  var __name = function(target, _value) {\n    return __defProp(target, \"name\", { value: _value, configurable: true });\n  };\n  var __globalThis = typeof globalThis === \"object\" && globalThis || typeof window === \"object\" && window;\n  __globalThis.__name = __name;\n}\n            webdriverioPolyfill();\n            return (function(elem) {\n      try {\n        const style = window.getComputedStyle(elem);\n        return { value: style?.display ?? \"\" };\n      } catch {\n        if (typeof elem.isConnected === \"boolean\" && !elem.isConnected) {\n          throw new Error(\"stale element reference: element is not attached to the page document\");\n        }\n        return { value: \"\" };\n      }\n    }).apply(null, arguments)\n        ","args":[{"element-6066-11e4-a52e-4f735466cecf":"f.5111E231A97C62BF26BE6692294BC6F6.d.8483E44E3483EEFEF368012294C535F4.e.321","ELEMENT":"f.5111E231A97C62BF26BE6692294BC6F6.d.8483E44E3483EEFEF368012294C535F4.e.321"}]}
[0-5] 2026-02-01T11:26:33.140Z INFO webdriver: COMMAND executeScript(<fn>, <object>)
[0-5] 2026-02-01T11:26:33.140Z INFO webdriver: [POST] http://localhost:4444/session/0bb75b696c4ed44ab7d198b3602e143f/execute/sync
[0-5] 2026-02-01T11:26:33.140Z INFO webdriver: DATA {"script":"\n            function webdriverioPolyfill() {\n  var __defProp = Object.defineProperty;\n  var __name = function(target, _value) {\n    return __defProp(target, \"name\", { value: _value, configurable: true });\n  };\n  var __globalThis = typeof globalThis === \"object\" && globalThis || typeof window === \"object\" && window;\n  __globalThis.__name = __name;\n}\n            webdriverioPolyfill();\n            return (function checkVisibility(elem, params) {\n      if (typeof elem.checkVisibility === \"function\") {\n        return elem.checkVisibility(params);\n      }\n      return null;\n    }).apply(null, arguments)\n        ","args":[{"element-6066-11e4-a52e-4f735466cecf":"f.5111E231A97C62BF26BE6692294BC6F6.d.8483E44E3483EEFEF368012294C535F4.e.321","ELEMENT":"f.5111E231A97C62BF26BE6692294BC6F6.d.8483E44E3483EEFEF368012294C535F4.e.321"},{"withinViewport":false,"contentVisibilityAuto":true,"opacityProperty":true,"visibilityProperty":true}]}
[0-5] 2026-02-01T11:26:33.150Z INFO webdriver: RESULT { value: 'block' }
[0-5] 2026-02-01T11:26:33.151Z INFO webdriver: COMMAND takeScreenshot()
[0-5] 2026-02-01T11:26:33.151Z INFO webdriver: [GET] http://localhost:4444/session/0bb75b696c4ed44ab7d198b3602e143f/screenshot
[0-5] 2026-02-01T11:26:33.158Z INFO webdriver: RESULT true
[0-5] 2026-02-01T11:26:33.159Z INFO webdriver: COMMAND elementClick("f.5111E231A97C62BF26BE6692294BC6F6.d.8483E44E3483EEFEF368012294C535F4.e.321")
[0-5] 2026-02-01T11:26:33.159Z INFO webdriver: [POST] http://localhost:4444/session/0bb75b696c4ed44ab7d198b3602e143f/element/f.5111E231A97C62BF26BE6692294BC6F6.d.8483E44E3483EEFEF368012294C535F4.e.321/click
[0-5] 2026-02-01T11:26:33.159Z INFO webdriver: DATA {}
[0-5] 2026-02-01T11:26:33.160Z INFO webdriver: COMMAND takeScreenshot()
[0-5] 2026-02-01T11:26:33.161Z INFO webdriver: [GET] http://localhost:4444/session/0bb75b696c4ed44ab7d198b3602e143f/screenshot
[0-5] 2026-02-01T11:26:33.415Z INFO webdriver: RESULT iVBORw0KGgoAAAANSUhEUgAACWAAAAWmCAIAAACDPgzkAAAQAElEQVR4nOydC...
[0-5] 2026-02-01T11:26:33.536Z INFO webdriver: RESULT null
[0-5] 2026-02-01T11:26:33.536Z INFO webdriver: COMMAND takeScreenshot()
[0-5] 2026-02-01T11:26:33.537Z INFO webdriver: [GET] http://localhost:4444/session/0bb75b696c4ed44ab7d198b3602e143f/screenshot
[0-5] 2026-02-01T11:26:33.715Z INFO webdriver: RESULT iVBORw0KGgoAAAANSUhEUgAACWAAAAWmCAIAAACDPgzkAAAQAElEQVR4nOzdC...
[0-5] 2026-02-01T11:26:33.885Z INFO webdriver: RESULT iVBORw0KGgoAAAANSUhEUgAACWAAAAWmCAIAAACDPgzkAAAQAElEQVR4nOzdC...
[0-5] 2026-02-01T11:26:36.543Z INFO webdriver: COMMAND takeScreenshot()
[0-5] 2026-02-01T11:26:36.544Z INFO webdriver: [GET] http://localhost:4444/session/0bb75b696c4ed44ab7d198b3602e143f/screenshot
[0-5] 2026-02-01T11:26:36.756Z INFO webdriver: RESULT iVBORw0KGgoAAAANSUhEUgAACWAAAAWmCAIAAACDPgzkAAAQAElEQVR4nOzdC...
[0-5] 2026-02-01T11:26:36.760Z INFO webdriver: COMMAND findElement("css selector", "[data-testid="nav-discover"]")
[0-5] 2026-02-01T11:26:36.761Z INFO webdriver: [POST] http://localhost:4444/session/0bb75b696c4ed44ab7d198b3602e143f/element
[0-5] 2026-02-01T11:26:36.761Z INFO webdriver: DATA {"using":"css selector","value":"[data-testid=\"nav-discover\"]"}
[0-5] 2026-02-01T11:26:36.774Z INFO webdriver: RESULT {
[0-5]   'element-6066-11e4-a52e-4f735466cecf': 'f.5111E231A97C62BF26BE6692294BC6F6.d.8483E44E3483EEFEF368012294C535F4.e.22'
[0-5] }
[0-5] 2026-02-01T11:26:36.776Z INFO webdriver: COMMAND elementClick("f.5111E231A97C62BF26BE6692294BC6F6.d.8483E44E3483EEFEF368012294C535F4.e.22")
[0-5] 2026-02-01T11:26:36.776Z INFO webdriver: [POST] http://localhost:4444/session/0bb75b696c4ed44ab7d198b3602e143f/element/f.5111E231A97C62BF26BE6692294BC6F6.d.8483E44E3483EEFEF368012294C535F4.e.22/click
[0-5] 2026-02-01T11:26:36.776Z INFO webdriver: DATA {}
[0-5] 2026-02-01T11:26:36.852Z INFO webdriver: RESULT null
[0-5] 2026-02-01T11:26:36.852Z INFO webdriver: COMMAND takeScreenshot()
[0-5] 2026-02-01T11:26:36.852Z INFO webdriver: [GET] http://localhost:4444/session/0bb75b696c4ed44ab7d198b3602e143f/screenshot
[0-5] 2026-02-01T11:26:37.045Z INFO webdriver: RESULT iVBORw0KGgoAAAANSUhEUgAACWAAAAWmCAIAAACDPgzkAAAQAElEQVR4nOzdC...
[0-5] 2026-02-01T11:26:38.859Z INFO webdriver: COMMAND findElement("css selector", "[data-testid="search-input"]")
[0-5] 2026-02-01T11:26:38.860Z INFO webdriver: [POST] http://localhost:4444/session/0bb75b696c4ed44ab7d198b3602e143f/element
[0-5] 2026-02-01T11:26:38.860Z INFO webdriver: DATA {"using":"css selector","value":"[data-testid=\"search-input\"]"}
[0-5] 2026-02-01T11:26:38.875Z INFO webdriver: RESULT {
[0-5]   'element-6066-11e4-a52e-4f735466cecf': 'f.5111E231A97C62BF26BE6692294BC6F6.d.8483E44E3483EEFEF368012294C535F4.e.400'
[0-5] }
[0-5] 2026-02-01T11:26:38.877Z INFO webdriver: COMMAND elementClear("f.5111E231A97C62BF26BE6692294BC6F6.d.8483E44E3483EEFEF368012294C535F4.e.400")
[0-5] 2026-02-01T11:26:38.877Z INFO webdriver: [POST] http://localhost:4444/session/0bb75b696c4ed44ab7d198b3602e143f/element/f.5111E231A97C62BF26BE6692294BC6F6.d.8483E44E3483EEFEF368012294C535F4.e.400/clear
[0-5] 2026-02-01T11:26:38.877Z INFO webdriver: DATA {}
[0-5] 2026-02-01T11:26:38.916Z INFO webdriver: RESULT null
[0-5] 2026-02-01T11:26:38.917Z INFO webdriver: COMMAND takeScreenshot()
[0-5] 2026-02-01T11:26:38.917Z INFO webdriver: [GET] http://localhost:4444/session/0bb75b696c4ed44ab7d198b3602e143f/screenshot
[0-5] 2026-02-01T11:26:39.072Z INFO webdriver: RESULT iVBORw0KGgoAAAANSUhEUgAACWAAAAWmCAIAAACDPgzkAAAQAElEQVR4nOzdC...
[0-5] 2026-02-01T11:26:39.223Z INFO webdriver: COMMAND elementClear("f.5111E231A97C62BF26BE6692294BC6F6.d.8483E44E3483EEFEF368012294C535F4.e.400")
[0-5] 2026-02-01T11:26:39.224Z INFO webdriver: [POST] http://localhost:4444/session/0bb75b696c4ed44ab7d198b3602e143f/element/f.5111E231A97C62BF26BE6692294BC6F6.d.8483E44E3483EEFEF368012294C535F4.e.400/clear
[0-5] 2026-02-01T11:26:39.224Z INFO webdriver: DATA {}
[0-5] 2026-02-01T11:26:39.253Z INFO webdriver: RESULT null
[0-5] 2026-02-01T11:26:39.254Z INFO webdriver: COMMAND elementSendKeys("f.5111E231A97C62BF26BE6692294BC6F6.d.8483E44E3483EEFEF368012294C535F4.e.400", "Directory")
[0-5] 2026-02-01T11:26:39.254Z INFO webdriver: [POST] http://localhost:4444/session/0bb75b696c4ed44ab7d198b3602e143f/element/f.5111E231A97C62BF26BE6692294BC6F6.d.8483E44E3483EEFEF368012294C535F4.e.400/value
[0-5] 2026-02-01T11:26:39.254Z INFO webdriver: DATA {"text":"Directory"}
[0-5] 2026-02-01T11:26:39.255Z INFO webdriver: COMMAND takeScreenshot()
[0-5] 2026-02-01T11:26:39.255Z INFO webdriver: [GET] http://localhost:4444/session/0bb75b696c4ed44ab7d198b3602e143f/screenshot
[0-5] 2026-02-01T11:26:39.317Z INFO webdriver: RESULT null
[0-5] 2026-02-01T11:26:39.318Z INFO webdriver: COMMAND takeScreenshot()
[0-5] 2026-02-01T11:26:39.318Z INFO webdriver: [GET] http://localhost:4444/session/0bb75b696c4ed44ab7d198b3602e143f/screenshot
[0-5] 2026-02-01T11:26:39.494Z INFO webdriver: RESULT iVBORw0KGgoAAAANSUhEUgAACWAAAAWmCAIAAACDPgzkAAAQAElEQVR4nOzdC...
[0-5] 2026-02-01T11:26:39.637Z INFO webdriver: RESULT iVBORw0KGgoAAAANSUhEUgAACWAAAAWmCAIAAACDPgzkAAAQAElEQVR4nOzdC...
[0-5] 2026-02-01T11:26:40.333Z INFO webdriver: COMMAND findElement("css selector", "[data-testid="uninstall-btn-directory-server"]")
[0-5] 2026-02-01T11:26:40.334Z INFO webdriver: [POST] http://localhost:4444/session/0bb75b696c4ed44ab7d198b3602e143f/element
[0-5] 2026-02-01T11:26:40.334Z INFO webdriver: DATA {"using":"css selector","value":"[data-testid=\"uninstall-btn-directory-server\"]"}
[0-5] 2026-02-01T11:26:40.351Z INFO webdriver: RESULT {
[0-5]   'element-6066-11e4-a52e-4f735466cecf': 'f.5111E231A97C62BF26BE6692294BC6F6.d.8483E44E3483EEFEF368012294C535F4.e.399'
[0-5] }
[0-5] 2026-02-01T11:26:40.353Z INFO webdriver: COMMAND executeScript(<fn>, <object>)
[0-5] 2026-02-01T11:26:40.354Z INFO webdriver: [POST] http://localhost:4444/session/0bb75b696c4ed44ab7d198b3602e143f/execute/sync
[0-5] 2026-02-01T11:26:40.354Z INFO webdriver: DATA {"script":"\n            function webdriverioPolyfill() {\n  var __defProp = Object.defineProperty;\n  var __name = function(target, _value) {\n    return __defProp(target, \"name\", { value: _value, configurable: true });\n  };\n  var __globalThis = typeof globalThis === \"object\" && globalThis || typeof window === \"object\" && window;\n  __globalThis.__name = __name;\n}\n            webdriverioPolyfill();\n            return (function(elem) {\n      try {\n        const style = window.getComputedStyle(elem);\n        return { value: style?.display ?? \"\" };\n      } catch {\n        if (typeof elem.isConnected === \"boolean\" && !elem.isConnected) {\n          throw new Error(\"stale element reference: element is not attached to the page document\");\n        }\n        return { value: \"\" };\n      }\n    }).apply(null, arguments)\n        ","args":[{"element-6066-11e4-a52e-4f735466cecf":"f.5111E231A97C62BF26BE6692294BC6F6.d.8483E44E3483EEFEF368012294C535F4.e.399","ELEMENT":"f.5111E231A97C62BF26BE6692294BC6F6.d.8483E44E3483EEFEF368012294C535F4.e.399"}]}
[0-5] 2026-02-01T11:26:40.354Z INFO webdriver: COMMAND executeScript(<fn>, <object>)
[0-5] 2026-02-01T11:26:40.355Z INFO webdriver: [POST] http://localhost:4444/session/0bb75b696c4ed44ab7d198b3602e143f/execute/sync
[0-5] 2026-02-01T11:26:40.355Z INFO webdriver: DATA {"script":"\n            function webdriverioPolyfill() {\n  var __defProp = Object.defineProperty;\n  var __name = function(target, _value) {\n    return __defProp(target, \"name\", { value: _value, configurable: true });\n  };\n  var __globalThis = typeof globalThis === \"object\" && globalThis || typeof window === \"object\" && window;\n  __globalThis.__name = __name;\n}\n            webdriverioPolyfill();\n            return (function checkVisibility(elem, params) {\n      if (typeof elem.checkVisibility === \"function\") {\n        return elem.checkVisibility(params);\n      }\n      return null;\n    }).apply(null, arguments)\n        ","args":[{"element-6066-11e4-a52e-4f735466cecf":"f.5111E231A97C62BF26BE6692294BC6F6.d.8483E44E3483EEFEF368012294C535F4.e.399","ELEMENT":"f.5111E231A97C62BF26BE6692294BC6F6.d.8483E44E3483EEFEF368012294C535F4.e.399"},{"withinViewport":false,"contentVisibilityAuto":true,"opacityProperty":true,"visibilityProperty":true}]}
[0-5] 2026-02-01T11:26:40.368Z INFO webdriver: RESULT { value: 'block' }
[0-5] 2026-02-01T11:26:40.369Z INFO webdriver: COMMAND takeScreenshot()
[0-5] 2026-02-01T11:26:40.369Z INFO webdriver: [GET] http://localhost:4444/session/0bb75b696c4ed44ab7d198b3602e143f/screenshot
[0-5] 2026-02-01T11:26:40.375Z INFO webdriver: RESULT true
[0-5] 2026-02-01T11:26:40.376Z INFO webdriver: COMMAND executeScript(<fn>, <object>)
[0-5] 2026-02-01T11:26:40.376Z INFO webdriver: [POST] http://localhost:4444/session/0bb75b696c4ed44ab7d198b3602e143f/execute/sync
[0-5] 2026-02-01T11:26:40.376Z INFO webdriver: DATA {"script":"\n            function webdriverioPolyfill() {\n  var __defProp = Object.defineProperty;\n  var __name = function(target, _value) {\n    return __defProp(target, \"name\", { value: _value, configurable: true });\n  };\n  var __globalThis = typeof globalThis === \"object\" && globalThis || typeof window === \"object\" && window;\n  __globalThis.__name = __name;\n}\n            webdriverioPolyfill();\n            return (function(elem) {\n      try {\n        const style = window.getComputedStyle(elem);\n        return { value: style?.display ?? \"\" };\n      } catch {\n        if (typeof elem.isConnected === \"boolean\" && !elem.isConnected) {\n          throw new Error(\"stale element reference: element is not attached to the page document\");\n        }\n        return { value: \"\" };\n      }\n    }).apply(null, arguments)\n        ","args":[{"element-6066-11e4-a52e-4f735466cecf":"f.5111E231A97C62BF26BE6692294BC6F6.d.8483E44E3483EEFEF368012294C535F4.e.399","ELEMENT":"f.5111E231A97C62BF26BE6692294BC6F6.d.8483E44E3483EEFEF368012294C535F4.e.399"}]}
[0-5] 2026-02-01T11:26:40.376Z INFO webdriver: COMMAND executeScript(<fn>, <object>)
[0-5] 2026-02-01T11:26:40.377Z INFO webdriver: [POST] http://localhost:4444/session/0bb75b696c4ed44ab7d198b3602e143f/execute/sync
[0-5] 2026-02-01T11:26:40.377Z INFO webdriver: DATA {"script":"\n            function webdriverioPolyfill() {\n  var __defProp = Object.defineProperty;\n  var __name = function(target, _value) {\n    return __defProp(target, \"name\", { value: _value, configurable: true });\n  };\n  var __globalThis = typeof globalThis === \"object\" && globalThis || typeof window === \"object\" && window;\n  __globalThis.__name = __name;\n}\n            webdriverioPolyfill();\n            return (function checkVisibility(elem, params) {\n      if (typeof elem.checkVisibility === \"function\") {\n        return elem.checkVisibility(params);\n      }\n      return null;\n    }).apply(null, arguments)\n        ","args":[{"element-6066-11e4-a52e-4f735466cecf":"f.5111E231A97C62BF26BE6692294BC6F6.d.8483E44E3483EEFEF368012294C535F4.e.399","ELEMENT":"f.5111E231A97C62BF26BE6692294BC6F6.d.8483E44E3483EEFEF368012294C535F4.e.399"},{"withinViewport":false,"contentVisibilityAuto":true,"opacityProperty":true,"visibilityProperty":true}]}
[0-5] 2026-02-01T11:26:40.377Z INFO webdriver: COMMAND takeScreenshot()
[0-5] 2026-02-01T11:26:40.377Z INFO webdriver: [GET] http://localhost:4444/session/0bb75b696c4ed44ab7d198b3602e143f/screenshot
[0-5] 2026-02-01T11:26:40.515Z INFO webdriver: RESULT iVBORw0KGgoAAAANSUhEUgAACWAAAAWmCAIAAACDPgzkAAAQAElEQVR4nOzdC...
[0-5] 2026-02-01T11:26:40.519Z INFO webdriver: RESULT { value: 'block' }
[0-5] 2026-02-01T11:26:40.520Z INFO webdriver: COMMAND takeScreenshot()
[0-5] 2026-02-01T11:26:40.520Z INFO webdriver: [GET] http://localhost:4444/session/0bb75b696c4ed44ab7d198b3602e143f/screenshot
[0-5] 2026-02-01T11:26:40.696Z INFO webdriver: RESULT iVBORw0KGgoAAAANSUhEUgAACWAAAAWmCAIAAACDPgzkAAAQAElEQVR4nOzdC...
[0-5] 2026-02-01T11:26:40.697Z INFO webdriver: RESULT true
[0-5] 2026-02-01T11:26:40.698Z INFO webdriver: COMMAND executeScript(<fn>, <object>)
[0-5] 2026-02-01T11:26:40.698Z INFO webdriver: [POST] http://localhost:4444/session/0bb75b696c4ed44ab7d198b3602e143f/execute/sync
[0-5] 2026-02-01T11:26:40.699Z INFO webdriver: DATA {"script":"\n            function webdriverioPolyfill() {\n  var __defProp = Object.defineProperty;\n  var __name = function(target, _value) {\n    return __defProp(target, \"name\", { value: _value, configurable: true });\n  };\n  var __globalThis = typeof globalThis === \"object\" && globalThis || typeof window === \"object\" && window;\n  __globalThis.__name = __name;\n}\n            webdriverioPolyfill();\n            return (function isElementClickable(elem) {\n  if (!elem.getBoundingClientRect || !elem.scrollIntoView || !elem.contains || !elem.getClientRects || !document.elementFromPoint) {\n    return false;\n  }\n  const isOldEdge = !!window.StyleMedia;\n  const scrollIntoViewFullSupport = !(window.safari || isOldEdge);\n  function getOverlappingElement(elem2, context) {\n    context = context || document;\n    const elemDimension = elem2.getBoundingClientRect();\n    const x = elemDimension.left + elem2.clientWidth / 2;\n    const y = elemDimension.top + elem2.clientHeight / 2;\n    return context.elementFromPoint(x, y);\n  }\n  function getOverlappingRects(elem2, context) {\n    context = context || document;\n    const rects = elem2.getClientRects();\n    const rect = rects[0];\n    const x = rect.left + rect.width / 2;\n    const y = rect.top + rect.height / 2;\n    return [context.elementFromPoint(x, y)];\n  }\n  function getOverlappingElements(elem2, context) {\n    return [getOverlappingElement(elem2, context)].concat(getOverlappingRects(elem2, context));\n  }\n  function nodeContains(elem2, otherNode) {\n    if (isOldEdge) {\n      let tmpElement = otherNode;\n      while (tmpElement) {\n        if (tmpElement === elem2) {\n          return true;\n        }\n        tmpElement = tmpElement.parentNode;\n        if (tmpElement && tmpElement.nodeType === 11 && tmpElement.host) {\n          tmpElement = tmpElement.host;\n        }\n      }\n      return false;\n    }\n    return elem2.contains(otherNode);\n  }\n  function isOverlappingElementMatch(elementsFromPoint, elem2) {\n    if (elementsFromPoint.some(function(elementFromPoint) {\n      return elementFromPoint === elem2 || nodeContains(elem2, elementFromPoint);\n    })) {\n      return true;\n    }\n    let elemsWithShadowRoot = [].concat(elementsFromPoint);\n    elemsWithShadowRoot = elemsWithShadowRoot.filter(function(x) {\n      return x && x.shadowRoot && x.shadowRoot.elementFromPoint;\n    });\n    let shadowElementsFromPoint = [];\n    for (let i = 0; i < elemsWithShadowRoot.length; ++i) {\n      const shadowElement = elemsWithShadowRoot[i];\n      shadowElementsFromPoint = shadowElementsFromPoint.concat(\n        getOverlappingElements(elem2, shadowElement.shadowRoot)\n      );\n    }\n    shadowElementsFromPoint = [].concat(shadowElementsFromPoint);\n    shadowElementsFromPoint = shadowElementsFromPoint.filter(function(x) {\n      return !elementsFromPoint.includes(x);\n    });\n    if (shadowElementsFromPoint.length === 0) {\n      return false;\n    }\n    return isOverlappingElementMatch(shadowElementsFromPoint, elem2);\n  }\n  function isElementInViewport(elem2) {\n    if (!elem2.getBoundingClientRect) {\n      return false;\n    }\n    const rect = elem2.getBoundingClientRect();\n    const windowHeight = window.innerHeight || document.documentElement.clientHeight;\n    const windowWidth = window.innerWidth || document.documentElement.clientWidth;\n    const vertInView = rect.top < windowHeight && rect.top + rect.height > 0;\n    const horInView = rect.left < windowWidth && rect.left + rect.width > 0;\n    return vertInView && horInView;\n  }\n  function isEnabled(elem2) {\n    return elem2.disabled !== true;\n  }\n  function hasOverlaps(elem2) {\n    return !isOverlappingElementMatch(getOverlappingElements(elem2), elem2);\n  }\n  function isFullyDisplayedInViewport(elem2) {\n    return isElementInViewport(elem2) && !hasOverlaps(elem2);\n  }\n  function getViewportScrollPositions() {\n    return {\n      x: window.scrollX !== null && window.scrollX !== void 0 ? window.scrollX : window.pageXOffset,\n      y: window.scrollY !== null && window.scrollY !== void 0 ? window.scrollY : window.pageYOffset\n    };\n  }\n  let _isFullyDisplayedInViewport = isFullyDisplayedInViewport(elem);\n  if (!_isFullyDisplayedInViewport) {\n    const { x: originalX, y: originalY } = getViewportScrollPositions();\n    elem.scrollIntoView(scrollIntoViewFullSupport ? { block: \"center\", inline: \"center\" } : false);\n    _isFullyDisplayedInViewport = isFullyDisplayedInViewport(elem);\n    const { x: currentX, y: currentY } = getViewportScrollPositions();\n    if (currentX !== originalX || currentY !== originalY) {\n      window.scroll(originalX, originalY);\n    }\n  }\n  return _isFullyDisplayedInViewport && isEnabled(elem);\n}).apply(null, arguments)\n        ","args":[{"element-6066-11e4-a52e-4f735466cecf":"f.5111E231A97C62BF26BE6692294BC6F6.d.8483E44E3483EEFEF368012294C535F4.e.399","ELEMENT":"f.5111E231A97C62BF26BE6692294BC6F6.d.8483E44E3483EEFEF368012294C535F4.e.399"}]}
[0-5] 2026-02-01T11:26:40.700Z INFO webdriver: COMMAND takeScreenshot()
[0-5] 2026-02-01T11:26:40.700Z INFO webdriver: [GET] http://localhost:4444/session/0bb75b696c4ed44ab7d198b3602e143f/screenshot
[0-5] 2026-02-01T11:26:40.837Z INFO webdriver: RESULT iVBORw0KGgoAAAANSUhEUgAACWAAAAWmCAIAAACDPgzkAAAQAElEQVR4nOzdC...
[0-5] 2026-02-01T11:26:40.838Z INFO webdriver: RESULT true
[0-5] 2026-02-01T11:26:40.838Z INFO webdriver: COMMAND elementClick("f.5111E231A97C62BF26BE6692294BC6F6.d.8483E44E3483EEFEF368012294C535F4.e.399")
[0-5] 2026-02-01T11:26:40.838Z INFO webdriver: [POST] http://localhost:4444/session/0bb75b696c4ed44ab7d198b3602e143f/element/f.5111E231A97C62BF26BE6692294BC6F6.d.8483E44E3483EEFEF368012294C535F4.e.399/click
[0-5] 2026-02-01T11:26:40.838Z INFO webdriver: DATA {}
[0-5] 2026-02-01T11:26:40.839Z INFO webdriver: COMMAND takeScreenshot()
[0-5] 2026-02-01T11:26:40.839Z INFO webdriver: [GET] http://localhost:4444/session/0bb75b696c4ed44ab7d198b3602e143f/screenshot
[0-5] 2026-02-01T11:26:41.011Z INFO webdriver: RESULT iVBORw0KGgoAAAANSUhEUgAACWAAAAWmCAIAAACDPgzkAAAQAElEQVR4nOzdC...
[0-5] 2026-02-01T11:26:41.082Z INFO webdriver: RESULT null
[0-5] 2026-02-01T11:26:41.083Z INFO webdriver: COMMAND takeScreenshot()
[0-5] 2026-02-01T11:26:41.083Z INFO webdriver: [GET] http://localhost:4444/session/0bb75b696c4ed44ab7d198b3602e143f/screenshot
[0-5] 2026-02-01T11:26:41.254Z INFO webdriver: RESULT iVBORw0KGgoAAAANSUhEUgAACWAAAAWmCAIAAACDPgzkAAAQAElEQVR4nOzdC...
[0-5] 2026-02-01T11:26:41.419Z INFO webdriver: RESULT iVBORw0KGgoAAAANSUhEUgAACWAAAAWmCAIAAACDPgzkAAAQAElEQVR4nOzdC...
[0-5] 2026-02-01T11:26:43.086Z INFO webdriver: COMMAND takeScreenshot()
[0-5] 2026-02-01T11:26:43.087Z INFO webdriver: [GET] http://localhost:4444/session/0bb75b696c4ed44ab7d198b3602e143f/screenshot
[0-5] 2026-02-01T11:26:43.248Z INFO webdriver: RESULT iVBORw0KGgoAAAANSUhEUgAACWAAAAWmCAIAAACDPgzkAAAQAElEQVR4nOzdC...
[0-5] 2026-02-01T11:26:43.255Z INFO webdriver: COMMAND deleteSession()
[0-5] 2026-02-01T11:26:43.255Z INFO webdriver: [DELETE] http://localhost:4444/session/0bb75b696c4ed44ab7d198b3602e143f
[0-5] 2026-02-01T11:26:43.284Z INFO webdriver: RESULT null
[0-5] PASSED in undefined - file:///D:/omc/mcp-mux/tests/e2e/specs/server-config.wdio.ts
2026-02-01T11:26:43.411Z INFO @wdio/cli:launcher: Run onWorkerEnd hook
2026-02-01T11:26:43.411Z INFO @wdio/cli:launcher: Run onWorkerStart hook
2026-02-01T11:26:43.412Z INFO @wdio/local-runner: Start worker 0-6 with arg: run tests/e2e/wdio.conf.ts
2026-02-01T11:26:43.472Z INFO @wdio/xvfb:ProcessFactory: xvfb-run not found, falling back to regular fork
2026-02-01T11:26:43.473Z INFO @wdio/xvfb:ProcessFactory: ProcessFactory: shouldRun=false, isAvailable=false
2026-02-01T11:26:43.473Z INFO @wdio/xvfb:ProcessFactory: Creating worker process with regular fork
[0-6] 2026-02-01T11:26:44.714Z INFO @wdio/local-runner: Run worker command: run
[0-6] Starting msedgedriver 144.0.3719.104 (7d1be999663b6950497e02929a79dc4136d9e376) on port 4445
[0-6] To submit feedback, report a bug, or suggest new features, please visit https://github.com/MicrosoftEdge/EdgeWebDriver
[0-6] 
[0-6] Only local connections are allowed.
[0-6] Please see https://aka.ms/WebDriverSecurity for suggestions on keeping Microsoft Edge WebDriver safe.
[0-6] msedgedriver was started successfully on port 4445.
[0-6] RUNNING in undefined - file:///D:/omc/mcp-mux/tests/e2e/specs/server-lifecycle.wdio.ts
[0-6] 2026-02-01T11:26:45.086Z INFO webdriver: Initiate new session using the WebDriver protocol
[0-6] 2026-02-01T11:26:45.086Z INFO @wdio/utils: Connecting to existing driver at http://localhost:4444/
[0-6] 2026-02-01T11:26:45.093Z INFO webdriver: [POST] http://localhost:4444/session
[0-6] 2026-02-01T11:26:46.273Z INFO webdriver: COMMAND getWindowHandle()
[0-6] 2026-02-01T11:26:46.273Z INFO webdriver: [GET] http://localhost:4444/session/e17e637a9b36c07266259deb71406949/window
[0-6] 2026-02-01T11:26:46.279Z INFO webdriver: RESULT CC2E505116E5A8BA5ADB1BD30537EAF1
[0-6] 2026-02-01T11:26:46.301Z INFO webdriver: COMMAND findElement("css selector", "[data-testid="nav-discover"]")
[0-6] 2026-02-01T11:26:46.302Z INFO webdriver: [POST] http://localhost:4444/session/e17e637a9b36c07266259deb71406949/element
[0-6] 2026-02-01T11:26:46.303Z INFO webdriver: DATA {"using":"css selector","value":"[data-testid=\"nav-discover\"]"}
[0-6] 2026-02-01T11:26:46.318Z INFO webdriver: RESULT {
[0-6]   'element-6066-11e4-a52e-4f735466cecf': 'f.CC2E505116E5A8BA5ADB1BD30537EAF1.d.A12DACDA1BAA55EA4BEE09F81214E0F0.e.18'
[0-6] }
[0-6] 2026-02-01T11:26:46.322Z INFO webdriver: COMMAND elementClick("f.CC2E505116E5A8BA5ADB1BD30537EAF1.d.A12DACDA1BAA55EA4BEE09F81214E0F0.e.18")
[0-6] 2026-02-01T11:26:46.322Z INFO webdriver: [POST] http://localhost:4444/session/e17e637a9b36c07266259deb71406949/element/f.CC2E505116E5A8BA5ADB1BD30537EAF1.d.A12DACDA1BAA55EA4BEE09F81214E0F0.e.18/click
[0-6] 2026-02-01T11:26:46.322Z INFO webdriver: DATA {}
[0-6] 2026-02-01T11:26:46.421Z INFO webdriver: RESULT null
[0-6] 2026-02-01T11:26:46.423Z INFO webdriver: COMMAND takeScreenshot()
[0-6] 2026-02-01T11:26:46.423Z INFO webdriver: [GET] http://localhost:4444/session/e17e637a9b36c07266259deb71406949/screenshot
[0-6] 2026-02-01T11:26:46.662Z INFO webdriver: RESULT iVBORw0KGgoAAAANSUhEUgAACWAAAAWmCAIAAACDPgzkAAAQAElEQVR4nOzdB...
[0-6] 2026-02-01T11:26:48.429Z INFO webdriver: COMMAND findElement("css selector", "[data-testid="search-input"]")
[0-6] 2026-02-01T11:26:48.430Z INFO webdriver: [POST] http://localhost:4444/session/e17e637a9b36c07266259deb71406949/element
[0-6] 2026-02-01T11:26:48.430Z INFO webdriver: DATA {"using":"css selector","value":"[data-testid=\"search-input\"]"}
[0-6] 2026-02-01T11:26:48.441Z INFO webdriver: RESULT {
[0-6]   'element-6066-11e4-a52e-4f735466cecf': 'f.CC2E505116E5A8BA5ADB1BD30537EAF1.d.A12DACDA1BAA55EA4BEE09F81214E0F0.e.50'
[0-6] }
[0-6] 2026-02-01T11:26:48.443Z INFO webdriver: COMMAND elementClear("f.CC2E505116E5A8BA5ADB1BD30537EAF1.d.A12DACDA1BAA55EA4BEE09F81214E0F0.e.50")
[0-6] 2026-02-01T11:26:48.443Z INFO webdriver: [POST] http://localhost:4444/session/e17e637a9b36c07266259deb71406949/element/f.CC2E505116E5A8BA5ADB1BD30537EAF1.d.A12DACDA1BAA55EA4BEE09F81214E0F0.e.50/clear
[0-6] 2026-02-01T11:26:48.443Z INFO webdriver: DATA {}
[0-6] 2026-02-01T11:26:48.478Z INFO webdriver: RESULT null
[0-6] 2026-02-01T11:26:48.479Z INFO webdriver: COMMAND takeScreenshot()
[0-6] 2026-02-01T11:26:48.479Z INFO webdriver: [GET] http://localhost:4444/session/e17e637a9b36c07266259deb71406949/screenshot
[0-6] 2026-02-01T11:26:48.673Z INFO webdriver: RESULT iVBORw0KGgoAAAANSUhEUgAACWAAAAWmCAIAAACDPgzkAAAQAElEQVR4nOzdC...
[0-6] 2026-02-01T11:26:48.793Z INFO webdriver: COMMAND elementClear("f.CC2E505116E5A8BA5ADB1BD30537EAF1.d.A12DACDA1BAA55EA4BEE09F81214E0F0.e.50")
[0-6] 2026-02-01T11:26:48.794Z INFO webdriver: [POST] http://localhost:4444/session/e17e637a9b36c07266259deb71406949/element/f.CC2E505116E5A8BA5ADB1BD30537EAF1.d.A12DACDA1BAA55EA4BEE09F81214E0F0.e.50/clear
[0-6] 2026-02-01T11:26:48.794Z INFO webdriver: DATA {}
[0-6] 2026-02-01T11:26:48.835Z INFO webdriver: RESULT null
[0-6] 2026-02-01T11:26:48.836Z INFO webdriver: COMMAND elementSendKeys("f.CC2E505116E5A8BA5ADB1BD30537EAF1.d.A12DACDA1BAA55EA4BEE09F81214E0F0.e.50", "<Screenshot[base64]>")
[0-6] 2026-02-01T11:26:48.836Z INFO webdriver: [POST] http://localhost:4444/session/e17e637a9b36c07266259deb71406949/element/f.CC2E505116E5A8BA5ADB1BD30537EAF1.d.A12DACDA1BAA55EA4BEE09F81214E0F0.e.50/value
[0-6] 2026-02-01T11:26:48.836Z INFO webdriver: DATA {"text":"Echo"}
[0-6] 2026-02-01T11:26:48.838Z INFO webdriver: COMMAND takeScreenshot()
[0-6] 2026-02-01T11:26:48.838Z INFO webdriver: [GET] http://localhost:4444/session/e17e637a9b36c07266259deb71406949/screenshot
[0-6] 2026-02-01T11:26:48.905Z INFO webdriver: RESULT null
[0-6] 2026-02-01T11:26:48.906Z INFO webdriver: COMMAND takeScreenshot()
[0-6] 2026-02-01T11:26:48.906Z INFO webdriver: [GET] http://localhost:4444/session/e17e637a9b36c07266259deb71406949/screenshot
[0-6] 2026-02-01T11:26:49.052Z INFO webdriver: RESULT iVBORw0KGgoAAAANSUhEUgAACWAAAAWmCAIAAACDPgzkAAAQAElEQVR4nOzdC...
[0-6] 2026-02-01T11:26:49.203Z INFO webdriver: RESULT iVBORw0KGgoAAAANSUhEUgAACWAAAAWmCAIAAACDPgzkAAAQAElEQVR4nOzdC...
[0-6] 2026-02-01T11:26:49.919Z INFO webdriver: COMMAND takeScreenshot()
[0-6] 2026-02-01T11:26:49.919Z INFO webdriver: [GET] http://localhost:4444/session/e17e637a9b36c07266259deb71406949/screenshot
[0-6] 2026-02-01T11:26:50.065Z INFO webdriver: RESULT iVBORw0KGgoAAAANSUhEUgAACWAAAAWmCAIAAACDPgzkAAAQAElEQVR4nOzdC...
[0-6] 2026-02-01T11:26:50.069Z INFO webdriver: COMMAND findElement("css selector", "[data-testid="install-btn-echo-server"]")
[0-6] 2026-02-01T11:26:50.069Z INFO webdriver: [POST] http://localhost:4444/session/e17e637a9b36c07266259deb71406949/element
[0-6] 2026-02-01T11:26:50.069Z INFO webdriver: DATA {"using":"css selector","value":"[data-testid=\"install-btn-echo-server\"]"}
[0-6] 2026-02-01T11:26:50.085Z INFO webdriver: RESULT {
[0-6]   'element-6066-11e4-a52e-4f735466cecf': 'f.CC2E505116E5A8BA5ADB1BD30537EAF1.d.A12DACDA1BAA55EA4BEE09F81214E0F0.e.84'
[0-6] }
[0-6] 2026-02-01T11:26:50.090Z INFO webdriver: COMMAND executeScript(<fn>, <object>)
[0-6] 2026-02-01T11:26:50.091Z INFO webdriver: [POST] http://localhost:4444/session/e17e637a9b36c07266259deb71406949/execute/sync
[0-6] 2026-02-01T11:26:50.091Z INFO webdriver: DATA {"script":"\n            function webdriverioPolyfill() {\n  var __defProp = Object.defineProperty;\n  var __name = function(target, _value) {\n    return __defProp(target, \"name\", { value: _value, configurable: true });\n  };\n  var __globalThis = typeof globalThis === \"object\" && globalThis || typeof window === \"object\" && window;\n  __globalThis.__name = __name;\n}\n            webdriverioPolyfill();\n            return (function(elem) {\n      try {\n        const style = window.getComputedStyle(elem);\n        return { value: style?.display ?? \"\" };\n      } catch {\n        if (typeof elem.isConnected === \"boolean\" && !elem.isConnected) {\n          throw new Error(\"stale element reference: element is not attached to the page document\");\n        }\n        return { value: \"\" };\n      }\n    }).apply(null, arguments)\n        ","args":[{"element-6066-11e4-a52e-4f735466cecf":"f.CC2E505116E5A8BA5ADB1BD30537EAF1.d.A12DACDA1BAA55EA4BEE09F81214E0F0.e.84","ELEMENT":"f.CC2E505116E5A8BA5ADB1BD30537EAF1.d.A12DACDA1BAA55EA4BEE09F81214E0F0.e.84"}]}
[0-6] 2026-02-01T11:26:50.092Z INFO webdriver: COMMAND executeScript(<fn>, <object>)
[0-6] 2026-02-01T11:26:50.092Z INFO webdriver: [POST] http://localhost:4444/session/e17e637a9b36c07266259deb71406949/execute/sync
[0-6] 2026-02-01T11:26:50.093Z INFO webdriver: DATA {"script":"\n            function webdriverioPolyfill() {\n  var __defProp = Object.defineProperty;\n  var __name = function(target, _value) {\n    return __defProp(target, \"name\", { value: _value, configurable: true });\n  };\n  var __globalThis = typeof globalThis === \"object\" && globalThis || typeof window === \"object\" && window;\n  __globalThis.__name = __name;\n}\n            webdriverioPolyfill();\n            return (function checkVisibility(elem, params) {\n      if (typeof elem.checkVisibility === \"function\") {\n        return elem.checkVisibility(params);\n      }\n      return null;\n    }).apply(null, arguments)\n        ","args":[{"element-6066-11e4-a52e-4f735466cecf":"f.CC2E505116E5A8BA5ADB1BD30537EAF1.d.A12DACDA1BAA55EA4BEE09F81214E0F0.e.84","ELEMENT":"f.CC2E505116E5A8BA5ADB1BD30537EAF1.d.A12DACDA1BAA55EA4BEE09F81214E0F0.e.84"},{"withinViewport":false,"contentVisibilityAuto":true,"opacityProperty":true,"visibilityProperty":true}]}
[0-6] 2026-02-01T11:26:50.102Z INFO webdriver: RESULT { value: 'block' }
[0-6] 2026-02-01T11:26:50.103Z INFO webdriver: COMMAND takeScreenshot()
[0-6] 2026-02-01T11:26:50.104Z INFO webdriver: [GET] http://localhost:4444/session/e17e637a9b36c07266259deb71406949/screenshot
[0-6] 2026-02-01T11:26:50.109Z INFO webdriver: RESULT true
[0-6] 2026-02-01T11:26:50.110Z INFO webdriver: COMMAND executeScript(<fn>, <object>)
[0-6] 2026-02-01T11:26:50.110Z INFO webdriver: [POST] http://localhost:4444/session/e17e637a9b36c07266259deb71406949/execute/sync
[0-6] 2026-02-01T11:26:50.110Z INFO webdriver: DATA {"script":"\n            function webdriverioPolyfill() {\n  var __defProp = Object.defineProperty;\n  var __name = function(target, _value) {\n    return __defProp(target, \"name\", { value: _value, configurable: true });\n  };\n  var __globalThis = typeof globalThis === \"object\" && globalThis || typeof window === \"object\" && window;\n  __globalThis.__name = __name;\n}\n            webdriverioPolyfill();\n            return (function(elem) {\n      try {\n        const style = window.getComputedStyle(elem);\n        return { value: style?.display ?? \"\" };\n      } catch {\n        if (typeof elem.isConnected === \"boolean\" && !elem.isConnected) {\n          throw new Error(\"stale element reference: element is not attached to the page document\");\n        }\n        return { value: \"\" };\n      }\n    }).apply(null, arguments)\n        ","args":[{"element-6066-11e4-a52e-4f735466cecf":"f.CC2E505116E5A8BA5ADB1BD30537EAF1.d.A12DACDA1BAA55EA4BEE09F81214E0F0.e.84","ELEMENT":"f.CC2E505116E5A8BA5ADB1BD30537EAF1.d.A12DACDA1BAA55EA4BEE09F81214E0F0.e.84"}]}
[0-6] 2026-02-01T11:26:50.111Z INFO webdriver: COMMAND executeScript(<fn>, <object>)
[0-6] 2026-02-01T11:26:50.111Z INFO webdriver: [POST] http://localhost:4444/session/e17e637a9b36c07266259deb71406949/execute/sync
[0-6] 2026-02-01T11:26:50.111Z INFO webdriver: DATA {"script":"\n            function webdriverioPolyfill() {\n  var __defProp = Object.defineProperty;\n  var __name = function(target, _value) {\n    return __defProp(target, \"name\", { value: _value, configurable: true });\n  };\n  var __globalThis = typeof globalThis === \"object\" && globalThis || typeof window === \"object\" && window;\n  __globalThis.__name = __name;\n}\n            webdriverioPolyfill();\n            return (function checkVisibility(elem, params) {\n      if (typeof elem.checkVisibility === \"function\") {\n        return elem.checkVisibility(params);\n      }\n      return null;\n    }).apply(null, arguments)\n        ","args":[{"element-6066-11e4-a52e-4f735466cecf":"f.CC2E505116E5A8BA5ADB1BD30537EAF1.d.A12DACDA1BAA55EA4BEE09F81214E0F0.e.84","ELEMENT":"f.CC2E505116E5A8BA5ADB1BD30537EAF1.d.A12DACDA1BAA55EA4BEE09F81214E0F0.e.84"},{"withinViewport":false,"contentVisibilityAuto":true,"opacityProperty":true,"visibilityProperty":true}]}
[0-6] 2026-02-01T11:26:50.112Z INFO webdriver: COMMAND takeScreenshot()
[0-6] 2026-02-01T11:26:50.112Z INFO webdriver: [GET] http://localhost:4444/session/e17e637a9b36c07266259deb71406949/screenshot
[0-6] 2026-02-01T11:26:50.246Z INFO webdriver: RESULT iVBORw0KGgoAAAANSUhEUgAACWAAAAWmCAIAAACDPgzkAAAQAElEQVR4nOzdC...
[0-6] 2026-02-01T11:26:50.247Z INFO webdriver: RESULT { value: 'block' }
[0-6] 2026-02-01T11:26:50.255Z INFO webdriver: COMMAND takeScreenshot()
[0-6] 2026-02-01T11:26:50.255Z INFO webdriver: [GET] http://localhost:4444/session/e17e637a9b36c07266259deb71406949/screenshot
[0-6] 2026-02-01T11:26:50.402Z INFO webdriver: RESULT true
[0-6] 2026-02-01T11:26:50.403Z INFO webdriver: COMMAND executeScript(<fn>, <object>)
[0-6] 2026-02-01T11:26:50.403Z INFO webdriver: [POST] http://localhost:4444/session/e17e637a9b36c07266259deb71406949/execute/sync
[0-6] 2026-02-01T11:26:50.404Z INFO webdriver: DATA {"script":"\n            function webdriverioPolyfill() {\n  var __defProp = Object.defineProperty;\n  var __name = function(target, _value) {\n    return __defProp(target, \"name\", { value: _value, configurable: true });\n  };\n  var __globalThis = typeof globalThis === \"object\" && globalThis || typeof window === \"object\" && window;\n  __globalThis.__name = __name;\n}\n            webdriverioPolyfill();\n            return (function isElementClickable(elem) {\n  if (!elem.getBoundingClientRect || !elem.scrollIntoView || !elem.contains || !elem.getClientRects || !document.elementFromPoint) {\n    return false;\n  }\n  const isOldEdge = !!window.StyleMedia;\n  const scrollIntoViewFullSupport = !(window.safari || isOldEdge);\n  function getOverlappingElement(elem2, context) {\n    context = context || document;\n    const elemDimension = elem2.getBoundingClientRect();\n    const x = elemDimension.left + elem2.clientWidth / 2;\n    const y = elemDimension.top + elem2.clientHeight / 2;\n    return context.elementFromPoint(x, y);\n  }\n  function getOverlappingRects(elem2, context) {\n    context = context || document;\n    const rects = elem2.getClientRects();\n    const rect = rects[0];\n    const x = rect.left + rect.width / 2;\n    const y = rect.top + rect.height / 2;\n    return [context.elementFromPoint(x, y)];\n  }\n  function getOverlappingElements(elem2, context) {\n    return [getOverlappingElement(elem2, context)].concat(getOverlappingRects(elem2, context));\n  }\n  function nodeContains(elem2, otherNode) {\n    if (isOldEdge) {\n      let tmpElement = otherNode;\n      while (tmpElement) {\n        if (tmpElement === elem2) {\n          return true;\n        }\n        tmpElement = tmpElement.parentNode;\n        if (tmpElement && tmpElement.nodeType === 11 && tmpElement.host) {\n          tmpElement = tmpElement.host;\n        }\n      }\n      return false;\n    }\n    return elem2.contains(otherNode);\n  }\n  function isOverlappingElementMatch(elementsFromPoint, elem2) {\n    if (elementsFromPoint.some(function(elementFromPoint) {\n      return elementFromPoint === elem2 || nodeContains(elem2, elementFromPoint);\n    })) {\n      return true;\n    }\n    let elemsWithShadowRoot = [].concat(elementsFromPoint);\n    elemsWithShadowRoot = elemsWithShadowRoot.filter(function(x) {\n      return x && x.shadowRoot && x.shadowRoot.elementFromPoint;\n    });\n    let shadowElementsFromPoint = [];\n    for (let i = 0; i < elemsWithShadowRoot.length; ++i) {\n      const shadowElement = elemsWithShadowRoot[i];\n      shadowElementsFromPoint = shadowElementsFromPoint.concat(\n        getOverlappingElements(elem2, shadowElement.shadowRoot)\n      );\n    }\n    shadowElementsFromPoint = [].concat(shadowElementsFromPoint);\n    shadowElementsFromPoint = shadowElementsFromPoint.filter(function(x) {\n      return !elementsFromPoint.includes(x);\n    });\n    if (shadowElementsFromPoint.length === 0) {\n      return false;\n    }\n    return isOverlappingElementMatch(shadowElementsFromPoint, elem2);\n  }\n  function isElementInViewport(elem2) {\n    if (!elem2.getBoundingClientRect) {\n      return false;\n    }\n    const rect = elem2.getBoundingClientRect();\n    const windowHeight = window.innerHeight || document.documentElement.clientHeight;\n    const windowWidth = window.innerWidth || document.documentElement.clientWidth;\n    const vertInView = rect.top < windowHeight && rect.top + rect.height > 0;\n    const horInView = rect.left < windowWidth && rect.left + rect.width > 0;\n    return vertInView && horInView;\n  }\n  function isEnabled(elem2) {\n    return elem2.disabled !== true;\n  }\n  function hasOverlaps(elem2) {\n    return !isOverlappingElementMatch(getOverlappingElements(elem2), elem2);\n  }\n  function isFullyDisplayedInViewport(elem2) {\n    return isElementInViewport(elem2) && !hasOverlaps(elem2);\n  }\n  function getViewportScrollPositions() {\n    return {\n      x: window.scrollX !== null && window.scrollX !== void 0 ? window.scrollX : window.pageXOffset,\n      y: window.scrollY !== null && window.scrollY !== void 0 ? window.scrollY : window.pageYOffset\n    };\n  }\n  let _isFullyDisplayedInViewport = isFullyDisplayedInViewport(elem);\n  if (!_isFullyDisplayedInViewport) {\n    const { x: originalX, y: originalY } = getViewportScrollPositions();\n    elem.scrollIntoView(scrollIntoViewFullSupport ? { block: \"center\", inline: \"center\" } : false);\n    _isFullyDisplayedInViewport = isFullyDisplayedInViewport(elem);\n    const { x: currentX, y: currentY } = getViewportScrollPositions();\n    if (currentX !== originalX || currentY !== originalY) {\n      window.scroll(originalX, originalY);\n    }\n  }\n  return _isFullyDisplayedInViewport && isEnabled(elem);\n}).apply(null, arguments)\n        ","args":[{"element-6066-11e4-a52e-4f735466cecf":"f.CC2E505116E5A8BA5ADB1BD30537EAF1.d.A12DACDA1BAA55EA4BEE09F81214E0F0.e.84","ELEMENT":"f.CC2E505116E5A8BA5ADB1BD30537EAF1.d.A12DACDA1BAA55EA4BEE09F81214E0F0.e.84"}]}
[0-6] 2026-02-01T11:26:50.405Z INFO webdriver: COMMAND takeScreenshot()
[0-6] 2026-02-01T11:26:50.406Z INFO webdriver: [GET] http://localhost:4444/session/e17e637a9b36c07266259deb71406949/screenshot
[0-6] 2026-02-01T11:26:50.408Z INFO webdriver: RESULT iVBORw0KGgoAAAANSUhEUgAACWAAAAWmCAIAAACDPgzkAAAQAElEQVR4nOzdC...
[0-6] 2026-02-01T11:26:50.545Z INFO webdriver: RESULT iVBORw0KGgoAAAANSUhEUgAACWAAAAWmCAIAAACDPgzkAAAQAElEQVR4nOzdC...
[0-6] 2026-02-01T11:26:50.551Z INFO webdriver: RESULT true
[0-6] 2026-02-01T11:26:50.552Z INFO webdriver: COMMAND elementClick("f.CC2E505116E5A8BA5ADB1BD30537EAF1.d.A12DACDA1BAA55EA4BEE09F81214E0F0.e.84")
[0-6] 2026-02-01T11:26:50.552Z INFO webdriver: [POST] http://localhost:4444/session/e17e637a9b36c07266259deb71406949/element/f.CC2E505116E5A8BA5ADB1BD30537EAF1.d.A12DACDA1BAA55EA4BEE09F81214E0F0.e.84/click
[0-6] 2026-02-01T11:26:50.552Z INFO webdriver: DATA {}
[0-6] 2026-02-01T11:26:50.553Z INFO webdriver: COMMAND takeScreenshot()
[0-6] 2026-02-01T11:26:50.554Z INFO webdriver: [GET] http://localhost:4444/session/e17e637a9b36c07266259deb71406949/screenshot
[0-6] 2026-02-01T11:26:50.710Z INFO webdriver: RESULT iVBORw0KGgoAAAANSUhEUgAACWAAAAWmCAIAAACDPgzkAAAQAElEQVR4nOzdC...
[0-6] 2026-02-01T11:26:50.754Z INFO webdriver: RESULT null
[0-6] 2026-02-01T11:26:50.755Z INFO webdriver: COMMAND takeScreenshot()
[0-6] 2026-02-01T11:26:50.755Z INFO webdriver: [GET] http://localhost:4444/session/e17e637a9b36c07266259deb71406949/screenshot
[0-6] 2026-02-01T11:26:50.971Z INFO webdriver: RESULT iVBORw0KGgoAAAANSUhEUgAACWAAAAWmCAIAAACDPgzkAAAQAElEQVR4nOzdC...
[0-6] 2026-02-01T11:26:51.130Z INFO webdriver: RESULT iVBORw0KGgoAAAANSUhEUgAACWAAAAWmCAIAAACDPgzkAAAQAElEQVR4nOzdC...
[0-6] 2026-02-01T11:26:53.756Z INFO webdriver: COMMAND findElement("css selector", "[data-testid="uninstall-btn-echo-server"]")
[0-6] 2026-02-01T11:26:53.756Z INFO webdriver: [POST] http://localhost:4444/session/e17e637a9b36c07266259deb71406949/element
[0-6] 2026-02-01T11:26:53.756Z INFO webdriver: DATA {"using":"css selector","value":"[data-testid=\"uninstall-btn-echo-server\"]"}
[0-6] 2026-02-01T11:26:53.770Z INFO webdriver: RESULT {
[0-6]   'element-6066-11e4-a52e-4f735466cecf': 'f.CC2E505116E5A8BA5ADB1BD30537EAF1.d.A12DACDA1BAA55EA4BEE09F81214E0F0.e.84'
[0-6] }
[0-6] 2026-02-01T11:26:53.774Z INFO webdriver: COMMAND executeScript(<fn>, <object>)
[0-6] 2026-02-01T11:26:53.775Z INFO webdriver: [POST] http://localhost:4444/session/e17e637a9b36c07266259deb71406949/execute/sync
[0-6] 2026-02-01T11:26:53.775Z INFO webdriver: DATA {"script":"\n            function webdriverioPolyfill() {\n  var __defProp = Object.defineProperty;\n  var __name = function(target, _value) {\n    return __defProp(target, \"name\", { value: _value, configurable: true });\n  };\n  var __globalThis = typeof globalThis === \"object\" && globalThis || typeof window === \"object\" && window;\n  __globalThis.__name = __name;\n}\n            webdriverioPolyfill();\n            return (function(elem) {\n      try {\n        const style = window.getComputedStyle(elem);\n        return { value: style?.display ?? \"\" };\n      } catch {\n        if (typeof elem.isConnected === \"boolean\" && !elem.isConnected) {\n          throw new Error(\"stale element reference: element is not attached to the page document\");\n        }\n        return { value: \"\" };\n      }\n    }).apply(null, arguments)\n        ","args":[{"element-6066-11e4-a52e-4f735466cecf":"f.CC2E505116E5A8BA5ADB1BD30537EAF1.d.A12DACDA1BAA55EA4BEE09F81214E0F0.e.84","ELEMENT":"f.CC2E505116E5A8BA5ADB1BD30537EAF1.d.A12DACDA1BAA55EA4BEE09F81214E0F0.e.84"}]}
[0-6] 2026-02-01T11:26:53.775Z INFO webdriver: COMMAND executeScript(<fn>, <object>)
[0-6] 2026-02-01T11:26:53.776Z INFO webdriver: [POST] http://localhost:4444/session/e17e637a9b36c07266259deb71406949/execute/sync
[0-6] 2026-02-01T11:26:53.776Z INFO webdriver: DATA {"script":"\n            function webdriverioPolyfill() {\n  var __defProp = Object.defineProperty;\n  var __name = function(target, _value) {\n    return __defProp(target, \"name\", { value: _value, configurable: true });\n  };\n  var __globalThis = typeof globalThis === \"object\" && globalThis || typeof window === \"object\" && window;\n  __globalThis.__name = __name;\n}\n            webdriverioPolyfill();\n            return (function checkVisibility(elem, params) {\n      if (typeof elem.checkVisibility === \"function\") {\n        return elem.checkVisibility(params);\n      }\n      return null;\n    }).apply(null, arguments)\n        ","args":[{"element-6066-11e4-a52e-4f735466cecf":"f.CC2E505116E5A8BA5ADB1BD30537EAF1.d.A12DACDA1BAA55EA4BEE09F81214E0F0.e.84","ELEMENT":"f.CC2E505116E5A8BA5ADB1BD30537EAF1.d.A12DACDA1BAA55EA4BEE09F81214E0F0.e.84"},{"withinViewport":false,"contentVisibilityAuto":true,"opacityProperty":true,"visibilityProperty":true}]}
[0-6] 2026-02-01T11:26:53.781Z INFO webdriver: RESULT { value: 'block' }
[0-6] 2026-02-01T11:26:53.781Z INFO webdriver: COMMAND takeScreenshot()
[0-6] 2026-02-01T11:26:53.781Z INFO webdriver: [GET] http://localhost:4444/session/e17e637a9b36c07266259deb71406949/screenshot
[0-6] 2026-02-01T11:26:53.784Z INFO webdriver: RESULT true
[0-6] 2026-02-01T11:26:53.785Z INFO webdriver: COMMAND takeScreenshot()
[0-6] 2026-02-01T11:26:53.785Z INFO webdriver: [GET] http://localhost:4444/session/e17e637a9b36c07266259deb71406949/screenshot
[0-6] 2026-02-01T11:26:53.786Z INFO webdriver: COMMAND takeScreenshot()
[0-6] 2026-02-01T11:26:53.786Z INFO webdriver: [GET] http://localhost:4444/session/e17e637a9b36c07266259deb71406949/screenshot
[0-6] 2026-02-01T11:26:53.903Z INFO webdriver: RESULT iVBORw0KGgoAAAANSUhEUgAACWAAAAWmCAIAAACDPgzkAAAQAElEQVR4nOzdC...
[0-6] 2026-02-01T11:26:54.020Z INFO webdriver: RESULT iVBORw0KGgoAAAANSUhEUgAACWAAAAWmCAIAAACDPgzkAAAQAElEQVR4nOzdC...
[0-6] 2026-02-01T11:26:54.143Z INFO webdriver: RESULT iVBORw0KGgoAAAANSUhEUgAACWAAAAWmCAIAAACDPgzkAAAQAElEQVR4nOzdC...
[0-6] 2026-02-01T11:26:54.146Z INFO webdriver: COMMAND findElement("css selector", "[data-testid="nav-my-servers"]")
[0-6] 2026-02-01T11:26:54.146Z INFO webdriver: [POST] http://localhost:4444/session/e17e637a9b36c07266259deb71406949/element
[0-6] 2026-02-01T11:26:54.146Z INFO webdriver: DATA {"using":"css selector","value":"[data-testid=\"nav-my-servers\"]"}
[0-6] 2026-02-01T11:26:54.157Z INFO webdriver: RESULT {
[0-6]   'element-6066-11e4-a52e-4f735466cecf': 'f.CC2E505116E5A8BA5ADB1BD30537EAF1.d.A12DACDA1BAA55EA4BEE09F81214E0F0.e.117'
[0-6] }
[0-6] 2026-02-01T11:26:54.159Z INFO webdriver: COMMAND elementClick("f.CC2E505116E5A8BA5ADB1BD30537EAF1.d.A12DACDA1BAA55EA4BEE09F81214E0F0.e.117")
[0-6] 2026-02-01T11:26:54.160Z INFO webdriver: [POST] http://localhost:4444/session/e17e637a9b36c07266259deb71406949/element/f.CC2E505116E5A8BA5ADB1BD30537EAF1.d.A12DACDA1BAA55EA4BEE09F81214E0F0.e.117/click
[0-6] 2026-02-01T11:26:54.160Z INFO webdriver: DATA {}
[0-6] 2026-02-01T11:26:54.218Z INFO webdriver: RESULT null
[0-6] 2026-02-01T11:26:54.218Z INFO webdriver: COMMAND takeScreenshot()
[0-6] 2026-02-01T11:26:54.218Z INFO webdriver: [GET] http://localhost:4444/session/e17e637a9b36c07266259deb71406949/screenshot
[0-6] 2026-02-01T11:26:54.377Z INFO webdriver: RESULT iVBORw0KGgoAAAANSUhEUgAACWAAAAWmCAIAAACDPgzkAAAQAElEQVR4nOzdC...
[0-6] 2026-02-01T11:26:56.223Z INFO webdriver: COMMAND takeScreenshot()
[0-6] 2026-02-01T11:26:56.224Z INFO webdriver: [GET] http://localhost:4444/session/e17e637a9b36c07266259deb71406949/screenshot
[0-6] 2026-02-01T11:26:56.398Z INFO webdriver: RESULT iVBORw0KGgoAAAANSUhEUgAACWAAAAWmCAIAAACDPgzkAAAQAElEQVR4nOzdC...
[0-6] 2026-02-01T11:26:56.401Z INFO webdriver: COMMAND getPageSource()
[0-6] 2026-02-01T11:26:56.401Z INFO webdriver: [GET] http://localhost:4444/session/e17e637a9b36c07266259deb71406949/source
[0-6] 2026-02-01T11:26:56.409Z INFO webdriver: RESULT <html lang="en"><head>
[0-6]     <meta charset="UTF-8">
[0-6]     <link rel="icon" type="image/svg+xml" href="/mcpmux.svg">
[0-6]     <meta name="viewport" content="width=device-width, initial-scale=1.0">
[0-6]     <title>McpMux</title>
[0-6]     <script type="module" crossorigin="" src="/assets/index-CiZJOwjC.js"></script>
[0-6]     <link rel="stylesheet" crossorigin="" href="/assets/index-Df7hU3Vb.css">
[0-6]   </head>
[0-6] 
[0-6]   <body>
[0-6]     <div id="root"><div class="flex h-screen flex-col overflow-hidden bg-[rgb(var(--background))]"><div class="drag-region h-8 flex-shrink-0 bg-[rgb(var(--surface))] border-b border-[rgb(var(--border-subtle))]"></div><div class="flex flex-1 overflow-hidden"><aside class="w-60 flex-shrink-0 border-r border-[rgb(var(--border-subtle))]"><nav class="flex h-full flex-col bg-[rgb(var(--surface))]"><div class="flex-shrink-0 p-4 border-b border-[rgb(var(--border-subtle))]"><div class="space-y-3"><div class="flex items-center justify-between"><div class="flex items-center gap-2"><svg xmlns="http://www.w3.org/2000/svg" width="24" height="24" viewBox="0 0 24 24" fill="none" stroke="currentColor" stroke-width="2" stroke-linecap="round" stroke-linejoin="round" class="lucide lucide-zap h-6 w-6 text-primary-500" aria-hidden="true"><path d="M4 14a1 1 0 0 1-.78-1.63l9.9-10.2a.5.5 0 0 1 .86.46l-1.92 6.02A1 1 0 0 0 13 10h7a1 1 0 0 1 .78 1.63l-9.9 10.2a.5.5 0 0 1-.86-.46l1.92-6.02A1 1 0 0 0 11 14z"></path></svg><span class="font-bold text-lg">McpMux</span></div><button class="p-1.5 rounded-lg hover:bg-surface-hover transition-colors" title="Dark mode"><svg xmlns="http://www.w3.org/2000/svg" width="24" height="24" viewBox="0 0 24 24" fill="none" stroke="currentColor" stroke-width="2" stroke-linecap="round" stroke-linejoin="round" class="lucide lucide-moon h-4 w-4" aria-hidden="true"><path d="M20.985 12.486a9 9 0 1 1-9.473-9.472c.405-.022.617.46.402.803a6 6 0 0 0 8.268 8.268c.344-.215.825-.004.803.401"></path></svg></button></div><div class="relative w-full"><button class="w-full flex items-center justify-between gap-2 px-3 py-2.5 rounded-xl border border-[rgb(var(--border))] bg-[rgb(var(--surface))] hover:bg-[rgb(var(--surface-hover))] hover:border-[rgb(var(--primary))/30] transition-all duration-150 group"><span class="flex items-center gap-3 min-w-0"><span class="text-xl">≡ƒÅá</span><span class="font-medium text-sm truncate">Personal</span></span><svg xmlns="http://www.w3.org/2000/svg" width="24" height="24" viewBox="0 0 24 24" fill="none" stroke="currentColor" stroke-width="2" stroke-linecap="round" stroke-linejoin="round" class="lucide lucide-chevron-down h-4 w-4 flex-shrink-0 text-[rgb(var(--muted))] group-hover:text-[rgb(var(--foreground))] transition-all duration-200" aria-hidden="true"><path d="m6 9 6 6 6-6"></path></svg></button></div></div></div><div class="flex-1 overflow-y-auto p-3"><div class="mb-6"><div class="space-y-0.5"><button data-testid="nav-dashboard" class="flex w-full items-center gap-3 rounded-lg px-3 py-2.5 text-sm font-medium transition-all duration-150 text-[rgb(var(--muted))] hover:text-[rgb(var(--foreground))] hover:bg-[rgb(var(--surface-hover))]"><span class="h-5 w-5 flex items-center justify-center transition-colors"><svg xmlns="http://www.w3.org/2000/svg" width="24" height="24" viewBox="0 0 24 24" fill="none" stroke="currentColor" stroke-width="2" stroke-linecap="round" stroke-linejoin="round" class="lucide lucide-house h-4 w-4" aria-hidden="true"><path d="M15 21v-8a1 1 0 0 0-1-1h-4a1 1 0 0 0-1 1v8"></path><path d="M3 10a2 2 0 0 1 .709-1.528l7-6a2 2 0 0 1 2.582 0l7 6A2 2 0 0 1 21 10v9a2 2 0 0 1-2 2H5a2 2 0 0 1-2-2z"></path></svg></span><span>Dashboard</span></button><button data-testid="nav-my-servers" class="flex w-full items-center gap-3 rounded-lg px-3 py-2.5 text-sm font-medium transition-all duration-150 hover:text-[rgb(var(--foreground))] bg-[rgb(var(--primary))/10] text-[rgb(var(--primary))] hover:bg-[rgb(var(--primary))/15]"><span class="h-5 w-5 flex items-center justify-center transition-colors text-[rgb(var(--primary))]"><svg xmlns="http://www.w3.org/2000/svg" width="24" height="24" viewBox="0 0 24 24" fill="none" stroke="currentColor" stroke-width="2" stroke-linecap="round" stroke-linejoin="round" class="lucide lucide-zap h-4 w-4" aria-hidden="true"><path d="M4 14a1 1 0 0 1-.78-1.63l9.9-10.2a.5.5 0 0 1 .86.46l-1.92 6.02A1 1 0 0 0 13 10h7a1 1 0 0 1 .78 1.63l-9.9 10.2a.5.5 0 0 1-.86-.46l1.92-6.02A1 1 0 0 0 11 14z"></path></svg></span><span>My Servers</span></button><button data-testid="nav-discover" class="flex w-full items-center gap-3 rounded-lg px-3 py-2.5 text-sm font-medium transition-all duration-150 text-[rgb(var(--muted))] hover:text-[rgb(var(--foreground))] hover:bg-[rgb(var(--surface-hover))]"><span class="h-5 w-5 flex items-center justify-center transition-colors"><svg xmlns="http://www.w3.org/2000/svg" width="24" height="24" viewBox="0 0 24 24" fill="none" stroke="currentColor" stroke-width="2" stroke-linecap="round" stroke-linejoin="round" class="lucide lucide-server h-4 w-4" aria-hidden="true"><rect width="20" height="8" x="2" y="2" rx="2" ry="2"></rect><rect width="20" height="8" x="2" y="14" rx="2" ry="2"></rect><line x1="6" x2="6.01" y1="6" y2="6"></line><line x1="6" x2="6.01" y1="18" y2="18"></line></svg></span><span>Discover</span></button></div></div><div class="mb-6"><h3 class="mb-2 px-3 text-[11px] font-semibold uppercase tracking-wider text-[rgb(var(--muted-foreground))]">Workspaces</h3><div class="space-y-0.5"><button data-testid="nav-spaces" class="flex w-full items-center gap-3 rounded-lg px-3 py-2.5 text-sm font-medium transition-all duration-150 text-[rgb(var(--muted))] hover:text-[rgb(var(--foreground))] hover:bg-[rgb(var(--surface-hover))]"><span class="h-5 w-5 flex items-center justify-center transition-colors"><svg xmlns="http://www.w3.org/2000/svg" width="24" height="24" viewBox="0 0 24 24" fill="none" stroke="currentColor" stroke-width="2" stroke-linecap="round" stroke-linejoin="round" class="lucide lucide-globe h-4 w-4" aria-hidden="true"><circle cx="12" cy="12" r="10"></circle><path d="M12 2a14.5 14.5 0 0 0 0 20 14.5 14.5 0 0 0 0-20"></path><path d="M2 12h20"></path></svg></span><span>Spaces</span></button><button data-testid="nav-featuresets" class="flex w-full items-center gap-3 rounded-lg px-3 py-2.5 text-sm font-medium transition-all duration-150 text-[rgb(var(--muted))] hover:text-[rgb(var(--foreground))] hover:bg-[rgb(var(--surface-hover))]"><span class="h-5 w-5 flex items-center justify-center transition-colors"><svg xmlns="http://www.w3.org/2000/svg" width="24" height="24" viewBox="0 0 24 24" fill="none" stroke="currentColor" stroke-width="2" stroke-linecap="round" stroke-linejoin="round" class="lucide lucide-wrench h-4 w-4" aria-hidden="true"><path d="M14.7 6.3a1 1 0 0 0 0 1.4l1.6 1.6a1 1 0 0 0 1.4 0l3.106-3.105c.32-.322.863-.22.983.218a6 6 0 0 1-8.259 7.057l-7.91 7.91a1 1 0 0 1-2.999-3l7.91-7.91a6 6 0 0 1 7.057-8.259c.438.12.54.662.219.984z"></path></svg></span><span>FeatureSets</span></button></div></div><div class="mb-6"><h3 class="mb-2 px-3 text-[11px] font-semibold uppercase tracking-wider text-[rgb(var(--muted-foreground))]">Connections</h3><div class="space-y-0.5"><button data-testid="nav-clients" class="flex w-full items-center gap-3 rounded-lg px-3 py-2.5 text-sm font-medium transition-all duration-150 text-[rgb(var(--muted))] hover:text-[rgb(var(--foreground))] hover:bg-[rgb(var(--surface-hover))]"><span class="h-5 w-5 flex items-center justify-center transition-colors"><svg xmlns="http://www.w3.org/2000/svg" width="24" height="24" viewBox="0 0 24 24" fill="none" stroke="currentColor" stroke-width="2" stroke-linecap="round" stroke-linejoin="round" class="lucide lucide-monitor h-4 w-4" aria-hidden="true"><rect width="20" height="14" x="2" y="3" rx="2"></rect><line x1="8" x2="16" y1="21" y2="21"></line><line x1="12" x2="12" y1="17" y2="21"></line></svg></span><span>Clients</span></button></div></div><div class="mb-6"><div class="space-y-0.5"><button data-testid="nav-settings" class="flex w-full items-center gap-3 rounded-lg px-3 py-2.5 text-sm font-medium transition-all duration-150 text-[rgb(var(--muted))] hover:text-[rgb(var(--foreground))] hover:bg-[rgb(var(--surface-hover))]"><span class="h-5 w-5 flex items-center justify-center transition-colors"><svg xmlns="http://www.w3.org/2000/svg" width="24" height="24" viewBox="0 0 24 24" fill="none" stroke="currentColor" stroke-width="2" stroke-linecap="round" stroke-linejoin="round" class="lucide lucide-settings h-4 w-4" aria-hidden="true"><path d="M9.671 4.136a2.34 2.34 0 0 1 4.659 0 2.34 2.34 0 0 0 3.319 1.915 2.34 2.34 0 0 1 2.33 4.033 2.34 2.34 0 0 0 0 3.831 2.34 2.34 0 0 1-2.33 4.033 2.34 2.34 0 0 0-3.319 1.915 2.34 2.34 0 0 1-4.659 0 2.34 2.34 0 0 0-3.32-1.915 2.34 2.34 0 0 1-2.33-4.033 2.34 2.34 0 0 0 0-3.831A2.34 2.34 0 0 1 6.35 6.051a2.34 2.34 0 0 0 3.319-1.915"></path><circle cx="12" cy="12" r="3"></circle></svg></span><span>Settings</span></button></div></div></div><div class="flex-shrink-0 p-4 border-t border-[rgb(var(--border-subtle))]"><div class="text-xs text-[rgb(var(--muted))]"><div>McpMux v0.1.0</div><div>Gateway: localhost:9315</div></div></div></nav></aside><main class="flex-1 overflow-auto p-6 bg-[rgb(var(--background))]"><div class="animate-fade-in"><div class="space-y-6" data-testid="servers-page"><div class="flex items-center justify-between"><div><h1 class="text-2xl font-bold" data-testid="servers-title">My Servers</h1><p class="text-sm text-[rgb(var(--muted))]">Manage your installed MCP servers</p></div><button class="flex items-center gap-2 px-4 py-2 text-sm border border-[rgb(var(--border))] rounded-lg hover:bg-[rgb(var(--surface-hover))] transition-colors"><svg xmlns="http://www.w3.org/2000/svg" width="24" height="24" viewBox="0 0 24 24" fill="none" stroke="currentColor" stroke-width="2" stroke-linecap="round" stroke-linejoin="round" class="lucide lucide-file-braces h-4 w-4" aria-hidden="true"><path d="M6 22a2 2 0 0 1-2-2V4a2 2 0 0 1 2-2h8a2.4 2.4 0 0 1 1.704.706l3.588 3.588A2.4 2.4 0 0 1 20 8v12a2 2 0 0 1-2 2z"></path><path d="M14 2v5a1 1 0 0 0 1 1h5"></path><path d="M10 12a1 1 0 0 0-1 1v1a1 1 0 0 1-1 1 1 1 0 0 1 1 1v1a1 1 0 0 0 1 1"></path><path d="M14 18a1 1 0 0 0 1-1v-1a1 1 0 0 1 1-1 1 1 0 0 1-1-1v-1a1 1 0 0 0-1-1"></path></svg>Add Server Manually</button></div><div class="p-4 rounded-xl border bg-[rgb(var(--success))]/10 border-[rgb(var(--success))]/30"><div class="flex items-center justify-between"><div class="flex items-center gap-3"><span class="h-3 w-3 rounded-full bg-[rgb(var(--success))] animate-pulse"></span><span class="font-medium">Gateway Running</span><code class="text-xs bg-[rgb(var(--surface-elevated))] px-2 py-1 rounded text-[rgb(var(--primary))]">http://localhost:45818</code></div></div></div><div class="space-y-3"><div class="bg-[rgb(var(--card))] border border-[rgb(var(--border-subtle))] rounded-xl shadow-sm transition-all opacity-60" data-testid="installed-server-echo-server"><div class="p-4"><div class="flex items-center justify-between"><div class="flex items-center gap-4"><div class="text-3xl">≡ƒöè</div><div><div class="font-medium">Echo Server</div><div class="text-sm text-[rgb(var(--muted))] max-w-md truncate">Simple echo server for testing - returns what you send</div><div class="flex items-center gap-2 mt-2 flex-wrap"><span class="inline-flex items-center gap-1.5 px-2 py-0.5 rounded-md text-xs font-medium bg-[rgb(var(--muted))]/10 text-[rgb(var(--muted))]"><span class="h-1.5 w-1.5 rounded-full bg-[rgb(var(--muted))]"></span>Disabled</span><span class="text-xs text-[rgb(var(--muted))]">stdio</span><span class="inline-flex items-center px-2 py-0.5 rounded text-xs font-medium bg-blue-100 text-blue-800 dark:bg-blue-900 dark:text-blue-200 " title="Installed from registry">Registry</span></div></div></div><div class="flex items-center gap-2"><button class="px-4 py-2 text-sm rounded-lg bg-[rgb(var(--primary))] text-[rgb(var(--primary-foreground))] hover:bg-[rgb(var(--primary-hover))] transition-colors disabled:opacity-50" data-testid="enable-server-echo-server">Enable</button><div class="relative"><button class="p-2 text-sm rounded-lg border border-[rgb(var(--border))] text-[rgb(var(--muted))] hover:bg-[rgb(var(--surface-hover))] transition-colors disabled:opacity-50" title="More actions" aria-label="More actions" aria-expanded="false" aria-haspopup="menu"><svg xmlns="http://www.w3.org/2000/svg" width="24" height="24" viewBox="0 0 24 24" fill="none" stroke="currentColor" stroke-width="2" stroke-linecap="round" stroke-linejoin="round" class="lucide lucide-ellipsis-vertical h-4 w-4" aria-hidden="true"><circle cx="12" cy="12" r="1"></circle><circle cx="12" cy="5" r="1"></circle><circle cx="12" cy="19" r="1"></circle></svg></button></div></div></div></div></div></div></div></div></main></div><div class="h-7 flex-shrink-0 border-t border-[rgb(var(--border-subtle))] bg-[rgb(var(--surface))] px-4"><div class="flex h-full items-center justify-between text-xs text-[rgb(var(--muted))]"><div class="flex items-center gap-4"><span class="flex items-center gap-1.5"><span class="h-2 w-2 rounded-full bg-green-500"></span>Gateway Active</span><span>Active Space: Personal</span></div><div class="flex items-center gap-4"><span>5 Servers ΓÇó 97 Tools</span></div></div></div></div></div>
[0-6] 
[0-6]   
[0-6] 
[0-6] </body></html>
[0-6] 2026-02-01T11:26:56.410Z INFO webdriver: COMMAND findElement("css selector", "[data-testid="enable-server-echo-server"]")
[0-6] 2026-02-01T11:26:56.411Z INFO webdriver: [POST] http://localhost:4444/session/e17e637a9b36c07266259deb71406949/element
[0-6] 2026-02-01T11:26:56.411Z INFO webdriver: DATA {"using":"css selector","value":"[data-testid=\"enable-server-echo-server\"]"}
[0-6] 2026-02-01T11:26:56.426Z INFO webdriver: RESULT {
[0-6]   'element-6066-11e4-a52e-4f735466cecf': 'f.CC2E505116E5A8BA5ADB1BD30537EAF1.d.A12DACDA1BAA55EA4BEE09F81214E0F0.e.134'
[0-6] }
[0-6] 2026-02-01T11:26:56.428Z INFO webdriver: COMMAND executeScript(<fn>, <object>)
[0-6] 2026-02-01T11:26:56.428Z INFO webdriver: [POST] http://localhost:4444/session/e17e637a9b36c07266259deb71406949/execute/sync
[0-6] 2026-02-01T11:26:56.428Z INFO webdriver: DATA {"script":"\n            function webdriverioPolyfill() {\n  var __defProp = Object.defineProperty;\n  var __name = function(target, _value) {\n    return __defProp(target, \"name\", { value: _value, configurable: true });\n  };\n  var __globalThis = typeof globalThis === \"object\" && globalThis || typeof window === \"object\" && window;\n  __globalThis.__name = __name;\n}\n            webdriverioPolyfill();\n            return (function(elem) {\n      try {\n        const style = window.getComputedStyle(elem);\n        return { value: style?.display ?? \"\" };\n      } catch {\n        if (typeof elem.isConnected === \"boolean\" && !elem.isConnected) {\n          throw new Error(\"stale element reference: element is not attached to the page document\");\n        }\n        return { value: \"\" };\n      }\n    }).apply(null, arguments)\n        ","args":[{"element-6066-11e4-a52e-4f735466cecf":"f.CC2E505116E5A8BA5ADB1BD30537EAF1.d.A12DACDA1BAA55EA4BEE09F81214E0F0.e.134","ELEMENT":"f.CC2E505116E5A8BA5ADB1BD30537EAF1.d.A12DACDA1BAA55EA4BEE09F81214E0F0.e.134"}]}
[0-6] 2026-02-01T11:26:56.429Z INFO webdriver: COMMAND executeScript(<fn>, <object>)
[0-6] 2026-02-01T11:26:56.429Z INFO webdriver: [POST] http://localhost:4444/session/e17e637a9b36c07266259deb71406949/execute/sync
[0-6] 2026-02-01T11:26:56.430Z INFO webdriver: DATA {"script":"\n            function webdriverioPolyfill() {\n  var __defProp = Object.defineProperty;\n  var __name = function(target, _value) {\n    return __defProp(target, \"name\", { value: _value, configurable: true });\n  };\n  var __globalThis = typeof globalThis === \"object\" && globalThis || typeof window === \"object\" && window;\n  __globalThis.__name = __name;\n}\n            webdriverioPolyfill();\n            return (function checkVisibility(elem, params) {\n      if (typeof elem.checkVisibility === \"function\") {\n        return elem.checkVisibility(params);\n      }\n      return null;\n    }).apply(null, arguments)\n        ","args":[{"element-6066-11e4-a52e-4f735466cecf":"f.CC2E505116E5A8BA5ADB1BD30537EAF1.d.A12DACDA1BAA55EA4BEE09F81214E0F0.e.134","ELEMENT":"f.CC2E505116E5A8BA5ADB1BD30537EAF1.d.A12DACDA1BAA55EA4BEE09F81214E0F0.e.134"},{"withinViewport":false,"contentVisibilityAuto":true,"opacityProperty":true,"visibilityProperty":true}]}
[0-6] 2026-02-01T11:26:56.443Z INFO webdriver: RESULT { value: 'block' }
[0-6] 2026-02-01T11:26:56.444Z INFO webdriver: COMMAND takeScreenshot()
[0-6] 2026-02-01T11:26:56.444Z INFO webdriver: [GET] http://localhost:4444/session/e17e637a9b36c07266259deb71406949/screenshot
[0-6] 2026-02-01T11:26:56.450Z INFO webdriver: RESULT true
[0-6] 2026-02-01T11:26:56.451Z INFO webdriver: COMMAND elementClick("f.CC2E505116E5A8BA5ADB1BD30537EAF1.d.A12DACDA1BAA55EA4BEE09F81214E0F0.e.134")
[0-6] 2026-02-01T11:26:56.451Z INFO webdriver: [POST] http://localhost:4444/session/e17e637a9b36c07266259deb71406949/element/f.CC2E505116E5A8BA5ADB1BD30537EAF1.d.A12DACDA1BAA55EA4BEE09F81214E0F0.e.134/click
[0-6] 2026-02-01T11:26:56.451Z INFO webdriver: DATA {}
[0-6] 2026-02-01T11:26:56.452Z INFO webdriver: COMMAND takeScreenshot()
[0-6] 2026-02-01T11:26:56.452Z INFO webdriver: [GET] http://localhost:4444/session/e17e637a9b36c07266259deb71406949/screenshot
[0-6] 2026-02-01T11:26:56.616Z INFO webdriver: RESULT iVBORw0KGgoAAAANSUhEUgAACWAAAAWmCAIAAACDPgzkAAAQAElEQVR4nOzdC...
[0-6] 2026-02-01T11:26:56.677Z INFO webdriver: RESULT null
[0-6] 2026-02-01T11:26:56.678Z INFO webdriver: COMMAND takeScreenshot()
[0-6] 2026-02-01T11:26:56.678Z INFO webdriver: [GET] http://localhost:4444/session/e17e637a9b36c07266259deb71406949/screenshot
[0-6] 2026-02-01T11:26:56.840Z INFO webdriver: RESULT iVBORw0KGgoAAAANSUhEUgAACWAAAAWmCAIAAACDPgzkAAAQAElEQVR4nOzdC...
[0-6] 2026-02-01T11:26:57.035Z INFO webdriver: RESULT iVBORw0KGgoAAAANSUhEUgAACWAAAAWmCAIAAACDPgzkAAAQAElEQVR4nOzdC...
[0-6] 2026-02-01T11:27:01.679Z INFO webdriver: COMMAND takeScreenshot()
[0-6] 2026-02-01T11:27:01.679Z INFO webdriver: [GET] http://localhost:4444/session/e17e637a9b36c07266259deb71406949/screenshot
[0-6] 2026-02-01T11:27:01.909Z INFO webdriver: RESULT iVBORw0KGgoAAAANSUhEUgAACWAAAAWmCAIAAACDPgzkAAAQAElEQVR4nOzdC...
[0-6] 2026-02-01T11:27:04.921Z INFO webdriver: COMMAND takeScreenshot()
[0-6] 2026-02-01T11:27:04.921Z INFO webdriver: [GET] http://localhost:4444/session/e17e637a9b36c07266259deb71406949/screenshot
[0-6] 2026-02-01T11:27:05.117Z INFO webdriver: RESULT iVBORw0KGgoAAAANSUhEUgAACWAAAAWmCAIAAACDPgzkAAAQAElEQVR4nOzdC...
[0-6] 2026-02-01T11:27:05.121Z INFO webdriver: COMMAND getPageSource()
[0-6] 2026-02-01T11:27:05.121Z INFO webdriver: [GET] http://localhost:4444/session/e17e637a9b36c07266259deb71406949/source
[0-6] 2026-02-01T11:27:05.130Z INFO webdriver: RESULT <html lang="en"><head>
[0-6]     <meta charset="UTF-8">
[0-6]     <link rel="icon" type="image/svg+xml" href="/mcpmux.svg">
[0-6]     <meta name="viewport" content="width=device-width, initial-scale=1.0">
[0-6]     <title>McpMux</title>
[0-6]     <script type="module" crossorigin="" src="/assets/index-CiZJOwjC.js"></script>
[0-6]     <link rel="stylesheet" crossorigin="" href="/assets/index-Df7hU3Vb.css">
[0-6]   </head>
[0-6] 
[0-6]   <body>
[0-6]     <div id="root"><div class="flex h-screen flex-col overflow-hidden bg-[rgb(var(--background))]"><div class="drag-region h-8 flex-shrink-0 bg-[rgb(var(--surface))] border-b border-[rgb(var(--border-subtle))]"></div><div class="flex flex-1 overflow-hidden"><aside class="w-60 flex-shrink-0 border-r border-[rgb(var(--border-subtle))]"><nav class="flex h-full flex-col bg-[rgb(var(--surface))]"><div class="flex-shrink-0 p-4 border-b border-[rgb(var(--border-subtle))]"><div class="space-y-3"><div class="flex items-center justify-between"><div class="flex items-center gap-2"><svg xmlns="http://www.w3.org/2000/svg" width="24" height="24" viewBox="0 0 24 24" fill="none" stroke="currentColor" stroke-width="2" stroke-linecap="round" stroke-linejoin="round" class="lucide lucide-zap h-6 w-6 text-primary-500" aria-hidden="true"><path d="M4 14a1 1 0 0 1-.78-1.63l9.9-10.2a.5.5 0 0 1 .86.46l-1.92 6.02A1 1 0 0 0 13 10h7a1 1 0 0 1 .78 1.63l-9.9 10.2a.5.5 0 0 1-.86-.46l1.92-6.02A1 1 0 0 0 11 14z"></path></svg><span class="font-bold text-lg">McpMux</span></div><button class="p-1.5 rounded-lg hover:bg-surface-hover transition-colors" title="Dark mode"><svg xmlns="http://www.w3.org/2000/svg" width="24" height="24" viewBox="0 0 24 24" fill="none" stroke="currentColor" stroke-width="2" stroke-linecap="round" stroke-linejoin="round" class="lucide lucide-moon h-4 w-4" aria-hidden="true"><path d="M20.985 12.486a9 9 0 1 1-9.473-9.472c.405-.022.617.46.402.803a6 6 0 0 0 8.268 8.268c.344-.215.825-.004.803.401"></path></svg></button></div><div class="relative w-full"><button class="w-full flex items-center justify-between gap-2 px-3 py-2.5 rounded-xl border border-[rgb(var(--border))] bg-[rgb(var(--surface))] hover:bg-[rgb(var(--surface-hover))] hover:border-[rgb(var(--primary))/30] transition-all duration-150 group"><span class="flex items-center gap-3 min-w-0"><span class="text-xl">≡ƒÅá</span><span class="font-medium text-sm truncate">Personal</span></span><svg xmlns="http://www.w3.org/2000/svg" width="24" height="24" viewBox="0 0 24 24" fill="none" stroke="currentColor" stroke-width="2" stroke-linecap="round" stroke-linejoin="round" class="lucide lucide-chevron-down h-4 w-4 flex-shrink-0 text-[rgb(var(--muted))] group-hover:text-[rgb(var(--foreground))] transition-all duration-200" aria-hidden="true"><path d="m6 9 6 6 6-6"></path></svg></button></div></div></div><div class="flex-1 overflow-y-auto p-3"><div class="mb-6"><div class="space-y-0.5"><button data-testid="nav-dashboard" class="flex w-full items-center gap-3 rounded-lg px-3 py-2.5 text-sm font-medium transition-all duration-150 text-[rgb(var(--muted))] hover:text-[rgb(var(--foreground))] hover:bg-[rgb(var(--surface-hover))]"><span class="h-5 w-5 flex items-center justify-center transition-colors"><svg xmlns="http://www.w3.org/2000/svg" width="24" height="24" viewBox="0 0 24 24" fill="none" stroke="currentColor" stroke-width="2" stroke-linecap="round" stroke-linejoin="round" class="lucide lucide-house h-4 w-4" aria-hidden="true"><path d="M15 21v-8a1 1 0 0 0-1-1h-4a1 1 0 0 0-1 1v8"></path><path d="M3 10a2 2 0 0 1 .709-1.528l7-6a2 2 0 0 1 2.582 0l7 6A2 2 0 0 1 21 10v9a2 2 0 0 1-2 2H5a2 2 0 0 1-2-2z"></path></svg></span><span>Dashboard</span></button><button data-testid="nav-my-servers" class="flex w-full items-center gap-3 rounded-lg px-3 py-2.5 text-sm font-medium transition-all duration-150 hover:text-[rgb(var(--foreground))] bg-[rgb(var(--primary))/10] text-[rgb(var(--primary))] hover:bg-[rgb(var(--primary))/15]"><span class="h-5 w-5 flex items-center justify-center transition-colors text-[rgb(var(--primary))]"><svg xmlns="http://www.w3.org/2000/svg" width="24" height="24" viewBox="0 0 24 24" fill="none" stroke="currentColor" stroke-width="2" stroke-linecap="round" stroke-linejoin="round" class="lucide lucide-zap h-4 w-4" aria-hidden="true"><path d="M4 14a1 1 0 0 1-.78-1.63l9.9-10.2a.5.5 0 0 1 .86.46l-1.92 6.02A1 1 0 0 0 13 10h7a1 1 0 0 1 .78 1.63l-9.9 10.2a.5.5 0 0 1-.86-.46l1.92-6.02A1 1 0 0 0 11 14z"></path></svg></span><span>My Servers</span></button><button data-testid="nav-discover" class="flex w-full items-center gap-3 rounded-lg px-3 py-2.5 text-sm font-medium transition-all duration-150 text-[rgb(var(--muted))] hover:text-[rgb(var(--foreground))] hover:bg-[rgb(var(--surface-hover))]"><span class="h-5 w-5 flex items-center justify-center transition-colors"><svg xmlns="http://www.w3.org/2000/svg" width="24" height="24" viewBox="0 0 24 24" fill="none" stroke="currentColor" stroke-width="2" stroke-linecap="round" stroke-linejoin="round" class="lucide lucide-server h-4 w-4" aria-hidden="true"><rect width="20" height="8" x="2" y="2" rx="2" ry="2"></rect><rect width="20" height="8" x="2" y="14" rx="2" ry="2"></rect><line x1="6" x2="6.01" y1="6" y2="6"></line><line x1="6" x2="6.01" y1="18" y2="18"></line></svg></span><span>Discover</span></button></div></div><div class="mb-6"><h3 class="mb-2 px-3 text-[11px] font-semibold uppercase tracking-wider text-[rgb(var(--muted-foreground))]">Workspaces</h3><div class="space-y-0.5"><button data-testid="nav-spaces" class="flex w-full items-center gap-3 rounded-lg px-3 py-2.5 text-sm font-medium transition-all duration-150 text-[rgb(var(--muted))] hover:text-[rgb(var(--foreground))] hover:bg-[rgb(var(--surface-hover))]"><span class="h-5 w-5 flex items-center justify-center transition-colors"><svg xmlns="http://www.w3.org/2000/svg" width="24" height="24" viewBox="0 0 24 24" fill="none" stroke="currentColor" stroke-width="2" stroke-linecap="round" stroke-linejoin="round" class="lucide lucide-globe h-4 w-4" aria-hidden="true"><circle cx="12" cy="12" r="10"></circle><path d="M12 2a14.5 14.5 0 0 0 0 20 14.5 14.5 0 0 0 0-20"></path><path d="M2 12h20"></path></svg></span><span>Spaces</span></button><button data-testid="nav-featuresets" class="flex w-full items-center gap-3 rounded-lg px-3 py-2.5 text-sm font-medium transition-all duration-150 text-[rgb(var(--muted))] hover:text-[rgb(var(--foreground))] hover:bg-[rgb(var(--surface-hover))]"><span class="h-5 w-5 flex items-center justify-center transition-colors"><svg xmlns="http://www.w3.org/2000/svg" width="24" height="24" viewBox="0 0 24 24" fill="none" stroke="currentColor" stroke-width="2" stroke-linecap="round" stroke-linejoin="round" class="lucide lucide-wrench h-4 w-4" aria-hidden="true"><path d="M14.7 6.3a1 1 0 0 0 0 1.4l1.6 1.6a1 1 0 0 0 1.4 0l3.106-3.105c.32-.322.863-.22.983.218a6 6 0 0 1-8.259 7.057l-7.91 7.91a1 1 0 0 1-2.999-3l7.91-7.91a6 6 0 0 1 7.057-8.259c.438.12.54.662.219.984z"></path></svg></span><span>FeatureSets</span></button></div></div><div class="mb-6"><h3 class="mb-2 px-3 text-[11px] font-semibold uppercase tracking-wider text-[rgb(var(--muted-foreground))]">Connections</h3><div class="space-y-0.5"><button data-testid="nav-clients" class="flex w-full items-center gap-3 rounded-lg px-3 py-2.5 text-sm font-medium transition-all duration-150 text-[rgb(var(--muted))] hover:text-[rgb(var(--foreground))] hover:bg-[rgb(var(--surface-hover))]"><span class="h-5 w-5 flex items-center justify-center transition-colors"><svg xmlns="http://www.w3.org/2000/svg" width="24" height="24" viewBox="0 0 24 24" fill="none" stroke="currentColor" stroke-width="2" stroke-linecap="round" stroke-linejoin="round" class="lucide lucide-monitor h-4 w-4" aria-hidden="true"><rect width="20" height="14" x="2" y="3" rx="2"></rect><line x1="8" x2="16" y1="21" y2="21"></line><line x1="12" x2="12" y1="17" y2="21"></line></svg></span><span>Clients</span></button></div></div><div class="mb-6"><div class="space-y-0.5"><button data-testid="nav-settings" class="flex w-full items-center gap-3 rounded-lg px-3 py-2.5 text-sm font-medium transition-all duration-150 text-[rgb(var(--muted))] hover:text-[rgb(var(--foreground))] hover:bg-[rgb(var(--surface-hover))]"><span class="h-5 w-5 flex items-center justify-center transition-colors"><svg xmlns="http://www.w3.org/2000/svg" width="24" height="24" viewBox="0 0 24 24" fill="none" stroke="currentColor" stroke-width="2" stroke-linecap="round" stroke-linejoin="round" class="lucide lucide-settings h-4 w-4" aria-hidden="true"><path d="M9.671 4.136a2.34 2.34 0 0 1 4.659 0 2.34 2.34 0 0 0 3.319 1.915 2.34 2.34 0 0 1 2.33 4.033 2.34 2.34 0 0 0 0 3.831 2.34 2.34 0 0 1-2.33 4.033 2.34 2.34 0 0 0-3.319 1.915 2.34 2.34 0 0 1-4.659 0 2.34 2.34 0 0 0-3.32-1.915 2.34 2.34 0 0 1-2.33-4.033 2.34 2.34 0 0 0 0-3.831A2.34 2.34 0 0 1 6.35 6.051a2.34 2.34 0 0 0 3.319-1.915"></path><circle cx="12" cy="12" r="3"></circle></svg></span><span>Settings</span></button></div></div></div><div class="flex-shrink-0 p-4 border-t border-[rgb(var(--border-subtle))]"><div class="text-xs text-[rgb(var(--muted))]"><div>McpMux v0.1.0</div><div>Gateway: localhost:9315</div></div></div></nav></aside><main class="flex-1 overflow-auto p-6 bg-[rgb(var(--background))]"><div class="animate-fade-in"><div class="space-y-6" data-testid="servers-page"><div class="flex items-center justify-between"><div><h1 class="text-2xl font-bold" data-testid="servers-title">My Servers</h1><p class="text-sm text-[rgb(var(--muted))]">Manage your installed MCP servers</p></div><button class="flex items-center gap-2 px-4 py-2 text-sm border border-[rgb(var(--border))] rounded-lg hover:bg-[rgb(var(--surface-hover))] transition-colors"><svg xmlns="http://www.w3.org/2000/svg" width="24" height="24" viewBox="0 0 24 24" fill="none" stroke="currentColor" stroke-width="2" stroke-linecap="round" stroke-linejoin="round" class="lucide lucide-file-braces h-4 w-4" aria-hidden="true"><path d="M6 22a2 2 0 0 1-2-2V4a2 2 0 0 1 2-2h8a2.4 2.4 0 0 1 1.704.706l3.588 3.588A2.4 2.4 0 0 1 20 8v12a2 2 0 0 1-2 2z"></path><path d="M14 2v5a1 1 0 0 0 1 1h5"></path><path d="M10 12a1 1 0 0 0-1 1v1a1 1 0 0 1-1 1 1 1 0 0 1 1 1v1a1 1 0 0 0 1 1"></path><path d="M14 18a1 1 0 0 0 1-1v-1a1 1 0 0 1 1-1 1 1 0 0 1-1-1v-1a1 1 0 0 0-1-1"></path></svg>Add Server Manually</button></div><div class="p-4 rounded-xl border bg-[rgb(var(--success))]/10 border-[rgb(var(--success))]/30"><div class="flex items-center justify-between"><div class="flex items-center gap-3"><span class="h-3 w-3 rounded-full bg-[rgb(var(--success))] animate-pulse"></span><span class="font-medium">Gateway Running</span><code class="text-xs bg-[rgb(var(--surface-elevated))] px-2 py-1 rounded text-[rgb(var(--primary))]">http://localhost:45818</code></div></div></div><div class="space-y-3"><div class="bg-[rgb(var(--card))] border border-[rgb(var(--border-subtle))] rounded-xl shadow-sm transition-all false" data-testid="installed-server-echo-server"><div class="p-4"><div class="flex items-center justify-between"><div class="flex items-center gap-4"><button class="p-1 rounded hover:bg-[rgb(var(--surface-hover))] transition-colors"><svg xmlns="http://www.w3.org/2000/svg" width="24" height="24" viewBox="0 0 24 24" fill="none" stroke="currentColor" stroke-width="2" stroke-linecap="round" stroke-linejoin="round" class="lucide lucide-chevron-down h-5 w-5 text-[rgb(var(--muted))]" aria-hidden="true"><path d="m6 9 6 6 6-6"></path></svg></button><div class="text-3xl">≡ƒöè</div><div><div class="font-medium">Echo Server</div><div class="text-sm text-[rgb(var(--muted))] max-w-md truncate">Simple echo server for testing - returns what you send</div><div class="flex items-center gap-2 mt-2 flex-wrap"><span class="inline-flex items-center gap-1.5 px-2 py-0.5 rounded-md text-xs font-medium bg-[rgb(var(--success))]/15 text-[rgb(var(--success))]"><span class="h-1.5 w-1.5 rounded-full bg-[rgb(var(--success))]"></span>Connected</span><span class="inline-flex items-center gap-1 px-2 py-0.5 rounded-md text-xs bg-purple-500/15 text-purple-600 dark:text-purple-400"><svg xmlns="http://www.w3.org/2000/svg" width="24" height="24" viewBox="0 0 24 24" fill="none" stroke="currentColor" stroke-width="2" stroke-linecap="round" stroke-linejoin="round" class="lucide lucide-wrench h-3 w-3" aria-hidden="true"><path d="M14.7 6.3a1 1 0 0 0 0 1.4l1.6 1.6a1 1 0 0 0 1.4 0l3.106-3.105c.32-.322.863-.22.983.218a6 6 0 0 1-8.259 7.057l-7.91 7.91a1 1 0 0 1-2.999-3l7.91-7.91a6 6 0 0 1 7.057-8.259c.438.12.54.662.219.984z"></path></svg>6 tools</span><span class="inline-flex items-center gap-1 px-2 py-0.5 rounded-md text-xs bg-blue-500/15 text-blue-600 dark:text-blue-400"><svg xmlns="http://www.w3.org/2000/svg" width="24" height="24" viewBox="0 0 24 24" fill="none" stroke="currentColor" stroke-width="2" stroke-linecap="round" stroke-linejoin="round" class="lucide lucide-message-square h-3 w-3" aria-hidden="true"><path d="M22 17a2 2 0 0 1-2 2H6.828a2 2 0 0 0-1.414.586l-2.202 2.202A.71.71 0 0 1 2 21.286V5a2 2 0 0 1 2-2h16a2 2 0 0 1 2 2z"></path></svg>2 prompts</span><span class="text-xs text-[rgb(var(--muted))]">stdio</span><span class="inline-flex items-center px-2 py-0.5 rounded text-xs font-medium bg-blue-100 text-blue-800 dark:bg-blue-900 dark:text-blue-200 " title="Installed from registry">Registry</span></div></div></div><div class="flex items-center gap-2"><button class="px-4 py-2 text-sm rounded-lg border border-[rgb(var(--border))] text-[rgb(var(--muted))] hover:bg-[rgb(var(--surface-hover))] transition-colors disabled:opacity-50" data-testid="disable-server-echo-server">Disable</button><div class="relative"><button class="p-2 text-sm rounded-lg border border-[rgb(var(--border))] text-[rgb(var(--muted))] hover:bg-[rgb(var(--surface-hover))] transition-colors disabled:opacity-50" title="More actions" aria-label="More actions" aria-expanded="false" aria-haspopup="menu"><svg xmlns="http://www.w3.org/2000/svg" width="24" height="24" viewBox="0 0 24 24" fill="none" stroke="currentColor" stroke-width="2" stroke-linecap="round" stroke-linejoin="round" class="lucide lucide-ellipsis-vertical h-4 w-4" aria-hidden="true"><circle cx="12" cy="12" r="1"></circle><circle cx="12" cy="5" r="1"></circle><circle cx="12" cy="19" r="1"></circle></svg></button></div></div></div></div><div class="border-t border-[rgb(var(--border-subtle))] bg-[rgb(var(--surface-dim))]"><div class="p-4 space-y-4"><div><h4 class="text-sm font-medium flex items-center gap-2 mb-2"><svg xmlns="http://www.w3.org/2000/svg" width="24" height="24" viewBox="0 0 24 24" fill="none" stroke="currentColor" stroke-width="2" stroke-linecap="round" stroke-linejoin="round" class="lucide lucide-wrench h-4 w-4 text-purple-500" aria-hidden="true"><path d="M14.7 6.3a1 1 0 0 0 0 1.4l1.6 1.6a1 1 0 0 0 1.4 0l3.106-3.105c.32-.322.863-.22.983.218a6 6 0 0 1-8.259 7.057l-7.91 7.91a1 1 0 0 1-2.999-3l7.91-7.91a6 6 0 0 1 7.057-8.259c.438.12.54.662.219.984z"></path></svg>Tools (6)</h4><div class="grid grid-cols-1 md:grid-cols-2 lg:grid-cols-3 gap-2"><div class="p-3 bg-[rgb(var(--card))] rounded-lg border border-[rgb(var(--border-subtle))]"><div class="font-medium text-sm">add</div><p class="text-xs text-[rgb(var(--muted))] mt-1 line-clamp-2">Add two numbers together</p></div><div class="p-3 bg-[rgb(var(--card))] rounded-lg border border-[rgb(var(--border-subtle))]"><div class="font-medium text-sm">echo</div><p class="text-xs text-[rgb(var(--muted))] mt-1 line-clamp-2">Echo back the input message</p></div><div class="p-3 bg-[rgb(var(--card))] rounded-lg border border-[rgb(var(--border-subtle))]"><div class="font-medium text-sm">error</div><p class="text-xs text-[rgb(var(--muted))] mt-1 line-clamp-2">Intentionally throw an error</p></div><div class="p-3 bg-[rgb(var(--card))] rounded-lg border border-[rgb(var(--border-subtle))]"><div class="font-medium text-sm">get_env</div><p class="text-xs text-[rgb(var(--muted))] mt-1 line-clamp-2">Get environment variable value</p></div><div class="p-3 bg-[rgb(var(--card))] rounded-lg border border-[rgb(var(--border-subtle))]"><div class="font-medium text-sm">get_time</div><p class="text-xs text-[rgb(var(--muted))] mt-1 line-clamp-2">Get the current server time</p></div><div class="p-3 bg-[rgb(var(--card))] rounded-lg border border-[rgb(var(--border-subtle))]"><div class="font-medium text-sm">slow_task</div><p class="text-xs text-[rgb(var(--muted))] mt-1 line-clamp-2">Simulate a slow operation</p></div></div></div><div><h4 class="text-sm font-medium flex items-center gap-2 mb-2"><svg xmlns="http://www.w3.org/2000/svg" width="24" height="24" viewBox="0 0 24 24" fill="none" stroke="currentColor" stroke-width="2" stroke-linecap="round" stroke-linejoin="round" class="lucide lucide-message-square h-4 w-4 text-blue-500" aria-hidden="true"><path d="M22 17a2 2 0 0 1-2 2H6.828a2 2 0 0 0-1.414.586l-2.202 2.202A.71.71 0 0 1 2 21.286V5a2 2 0 0 1 2-2h16a2 2 0 0 1 2 2z"></path></svg>Prompts (2)</h4><div class="grid grid-cols-1 md:grid-cols-2 lg:grid-cols-3 gap-2"><div class="p-3 bg-[rgb(var(--card))] rounded-lg border border-[rgb(var(--border-subtle))]"><div class="font-medium text-sm">code_review</div><p class="text-xs text-[rgb(var(--muted))] mt-1 line-clamp-2">Review code and suggest improvements</p></div><div class="p-3 bg-[rgb(var(--card))] rounded-lg border border-[rgb(var(--border-subtle))]"><div class="font-medium text-sm">greeting</div><p class="text-xs text-[rgb(var(--muted))] mt-1 line-clamp-2">Generate a greeting message</p></div></div></div></div></div></div></div></div></div></main></div><div class="h-7 flex-shrink-0 border-t border-[rgb(var(--border-subtle))] bg-[rgb(var(--surface))] px-4"><div class="flex h-full items-center justify-between text-xs text-[rgb(var(--muted))]"><div class="flex items-center gap-4"><span class="flex items-center gap-1.5"><span class="h-2 w-2 rounded-full bg-green-500"></span>Gateway Active</span><span>Active Space: Personal</span></div><div class="flex items-center gap-4"><span>5 Servers ΓÇó 97 Tools</span></div></div></div></div></div>
[0-6] 
[0-6]   
[0-6] 
[0-6] </body></html>
[0-6] 2026-02-01T11:27:05.133Z INFO webdriver: COMMAND findElement("css selector", "[data-testid="disable-server-echo-server"]")
[0-6] 2026-02-01T11:27:05.133Z INFO webdriver: [POST] http://localhost:4444/session/e17e637a9b36c07266259deb71406949/element
[0-6] 2026-02-01T11:27:05.133Z INFO webdriver: DATA {"using":"css selector","value":"[data-testid=\"disable-server-echo-server\"]"}
[0-6] 2026-02-01T11:27:05.150Z INFO webdriver: RESULT {
[0-6]   'element-6066-11e4-a52e-4f735466cecf': 'f.CC2E505116E5A8BA5ADB1BD30537EAF1.d.A12DACDA1BAA55EA4BEE09F81214E0F0.e.139'
[0-6] }
[0-6] 2026-02-01T11:27:05.152Z INFO webdriver: COMMAND executeScript(<fn>, <object>)
[0-6] 2026-02-01T11:27:05.153Z INFO webdriver: [POST] http://localhost:4444/session/e17e637a9b36c07266259deb71406949/execute/sync
[0-6] 2026-02-01T11:27:05.154Z INFO webdriver: DATA {"script":"\n            function webdriverioPolyfill() {\n  var __defProp = Object.defineProperty;\n  var __name = function(target, _value) {\n    return __defProp(target, \"name\", { value: _value, configurable: true });\n  };\n  var __globalThis = typeof globalThis === \"object\" && globalThis || typeof window === \"object\" && window;\n  __globalThis.__name = __name;\n}\n            webdriverioPolyfill();\n            return (function(elem) {\n      try {\n        const style = window.getComputedStyle(elem);\n        return { value: style?.display ?? \"\" };\n      } catch {\n        if (typeof elem.isConnected === \"boolean\" && !elem.isConnected) {\n          throw new Error(\"stale element reference: element is not attached to the page document\");\n        }\n        return { value: \"\" };\n      }\n    }).apply(null, arguments)\n        ","args":[{"element-6066-11e4-a52e-4f735466cecf":"f.CC2E505116E5A8BA5ADB1BD30537EAF1.d.A12DACDA1BAA55EA4BEE09F81214E0F0.e.139","ELEMENT":"f.CC2E505116E5A8BA5ADB1BD30537EAF1.d.A12DACDA1BAA55EA4BEE09F81214E0F0.e.139"}]}
[0-6] 2026-02-01T11:27:05.155Z INFO webdriver: COMMAND executeScript(<fn>, <object>)
[0-6] 2026-02-01T11:27:05.155Z INFO webdriver: [POST] http://localhost:4444/session/e17e637a9b36c07266259deb71406949/execute/sync
[0-6] 2026-02-01T11:27:05.155Z INFO webdriver: DATA {"script":"\n            function webdriverioPolyfill() {\n  var __defProp = Object.defineProperty;\n  var __name = function(target, _value) {\n    return __defProp(target, \"name\", { value: _value, configurable: true });\n  };\n  var __globalThis = typeof globalThis === \"object\" && globalThis || typeof window === \"object\" && window;\n  __globalThis.__name = __name;\n}\n            webdriverioPolyfill();\n            return (function checkVisibility(elem, params) {\n      if (typeof elem.checkVisibility === \"function\") {\n        return elem.checkVisibility(params);\n      }\n      return null;\n    }).apply(null, arguments)\n        ","args":[{"element-6066-11e4-a52e-4f735466cecf":"f.CC2E505116E5A8BA5ADB1BD30537EAF1.d.A12DACDA1BAA55EA4BEE09F81214E0F0.e.139","ELEMENT":"f.CC2E505116E5A8BA5ADB1BD30537EAF1.d.A12DACDA1BAA55EA4BEE09F81214E0F0.e.139"},{"withinViewport":false,"contentVisibilityAuto":true,"opacityProperty":true,"visibilityProperty":true}]}
[0-6] 2026-02-01T11:27:05.171Z INFO webdriver: RESULT { value: 'block' }
[0-6] 2026-02-01T11:27:05.172Z INFO webdriver: COMMAND takeScreenshot()
[0-6] 2026-02-01T11:27:05.173Z INFO webdriver: [GET] http://localhost:4444/session/e17e637a9b36c07266259deb71406949/screenshot
[0-6] 2026-02-01T11:27:05.181Z INFO webdriver: RESULT true
[0-6] 2026-02-01T11:27:05.182Z INFO webdriver: COMMAND elementClick("f.CC2E505116E5A8BA5ADB1BD30537EAF1.d.A12DACDA1BAA55EA4BEE09F81214E0F0.e.139")
[0-6] 2026-02-01T11:27:05.182Z INFO webdriver: [POST] http://localhost:4444/session/e17e637a9b36c07266259deb71406949/element/f.CC2E505116E5A8BA5ADB1BD30537EAF1.d.A12DACDA1BAA55EA4BEE09F81214E0F0.e.139/click
[0-6] 2026-02-01T11:27:05.182Z INFO webdriver: DATA {}
[0-6] 2026-02-01T11:27:05.183Z INFO webdriver: COMMAND takeScreenshot()
[0-6] 2026-02-01T11:27:05.184Z INFO webdriver: [GET] http://localhost:4444/session/e17e637a9b36c07266259deb71406949/screenshot
[0-6] 2026-02-01T11:27:05.392Z INFO webdriver: RESULT iVBORw0KGgoAAAANSUhEUgAACWAAAAWmCAIAAACDPgzkAAAQAElEQVR4nOzdC...
[0-6] 2026-02-01T11:27:05.488Z INFO webdriver: RESULT null
[0-6] 2026-02-01T11:27:05.489Z INFO webdriver: COMMAND takeScreenshot()
[0-6] 2026-02-01T11:27:05.489Z INFO webdriver: [GET] http://localhost:4444/session/e17e637a9b36c07266259deb71406949/screenshot
[0-6] 2026-02-01T11:27:05.707Z INFO webdriver: RESULT iVBORw0KGgoAAAANSUhEUgAACWAAAAWmCAIAAACDPgzkAAAQAElEQVR4nOzdC...
[0-6] 2026-02-01T11:27:05.954Z INFO webdriver: RESULT iVBORw0KGgoAAAANSUhEUgAACWAAAAWmCAIAAACDPgzkAAAQAElEQVR4nOzdC...
[0-6] 2026-02-01T11:27:07.503Z INFO webdriver: COMMAND takeScreenshot()
[0-6] 2026-02-01T11:27:07.504Z INFO webdriver: [GET] http://localhost:4444/session/e17e637a9b36c07266259deb71406949/screenshot
[0-6] 2026-02-01T11:27:07.793Z INFO webdriver: RESULT iVBORw0KGgoAAAANSUhEUgAACWAAAAWmCAIAAACDPgzkAAAQAElEQVR4nOzdC...
[0-6] 2026-02-01T11:27:07.795Z INFO webdriver: COMMAND findElement("css selector", "[data-testid="enable-server-echo-server"]")
[0-6] 2026-02-01T11:27:07.796Z INFO webdriver: [POST] http://localhost:4444/session/e17e637a9b36c07266259deb71406949/element
[0-6] 2026-02-01T11:27:07.796Z INFO webdriver: DATA {"using":"css selector","value":"[data-testid=\"enable-server-echo-server\"]"}
[0-6] 2026-02-01T11:27:07.813Z INFO webdriver: RESULT {
[0-6]   'element-6066-11e4-a52e-4f735466cecf': 'f.CC2E505116E5A8BA5ADB1BD30537EAF1.d.A12DACDA1BAA55EA4BEE09F81214E0F0.e.183'
[0-6] }
[0-6] 2026-02-01T11:27:07.817Z INFO webdriver: COMMAND executeScript(<fn>, <object>)
[0-6] 2026-02-01T11:27:07.817Z INFO webdriver: [POST] http://localhost:4444/session/e17e637a9b36c07266259deb71406949/execute/sync
[0-6] 2026-02-01T11:27:07.817Z INFO webdriver: DATA {"script":"\n            function webdriverioPolyfill() {\n  var __defProp = Object.defineProperty;\n  var __name = function(target, _value) {\n    return __defProp(target, \"name\", { value: _value, configurable: true });\n  };\n  var __globalThis = typeof globalThis === \"object\" && globalThis || typeof window === \"object\" && window;\n  __globalThis.__name = __name;\n}\n            webdriverioPolyfill();\n            return (function(elem) {\n      try {\n        const style = window.getComputedStyle(elem);\n        return { value: style?.display ?? \"\" };\n      } catch {\n        if (typeof elem.isConnected === \"boolean\" && !elem.isConnected) {\n          throw new Error(\"stale element reference: element is not attached to the page document\");\n        }\n        return { value: \"\" };\n      }\n    }).apply(null, arguments)\n        ","args":[{"element-6066-11e4-a52e-4f735466cecf":"f.CC2E505116E5A8BA5ADB1BD30537EAF1.d.A12DACDA1BAA55EA4BEE09F81214E0F0.e.183","ELEMENT":"f.CC2E505116E5A8BA5ADB1BD30537EAF1.d.A12DACDA1BAA55EA4BEE09F81214E0F0.e.183"}]}
[0-6] 2026-02-01T11:27:07.818Z INFO webdriver: COMMAND executeScript(<fn>, <object>)
[0-6] 2026-02-01T11:27:07.819Z INFO webdriver: [POST] http://localhost:4444/session/e17e637a9b36c07266259deb71406949/execute/sync
[0-6] 2026-02-01T11:27:07.819Z INFO webdriver: DATA {"script":"\n            function webdriverioPolyfill() {\n  var __defProp = Object.defineProperty;\n  var __name = function(target, _value) {\n    return __defProp(target, \"name\", { value: _value, configurable: true });\n  };\n  var __globalThis = typeof globalThis === \"object\" && globalThis || typeof window === \"object\" && window;\n  __globalThis.__name = __name;\n}\n            webdriverioPolyfill();\n            return (function checkVisibility(elem, params) {\n      if (typeof elem.checkVisibility === \"function\") {\n        return elem.checkVisibility(params);\n      }\n      return null;\n    }).apply(null, arguments)\n        ","args":[{"element-6066-11e4-a52e-4f735466cecf":"f.CC2E505116E5A8BA5ADB1BD30537EAF1.d.A12DACDA1BAA55EA4BEE09F81214E0F0.e.183","ELEMENT":"f.CC2E505116E5A8BA5ADB1BD30537EAF1.d.A12DACDA1BAA55EA4BEE09F81214E0F0.e.183"},{"withinViewport":false,"contentVisibilityAuto":true,"opacityProperty":true,"visibilityProperty":true}]}
[0-6] 2026-02-01T11:27:07.839Z INFO webdriver: RESULT { value: 'block' }
[0-6] 2026-02-01T11:27:07.840Z INFO webdriver: COMMAND takeScreenshot()
[0-6] 2026-02-01T11:27:07.840Z INFO webdriver: [GET] http://localhost:4444/session/e17e637a9b36c07266259deb71406949/screenshot
[0-6] 2026-02-01T11:27:07.855Z INFO webdriver: RESULT true
[0-6] 2026-02-01T11:27:07.856Z INFO webdriver: COMMAND takeScreenshot()
[0-6] 2026-02-01T11:27:07.856Z INFO webdriver: [GET] http://localhost:4444/session/e17e637a9b36c07266259deb71406949/screenshot
[0-6] 2026-02-01T11:27:07.860Z INFO webdriver: COMMAND findElement("css selector", "[data-testid="nav-discover"]")
[0-6] 2026-02-01T11:27:07.861Z INFO webdriver: [POST] http://localhost:4444/session/e17e637a9b36c07266259deb71406949/element
[0-6] 2026-02-01T11:27:07.861Z INFO webdriver: DATA {"using":"css selector","value":"[data-testid=\"nav-discover\"]"}
[0-6] 2026-02-01T11:27:08.140Z INFO webdriver: RESULT iVBORw0KGgoAAAANSUhEUgAACWAAAAWmCAIAAACDPgzkAAAQAElEQVR4nOzdC...
[0-6] 2026-02-01T11:27:08.461Z INFO webdriver: RESULT iVBORw0KGgoAAAANSUhEUgAACWAAAAWmCAIAAACDPgzkAAAQAElEQVR4nOzdC...
[0-6] 2026-02-01T11:27:08.471Z INFO webdriver: RESULT {
[0-6]   'element-6066-11e4-a52e-4f735466cecf': 'f.CC2E505116E5A8BA5ADB1BD30537EAF1.d.A12DACDA1BAA55EA4BEE09F81214E0F0.e.18'
[0-6] }
[0-6] 2026-02-01T11:27:08.475Z INFO webdriver: COMMAND elementClick("f.CC2E505116E5A8BA5ADB1BD30537EAF1.d.A12DACDA1BAA55EA4BEE09F81214E0F0.e.18")
[0-6] 2026-02-01T11:27:08.476Z INFO webdriver: [POST] http://localhost:4444/session/e17e637a9b36c07266259deb71406949/element/f.CC2E505116E5A8BA5ADB1BD30537EAF1.d.A12DACDA1BAA55EA4BEE09F81214E0F0.e.18/click
[0-6] 2026-02-01T11:27:08.476Z INFO webdriver: DATA {}
[0-6] 2026-02-01T11:27:08.679Z INFO webdriver: RESULT null
[0-6] 2026-02-01T11:27:08.680Z INFO webdriver: COMMAND takeScreenshot()
[0-6] 2026-02-01T11:27:08.680Z INFO webdriver: [GET] http://localhost:4444/session/e17e637a9b36c07266259deb71406949/screenshot
[0-6] 2026-02-01T11:27:09.024Z INFO webdriver: RESULT iVBORw0KGgoAAAANSUhEUgAACWAAAAWmCAIAAACDPgzkAAAQAElEQVR4nOzdC...
[0-6] 2026-02-01T11:27:10.687Z INFO webdriver: COMMAND findElement("css selector", "[data-testid="search-input"]")
[0-6] 2026-02-01T11:27:10.687Z INFO webdriver: [POST] http://localhost:4444/session/e17e637a9b36c07266259deb71406949/element
[0-6] 2026-02-01T11:27:10.687Z INFO webdriver: DATA {"using":"css selector","value":"[data-testid=\"search-input\"]"}
[0-6] 2026-02-01T11:27:10.703Z INFO webdriver: RESULT {
[0-6]   'element-6066-11e4-a52e-4f735466cecf': 'f.CC2E505116E5A8BA5ADB1BD30537EAF1.d.A12DACDA1BAA55EA4BEE09F81214E0F0.e.207'
[0-6] }
[0-6] 2026-02-01T11:27:10.706Z INFO webdriver: COMMAND elementClear("f.CC2E505116E5A8BA5ADB1BD30537EAF1.d.A12DACDA1BAA55EA4BEE09F81214E0F0.e.207")
[0-6] 2026-02-01T11:27:10.706Z INFO webdriver: [POST] http://localhost:4444/session/e17e637a9b36c07266259deb71406949/element/f.CC2E505116E5A8BA5ADB1BD30537EAF1.d.A12DACDA1BAA55EA4BEE09F81214E0F0.e.207/clear
[0-6] 2026-02-01T11:27:10.707Z INFO webdriver: DATA {}
[0-6] 2026-02-01T11:27:10.752Z INFO webdriver: RESULT null
[0-6] 2026-02-01T11:27:10.753Z INFO webdriver: COMMAND takeScreenshot()
[0-6] 2026-02-01T11:27:10.753Z INFO webdriver: [GET] http://localhost:4444/session/e17e637a9b36c07266259deb71406949/screenshot
[0-6] 2026-02-01T11:27:10.929Z INFO webdriver: RESULT iVBORw0KGgoAAAANSUhEUgAACWAAAAWmCAIAAACDPgzkAAAQAElEQVR4nOzdC...
[0-6] 2026-02-01T11:27:11.066Z INFO webdriver: COMMAND elementClear("f.CC2E505116E5A8BA5ADB1BD30537EAF1.d.A12DACDA1BAA55EA4BEE09F81214E0F0.e.207")
[0-6] 2026-02-01T11:27:11.066Z INFO webdriver: [POST] http://localhost:4444/session/e17e637a9b36c07266259deb71406949/element/f.CC2E505116E5A8BA5ADB1BD30537EAF1.d.A12DACDA1BAA55EA4BEE09F81214E0F0.e.207/clear
[0-6] 2026-02-01T11:27:11.066Z INFO webdriver: DATA {}
[0-6] 2026-02-01T11:27:11.115Z INFO webdriver: RESULT null
[0-6] 2026-02-01T11:27:11.116Z INFO webdriver: COMMAND elementSendKeys("f.CC2E505116E5A8BA5ADB1BD30537EAF1.d.A12DACDA1BAA55EA4BEE09F81214E0F0.e.207", "<Screenshot[base64]>")
[0-6] 2026-02-01T11:27:11.116Z INFO webdriver: [POST] http://localhost:4444/session/e17e637a9b36c07266259deb71406949/element/f.CC2E505116E5A8BA5ADB1BD30537EAF1.d.A12DACDA1BAA55EA4BEE09F81214E0F0.e.207/value
[0-6] 2026-02-01T11:27:11.116Z INFO webdriver: DATA {"text":"Echo"}
[0-6] 2026-02-01T11:27:11.118Z INFO webdriver: COMMAND takeScreenshot()
[0-6] 2026-02-01T11:27:11.118Z INFO webdriver: [GET] http://localhost:4444/session/e17e637a9b36c07266259deb71406949/screenshot
[0-6] 2026-02-01T11:27:11.177Z INFO webdriver: RESULT null
[0-6] 2026-02-01T11:27:11.178Z INFO webdriver: COMMAND takeScreenshot()
[0-6] 2026-02-01T11:27:11.178Z INFO webdriver: [GET] http://localhost:4444/session/e17e637a9b36c07266259deb71406949/screenshot
[0-6] 2026-02-01T11:27:11.446Z INFO webdriver: RESULT iVBORw0KGgoAAAANSUhEUgAACWAAAAWmCAIAAACDPgzkAAAQAElEQVR4nOzdC...
[0-6] 2026-02-01T11:27:11.625Z INFO webdriver: RESULT iVBORw0KGgoAAAANSUhEUgAACWAAAAWmCAIAAACDPgzkAAAQAElEQVR4nOzdC...
[0-6] 2026-02-01T11:27:12.180Z INFO webdriver: COMMAND findElement("css selector", "[data-testid="uninstall-btn-echo-server"]")
[0-6] 2026-02-01T11:27:12.180Z INFO webdriver: [POST] http://localhost:4444/session/e17e637a9b36c07266259deb71406949/element
[0-6] 2026-02-01T11:27:12.180Z INFO webdriver: DATA {"using":"css selector","value":"[data-testid=\"uninstall-btn-echo-server\"]"}
[0-6] 2026-02-01T11:27:12.201Z INFO webdriver: RESULT {
[0-6]   'element-6066-11e4-a52e-4f735466cecf': 'f.CC2E505116E5A8BA5ADB1BD30537EAF1.d.A12DACDA1BAA55EA4BEE09F81214E0F0.e.206'
[0-6] }
[0-6] 2026-02-01T11:27:12.204Z INFO webdriver: COMMAND executeScript(<fn>, <object>)
[0-6] 2026-02-01T11:27:12.204Z INFO webdriver: [POST] http://localhost:4444/session/e17e637a9b36c07266259deb71406949/execute/sync
[0-6] 2026-02-01T11:27:12.205Z INFO webdriver: DATA {"script":"\n            function webdriverioPolyfill() {\n  var __defProp = Object.defineProperty;\n  var __name = function(target, _value) {\n    return __defProp(target, \"name\", { value: _value, configurable: true });\n  };\n  var __globalThis = typeof globalThis === \"object\" && globalThis || typeof window === \"object\" && window;\n  __globalThis.__name = __name;\n}\n            webdriverioPolyfill();\n            return (function(elem) {\n      try {\n        const style = window.getComputedStyle(elem);\n        return { value: style?.display ?? \"\" };\n      } catch {\n        if (typeof elem.isConnected === \"boolean\" && !elem.isConnected) {\n          throw new Error(\"stale element reference: element is not attached to the page document\");\n        }\n        return { value: \"\" };\n      }\n    }).apply(null, arguments)\n        ","args":[{"element-6066-11e4-a52e-4f735466cecf":"f.CC2E505116E5A8BA5ADB1BD30537EAF1.d.A12DACDA1BAA55EA4BEE09F81214E0F0.e.206","ELEMENT":"f.CC2E505116E5A8BA5ADB1BD30537EAF1.d.A12DACDA1BAA55EA4BEE09F81214E0F0.e.206"}]}
[0-6] 2026-02-01T11:27:12.206Z INFO webdriver: COMMAND executeScript(<fn>, <object>)
[0-6] 2026-02-01T11:27:12.206Z INFO webdriver: [POST] http://localhost:4444/session/e17e637a9b36c07266259deb71406949/execute/sync
[0-6] 2026-02-01T11:27:12.206Z INFO webdriver: DATA {"script":"\n            function webdriverioPolyfill() {\n  var __defProp = Object.defineProperty;\n  var __name = function(target, _value) {\n    return __defProp(target, \"name\", { value: _value, configurable: true });\n  };\n  var __globalThis = typeof globalThis === \"object\" && globalThis || typeof window === \"object\" && window;\n  __globalThis.__name = __name;\n}\n            webdriverioPolyfill();\n            return (function checkVisibility(elem, params) {\n      if (typeof elem.checkVisibility === \"function\") {\n        return elem.checkVisibility(params);\n      }\n      return null;\n    }).apply(null, arguments)\n        ","args":[{"element-6066-11e4-a52e-4f735466cecf":"f.CC2E505116E5A8BA5ADB1BD30537EAF1.d.A12DACDA1BAA55EA4BEE09F81214E0F0.e.206","ELEMENT":"f.CC2E505116E5A8BA5ADB1BD30537EAF1.d.A12DACDA1BAA55EA4BEE09F81214E0F0.e.206"},{"withinViewport":false,"contentVisibilityAuto":true,"opacityProperty":true,"visibilityProperty":true}]}
[0-6] 2026-02-01T11:27:12.215Z INFO webdriver: RESULT { value: 'block' }
[0-6] 2026-02-01T11:27:12.216Z INFO webdriver: COMMAND takeScreenshot()
[0-6] 2026-02-01T11:27:12.217Z INFO webdriver: [GET] http://localhost:4444/session/e17e637a9b36c07266259deb71406949/screenshot
[0-6] 2026-02-01T11:27:12.220Z INFO webdriver: RESULT true
[0-6] 2026-02-01T11:27:12.221Z INFO webdriver: COMMAND executeScript(<fn>, <object>)
[0-6] 2026-02-01T11:27:12.221Z INFO webdriver: [POST] http://localhost:4444/session/e17e637a9b36c07266259deb71406949/execute/sync
[0-6] 2026-02-01T11:27:12.221Z INFO webdriver: DATA {"script":"\n            function webdriverioPolyfill() {\n  var __defProp = Object.defineProperty;\n  var __name = function(target, _value) {\n    return __defProp(target, \"name\", { value: _value, configurable: true });\n  };\n  var __globalThis = typeof globalThis === \"object\" && globalThis || typeof window === \"object\" && window;\n  __globalThis.__name = __name;\n}\n            webdriverioPolyfill();\n            return (function(elem) {\n      try {\n        const style = window.getComputedStyle(elem);\n        return { value: style?.display ?? \"\" };\n      } catch {\n        if (typeof elem.isConnected === \"boolean\" && !elem.isConnected) {\n          throw new Error(\"stale element reference: element is not attached to the page document\");\n        }\n        return { value: \"\" };\n      }\n    }).apply(null, arguments)\n        ","args":[{"element-6066-11e4-a52e-4f735466cecf":"f.CC2E505116E5A8BA5ADB1BD30537EAF1.d.A12DACDA1BAA55EA4BEE09F81214E0F0.e.206","ELEMENT":"f.CC2E505116E5A8BA5ADB1BD30537EAF1.d.A12DACDA1BAA55EA4BEE09F81214E0F0.e.206"}]}
[0-6] 2026-02-01T11:27:12.222Z INFO webdriver: COMMAND executeScript(<fn>, <object>)
[0-6] 2026-02-01T11:27:12.222Z INFO webdriver: [POST] http://localhost:4444/session/e17e637a9b36c07266259deb71406949/execute/sync
[0-6] 2026-02-01T11:27:12.222Z INFO webdriver: DATA {"script":"\n            function webdriverioPolyfill() {\n  var __defProp = Object.defineProperty;\n  var __name = function(target, _value) {\n    return __defProp(target, \"name\", { value: _value, configurable: true });\n  };\n  var __globalThis = typeof globalThis === \"object\" && globalThis || typeof window === \"object\" && window;\n  __globalThis.__name = __name;\n}\n            webdriverioPolyfill();\n            return (function checkVisibility(elem, params) {\n      if (typeof elem.checkVisibility === \"function\") {\n        return elem.checkVisibility(params);\n      }\n      return null;\n    }).apply(null, arguments)\n        ","args":[{"element-6066-11e4-a52e-4f735466cecf":"f.CC2E505116E5A8BA5ADB1BD30537EAF1.d.A12DACDA1BAA55EA4BEE09F81214E0F0.e.206","ELEMENT":"f.CC2E505116E5A8BA5ADB1BD30537EAF1.d.A12DACDA1BAA55EA4BEE09F81214E0F0.e.206"},{"withinViewport":false,"contentVisibilityAuto":true,"opacityProperty":true,"visibilityProperty":true}]}
[0-6] 2026-02-01T11:27:12.223Z INFO webdriver: COMMAND takeScreenshot()
[0-6] 2026-02-01T11:27:12.223Z INFO webdriver: [GET] http://localhost:4444/session/e17e637a9b36c07266259deb71406949/screenshot
[0-6] 2026-02-01T11:27:12.380Z INFO webdriver: RESULT iVBORw0KGgoAAAANSUhEUgAACWAAAAWmCAIAAACDPgzkAAAQAElEQVR4nOzdC...
[0-6] 2026-02-01T11:27:12.381Z INFO webdriver: RESULT { value: 'block' }
[0-6] 2026-02-01T11:27:12.382Z INFO webdriver: COMMAND takeScreenshot()
[0-6] 2026-02-01T11:27:12.382Z INFO webdriver: [GET] http://localhost:4444/session/e17e637a9b36c07266259deb71406949/screenshot
[0-6] 2026-02-01T11:27:12.540Z INFO webdriver: RESULT true
[0-6] 2026-02-01T11:27:12.541Z INFO webdriver: COMMAND executeScript(<fn>, <object>)
[0-6] 2026-02-01T11:27:12.541Z INFO webdriver: [POST] http://localhost:4444/session/e17e637a9b36c07266259deb71406949/execute/sync
[0-6] 2026-02-01T11:27:12.542Z INFO webdriver: DATA {"script":"\n            function webdriverioPolyfill() {\n  var __defProp = Object.defineProperty;\n  var __name = function(target, _value) {\n    return __defProp(target, \"name\", { value: _value, configurable: true });\n  };\n  var __globalThis = typeof globalThis === \"object\" && globalThis || typeof window === \"object\" && window;\n  __globalThis.__name = __name;\n}\n            webdriverioPolyfill();\n            return (function isElementClickable(elem) {\n  if (!elem.getBoundingClientRect || !elem.scrollIntoView || !elem.contains || !elem.getClientRects || !document.elementFromPoint) {\n    return false;\n  }\n  const isOldEdge = !!window.StyleMedia;\n  const scrollIntoViewFullSupport = !(window.safari || isOldEdge);\n  function getOverlappingElement(elem2, context) {\n    context = context || document;\n    const elemDimension = elem2.getBoundingClientRect();\n    const x = elemDimension.left + elem2.clientWidth / 2;\n    const y = elemDimension.top + elem2.clientHeight / 2;\n    return context.elementFromPoint(x, y);\n  }\n  function getOverlappingRects(elem2, context) {\n    context = context || document;\n    const rects = elem2.getClientRects();\n    const rect = rects[0];\n    const x = rect.left + rect.width / 2;\n    const y = rect.top + rect.height / 2;\n    return [context.elementFromPoint(x, y)];\n  }\n  function getOverlappingElements(elem2, context) {\n    return [getOverlappingElement(elem2, context)].concat(getOverlappingRects(elem2, context));\n  }\n  function nodeContains(elem2, otherNode) {\n    if (isOldEdge) {\n      let tmpElement = otherNode;\n      while (tmpElement) {\n        if (tmpElement === elem2) {\n          return true;\n        }\n        tmpElement = tmpElement.parentNode;\n        if (tmpElement && tmpElement.nodeType === 11 && tmpElement.host) {\n          tmpElement = tmpElement.host;\n        }\n      }\n      return false;\n    }\n    return elem2.contains(otherNode);\n  }\n  function isOverlappingElementMatch(elementsFromPoint, elem2) {\n    if (elementsFromPoint.some(function(elementFromPoint) {\n      return elementFromPoint === elem2 || nodeContains(elem2, elementFromPoint);\n    })) {\n      return true;\n    }\n    let elemsWithShadowRoot = [].concat(elementsFromPoint);\n    elemsWithShadowRoot = elemsWithShadowRoot.filter(function(x) {\n      return x && x.shadowRoot && x.shadowRoot.elementFromPoint;\n    });\n    let shadowElementsFromPoint = [];\n    for (let i = 0; i < elemsWithShadowRoot.length; ++i) {\n      const shadowElement = elemsWithShadowRoot[i];\n      shadowElementsFromPoint = shadowElementsFromPoint.concat(\n        getOverlappingElements(elem2, shadowElement.shadowRoot)\n      );\n    }\n    shadowElementsFromPoint = [].concat(shadowElementsFromPoint);\n    shadowElementsFromPoint = shadowElementsFromPoint.filter(function(x) {\n      return !elementsFromPoint.includes(x);\n    });\n    if (shadowElementsFromPoint.length === 0) {\n      return false;\n    }\n    return isOverlappingElementMatch(shadowElementsFromPoint, elem2);\n  }\n  function isElementInViewport(elem2) {\n    if (!elem2.getBoundingClientRect) {\n      return false;\n    }\n    const rect = elem2.getBoundingClientRect();\n    const windowHeight = window.innerHeight || document.documentElement.clientHeight;\n    const windowWidth = window.innerWidth || document.documentElement.clientWidth;\n    const vertInView = rect.top < windowHeight && rect.top + rect.height > 0;\n    const horInView = rect.left < windowWidth && rect.left + rect.width > 0;\n    return vertInView && horInView;\n  }\n  function isEnabled(elem2) {\n    return elem2.disabled !== true;\n  }\n  function hasOverlaps(elem2) {\n    return !isOverlappingElementMatch(getOverlappingElements(elem2), elem2);\n  }\n  function isFullyDisplayedInViewport(elem2) {\n    return isElementInViewport(elem2) && !hasOverlaps(elem2);\n  }\n  function getViewportScrollPositions() {\n    return {\n      x: window.scrollX !== null && window.scrollX !== void 0 ? window.scrollX : window.pageXOffset,\n      y: window.scrollY !== null && window.scrollY !== void 0 ? window.scrollY : window.pageYOffset\n    };\n  }\n  let _isFullyDisplayedInViewport = isFullyDisplayedInViewport(elem);\n  if (!_isFullyDisplayedInViewport) {\n    const { x: originalX, y: originalY } = getViewportScrollPositions();\n    elem.scrollIntoView(scrollIntoViewFullSupport ? { block: \"center\", inline: \"center\" } : false);\n    _isFullyDisplayedInViewport = isFullyDisplayedInViewport(elem);\n    const { x: currentX, y: currentY } = getViewportScrollPositions();\n    if (currentX !== originalX || currentY !== originalY) {\n      window.scroll(originalX, originalY);\n    }\n  }\n  return _isFullyDisplayedInViewport && isEnabled(elem);\n}).apply(null, arguments)\n        ","args":[{"element-6066-11e4-a52e-4f735466cecf":"f.CC2E505116E5A8BA5ADB1BD30537EAF1.d.A12DACDA1BAA55EA4BEE09F81214E0F0.e.206","ELEMENT":"f.CC2E505116E5A8BA5ADB1BD30537EAF1.d.A12DACDA1BAA55EA4BEE09F81214E0F0.e.206"}]}
[0-6] 2026-02-01T11:27:12.544Z INFO webdriver: COMMAND takeScreenshot()
[0-6] 2026-02-01T11:27:12.544Z INFO webdriver: [GET] http://localhost:4444/session/e17e637a9b36c07266259deb71406949/screenshot
[0-6] 2026-02-01T11:27:12.547Z INFO webdriver: RESULT iVBORw0KGgoAAAANSUhEUgAACWAAAAWmCAIAAACDPgzkAAAQAElEQVR4nOzdC...
[0-6] 2026-02-01T11:27:12.726Z INFO webdriver: RESULT iVBORw0KGgoAAAANSUhEUgAACWAAAAWmCAIAAACDPgzkAAAQAElEQVR4nOzdC...
[0-6] 2026-02-01T11:27:12.729Z INFO webdriver: RESULT true
[0-6] 2026-02-01T11:27:12.730Z INFO webdriver: COMMAND elementClick("f.CC2E505116E5A8BA5ADB1BD30537EAF1.d.A12DACDA1BAA55EA4BEE09F81214E0F0.e.206")
[0-6] 2026-02-01T11:27:12.730Z INFO webdriver: [POST] http://localhost:4444/session/e17e637a9b36c07266259deb71406949/element/f.CC2E505116E5A8BA5ADB1BD30537EAF1.d.A12DACDA1BAA55EA4BEE09F81214E0F0.e.206/click
[0-6] 2026-02-01T11:27:12.730Z INFO webdriver: DATA {}
[0-6] 2026-02-01T11:27:12.732Z INFO webdriver: COMMAND takeScreenshot()
[0-6] 2026-02-01T11:27:12.732Z INFO webdriver: [GET] http://localhost:4444/session/e17e637a9b36c07266259deb71406949/screenshot
[0-6] 2026-02-01T11:27:12.931Z INFO webdriver: RESULT iVBORw0KGgoAAAANSUhEUgAACWAAAAWmCAIAAACDPgzkAAAQAElEQVR4nOzdC...
[0-6] 2026-02-01T11:27:13.021Z INFO webdriver: RESULT null
[0-6] 2026-02-01T11:27:13.022Z INFO webdriver: COMMAND takeScreenshot()
[0-6] 2026-02-01T11:27:13.022Z INFO webdriver: [GET] http://localhost:4444/session/e17e637a9b36c07266259deb71406949/screenshot
[0-6] 2026-02-01T11:27:13.312Z INFO webdriver: RESULT iVBORw0KGgoAAAANSUhEUgAACWAAAAWmCAIAAACDPgzkAAAQAElEQVR4nOzdC...
[0-6] 2026-02-01T11:27:13.539Z INFO webdriver: RESULT iVBORw0KGgoAAAANSUhEUgAACWAAAAWmCAIAAACDPgzkAAAQAElEQVR4nOzdC...
[0-6] 2026-02-01T11:27:16.034Z INFO webdriver: COMMAND takeScreenshot()
[0-6] 2026-02-01T11:27:16.034Z INFO webdriver: [GET] http://localhost:4444/session/e17e637a9b36c07266259deb71406949/screenshot
[0-6] 2026-02-01T11:27:16.241Z INFO webdriver: RESULT iVBORw0KGgoAAAANSUhEUgAACWAAAAWmCAIAAACDPgzkAAAQAElEQVR4nOzdC...
[0-6] 2026-02-01T11:27:16.244Z INFO webdriver: COMMAND findElement("css selector", "[data-testid="install-btn-echo-server"]")
[0-6] 2026-02-01T11:27:16.245Z INFO webdriver: [POST] http://localhost:4444/session/e17e637a9b36c07266259deb71406949/element
[0-6] 2026-02-01T11:27:16.245Z INFO webdriver: DATA {"using":"css selector","value":"[data-testid=\"install-btn-echo-server\"]"}
[0-6] 2026-02-01T11:27:16.286Z INFO webdriver: RESULT {
[0-6]   'element-6066-11e4-a52e-4f735466cecf': 'f.CC2E505116E5A8BA5ADB1BD30537EAF1.d.A12DACDA1BAA55EA4BEE09F81214E0F0.e.206'
[0-6] }
[0-6] 2026-02-01T11:27:16.290Z INFO webdriver: COMMAND executeScript(<fn>, <object>)
[0-6] 2026-02-01T11:27:16.290Z INFO webdriver: [POST] http://localhost:4444/session/e17e637a9b36c07266259deb71406949/execute/sync
[0-6] 2026-02-01T11:27:16.291Z INFO webdriver: DATA {"script":"\n            function webdriverioPolyfill() {\n  var __defProp = Object.defineProperty;\n  var __name = function(target, _value) {\n    return __defProp(target, \"name\", { value: _value, configurable: true });\n  };\n  var __globalThis = typeof globalThis === \"object\" && globalThis || typeof window === \"object\" && window;\n  __globalThis.__name = __name;\n}\n            webdriverioPolyfill();\n            return (function(elem) {\n      try {\n        const style = window.getComputedStyle(elem);\n        return { value: style?.display ?? \"\" };\n      } catch {\n        if (typeof elem.isConnected === \"boolean\" && !elem.isConnected) {\n          throw new Error(\"stale element reference: element is not attached to the page document\");\n        }\n        return { value: \"\" };\n      }\n    }).apply(null, arguments)\n        ","args":[{"element-6066-11e4-a52e-4f735466cecf":"f.CC2E505116E5A8BA5ADB1BD30537EAF1.d.A12DACDA1BAA55EA4BEE09F81214E0F0.e.206","ELEMENT":"f.CC2E505116E5A8BA5ADB1BD30537EAF1.d.A12DACDA1BAA55EA4BEE09F81214E0F0.e.206"}]}
[0-6] 2026-02-01T11:27:16.293Z INFO webdriver: COMMAND executeScript(<fn>, <object>)
[0-6] 2026-02-01T11:27:16.294Z INFO webdriver: [POST] http://localhost:4444/session/e17e637a9b36c07266259deb71406949/execute/sync
[0-6] 2026-02-01T11:27:16.294Z INFO webdriver: DATA {"script":"\n            function webdriverioPolyfill() {\n  var __defProp = Object.defineProperty;\n  var __name = function(target, _value) {\n    return __defProp(target, \"name\", { value: _value, configurable: true });\n  };\n  var __globalThis = typeof globalThis === \"object\" && globalThis || typeof window === \"object\" && window;\n  __globalThis.__name = __name;\n}\n            webdriverioPolyfill();\n            return (function checkVisibility(elem, params) {\n      if (typeof elem.checkVisibility === \"function\") {\n        return elem.checkVisibility(params);\n      }\n      return null;\n    }).apply(null, arguments)\n        ","args":[{"element-6066-11e4-a52e-4f735466cecf":"f.CC2E505116E5A8BA5ADB1BD30537EAF1.d.A12DACDA1BAA55EA4BEE09F81214E0F0.e.206","ELEMENT":"f.CC2E505116E5A8BA5ADB1BD30537EAF1.d.A12DACDA1BAA55EA4BEE09F81214E0F0.e.206"},{"withinViewport":false,"contentVisibilityAuto":true,"opacityProperty":true,"visibilityProperty":true}]}
[0-6] 2026-02-01T11:27:16.307Z INFO webdriver: RESULT { value: 'block' }
[0-6] 2026-02-01T11:27:16.308Z INFO webdriver: COMMAND takeScreenshot()
[0-6] 2026-02-01T11:27:16.309Z INFO webdriver: [GET] http://localhost:4444/session/e17e637a9b36c07266259deb71406949/screenshot
[0-6] 2026-02-01T11:27:16.315Z INFO webdriver: RESULT true
[0-6] 2026-02-01T11:27:16.317Z INFO webdriver: COMMAND takeScreenshot()
[0-6] 2026-02-01T11:27:16.317Z INFO webdriver: [GET] http://localhost:4444/session/e17e637a9b36c07266259deb71406949/screenshot
[0-6] 2026-02-01T11:27:16.321Z INFO webdriver: COMMAND deleteSession()
[0-6] 2026-02-01T11:27:16.321Z INFO webdriver: [DELETE] http://localhost:4444/session/e17e637a9b36c07266259deb71406949
[0-6] 2026-02-01T11:27:16.561Z INFO webdriver: RESULT iVBORw0KGgoAAAANSUhEUgAACWAAAAWmCAIAAACDPgzkAAAQAElEQVR4nOzdC...
[0-6] 2026-02-01T11:27:16.823Z INFO webdriver: RESULT iVBORw0KGgoAAAANSUhEUgAACWAAAAWmCAIAAACDPgzkAAAQAElEQVR4nOzdC...
[0-6] 2026-02-01T11:27:16.856Z INFO webdriver: RESULT null
[0-6] PASSED in undefined - file:///D:/omc/mcp-mux/tests/e2e/specs/server-lifecycle.wdio.ts
2026-02-01T11:27:16.997Z INFO @wdio/cli:launcher: Run onWorkerEnd hook
2026-02-01T11:27:16.997Z INFO @wdio/cli:launcher: Run onWorkerStart hook
2026-02-01T11:27:16.998Z INFO @wdio/local-runner: Start worker 0-7 with arg: run tests/e2e/wdio.conf.ts
2026-02-01T11:27:17.106Z INFO @wdio/xvfb:ProcessFactory: xvfb-run not found, falling back to regular fork
2026-02-01T11:27:17.107Z INFO @wdio/xvfb:ProcessFactory: ProcessFactory: shouldRun=false, isAvailable=false
2026-02-01T11:27:17.107Z INFO @wdio/xvfb:ProcessFactory: Creating worker process with regular fork
[0-7] 2026-02-01T11:27:18.650Z INFO @wdio/local-runner: Run worker command: run
[0-7] Starting msedgedriver 144.0.3719.104 (7d1be999663b6950497e02929a79dc4136d9e376) on port 4445
[0-7] To submit feedback, report a bug, or suggest new features, please visit https://github.com/MicrosoftEdge/EdgeWebDriver
[0-7] 
[0-7] Only local connections are allowed.
[0-7] Please see https://aka.ms/WebDriverSecurity for suggestions on keeping Microsoft Edge WebDriver safe.
[0-7] msedgedriver was started successfully on port 4445.
[0-7] RUNNING in undefined - file:///D:/omc/mcp-mux/tests/e2e/specs/settings.wdio.ts
[0-7] 2026-02-01T11:27:19.133Z INFO webdriver: Initiate new session using the WebDriver protocol
[0-7] 2026-02-01T11:27:19.133Z INFO @wdio/utils: Connecting to existing driver at http://localhost:4444/
[0-7] 2026-02-01T11:27:19.152Z INFO webdriver: [POST] http://localhost:4444/session
[0-7] 2026-02-01T11:27:20.401Z INFO webdriver: COMMAND getWindowHandle()
[0-7] 2026-02-01T11:27:20.402Z INFO webdriver: [GET] http://localhost:4444/session/2c9e9aef47bd20350687d9e84d55d32e/window
[0-7] 2026-02-01T11:27:20.411Z INFO webdriver: RESULT 19359035BDBC0CD2BD1B8D970D73D94C
[0-7] 2026-02-01T11:27:20.416Z INFO webdriver: COMMAND findElement("css selector", "[data-testid="nav-settings"]")
[0-7] 2026-02-01T11:27:20.416Z INFO webdriver: [POST] http://localhost:4444/session/2c9e9aef47bd20350687d9e84d55d32e/element
[0-7] 2026-02-01T11:27:20.417Z INFO webdriver: DATA {"using":"css selector","value":"[data-testid=\"nav-settings\"]"}
[0-7] 2026-02-01T11:27:20.431Z INFO webdriver: RESULT {
[0-7]   'element-6066-11e4-a52e-4f735466cecf': 'f.19359035BDBC0CD2BD1B8D970D73D94C.d.B1336B579D5027DB08B54B46E2C7CA53.e.18'
[0-7] }
[0-7] 2026-02-01T11:27:20.436Z INFO webdriver: COMMAND elementClick("f.19359035BDBC0CD2BD1B8D970D73D94C.d.B1336B579D5027DB08B54B46E2C7CA53.e.18")
[0-7] 2026-02-01T11:27:20.436Z INFO webdriver: [POST] http://localhost:4444/session/2c9e9aef47bd20350687d9e84d55d32e/element/f.19359035BDBC0CD2BD1B8D970D73D94C.d.B1336B579D5027DB08B54B46E2C7CA53.e.18/click
[0-7] 2026-02-01T11:27:20.436Z INFO webdriver: DATA {}
[0-7] 2026-02-01T11:27:20.545Z INFO webdriver: RESULT null
[0-7] 2026-02-01T11:27:22.586Z INFO webdriver: COMMAND takeScreenshot()
[0-7] 2026-02-01T11:27:22.586Z INFO webdriver: [GET] http://localhost:4444/session/2c9e9aef47bd20350687d9e84d55d32e/screenshot
[0-7] 2026-02-01T11:27:22.742Z INFO webdriver: RESULT iVBORw0KGgoAAAANSUhEUgAACWAAAAWmCAIAAACDPgzkAAAQAElEQVR4nOzdC...
[0-7] 2026-02-01T11:27:22.745Z INFO webdriver: COMMAND getPageSource()
[0-7] 2026-02-01T11:27:22.745Z INFO webdriver: [GET] http://localhost:4444/session/2c9e9aef47bd20350687d9e84d55d32e/source
[0-7] 2026-02-01T11:27:22.754Z INFO webdriver: RESULT <html lang="en"><head>
[0-7]     <meta charset="UTF-8">
[0-7]     <link rel="icon" type="image/svg+xml" href="/mcpmux.svg">
[0-7]     <meta name="viewport" content="width=device-width, initial-scale=1.0">
[0-7]     <title>McpMux</title>
[0-7]     <script type="module" crossorigin="" src="/assets/index-CiZJOwjC.js"></script>
[0-7]     <link rel="stylesheet" crossorigin="" href="/assets/index-Df7hU3Vb.css">
[0-7]   </head>
[0-7] 
[0-7]   <body>
[0-7]     <div id="root"><div class="flex h-screen flex-col overflow-hidden bg-[rgb(var(--background))]"><div class="drag-region h-8 flex-shrink-0 bg-[rgb(var(--surface))] border-b border-[rgb(var(--border-subtle))]"></div><div class="flex flex-1 overflow-hidden"><aside class="w-60 flex-shrink-0 border-r border-[rgb(var(--border-subtle))]"><nav class="flex h-full flex-col bg-[rgb(var(--surface))]"><div class="flex-shrink-0 p-4 border-b border-[rgb(var(--border-subtle))]"><div class="space-y-3"><div class="flex items-center justify-between"><div class="flex items-center gap-2"><svg xmlns="http://www.w3.org/2000/svg" width="24" height="24" viewBox="0 0 24 24" fill="none" stroke="currentColor" stroke-width="2" stroke-linecap="round" stroke-linejoin="round" class="lucide lucide-zap h-6 w-6 text-primary-500" aria-hidden="true"><path d="M4 14a1 1 0 0 1-.78-1.63l9.9-10.2a.5.5 0 0 1 .86.46l-1.92 6.02A1 1 0 0 0 13 10h7a1 1 0 0 1 .78 1.63l-9.9 10.2a.5.5 0 0 1-.86-.46l1.92-6.02A1 1 0 0 0 11 14z"></path></svg><span class="font-bold text-lg">McpMux</span></div><button class="p-1.5 rounded-lg hover:bg-surface-hover transition-colors" title="Dark mode"><svg xmlns="http://www.w3.org/2000/svg" width="24" height="24" viewBox="0 0 24 24" fill="none" stroke="currentColor" stroke-width="2" stroke-linecap="round" stroke-linejoin="round" class="lucide lucide-moon h-4 w-4" aria-hidden="true"><path d="M20.985 12.486a9 9 0 1 1-9.473-9.472c.405-.022.617.46.402.803a6 6 0 0 0 8.268 8.268c.344-.215.825-.004.803.401"></path></svg></button></div><div class="relative w-full"><button class="w-full flex items-center justify-between gap-2 px-3 py-2.5 rounded-xl border border-[rgb(var(--border))] bg-[rgb(var(--surface))] hover:bg-[rgb(var(--surface-hover))] hover:border-[rgb(var(--primary))/30] transition-all duration-150 group"><span class="flex items-center gap-3 min-w-0"><span class="text-xl">≡ƒÅá</span><span class="font-medium text-sm truncate">Personal</span></span><svg xmlns="http://www.w3.org/2000/svg" width="24" height="24" viewBox="0 0 24 24" fill="none" stroke="currentColor" stroke-width="2" stroke-linecap="round" stroke-linejoin="round" class="lucide lucide-chevron-down h-4 w-4 flex-shrink-0 text-[rgb(var(--muted))] group-hover:text-[rgb(var(--foreground))] transition-all duration-200" aria-hidden="true"><path d="m6 9 6 6 6-6"></path></svg></button></div></div></div><div class="flex-1 overflow-y-auto p-3"><div class="mb-6"><div class="space-y-0.5"><button data-testid="nav-dashboard" class="flex w-full items-center gap-3 rounded-lg px-3 py-2.5 text-sm font-medium transition-all duration-150 text-[rgb(var(--muted))] hover:text-[rgb(var(--foreground))] hover:bg-[rgb(var(--surface-hover))]"><span class="h-5 w-5 flex items-center justify-center transition-colors"><svg xmlns="http://www.w3.org/2000/svg" width="24" height="24" viewBox="0 0 24 24" fill="none" stroke="currentColor" stroke-width="2" stroke-linecap="round" stroke-linejoin="round" class="lucide lucide-house h-4 w-4" aria-hidden="true"><path d="M15 21v-8a1 1 0 0 0-1-1h-4a1 1 0 0 0-1 1v8"></path><path d="M3 10a2 2 0 0 1 .709-1.528l7-6a2 2 0 0 1 2.582 0l7 6A2 2 0 0 1 21 10v9a2 2 0 0 1-2 2H5a2 2 0 0 1-2-2z"></path></svg></span><span>Dashboard</span></button><button data-testid="nav-my-servers" class="flex w-full items-center gap-3 rounded-lg px-3 py-2.5 text-sm font-medium transition-all duration-150 text-[rgb(var(--muted))] hover:text-[rgb(var(--foreground))] hover:bg-[rgb(var(--surface-hover))]"><span class="h-5 w-5 flex items-center justify-center transition-colors"><svg xmlns="http://www.w3.org/2000/svg" width="24" height="24" viewBox="0 0 24 24" fill="none" stroke="currentColor" stroke-width="2" stroke-linecap="round" stroke-linejoin="round" class="lucide lucide-zap h-4 w-4" aria-hidden="true"><path d="M4 14a1 1 0 0 1-.78-1.63l9.9-10.2a.5.5 0 0 1 .86.46l-1.92 6.02A1 1 0 0 0 13 10h7a1 1 0 0 1 .78 1.63l-9.9 10.2a.5.5 0 0 1-.86-.46l1.92-6.02A1 1 0 0 0 11 14z"></path></svg></span><span>My Servers</span></button><button data-testid="nav-discover" class="flex w-full items-center gap-3 rounded-lg px-3 py-2.5 text-sm font-medium transition-all duration-150 text-[rgb(var(--muted))] hover:text-[rgb(var(--foreground))] hover:bg-[rgb(var(--surface-hover))]"><span class="h-5 w-5 flex items-center justify-center transition-colors"><svg xmlns="http://www.w3.org/2000/svg" width="24" height="24" viewBox="0 0 24 24" fill="none" stroke="currentColor" stroke-width="2" stroke-linecap="round" stroke-linejoin="round" class="lucide lucide-server h-4 w-4" aria-hidden="true"><rect width="20" height="8" x="2" y="2" rx="2" ry="2"></rect><rect width="20" height="8" x="2" y="14" rx="2" ry="2"></rect><line x1="6" x2="6.01" y1="6" y2="6"></line><line x1="6" x2="6.01" y1="18" y2="18"></line></svg></span><span>Discover</span></button></div></div><div class="mb-6"><h3 class="mb-2 px-3 text-[11px] font-semibold uppercase tracking-wider text-[rgb(var(--muted-foreground))]">Workspaces</h3><div class="space-y-0.5"><button data-testid="nav-spaces" class="flex w-full items-center gap-3 rounded-lg px-3 py-2.5 text-sm font-medium transition-all duration-150 text-[rgb(var(--muted))] hover:text-[rgb(var(--foreground))] hover:bg-[rgb(var(--surface-hover))]"><span class="h-5 w-5 flex items-center justify-center transition-colors"><svg xmlns="http://www.w3.org/2000/svg" width="24" height="24" viewBox="0 0 24 24" fill="none" stroke="currentColor" stroke-width="2" stroke-linecap="round" stroke-linejoin="round" class="lucide lucide-globe h-4 w-4" aria-hidden="true"><circle cx="12" cy="12" r="10"></circle><path d="M12 2a14.5 14.5 0 0 0 0 20 14.5 14.5 0 0 0 0-20"></path><path d="M2 12h20"></path></svg></span><span>Spaces</span></button><button data-testid="nav-featuresets" class="flex w-full items-center gap-3 rounded-lg px-3 py-2.5 text-sm font-medium transition-all duration-150 text-[rgb(var(--muted))] hover:text-[rgb(var(--foreground))] hover:bg-[rgb(var(--surface-hover))]"><span class="h-5 w-5 flex items-center justify-center transition-colors"><svg xmlns="http://www.w3.org/2000/svg" width="24" height="24" viewBox="0 0 24 24" fill="none" stroke="currentColor" stroke-width="2" stroke-linecap="round" stroke-linejoin="round" class="lucide lucide-wrench h-4 w-4" aria-hidden="true"><path d="M14.7 6.3a1 1 0 0 0 0 1.4l1.6 1.6a1 1 0 0 0 1.4 0l3.106-3.105c.32-.322.863-.22.983.218a6 6 0 0 1-8.259 7.057l-7.91 7.91a1 1 0 0 1-2.999-3l7.91-7.91a6 6 0 0 1 7.057-8.259c.438.12.54.662.219.984z"></path></svg></span><span>FeatureSets</span></button></div></div><div class="mb-6"><h3 class="mb-2 px-3 text-[11px] font-semibold uppercase tracking-wider text-[rgb(var(--muted-foreground))]">Connections</h3><div class="space-y-0.5"><button data-testid="nav-clients" class="flex w-full items-center gap-3 rounded-lg px-3 py-2.5 text-sm font-medium transition-all duration-150 text-[rgb(var(--muted))] hover:text-[rgb(var(--foreground))] hover:bg-[rgb(var(--surface-hover))]"><span class="h-5 w-5 flex items-center justify-center transition-colors"><svg xmlns="http://www.w3.org/2000/svg" width="24" height="24" viewBox="0 0 24 24" fill="none" stroke="currentColor" stroke-width="2" stroke-linecap="round" stroke-linejoin="round" class="lucide lucide-monitor h-4 w-4" aria-hidden="true"><rect width="20" height="14" x="2" y="3" rx="2"></rect><line x1="8" x2="16" y1="21" y2="21"></line><line x1="12" x2="12" y1="17" y2="21"></line></svg></span><span>Clients</span></button></div></div><div class="mb-6"><div class="space-y-0.5"><button data-testid="nav-settings" class="flex w-full items-center gap-3 rounded-lg px-3 py-2.5 text-sm font-medium transition-all duration-150 hover:text-[rgb(var(--foreground))] bg-[rgb(var(--primary))/10] text-[rgb(var(--primary))] hover:bg-[rgb(var(--primary))/15]"><span class="h-5 w-5 flex items-center justify-center transition-colors text-[rgb(var(--primary))]"><svg xmlns="http://www.w3.org/2000/svg" width="24" height="24" viewBox="0 0 24 24" fill="none" stroke="currentColor" stroke-width="2" stroke-linecap="round" stroke-linejoin="round" class="lucide lucide-settings h-4 w-4" aria-hidden="true"><path d="M9.671 4.136a2.34 2.34 0 0 1 4.659 0 2.34 2.34 0 0 0 3.319 1.915 2.34 2.34 0 0 1 2.33 4.033 2.34 2.34 0 0 0 0 3.831 2.34 2.34 0 0 1-2.33 4.033 2.34 2.34 0 0 0-3.319 1.915 2.34 2.34 0 0 1-4.659 0 2.34 2.34 0 0 0-3.32-1.915 2.34 2.34 0 0 1-2.33-4.033 2.34 2.34 0 0 0 0-3.831A2.34 2.34 0 0 1 6.35 6.051a2.34 2.34 0 0 0 3.319-1.915"></path><circle cx="12" cy="12" r="3"></circle></svg></span><span>Settings</span></button></div></div></div><div class="flex-shrink-0 p-4 border-t border-[rgb(var(--border-subtle))]"><div class="text-xs text-[rgb(var(--muted))]"><div>McpMux v0.1.0</div><div>Gateway: localhost:9315</div></div></div></nav></aside><main class="flex-1 overflow-auto p-6 bg-[rgb(var(--background))]"><div class="animate-fade-in"><div class="space-y-6"><div><h1 class="text-2xl font-bold">Settings</h1><p class="text-[rgb(var(--muted))]">Configure McpMux preferences.</p></div><div class="rounded-xl border border-[rgb(var(--border-subtle))] bg-[rgb(var(--card))] p-6 shadow-[0_1px_3px_0_rgb(0_0_0/0.1),0_1px_2px_-1px_rgb(0_0_0/0.1)] dark:shadow-[0_1px_3px_0_rgb(0_0_0/0.3),0_1px_2px_-1px_rgb(0_0_0/0.2)]"><div class="mb-4"><h3 class="text-lg font-semibold text-[rgb(var(--card-foreground))]">Appearance</h3><p class="text-sm text-[rgb(var(--muted))] mt-1">Customize the look and feel of McpMux.</p></div><div class=""><div class="space-y-4"><div><label class="text-sm font-medium">Theme</label><div class="flex gap-2 mt-2" data-testid="theme-buttons"><button class="inline-flex items-center justify-center gap-2 rounded-lg font-medium transition-all duration-150 ease-out focus-visible:outline-none focus-visible:ring-2 focus-visible:ring-[rgb(var(--primary))] focus-visible:ring-offset-2 disabled:pointer-events-none disabled:opacity-50 active:scale-[0.98] bg-[rgb(var(--surface-active))] text-[rgb(var(--foreground))] hover:bg-[rgb(var(--surface-hover))] border border-[rgb(var(--border))] h-8 px-3 text-sm" data-testid="theme-light-btn"><svg xmlns="http://www.w3.org/2000/svg" width="24" height="24" viewBox="0 0 24 24" fill="none" stroke="currentColor" stroke-width="2" stroke-linecap="round" stroke-linejoin="round" class="lucide lucide-sun h-4 w-4 mr-2" aria-hidden="true"><circle cx="12" cy="12" r="4"></circle><path d="M12 2v2"></path><path d="M12 20v2"></path><path d="m4.93 4.93 1.41 1.41"></path><path d="m17.66 17.66 1.41 1.41"></path><path d="M2 12h2"></path><path d="M20 12h2"></path><path d="m6.34 17.66-1.41 1.41"></path><path d="m19.07 4.93-1.41 1.41"></path></svg>Light</button><button class="inline-flex items-center justify-center gap-2 rounded-lg font-medium transition-all duration-150 ease-out focus-visible:outline-none focus-visible:ring-2 focus-visible:ring-[rgb(var(--primary))] focus-visible:ring-offset-2 disabled:pointer-events-none disabled:opacity-50 active:scale-[0.98] bg-[rgb(var(--surface-active))] text-[rgb(var(--foreground))] hover:bg-[rgb(var(--surface-hover))] border border-[rgb(var(--border))] h-8 px-3 text-sm" data-testid="theme-dark-btn"><svg xmlns="http://www.w3.org/2000/svg" width="24" height="24" viewBox="0 0 24 24" fill="none" stroke="currentColor" stroke-width="2" stroke-linecap="round" stroke-linejoin="round" class="lucide lucide-moon h-4 w-4 mr-2" aria-hidden="true"><path d="M20.985 12.486a9 9 0 1 1-9.473-9.472c.405-.022.617.46.402.803a6 6 0 0 0 8.268 8.268c.344-.215.825-.004.803.401"></path></svg>Dark</button><button class="inline-flex items-center justify-center gap-2 rounded-lg font-medium transition-all duration-150 ease-out focus-visible:outline-none focus-visible:ring-2 focus-visible:ring-[rgb(var(--primary))] focus-visible:ring-offset-2 disabled:pointer-events-none disabled:opacity-50 active:scale-[0.98] bg-[rgb(var(--primary))] text-[rgb(var(--primary-foreground))] hover:bg-[rgb(var(--primary-hover))] shadow-sm hover:shadow h-8 px-3 text-sm" data-testid="theme-system-btn"><svg xmlns="http://www.w3.org/2000/svg" width="24" height="24" viewBox="0 0 24 24" fill="none" stroke="currentColor" stroke-width="2" stroke-linecap="round" stroke-linejoin="round" class="lucide lucide-monitor h-4 w-4 mr-2" aria-hidden="true"><rect width="20" height="14" x="2" y="3" rx="2"></rect><line x1="8" x2="16" y1="21" y2="21"></line><line x1="12" x2="12" y1="17" y2="21"></line></svg>System</button></div></div></div></div></div><div class="rounded-xl border border-[rgb(var(--border-subtle))] bg-[rgb(var(--card))] p-6 shadow-[0_1px_3px_0_rgb(0_0_0/0.1),0_1px_2px_-1px_rgb(0_0_0/0.1)] dark:shadow-[0_1px_3px_0_rgb(0_0_0/0.3),0_1px_2px_-1px_rgb(0_0_0/0.2)]"><div class="mb-4"><h3 class="text-lg font-semibold text-[rgb(var(--card-foreground))] flex items-center gap-2"><svg xmlns="http://www.w3.org/2000/svg" width="24" height="24" viewBox="0 0 24 24" fill="none" stroke="currentColor" stroke-width="2" stroke-linecap="round" stroke-linejoin="round" class="lucide lucide-file-text h-5 w-5" aria-hidden="true"><path d="M6 22a2 2 0 0 1-2-2V4a2 2 0 0 1 2-2h8a2.4 2.4 0 0 1 1.704.706l3.588 3.588A2.4 2.4 0 0 1 20 8v12a2 2 0 0 1-2 2z"></path><path d="M14 2v5a1 1 0 0 0 1 1h5"></path><path d="M10 9H8"></path><path d="M16 13H8"></path><path d="M16 17H8"></path></svg>Logs</h3><p class="text-sm text-[rgb(var(--muted))] mt-1">View application logs for debugging and troubleshooting.</p></div><div class=""><div class="space-y-4"><div><label class="text-sm font-medium">Log Files Location</label><p class="text-sm text-[rgb(var(--muted))] mt-1 font-mono bg-surface-secondary rounded px-2 py-1" data-testid="logs-path">C:\Users\mash\AppData\Local\com.mcpmux.desktop\logs</p></div><div class="flex items-center gap-2"><button class="inline-flex items-center justify-center gap-2 rounded-lg font-medium transition-all duration-150 ease-out focus-visible:outline-none focus-visible:ring-2 focus-visible:ring-[rgb(var(--primary))] focus-visible:ring-offset-2 disabled:pointer-events-none disabled:opacity-50 active:scale-[0.98] bg-[rgb(var(--surface-active))] text-[rgb(var(--foreground))] hover:bg-[rgb(var(--surface-hover))] border border-[rgb(var(--border))] h-8 px-3 text-sm" data-testid="open-logs-btn"><svg xmlns="http://www.w3.org/2000/svg" width="24" height="24" viewBox="0 0 24 24" fill="none" stroke="currentColor" stroke-width="2" stroke-linecap="round" stroke-linejoin="round" class="lucide lucide-folder-open h-4 w-4 mr-2" aria-hidden="true"><path d="m6 14 1.5-2.9A2 2 0 0 1 9.24 10H20a2 2 0 0 1 1.94 2.5l-1.54 6a2 2 0 0 1-1.95 1.5H4a2 2 0 0 1-2-2V5a2 2 0 0 1 2-2h3.9a2 2 0 0 1 1.69.9l.81 1.2a2 2 0 0 0 1.67.9H18a2 2 0 0 1 2 2v2"></path></svg>Open Logs Folder</button></div><p class="text-xs text-[rgb(var(--muted))]">Logs are rotated daily. Each file contains detailed debug information including thread IDs and source locations.</p></div></div></div></div></div></main></div><div class="h-7 flex-shrink-0 border-t border-[rgb(var(--border-subtle))] bg-[rgb(var(--surface))] px-4"><div class="flex h-full items-center justify-between text-xs text-[rgb(var(--muted))]"><div class="flex items-center gap-4"><span class="flex items-center gap-1.5"><span class="h-2 w-2 rounded-full bg-green-500"></span>Gateway Active</span><span>Active Space: Personal</span></div><div class="flex items-center gap-4"><span>5 Servers ΓÇó 97 Tools</span></div></div></div></div></div>
[0-7] 
[0-7]   
[0-7] 
[0-7] </body></html>
[0-7] 2026-02-01T11:27:22.760Z INFO webdriver: COMMAND findElement("css selector", "[data-testid="theme-buttons"]")
[0-7] 2026-02-01T11:27:22.760Z INFO webdriver: [POST] http://localhost:4444/session/2c9e9aef47bd20350687d9e84d55d32e/element
[0-7] 2026-02-01T11:27:22.760Z INFO webdriver: DATA {"using":"css selector","value":"[data-testid=\"theme-buttons\"]"}
[0-7] 2026-02-01T11:27:22.776Z INFO webdriver: RESULT {
[0-7]   'element-6066-11e4-a52e-4f735466cecf': 'f.19359035BDBC0CD2BD1B8D970D73D94C.d.B1336B579D5027DB08B54B46E2C7CA53.e.47'
[0-7] }
[0-7] 2026-02-01T11:27:22.778Z INFO webdriver: COMMAND executeScript(<fn>, <object>)
[0-7] 2026-02-01T11:27:22.779Z INFO webdriver: [POST] http://localhost:4444/session/2c9e9aef47bd20350687d9e84d55d32e/execute/sync
[0-7] 2026-02-01T11:27:22.779Z INFO webdriver: DATA {"script":"\n            function webdriverioPolyfill() {\n  var __defProp = Object.defineProperty;\n  var __name = function(target, _value) {\n    return __defProp(target, \"name\", { value: _value, configurable: true });\n  };\n  var __globalThis = typeof globalThis === \"object\" && globalThis || typeof window === \"object\" && window;\n  __globalThis.__name = __name;\n}\n            webdriverioPolyfill();\n            return (function(elem) {\n      try {\n        const style = window.getComputedStyle(elem);\n        return { value: style?.display ?? \"\" };\n      } catch {\n        if (typeof elem.isConnected === \"boolean\" && !elem.isConnected) {\n          throw new Error(\"stale element reference: element is not attached to the page document\");\n        }\n        return { value: \"\" };\n      }\n    }).apply(null, arguments)\n        ","args":[{"element-6066-11e4-a52e-4f735466cecf":"f.19359035BDBC0CD2BD1B8D970D73D94C.d.B1336B579D5027DB08B54B46E2C7CA53.e.47","ELEMENT":"f.19359035BDBC0CD2BD1B8D970D73D94C.d.B1336B579D5027DB08B54B46E2C7CA53.e.47"}]}
[0-7] 2026-02-01T11:27:22.780Z INFO webdriver: COMMAND executeScript(<fn>, <object>)
[0-7] 2026-02-01T11:27:22.780Z INFO webdriver: [POST] http://localhost:4444/session/2c9e9aef47bd20350687d9e84d55d32e/execute/sync
[0-7] 2026-02-01T11:27:22.780Z INFO webdriver: DATA {"script":"\n            function webdriverioPolyfill() {\n  var __defProp = Object.defineProperty;\n  var __name = function(target, _value) {\n    return __defProp(target, \"name\", { value: _value, configurable: true });\n  };\n  var __globalThis = typeof globalThis === \"object\" && globalThis || typeof window === \"object\" && window;\n  __globalThis.__name = __name;\n}\n            webdriverioPolyfill();\n            return (function checkVisibility(elem, params) {\n      if (typeof elem.checkVisibility === \"function\") {\n        return elem.checkVisibility(params);\n      }\n      return null;\n    }).apply(null, arguments)\n        ","args":[{"element-6066-11e4-a52e-4f735466cecf":"f.19359035BDBC0CD2BD1B8D970D73D94C.d.B1336B579D5027DB08B54B46E2C7CA53.e.47","ELEMENT":"f.19359035BDBC0CD2BD1B8D970D73D94C.d.B1336B579D5027DB08B54B46E2C7CA53.e.47"},{"withinViewport":false,"contentVisibilityAuto":true,"opacityProperty":true,"visibilityProperty":true}]}
[0-7] 2026-02-01T11:27:22.792Z INFO webdriver: RESULT { value: 'flex' }
[0-7] 2026-02-01T11:27:22.794Z INFO webdriver: COMMAND takeScreenshot()
[0-7] 2026-02-01T11:27:22.794Z INFO webdriver: [GET] http://localhost:4444/session/2c9e9aef47bd20350687d9e84d55d32e/screenshot
[0-7] 2026-02-01T11:27:22.796Z INFO webdriver: RESULT true
[0-7] 2026-02-01T11:27:22.797Z INFO webdriver: COMMAND findElement("css selector", "[data-testid="theme-light-btn"]")
[0-7] 2026-02-01T11:27:22.797Z INFO webdriver: [POST] http://localhost:4444/session/2c9e9aef47bd20350687d9e84d55d32e/element
[0-7] 2026-02-01T11:27:22.797Z INFO webdriver: DATA {"using":"css selector","value":"[data-testid=\"theme-light-btn\"]"}
[0-7] 2026-02-01T11:27:22.798Z INFO webdriver: COMMAND takeScreenshot()
[0-7] 2026-02-01T11:27:22.798Z INFO webdriver: [GET] http://localhost:4444/session/2c9e9aef47bd20350687d9e84d55d32e/screenshot
[0-7] 2026-02-01T11:27:22.948Z INFO webdriver: RESULT iVBORw0KGgoAAAANSUhEUgAACWAAAAWmCAIAAACDPgzkAAAQAElEQVR4nOzdC...
[0-7] 2026-02-01T11:27:22.958Z INFO webdriver: RESULT {
[0-7]   'element-6066-11e4-a52e-4f735466cecf': 'f.19359035BDBC0CD2BD1B8D970D73D94C.d.B1336B579D5027DB08B54B46E2C7CA53.e.35'
[0-7] }
[0-7] 2026-02-01T11:27:22.961Z INFO webdriver: COMMAND findElement("css selector", "[data-testid="theme-dark-btn"]")
[0-7] 2026-02-01T11:27:22.961Z INFO webdriver: [POST] http://localhost:4444/session/2c9e9aef47bd20350687d9e84d55d32e/element
[0-7] 2026-02-01T11:27:22.962Z INFO webdriver: DATA {"using":"css selector","value":"[data-testid=\"theme-dark-btn\"]"}
[0-7] 2026-02-01T11:27:23.138Z INFO webdriver: RESULT iVBORw0KGgoAAAANSUhEUgAACWAAAAWmCAIAAACDPgzkAAAQAElEQVR4nOzdC...
[0-7] 2026-02-01T11:27:23.143Z INFO webdriver: RESULT {
[0-7]   'element-6066-11e4-a52e-4f735466cecf': 'f.19359035BDBC0CD2BD1B8D970D73D94C.d.B1336B579D5027DB08B54B46E2C7CA53.e.36'
[0-7] }
[0-7] 2026-02-01T11:27:23.147Z INFO webdriver: COMMAND findElement("css selector", "[data-testid="theme-system-btn"]")
[0-7] 2026-02-01T11:27:23.147Z INFO webdriver: [POST] http://localhost:4444/session/2c9e9aef47bd20350687d9e84d55d32e/element
[0-7] 2026-02-01T11:27:23.147Z INFO webdriver: DATA {"using":"css selector","value":"[data-testid=\"theme-system-btn\"]"}
[0-7] 2026-02-01T11:27:23.162Z INFO webdriver: RESULT {
[0-7]   'element-6066-11e4-a52e-4f735466cecf': 'f.19359035BDBC0CD2BD1B8D970D73D94C.d.B1336B579D5027DB08B54B46E2C7CA53.e.37'
[0-7] }
[0-7] 2026-02-01T11:27:23.164Z INFO webdriver: COMMAND executeScript(<fn>, <object>)
[0-7] 2026-02-01T11:27:23.164Z INFO webdriver: [POST] http://localhost:4444/session/2c9e9aef47bd20350687d9e84d55d32e/execute/sync
[0-7] 2026-02-01T11:27:23.164Z INFO webdriver: DATA {"script":"\n            function webdriverioPolyfill() {\n  var __defProp = Object.defineProperty;\n  var __name = function(target, _value) {\n    return __defProp(target, \"name\", { value: _value, configurable: true });\n  };\n  var __globalThis = typeof globalThis === \"object\" && globalThis || typeof window === \"object\" && window;\n  __globalThis.__name = __name;\n}\n            webdriverioPolyfill();\n            return (function(elem) {\n      try {\n        const style = window.getComputedStyle(elem);\n        return { value: style?.display ?? \"\" };\n      } catch {\n        if (typeof elem.isConnected === \"boolean\" && !elem.isConnected) {\n          throw new Error(\"stale element reference: element is not attached to the page document\");\n        }\n        return { value: \"\" };\n      }\n    }).apply(null, arguments)\n        ","args":[{"element-6066-11e4-a52e-4f735466cecf":"f.19359035BDBC0CD2BD1B8D970D73D94C.d.B1336B579D5027DB08B54B46E2C7CA53.e.35","ELEMENT":"f.19359035BDBC0CD2BD1B8D970D73D94C.d.B1336B579D5027DB08B54B46E2C7CA53.e.35"}]}
[0-7] 2026-02-01T11:27:23.165Z INFO webdriver: COMMAND executeScript(<fn>, <object>)
[0-7] 2026-02-01T11:27:23.165Z INFO webdriver: [POST] http://localhost:4444/session/2c9e9aef47bd20350687d9e84d55d32e/execute/sync
[0-7] 2026-02-01T11:27:23.165Z INFO webdriver: DATA {"script":"\n            function webdriverioPolyfill() {\n  var __defProp = Object.defineProperty;\n  var __name = function(target, _value) {\n    return __defProp(target, \"name\", { value: _value, configurable: true });\n  };\n  var __globalThis = typeof globalThis === \"object\" && globalThis || typeof window === \"object\" && window;\n  __globalThis.__name = __name;\n}\n            webdriverioPolyfill();\n            return (function checkVisibility(elem, params) {\n      if (typeof elem.checkVisibility === \"function\") {\n        return elem.checkVisibility(params);\n      }\n      return null;\n    }).apply(null, arguments)\n        ","args":[{"element-6066-11e4-a52e-4f735466cecf":"f.19359035BDBC0CD2BD1B8D970D73D94C.d.B1336B579D5027DB08B54B46E2C7CA53.e.35","ELEMENT":"f.19359035BDBC0CD2BD1B8D970D73D94C.d.B1336B579D5027DB08B54B46E2C7CA53.e.35"},{"withinViewport":false,"contentVisibilityAuto":true,"opacityProperty":true,"visibilityProperty":true}]}
[0-7] 2026-02-01T11:27:23.175Z INFO webdriver: RESULT { value: 'flex' }
[0-7] 2026-02-01T11:27:23.176Z INFO webdriver: COMMAND takeScreenshot()
[0-7] 2026-02-01T11:27:23.177Z INFO webdriver: [GET] http://localhost:4444/session/2c9e9aef47bd20350687d9e84d55d32e/screenshot
[0-7] 2026-02-01T11:27:23.182Z INFO webdriver: RESULT true
[0-7] 2026-02-01T11:27:23.183Z INFO webdriver: COMMAND executeScript(<fn>, <object>)
[0-7] 2026-02-01T11:27:23.183Z INFO webdriver: [POST] http://localhost:4444/session/2c9e9aef47bd20350687d9e84d55d32e/execute/sync
[0-7] 2026-02-01T11:27:23.184Z INFO webdriver: DATA {"script":"\n            function webdriverioPolyfill() {\n  var __defProp = Object.defineProperty;\n  var __name = function(target, _value) {\n    return __defProp(target, \"name\", { value: _value, configurable: true });\n  };\n  var __globalThis = typeof globalThis === \"object\" && globalThis || typeof window === \"object\" && window;\n  __globalThis.__name = __name;\n}\n            webdriverioPolyfill();\n            return (function(elem) {\n      try {\n        const style = window.getComputedStyle(elem);\n        return { value: style?.display ?? \"\" };\n      } catch {\n        if (typeof elem.isConnected === \"boolean\" && !elem.isConnected) {\n          throw new Error(\"stale element reference: element is not attached to the page document\");\n        }\n        return { value: \"\" };\n      }\n    }).apply(null, arguments)\n        ","args":[{"element-6066-11e4-a52e-4f735466cecf":"f.19359035BDBC0CD2BD1B8D970D73D94C.d.B1336B579D5027DB08B54B46E2C7CA53.e.36","ELEMENT":"f.19359035BDBC0CD2BD1B8D970D73D94C.d.B1336B579D5027DB08B54B46E2C7CA53.e.36"}]}
[0-7] 2026-02-01T11:27:23.184Z INFO webdriver: COMMAND executeScript(<fn>, <object>)
[0-7] 2026-02-01T11:27:23.185Z INFO webdriver: [POST] http://localhost:4444/session/2c9e9aef47bd20350687d9e84d55d32e/execute/sync
[0-7] 2026-02-01T11:27:23.185Z INFO webdriver: DATA {"script":"\n            function webdriverioPolyfill() {\n  var __defProp = Object.defineProperty;\n  var __name = function(target, _value) {\n    return __defProp(target, \"name\", { value: _value, configurable: true });\n  };\n  var __globalThis = typeof globalThis === \"object\" && globalThis || typeof window === \"object\" && window;\n  __globalThis.__name = __name;\n}\n            webdriverioPolyfill();\n            return (function checkVisibility(elem, params) {\n      if (typeof elem.checkVisibility === \"function\") {\n        return elem.checkVisibility(params);\n      }\n      return null;\n    }).apply(null, arguments)\n        ","args":[{"element-6066-11e4-a52e-4f735466cecf":"f.19359035BDBC0CD2BD1B8D970D73D94C.d.B1336B579D5027DB08B54B46E2C7CA53.e.36","ELEMENT":"f.19359035BDBC0CD2BD1B8D970D73D94C.d.B1336B579D5027DB08B54B46E2C7CA53.e.36"},{"withinViewport":false,"contentVisibilityAuto":true,"opacityProperty":true,"visibilityProperty":true}]}
[0-7] 2026-02-01T11:27:23.187Z INFO webdriver: COMMAND takeScreenshot()
[0-7] 2026-02-01T11:27:23.187Z INFO webdriver: [GET] http://localhost:4444/session/2c9e9aef47bd20350687d9e84d55d32e/screenshot
[0-7] 2026-02-01T11:27:23.329Z INFO webdriver: RESULT iVBORw0KGgoAAAANSUhEUgAACWAAAAWmCAIAAACDPgzkAAAQAElEQVR4nOzdC...
[0-7] 2026-02-01T11:27:23.334Z INFO webdriver: RESULT { value: 'flex' }
[0-7] 2026-02-01T11:27:23.335Z INFO webdriver: COMMAND takeScreenshot()
[0-7] 2026-02-01T11:27:23.335Z INFO webdriver: [GET] http://localhost:4444/session/2c9e9aef47bd20350687d9e84d55d32e/screenshot
[0-7] 2026-02-01T11:27:23.514Z INFO webdriver: RESULT iVBORw0KGgoAAAANSUhEUgAACWAAAAWmCAIAAACDPgzkAAAQAElEQVR4nOzdC...
[0-7] 2026-02-01T11:27:23.518Z INFO webdriver: RESULT true
[0-7] 2026-02-01T11:27:23.519Z INFO webdriver: COMMAND executeScript(<fn>, <object>)
[0-7] 2026-02-01T11:27:23.519Z INFO webdriver: [POST] http://localhost:4444/session/2c9e9aef47bd20350687d9e84d55d32e/execute/sync
[0-7] 2026-02-01T11:27:23.519Z INFO webdriver: DATA {"script":"\n            function webdriverioPolyfill() {\n  var __defProp = Object.defineProperty;\n  var __name = function(target, _value) {\n    return __defProp(target, \"name\", { value: _value, configurable: true });\n  };\n  var __globalThis = typeof globalThis === \"object\" && globalThis || typeof window === \"object\" && window;\n  __globalThis.__name = __name;\n}\n            webdriverioPolyfill();\n            return (function(elem) {\n      try {\n        const style = window.getComputedStyle(elem);\n        return { value: style?.display ?? \"\" };\n      } catch {\n        if (typeof elem.isConnected === \"boolean\" && !elem.isConnected) {\n          throw new Error(\"stale element reference: element is not attached to the page document\");\n        }\n        return { value: \"\" };\n      }\n    }).apply(null, arguments)\n        ","args":[{"element-6066-11e4-a52e-4f735466cecf":"f.19359035BDBC0CD2BD1B8D970D73D94C.d.B1336B579D5027DB08B54B46E2C7CA53.e.37","ELEMENT":"f.19359035BDBC0CD2BD1B8D970D73D94C.d.B1336B579D5027DB08B54B46E2C7CA53.e.37"}]}
[0-7] 2026-02-01T11:27:23.520Z INFO webdriver: COMMAND executeScript(<fn>, <object>)
[0-7] 2026-02-01T11:27:23.520Z INFO webdriver: [POST] http://localhost:4444/session/2c9e9aef47bd20350687d9e84d55d32e/execute/sync
[0-7] 2026-02-01T11:27:23.520Z INFO webdriver: DATA {"script":"\n            function webdriverioPolyfill() {\n  var __defProp = Object.defineProperty;\n  var __name = function(target, _value) {\n    return __defProp(target, \"name\", { value: _value, configurable: true });\n  };\n  var __globalThis = typeof globalThis === \"object\" && globalThis || typeof window === \"object\" && window;\n  __globalThis.__name = __name;\n}\n            webdriverioPolyfill();\n            return (function checkVisibility(elem, params) {\n      if (typeof elem.checkVisibility === \"function\") {\n        return elem.checkVisibility(params);\n      }\n      return null;\n    }).apply(null, arguments)\n        ","args":[{"element-6066-11e4-a52e-4f735466cecf":"f.19359035BDBC0CD2BD1B8D970D73D94C.d.B1336B579D5027DB08B54B46E2C7CA53.e.37","ELEMENT":"f.19359035BDBC0CD2BD1B8D970D73D94C.d.B1336B579D5027DB08B54B46E2C7CA53.e.37"},{"withinViewport":false,"contentVisibilityAuto":true,"opacityProperty":true,"visibilityProperty":true}]}
[0-7] 2026-02-01T11:27:23.522Z INFO webdriver: COMMAND takeScreenshot()
[0-7] 2026-02-01T11:27:23.522Z INFO webdriver: [GET] http://localhost:4444/session/2c9e9aef47bd20350687d9e84d55d32e/screenshot
[0-7] 2026-02-01T11:27:23.754Z INFO webdriver: RESULT iVBORw0KGgoAAAANSUhEUgAACWAAAAWmCAIAAACDPgzkAAAQAElEQVR4nOzdC...
[0-7] 2026-02-01T11:27:23.761Z INFO webdriver: RESULT { value: 'flex' }
[0-7] 2026-02-01T11:27:23.762Z INFO webdriver: COMMAND takeScreenshot()
[0-7] 2026-02-01T11:27:23.762Z INFO webdriver: [GET] http://localhost:4444/session/2c9e9aef47bd20350687d9e84d55d32e/screenshot
[0-7] 2026-02-01T11:27:23.768Z INFO webdriver: RESULT true
[0-7] 2026-02-01T11:27:23.769Z INFO webdriver: COMMAND takeScreenshot()
[0-7] 2026-02-01T11:27:23.769Z INFO webdriver: [GET] http://localhost:4444/session/2c9e9aef47bd20350687d9e84d55d32e/screenshot
[0-7] 2026-02-01T11:27:23.771Z INFO webdriver: COMMAND takeScreenshot()
[0-7] 2026-02-01T11:27:23.771Z INFO webdriver: [GET] http://localhost:4444/session/2c9e9aef47bd20350687d9e84d55d32e/screenshot
[0-7] 2026-02-01T11:27:23.937Z INFO webdriver: RESULT iVBORw0KGgoAAAANSUhEUgAACWAAAAWmCAIAAACDPgzkAAAQAElEQVR4nOzdC...
[0-7] 2026-02-01T11:27:24.149Z INFO webdriver: RESULT iVBORw0KGgoAAAANSUhEUgAACWAAAAWmCAIAAACDPgzkAAAQAElEQVR4nOzdC...
[0-7] 2026-02-01T11:27:24.360Z INFO webdriver: RESULT iVBORw0KGgoAAAANSUhEUgAACWAAAAWmCAIAAACDPgzkAAAQAElEQVR4nOzdC...
[0-7] 2026-02-01T11:27:24.556Z INFO webdriver: RESULT iVBORw0KGgoAAAANSUhEUgAACWAAAAWmCAIAAACDPgzkAAAQAElEQVR4nOzdC...
[0-7] 2026-02-01T11:27:24.559Z INFO webdriver: COMMAND findElement("css selector", "[data-testid="theme-dark-btn"]")
[0-7] 2026-02-01T11:27:24.560Z INFO webdriver: [POST] http://localhost:4444/session/2c9e9aef47bd20350687d9e84d55d32e/element
[0-7] 2026-02-01T11:27:24.560Z INFO webdriver: DATA {"using":"css selector","value":"[data-testid=\"theme-dark-btn\"]"}
[0-7] 2026-02-01T11:27:24.574Z INFO webdriver: RESULT {
[0-7]   'element-6066-11e4-a52e-4f735466cecf': 'f.19359035BDBC0CD2BD1B8D970D73D94C.d.B1336B579D5027DB08B54B46E2C7CA53.e.36'
[0-7] }
[0-7] 2026-02-01T11:27:24.577Z INFO webdriver: COMMAND elementClick("f.19359035BDBC0CD2BD1B8D970D73D94C.d.B1336B579D5027DB08B54B46E2C7CA53.e.36")
[0-7] 2026-02-01T11:27:24.577Z INFO webdriver: [POST] http://localhost:4444/session/2c9e9aef47bd20350687d9e84d55d32e/element/f.19359035BDBC0CD2BD1B8D970D73D94C.d.B1336B579D5027DB08B54B46E2C7CA53.e.36/click
[0-7] 2026-02-01T11:27:24.577Z INFO webdriver: DATA {}
[0-7] 2026-02-01T11:27:24.707Z INFO webdriver: RESULT null
[0-7] 2026-02-01T11:27:24.708Z INFO webdriver: COMMAND takeScreenshot()
[0-7] 2026-02-01T11:27:24.708Z INFO webdriver: [GET] http://localhost:4444/session/2c9e9aef47bd20350687d9e84d55d32e/screenshot
[0-7] 2026-02-01T11:27:24.881Z INFO webdriver: RESULT iVBORw0KGgoAAAANSUhEUgAACWAAAAWmCAIAAACDPgzkAAAQAElEQVR4nOzdC...
[0-7] 2026-02-01T11:27:25.216Z INFO webdriver: COMMAND takeScreenshot()
[0-7] 2026-02-01T11:27:25.217Z INFO webdriver: [GET] http://localhost:4444/session/2c9e9aef47bd20350687d9e84d55d32e/screenshot
[0-7] 2026-02-01T11:27:25.435Z INFO webdriver: RESULT iVBORw0KGgoAAAANSUhEUgAACWAAAAWmCAIAAACDPgzkAAAQAElEQVR4nOzdC...
[0-7] 2026-02-01T11:27:25.438Z INFO webdriver: COMMAND getPageSource()
[0-7] 2026-02-01T11:27:25.439Z INFO webdriver: [GET] http://localhost:4444/session/2c9e9aef47bd20350687d9e84d55d32e/source
[0-7] 2026-02-01T11:27:25.448Z INFO webdriver: RESULT <html lang="en" class="dark"><head>
[0-7]     <meta charset="UTF-8">
[0-7]     <link rel="icon" type="image/svg+xml" href="/mcpmux.svg">
[0-7]     <meta name="viewport" content="width=device-width, initial-scale=1.0">
[0-7]     <title>McpMux</title>
[0-7]     <script type="module" crossorigin="" src="/assets/index-CiZJOwjC.js"></script>
[0-7]     <link rel="stylesheet" crossorigin="" href="/assets/index-Df7hU3Vb.css">
[0-7]   </head>
[0-7] 
[0-7]   <body>
[0-7]     <div id="root"><div class="flex h-screen flex-col overflow-hidden bg-[rgb(var(--background))]"><div class="drag-region h-8 flex-shrink-0 bg-[rgb(var(--surface))] border-b border-[rgb(var(--border-subtle))]"></div><div class="flex flex-1 overflow-hidden"><aside class="w-60 flex-shrink-0 border-r border-[rgb(var(--border-subtle))]"><nav class="flex h-full flex-col bg-[rgb(var(--surface))]"><div class="flex-shrink-0 p-4 border-b border-[rgb(var(--border-subtle))]"><div class="space-y-3"><div class="flex items-center justify-between"><div class="flex items-center gap-2"><svg xmlns="http://www.w3.org/2000/svg" width="24" height="24" viewBox="0 0 24 24" fill="none" stroke="currentColor" stroke-width="2" stroke-linecap="round" stroke-linejoin="round" class="lucide lucide-zap h-6 w-6 text-primary-500" aria-hidden="true"><path d="M4 14a1 1 0 0 1-.78-1.63l9.9-10.2a.5.5 0 0 1 .86.46l-1.92 6.02A1 1 0 0 0 13 10h7a1 1 0 0 1 .78 1.63l-9.9 10.2a.5.5 0 0 1-.86-.46l1.92-6.02A1 1 0 0 0 11 14z"></path></svg><span class="font-bold text-lg">McpMux</span></div><button class="p-1.5 rounded-lg hover:bg-surface-hover transition-colors" title="Light mode"><svg xmlns="http://www.w3.org/2000/svg" width="24" height="24" viewBox="0 0 24 24" fill="none" stroke="currentColor" stroke-width="2" stroke-linecap="round" stroke-linejoin="round" class="lucide lucide-sun h-4 w-4" aria-hidden="true"><circle cx="12" cy="12" r="4"></circle><path d="M12 2v2"></path><path d="M12 20v2"></path><path d="m4.93 4.93 1.41 1.41"></path><path d="m17.66 17.66 1.41 1.41"></path><path d="M2 12h2"></path><path d="M20 12h2"></path><path d="m6.34 17.66-1.41 1.41"></path><path d="m19.07 4.93-1.41 1.41"></path></svg></button></div><div class="relative w-full"><button class="w-full flex items-center justify-between gap-2 px-3 py-2.5 rounded-xl border border-[rgb(var(--border))] bg-[rgb(var(--surface))] hover:bg-[rgb(var(--surface-hover))] hover:border-[rgb(var(--primary))/30] transition-all duration-150 group"><span class="flex items-center gap-3 min-w-0"><span class="text-xl">≡ƒÅá</span><span class="font-medium text-sm truncate">Personal</span></span><svg xmlns="http://www.w3.org/2000/svg" width="24" height="24" viewBox="0 0 24 24" fill="none" stroke="currentColor" stroke-width="2" stroke-linecap="round" stroke-linejoin="round" class="lucide lucide-chevron-down h-4 w-4 flex-shrink-0 text-[rgb(var(--muted))] group-hover:text-[rgb(var(--foreground))] transition-all duration-200" aria-hidden="true"><path d="m6 9 6 6 6-6"></path></svg></button></div></div></div><div class="flex-1 overflow-y-auto p-3"><div class="mb-6"><div class="space-y-0.5"><button data-testid="nav-dashboard" class="flex w-full items-center gap-3 rounded-lg px-3 py-2.5 text-sm font-medium transition-all duration-150 text-[rgb(var(--muted))] hover:text-[rgb(var(--foreground))] hover:bg-[rgb(var(--surface-hover))]"><span class="h-5 w-5 flex items-center justify-center transition-colors"><svg xmlns="http://www.w3.org/2000/svg" width="24" height="24" viewBox="0 0 24 24" fill="none" stroke="currentColor" stroke-width="2" stroke-linecap="round" stroke-linejoin="round" class="lucide lucide-house h-4 w-4" aria-hidden="true"><path d="M15 21v-8a1 1 0 0 0-1-1h-4a1 1 0 0 0-1 1v8"></path><path d="M3 10a2 2 0 0 1 .709-1.528l7-6a2 2 0 0 1 2.582 0l7 6A2 2 0 0 1 21 10v9a2 2 0 0 1-2 2H5a2 2 0 0 1-2-2z"></path></svg></span><span>Dashboard</span></button><button data-testid="nav-my-servers" class="flex w-full items-center gap-3 rounded-lg px-3 py-2.5 text-sm font-medium transition-all duration-150 text-[rgb(var(--muted))] hover:text-[rgb(var(--foreground))] hover:bg-[rgb(var(--surface-hover))]"><span class="h-5 w-5 flex items-center justify-center transition-colors"><svg xmlns="http://www.w3.org/2000/svg" width="24" height="24" viewBox="0 0 24 24" fill="none" stroke="currentColor" stroke-width="2" stroke-linecap="round" stroke-linejoin="round" class="lucide lucide-zap h-4 w-4" aria-hidden="true"><path d="M4 14a1 1 0 0 1-.78-1.63l9.9-10.2a.5.5 0 0 1 .86.46l-1.92 6.02A1 1 0 0 0 13 10h7a1 1 0 0 1 .78 1.63l-9.9 10.2a.5.5 0 0 1-.86-.46l1.92-6.02A1 1 0 0 0 11 14z"></path></svg></span><span>My Servers</span></button><button data-testid="nav-discover" class="flex w-full items-center gap-3 rounded-lg px-3 py-2.5 text-sm font-medium transition-all duration-150 text-[rgb(var(--muted))] hover:text-[rgb(var(--foreground))] hover:bg-[rgb(var(--surface-hover))]"><span class="h-5 w-5 flex items-center justify-center transition-colors"><svg xmlns="http://www.w3.org/2000/svg" width="24" height="24" viewBox="0 0 24 24" fill="none" stroke="currentColor" stroke-width="2" stroke-linecap="round" stroke-linejoin="round" class="lucide lucide-server h-4 w-4" aria-hidden="true"><rect width="20" height="8" x="2" y="2" rx="2" ry="2"></rect><rect width="20" height="8" x="2" y="14" rx="2" ry="2"></rect><line x1="6" x2="6.01" y1="6" y2="6"></line><line x1="6" x2="6.01" y1="18" y2="18"></line></svg></span><span>Discover</span></button></div></div><div class="mb-6"><h3 class="mb-2 px-3 text-[11px] font-semibold uppercase tracking-wider text-[rgb(var(--muted-foreground))]">Workspaces</h3><div class="space-y-0.5"><button data-testid="nav-spaces" class="flex w-full items-center gap-3 rounded-lg px-3 py-2.5 text-sm font-medium transition-all duration-150 text-[rgb(var(--muted))] hover:text-[rgb(var(--foreground))] hover:bg-[rgb(var(--surface-hover))]"><span class="h-5 w-5 flex items-center justify-center transition-colors"><svg xmlns="http://www.w3.org/2000/svg" width="24" height="24" viewBox="0 0 24 24" fill="none" stroke="currentColor" stroke-width="2" stroke-linecap="round" stroke-linejoin="round" class="lucide lucide-globe h-4 w-4" aria-hidden="true"><circle cx="12" cy="12" r="10"></circle><path d="M12 2a14.5 14.5 0 0 0 0 20 14.5 14.5 0 0 0 0-20"></path><path d="M2 12h20"></path></svg></span><span>Spaces</span></button><button data-testid="nav-featuresets" class="flex w-full items-center gap-3 rounded-lg px-3 py-2.5 text-sm font-medium transition-all duration-150 text-[rgb(var(--muted))] hover:text-[rgb(var(--foreground))] hover:bg-[rgb(var(--surface-hover))]"><span class="h-5 w-5 flex items-center justify-center transition-colors"><svg xmlns="http://www.w3.org/2000/svg" width="24" height="24" viewBox="0 0 24 24" fill="none" stroke="currentColor" stroke-width="2" stroke-linecap="round" stroke-linejoin="round" class="lucide lucide-wrench h-4 w-4" aria-hidden="true"><path d="M14.7 6.3a1 1 0 0 0 0 1.4l1.6 1.6a1 1 0 0 0 1.4 0l3.106-3.105c.32-.322.863-.22.983.218a6 6 0 0 1-8.259 7.057l-7.91 7.91a1 1 0 0 1-2.999-3l7.91-7.91a6 6 0 0 1 7.057-8.259c.438.12.54.662.219.984z"></path></svg></span><span>FeatureSets</span></button></div></div><div class="mb-6"><h3 class="mb-2 px-3 text-[11px] font-semibold uppercase tracking-wider text-[rgb(var(--muted-foreground))]">Connections</h3><div class="space-y-0.5"><button data-testid="nav-clients" class="flex w-full items-center gap-3 rounded-lg px-3 py-2.5 text-sm font-medium transition-all duration-150 text-[rgb(var(--muted))] hover:text-[rgb(var(--foreground))] hover:bg-[rgb(var(--surface-hover))]"><span class="h-5 w-5 flex items-center justify-center transition-colors"><svg xmlns="http://www.w3.org/2000/svg" width="24" height="24" viewBox="0 0 24 24" fill="none" stroke="currentColor" stroke-width="2" stroke-linecap="round" stroke-linejoin="round" class="lucide lucide-monitor h-4 w-4" aria-hidden="true"><rect width="20" height="14" x="2" y="3" rx="2"></rect><line x1="8" x2="16" y1="21" y2="21"></line><line x1="12" x2="12" y1="17" y2="21"></line></svg></span><span>Clients</span></button></div></div><div class="mb-6"><div class="space-y-0.5"><button data-testid="nav-settings" class="flex w-full items-center gap-3 rounded-lg px-3 py-2.5 text-sm font-medium transition-all duration-150 hover:text-[rgb(var(--foreground))] bg-[rgb(var(--primary))/10] text-[rgb(var(--primary))] hover:bg-[rgb(var(--primary))/15]"><span class="h-5 w-5 flex items-center justify-center transition-colors text-[rgb(var(--primary))]"><svg xmlns="http://www.w3.org/2000/svg" width="24" height="24" viewBox="0 0 24 24" fill="none" stroke="currentColor" stroke-width="2" stroke-linecap="round" stroke-linejoin="round" class="lucide lucide-settings h-4 w-4" aria-hidden="true"><path d="M9.671 4.136a2.34 2.34 0 0 1 4.659 0 2.34 2.34 0 0 0 3.319 1.915 2.34 2.34 0 0 1 2.33 4.033 2.34 2.34 0 0 0 0 3.831 2.34 2.34 0 0 1-2.33 4.033 2.34 2.34 0 0 0-3.319 1.915 2.34 2.34 0 0 1-4.659 0 2.34 2.34 0 0 0-3.32-1.915 2.34 2.34 0 0 1-2.33-4.033 2.34 2.34 0 0 0 0-3.831A2.34 2.34 0 0 1 6.35 6.051a2.34 2.34 0 0 0 3.319-1.915"></path><circle cx="12" cy="12" r="3"></circle></svg></span><span>Settings</span></button></div></div></div><div class="flex-shrink-0 p-4 border-t border-[rgb(var(--border-subtle))]"><div class="text-xs text-[rgb(var(--muted))]"><div>McpMux v0.1.0</div><div>Gateway: localhost:9315</div></div></div></nav></aside><main class="flex-1 overflow-auto p-6 bg-[rgb(var(--background))]"><div class="animate-fade-in"><div class="space-y-6"><div><h1 class="text-2xl font-bold">Settings</h1><p class="text-[rgb(var(--muted))]">Configure McpMux preferences.</p></div><div class="rounded-xl border border-[rgb(var(--border-subtle))] bg-[rgb(var(--card))] p-6 shadow-[0_1px_3px_0_rgb(0_0_0/0.1),0_1px_2px_-1px_rgb(0_0_0/0.1)] dark:shadow-[0_1px_3px_0_rgb(0_0_0/0.3),0_1px_2px_-1px_rgb(0_0_0/0.2)]"><div class="mb-4"><h3 class="text-lg font-semibold text-[rgb(var(--card-foreground))]">Appearance</h3><p class="text-sm text-[rgb(var(--muted))] mt-1">Customize the look and feel of McpMux.</p></div><div class=""><div class="space-y-4"><div><label class="text-sm font-medium">Theme</label><div class="flex gap-2 mt-2" data-testid="theme-buttons"><button class="inline-flex items-center justify-center gap-2 rounded-lg font-medium transition-all duration-150 ease-out focus-visible:outline-none focus-visible:ring-2 focus-visible:ring-[rgb(var(--primary))] focus-visible:ring-offset-2 disabled:pointer-events-none disabled:opacity-50 active:scale-[0.98] bg-[rgb(var(--surface-active))] text-[rgb(var(--foreground))] hover:bg-[rgb(var(--surface-hover))] border border-[rgb(var(--border))] h-8 px-3 text-sm" data-testid="theme-light-btn"><svg xmlns="http://www.w3.org/2000/svg" width="24" height="24" viewBox="0 0 24 24" fill="none" stroke="currentColor" stroke-width="2" stroke-linecap="round" stroke-linejoin="round" class="lucide lucide-sun h-4 w-4 mr-2" aria-hidden="true"><circle cx="12" cy="12" r="4"></circle><path d="M12 2v2"></path><path d="M12 20v2"></path><path d="m4.93 4.93 1.41 1.41"></path><path d="m17.66 17.66 1.41 1.41"></path><path d="M2 12h2"></path><path d="M20 12h2"></path><path d="m6.34 17.66-1.41 1.41"></path><path d="m19.07 4.93-1.41 1.41"></path></svg>Light</button><button class="inline-flex items-center justify-center gap-2 rounded-lg font-medium transition-all duration-150 ease-out focus-visible:outline-none focus-visible:ring-2 focus-visible:ring-[rgb(var(--primary))] focus-visible:ring-offset-2 disabled:pointer-events-none disabled:opacity-50 active:scale-[0.98] bg-[rgb(var(--primary))] text-[rgb(var(--primary-foreground))] hover:bg-[rgb(var(--primary-hover))] shadow-sm hover:shadow h-8 px-3 text-sm" data-testid="theme-dark-btn"><svg xmlns="http://www.w3.org/2000/svg" width="24" height="24" viewBox="0 0 24 24" fill="none" stroke="currentColor" stroke-width="2" stroke-linecap="round" stroke-linejoin="round" class="lucide lucide-moon h-4 w-4 mr-2" aria-hidden="true"><path d="M20.985 12.486a9 9 0 1 1-9.473-9.472c.405-.022.617.46.402.803a6 6 0 0 0 8.268 8.268c.344-.215.825-.004.803.401"></path></svg>Dark</button><button class="inline-flex items-center justify-center gap-2 rounded-lg font-medium transition-all duration-150 ease-out focus-visible:outline-none focus-visible:ring-2 focus-visible:ring-[rgb(var(--primary))] focus-visible:ring-offset-2 disabled:pointer-events-none disabled:opacity-50 active:scale-[0.98] bg-[rgb(var(--surface-active))] text-[rgb(var(--foreground))] hover:bg-[rgb(var(--surface-hover))] border border-[rgb(var(--border))] h-8 px-3 text-sm" data-testid="theme-system-btn"><svg xmlns="http://www.w3.org/2000/svg" width="24" height="24" viewBox="0 0 24 24" fill="none" stroke="currentColor" stroke-width="2" stroke-linecap="round" stroke-linejoin="round" class="lucide lucide-monitor h-4 w-4 mr-2" aria-hidden="true"><rect width="20" height="14" x="2" y="3" rx="2"></rect><line x1="8" x2="16" y1="21" y2="21"></line><line x1="12" x2="12" y1="17" y2="21"></line></svg>System</button></div></div></div></div></div><div class="rounded-xl border border-[rgb(var(--border-subtle))] bg-[rgb(var(--card))] p-6 shadow-[0_1px_3px_0_rgb(0_0_0/0.1),0_1px_2px_-1px_rgb(0_0_0/0.1)] dark:shadow-[0_1px_3px_0_rgb(0_0_0/0.3),0_1px_2px_-1px_rgb(0_0_0/0.2)]"><div class="mb-4"><h3 class="text-lg font-semibold text-[rgb(var(--card-foreground))] flex items-center gap-2"><svg xmlns="http://www.w3.org/2000/svg" width="24" height="24" viewBox="0 0 24 24" fill="none" stroke="currentColor" stroke-width="2" stroke-linecap="round" stroke-linejoin="round" class="lucide lucide-file-text h-5 w-5" aria-hidden="true"><path d="M6 22a2 2 0 0 1-2-2V4a2 2 0 0 1 2-2h8a2.4 2.4 0 0 1 1.704.706l3.588 3.588A2.4 2.4 0 0 1 20 8v12a2 2 0 0 1-2 2z"></path><path d="M14 2v5a1 1 0 0 0 1 1h5"></path><path d="M10 9H8"></path><path d="M16 13H8"></path><path d="M16 17H8"></path></svg>Logs</h3><p class="text-sm text-[rgb(var(--muted))] mt-1">View application logs for debugging and troubleshooting.</p></div><div class=""><div class="space-y-4"><div><label class="text-sm font-medium">Log Files Location</label><p class="text-sm text-[rgb(var(--muted))] mt-1 font-mono bg-surface-secondary rounded px-2 py-1" data-testid="logs-path">C:\Users\mash\AppData\Local\com.mcpmux.desktop\logs</p></div><div class="flex items-center gap-2"><button class="inline-flex items-center justify-center gap-2 rounded-lg font-medium transition-all duration-150 ease-out focus-visible:outline-none focus-visible:ring-2 focus-visible:ring-[rgb(var(--primary))] focus-visible:ring-offset-2 disabled:pointer-events-none disabled:opacity-50 active:scale-[0.98] bg-[rgb(var(--surface-active))] text-[rgb(var(--foreground))] hover:bg-[rgb(var(--surface-hover))] border border-[rgb(var(--border))] h-8 px-3 text-sm" data-testid="open-logs-btn"><svg xmlns="http://www.w3.org/2000/svg" width="24" height="24" viewBox="0 0 24 24" fill="none" stroke="currentColor" stroke-width="2" stroke-linecap="round" stroke-linejoin="round" class="lucide lucide-folder-open h-4 w-4 mr-2" aria-hidden="true"><path d="m6 14 1.5-2.9A2 2 0 0 1 9.24 10H20a2 2 0 0 1 1.94 2.5l-1.54 6a2 2 0 0 1-1.95 1.5H4a2 2 0 0 1-2-2V5a2 2 0 0 1 2-2h3.9a2 2 0 0 1 1.69.9l.81 1.2a2 2 0 0 0 1.67.9H18a2 2 0 0 1 2 2v2"></path></svg>Open Logs Folder</button></div><p class="text-xs text-[rgb(var(--muted))]">Logs are rotated daily. Each file contains detailed debug information including thread IDs and source locations.</p></div></div></div></div></div></main></div><div class="h-7 flex-shrink-0 border-t border-[rgb(var(--border-subtle))] bg-[rgb(var(--surface))] px-4"><div class="flex h-full items-center justify-between text-xs text-[rgb(var(--muted))]"><div class="flex items-center gap-4"><span class="flex items-center gap-1.5"><span class="h-2 w-2 rounded-full bg-green-500"></span>Gateway Active</span><span>Active Space: Personal</span></div><div class="flex items-center gap-4"><span>5 Servers ΓÇó 97 Tools</span></div></div></div></div></div>
[0-7] 
[0-7]   
[0-7] 
[0-7] </body></html>
[0-7] 2026-02-01T11:27:25.453Z INFO webdriver: COMMAND findElement("css selector", "[data-testid="theme-light-btn"]")
[0-7] 2026-02-01T11:27:25.453Z INFO webdriver: [POST] http://localhost:4444/session/2c9e9aef47bd20350687d9e84d55d32e/element
[0-7] 2026-02-01T11:27:25.453Z INFO webdriver: DATA {"using":"css selector","value":"[data-testid=\"theme-light-btn\"]"}
[0-7] 2026-02-01T11:27:25.468Z INFO webdriver: RESULT {
[0-7]   'element-6066-11e4-a52e-4f735466cecf': 'f.19359035BDBC0CD2BD1B8D970D73D94C.d.B1336B579D5027DB08B54B46E2C7CA53.e.35'
[0-7] }
[0-7] 2026-02-01T11:27:25.472Z INFO webdriver: COMMAND elementClick("f.19359035BDBC0CD2BD1B8D970D73D94C.d.B1336B579D5027DB08B54B46E2C7CA53.e.35")
[0-7] 2026-02-01T11:27:25.472Z INFO webdriver: [POST] http://localhost:4444/session/2c9e9aef47bd20350687d9e84d55d32e/element/f.19359035BDBC0CD2BD1B8D970D73D94C.d.B1336B579D5027DB08B54B46E2C7CA53.e.35/click
[0-7] 2026-02-01T11:27:25.472Z INFO webdriver: DATA {}
[0-7] 2026-02-01T11:27:25.581Z INFO webdriver: RESULT null
[0-7] 2026-02-01T11:27:25.582Z INFO webdriver: COMMAND takeScreenshot()
[0-7] 2026-02-01T11:27:25.582Z INFO webdriver: [GET] http://localhost:4444/session/2c9e9aef47bd20350687d9e84d55d32e/screenshot
[0-7] 2026-02-01T11:27:25.808Z INFO webdriver: RESULT iVBORw0KGgoAAAANSUhEUgAACWAAAAWmCAIAAACDPgzkAAAQAElEQVR4nOzdC...
[0-7] 2026-02-01T11:27:26.089Z INFO webdriver: COMMAND takeScreenshot()
[0-7] 2026-02-01T11:27:26.090Z INFO webdriver: [GET] http://localhost:4444/session/2c9e9aef47bd20350687d9e84d55d32e/screenshot
[0-7] 2026-02-01T11:27:26.265Z INFO webdriver: RESULT iVBORw0KGgoAAAANSUhEUgAACWAAAAWmCAIAAACDPgzkAAAQAElEQVR4nOzdC...
[0-7] 2026-02-01T11:27:26.271Z INFO webdriver: COMMAND findElement("css selector", "[data-testid="theme-system-btn"]")
[0-7] 2026-02-01T11:27:26.271Z INFO webdriver: [POST] http://localhost:4444/session/2c9e9aef47bd20350687d9e84d55d32e/element
[0-7] 2026-02-01T11:27:26.271Z INFO webdriver: DATA {"using":"css selector","value":"[data-testid=\"theme-system-btn\"]"}
[0-7] 2026-02-01T11:27:26.285Z INFO webdriver: RESULT {
[0-7]   'element-6066-11e4-a52e-4f735466cecf': 'f.19359035BDBC0CD2BD1B8D970D73D94C.d.B1336B579D5027DB08B54B46E2C7CA53.e.37'
[0-7] }
[0-7] 2026-02-01T11:27:26.287Z INFO webdriver: COMMAND elementClick("f.19359035BDBC0CD2BD1B8D970D73D94C.d.B1336B579D5027DB08B54B46E2C7CA53.e.37")
[0-7] 2026-02-01T11:27:26.287Z INFO webdriver: [POST] http://localhost:4444/session/2c9e9aef47bd20350687d9e84d55d32e/element/f.19359035BDBC0CD2BD1B8D970D73D94C.d.B1336B579D5027DB08B54B46E2C7CA53.e.37/click
[0-7] 2026-02-01T11:27:26.287Z INFO webdriver: DATA {}
[0-7] 2026-02-01T11:27:26.381Z INFO webdriver: RESULT null
[0-7] 2026-02-01T11:27:26.383Z INFO webdriver: COMMAND takeScreenshot()
[0-7] 2026-02-01T11:27:26.383Z INFO webdriver: [GET] http://localhost:4444/session/2c9e9aef47bd20350687d9e84d55d32e/screenshot
[0-7] 2026-02-01T11:27:26.635Z INFO webdriver: RESULT iVBORw0KGgoAAAANSUhEUgAACWAAAAWmCAIAAACDPgzkAAAQAElEQVR4nOzdC...
[0-7] 2026-02-01T11:27:26.898Z INFO webdriver: COMMAND takeScreenshot()
[0-7] 2026-02-01T11:27:26.898Z INFO webdriver: [GET] http://localhost:4444/session/2c9e9aef47bd20350687d9e84d55d32e/screenshot
[0-7] 2026-02-01T11:27:27.109Z INFO webdriver: RESULT iVBORw0KGgoAAAANSUhEUgAACWAAAAWmCAIAAACDPgzkAAAQAElEQVR4nOzdC...
[0-7] 2026-02-01T11:27:27.115Z INFO webdriver: COMMAND findElement("css selector", "[data-testid="logs-path"]")
[0-7] 2026-02-01T11:27:27.116Z INFO webdriver: [POST] http://localhost:4444/session/2c9e9aef47bd20350687d9e84d55d32e/element
[0-7] 2026-02-01T11:27:27.116Z INFO webdriver: DATA {"using":"css selector","value":"[data-testid=\"logs-path\"]"}
[0-7] 2026-02-01T11:27:27.137Z INFO webdriver: RESULT {
[0-7]   'element-6066-11e4-a52e-4f735466cecf': 'f.19359035BDBC0CD2BD1B8D970D73D94C.d.B1336B579D5027DB08B54B46E2C7CA53.e.41'
[0-7] }
[0-7] 2026-02-01T11:27:27.141Z INFO webdriver: COMMAND executeScript(<fn>, <object>)
[0-7] 2026-02-01T11:27:27.141Z INFO webdriver: [POST] http://localhost:4444/session/2c9e9aef47bd20350687d9e84d55d32e/execute/sync
[0-7] 2026-02-01T11:27:27.141Z INFO webdriver: DATA {"script":"\n            function webdriverioPolyfill() {\n  var __defProp = Object.defineProperty;\n  var __name = function(target, _value) {\n    return __defProp(target, \"name\", { value: _value, configurable: true });\n  };\n  var __globalThis = typeof globalThis === \"object\" && globalThis || typeof window === \"object\" && window;\n  __globalThis.__name = __name;\n}\n            webdriverioPolyfill();\n            return (function(elem) {\n      try {\n        const style = window.getComputedStyle(elem);\n        return { value: style?.display ?? \"\" };\n      } catch {\n        if (typeof elem.isConnected === \"boolean\" && !elem.isConnected) {\n          throw new Error(\"stale element reference: element is not attached to the page document\");\n        }\n        return { value: \"\" };\n      }\n    }).apply(null, arguments)\n        ","args":[{"element-6066-11e4-a52e-4f735466cecf":"f.19359035BDBC0CD2BD1B8D970D73D94C.d.B1336B579D5027DB08B54B46E2C7CA53.e.41","ELEMENT":"f.19359035BDBC0CD2BD1B8D970D73D94C.d.B1336B579D5027DB08B54B46E2C7CA53.e.41"}]}
[0-7] 2026-02-01T11:27:27.142Z INFO webdriver: COMMAND executeScript(<fn>, <object>)
[0-7] 2026-02-01T11:27:27.143Z INFO webdriver: [POST] http://localhost:4444/session/2c9e9aef47bd20350687d9e84d55d32e/execute/sync
[0-7] 2026-02-01T11:27:27.143Z INFO webdriver: DATA {"script":"\n            function webdriverioPolyfill() {\n  var __defProp = Object.defineProperty;\n  var __name = function(target, _value) {\n    return __defProp(target, \"name\", { value: _value, configurable: true });\n  };\n  var __globalThis = typeof globalThis === \"object\" && globalThis || typeof window === \"object\" && window;\n  __globalThis.__name = __name;\n}\n            webdriverioPolyfill();\n            return (function checkVisibility(elem, params) {\n      if (typeof elem.checkVisibility === \"function\") {\n        return elem.checkVisibility(params);\n      }\n      return null;\n    }).apply(null, arguments)\n        ","args":[{"element-6066-11e4-a52e-4f735466cecf":"f.19359035BDBC0CD2BD1B8D970D73D94C.d.B1336B579D5027DB08B54B46E2C7CA53.e.41","ELEMENT":"f.19359035BDBC0CD2BD1B8D970D73D94C.d.B1336B579D5027DB08B54B46E2C7CA53.e.41"},{"withinViewport":false,"contentVisibilityAuto":true,"opacityProperty":true,"visibilityProperty":true}]}
[0-7] 2026-02-01T11:27:27.155Z INFO webdriver: RESULT { value: 'block' }
[0-7] 2026-02-01T11:27:27.157Z INFO webdriver: COMMAND takeScreenshot()
[0-7] 2026-02-01T11:27:27.157Z INFO webdriver: [GET] http://localhost:4444/session/2c9e9aef47bd20350687d9e84d55d32e/screenshot
[0-7] 2026-02-01T11:27:27.164Z INFO webdriver: RESULT true
[0-7] 2026-02-01T11:27:27.165Z INFO webdriver: COMMAND takeScreenshot()
[0-7] 2026-02-01T11:27:27.165Z INFO webdriver: [GET] http://localhost:4444/session/2c9e9aef47bd20350687d9e84d55d32e/screenshot
[0-7] 2026-02-01T11:27:27.166Z INFO webdriver: COMMAND takeScreenshot()
[0-7] 2026-02-01T11:27:27.167Z INFO webdriver: [GET] http://localhost:4444/session/2c9e9aef47bd20350687d9e84d55d32e/screenshot
[0-7] 2026-02-01T11:27:27.367Z INFO webdriver: RESULT iVBORw0KGgoAAAANSUhEUgAACWAAAAWmCAIAAACDPgzkAAAQAElEQVR4nOzdC...
[0-7] 2026-02-01T11:27:27.601Z INFO webdriver: RESULT iVBORw0KGgoAAAANSUhEUgAACWAAAAWmCAIAAACDPgzkAAAQAElEQVR4nOzdC...
[0-7] 2026-02-01T11:27:27.805Z INFO webdriver: RESULT iVBORw0KGgoAAAANSUhEUgAACWAAAAWmCAIAAACDPgzkAAAQAElEQVR4nOzdC...
[0-7] 2026-02-01T11:27:27.808Z INFO webdriver: COMMAND getElementText("f.19359035BDBC0CD2BD1B8D970D73D94C.d.B1336B579D5027DB08B54B46E2C7CA53.e.41")
[0-7] 2026-02-01T11:27:27.808Z INFO webdriver: [GET] http://localhost:4444/session/2c9e9aef47bd20350687d9e84d55d32e/element/f.19359035BDBC0CD2BD1B8D970D73D94C.d.B1336B579D5027DB08B54B46E2C7CA53.e.41/text
[0-7] 2026-02-01T11:27:27.832Z INFO webdriver: RESULT C:\Users\mash\AppData\Local\com.mcpmux.desktop\logs
[0-7] [DEBUG] Logs path: C:\Users\mash\AppData\Local\com.mcpmux.desktop\logs
[0-7] 2026-02-01T11:27:27.836Z INFO webdriver: COMMAND findElement("css selector", "[data-testid="open-logs-btn"]")
[0-7] 2026-02-01T11:27:27.836Z INFO webdriver: [POST] http://localhost:4444/session/2c9e9aef47bd20350687d9e84d55d32e/element
[0-7] 2026-02-01T11:27:27.836Z INFO webdriver: DATA {"using":"css selector","value":"[data-testid=\"open-logs-btn\"]"}
[0-7] 2026-02-01T11:27:27.856Z INFO webdriver: RESULT {
[0-7]   'element-6066-11e4-a52e-4f735466cecf': 'f.19359035BDBC0CD2BD1B8D970D73D94C.d.B1336B579D5027DB08B54B46E2C7CA53.e.43'
[0-7] }
[0-7] 2026-02-01T11:27:27.859Z INFO webdriver: COMMAND executeScript(<fn>, <object>)
[0-7] 2026-02-01T11:27:27.860Z INFO webdriver: [POST] http://localhost:4444/session/2c9e9aef47bd20350687d9e84d55d32e/execute/sync
[0-7] 2026-02-01T11:27:27.860Z INFO webdriver: DATA {"script":"\n            function webdriverioPolyfill() {\n  var __defProp = Object.defineProperty;\n  var __name = function(target, _value) {\n    return __defProp(target, \"name\", { value: _value, configurable: true });\n  };\n  var __globalThis = typeof globalThis === \"object\" && globalThis || typeof window === \"object\" && window;\n  __globalThis.__name = __name;\n}\n            webdriverioPolyfill();\n            return (function(elem) {\n      try {\n        const style = window.getComputedStyle(elem);\n        return { value: style?.display ?? \"\" };\n      } catch {\n        if (typeof elem.isConnected === \"boolean\" && !elem.isConnected) {\n          throw new Error(\"stale element reference: element is not attached to the page document\");\n        }\n        return { value: \"\" };\n      }\n    }).apply(null, arguments)\n        ","args":[{"element-6066-11e4-a52e-4f735466cecf":"f.19359035BDBC0CD2BD1B8D970D73D94C.d.B1336B579D5027DB08B54B46E2C7CA53.e.43","ELEMENT":"f.19359035BDBC0CD2BD1B8D970D73D94C.d.B1336B579D5027DB08B54B46E2C7CA53.e.43"}]}
[0-7] 2026-02-01T11:27:27.861Z INFO webdriver: COMMAND executeScript(<fn>, <object>)
[0-7] 2026-02-01T11:27:27.861Z INFO webdriver: [POST] http://localhost:4444/session/2c9e9aef47bd20350687d9e84d55d32e/execute/sync
[0-7] 2026-02-01T11:27:27.861Z INFO webdriver: DATA {"script":"\n            function webdriverioPolyfill() {\n  var __defProp = Object.defineProperty;\n  var __name = function(target, _value) {\n    return __defProp(target, \"name\", { value: _value, configurable: true });\n  };\n  var __globalThis = typeof globalThis === \"object\" && globalThis || typeof window === \"object\" && window;\n  __globalThis.__name = __name;\n}\n            webdriverioPolyfill();\n            return (function checkVisibility(elem, params) {\n      if (typeof elem.checkVisibility === \"function\") {\n        return elem.checkVisibility(params);\n      }\n      return null;\n    }).apply(null, arguments)\n        ","args":[{"element-6066-11e4-a52e-4f735466cecf":"f.19359035BDBC0CD2BD1B8D970D73D94C.d.B1336B579D5027DB08B54B46E2C7CA53.e.43","ELEMENT":"f.19359035BDBC0CD2BD1B8D970D73D94C.d.B1336B579D5027DB08B54B46E2C7CA53.e.43"},{"withinViewport":false,"contentVisibilityAuto":true,"opacityProperty":true,"visibilityProperty":true}]}
[0-7] 2026-02-01T11:27:27.875Z INFO webdriver: RESULT { value: 'flex' }
[0-7] 2026-02-01T11:27:27.876Z INFO webdriver: COMMAND takeScreenshot()
[0-7] 2026-02-01T11:27:27.877Z INFO webdriver: [GET] http://localhost:4444/session/2c9e9aef47bd20350687d9e84d55d32e/screenshot
[0-7] 2026-02-01T11:27:27.885Z INFO webdriver: RESULT true
[0-7] 2026-02-01T11:27:27.887Z INFO webdriver: COMMAND takeScreenshot()
[0-7] 2026-02-01T11:27:27.887Z INFO webdriver: [GET] http://localhost:4444/session/2c9e9aef47bd20350687d9e84d55d32e/screenshot
[0-7] 2026-02-01T11:27:27.892Z INFO webdriver: COMMAND deleteSession()
[0-7] 2026-02-01T11:27:27.892Z INFO webdriver: [DELETE] http://localhost:4444/session/2c9e9aef47bd20350687d9e84d55d32e
[0-7] 2026-02-01T11:27:28.094Z INFO webdriver: RESULT iVBORw0KGgoAAAANSUhEUgAACWAAAAWmCAIAAACDPgzkAAAQAElEQVR4nOzdC...
[0-7] 2026-02-01T11:27:28.257Z INFO webdriver: RESULT iVBORw0KGgoAAAANSUhEUgAACWAAAAWmCAIAAACDPgzkAAAQAElEQVR4nOzdC...
[0-7] 2026-02-01T11:27:28.280Z INFO webdriver: RESULT null
[0-7] PASSED in undefined - file:///D:/omc/mcp-mux/tests/e2e/specs/settings.wdio.ts
2026-02-01T11:27:28.430Z INFO @wdio/cli:launcher: Run onWorkerEnd hook
2026-02-01T11:27:28.430Z INFO @wdio/cli:launcher: Run onWorkerStart hook
2026-02-01T11:27:28.432Z INFO @wdio/local-runner: Start worker 0-8 with arg: run tests/e2e/wdio.conf.ts
2026-02-01T11:27:28.537Z INFO @wdio/xvfb:ProcessFactory: xvfb-run not found, falling back to regular fork
2026-02-01T11:27:28.537Z INFO @wdio/xvfb:ProcessFactory: ProcessFactory: shouldRun=false, isAvailable=false
2026-02-01T11:27:28.537Z INFO @wdio/xvfb:ProcessFactory: Creating worker process with regular fork
[0-8] 2026-02-01T11:27:30.119Z INFO @wdio/local-runner: Run worker command: run
[0-8] Starting msedgedriver 144.0.3719.104 (7d1be999663b6950497e02929a79dc4136d9e376) on port 4445
[0-8] To submit feedback, report a bug, or suggest new features, please visit https://github.com/MicrosoftEdge/EdgeWebDriver
[0-8] 
[0-8] Only local connections are allowed.
[0-8] Please see https://aka.ms/WebDriverSecurity for suggestions on keeping Microsoft Edge WebDriver safe.
[0-8] msedgedriver was started successfully on port 4445.
[0-8] RUNNING in undefined - file:///D:/omc/mcp-mux/tests/e2e/specs/spaces.wdio.ts
[0-8] 2026-02-01T11:27:30.582Z INFO webdriver: Initiate new session using the WebDriver protocol
[0-8] 2026-02-01T11:27:30.582Z INFO @wdio/utils: Connecting to existing driver at http://localhost:4444/
[0-8] 2026-02-01T11:27:30.601Z INFO webdriver: [POST] http://localhost:4444/session
[0-8] 2026-02-01T11:27:31.870Z INFO webdriver: COMMAND getWindowHandle()
[0-8] 2026-02-01T11:27:31.871Z INFO webdriver: [GET] http://localhost:4444/session/4a78f6bf3262ff84cd27745b65c17fcd/window
[0-8] 2026-02-01T11:27:31.879Z INFO webdriver: RESULT 6C390DEECE83366F2DFE7C1418093A6A
[0-8] 2026-02-01T11:27:31.912Z INFO webdriver: COMMAND findElement("css selector", "[data-testid="nav-spaces"]")
[0-8] 2026-02-01T11:27:31.912Z INFO webdriver: [POST] http://localhost:4444/session/4a78f6bf3262ff84cd27745b65c17fcd/element
[0-8] 2026-02-01T11:27:31.913Z INFO webdriver: DATA {"using":"css selector","value":"[data-testid=\"nav-spaces\"]"}
[0-8] 2026-02-01T11:27:31.930Z INFO webdriver: RESULT {
[0-8]   'element-6066-11e4-a52e-4f735466cecf': 'f.6C390DEECE83366F2DFE7C1418093A6A.d.105F4EA5F94743C215B7D5D81A35ACAD.e.21'
[0-8] }
[0-8] 2026-02-01T11:27:31.937Z INFO webdriver: COMMAND elementClick("f.6C390DEECE83366F2DFE7C1418093A6A.d.105F4EA5F94743C215B7D5D81A35ACAD.e.21")
[0-8] 2026-02-01T11:27:31.937Z INFO webdriver: [POST] http://localhost:4444/session/4a78f6bf3262ff84cd27745b65c17fcd/element/f.6C390DEECE83366F2DFE7C1418093A6A.d.105F4EA5F94743C215B7D5D81A35ACAD.e.21/click
[0-8] 2026-02-01T11:27:31.938Z INFO webdriver: DATA {}
[0-8] 2026-02-01T11:27:32.079Z INFO webdriver: RESULT null
[0-8] 2026-02-01T11:27:32.082Z INFO webdriver: COMMAND takeScreenshot()
[0-8] 2026-02-01T11:27:32.083Z INFO webdriver: [GET] http://localhost:4444/session/4a78f6bf3262ff84cd27745b65c17fcd/screenshot
[0-8] 2026-02-01T11:27:32.286Z INFO webdriver: RESULT iVBORw0KGgoAAAANSUhEUgAACWAAAAWmCAIAAACDPgzkAAAQAElEQVR4nOzdC...
[0-8] 2026-02-01T11:27:34.095Z INFO webdriver: COMMAND takeScreenshot()
[0-8] 2026-02-01T11:27:34.095Z INFO webdriver: [GET] http://localhost:4444/session/4a78f6bf3262ff84cd27745b65c17fcd/screenshot
[0-8] 2026-02-01T11:27:34.264Z INFO webdriver: RESULT iVBORw0KGgoAAAANSUhEUgAACWAAAAWmCAIAAACDPgzkAAAQAElEQVR4nOzdC...
[0-8] 2026-02-01T11:27:34.268Z INFO webdriver: COMMAND getPageSource()
[0-8] 2026-02-01T11:27:34.268Z INFO webdriver: [GET] http://localhost:4444/session/4a78f6bf3262ff84cd27745b65c17fcd/source
[0-8] 2026-02-01T11:27:34.285Z INFO webdriver: RESULT <html lang="en"><head>
[0-8]     <meta charset="UTF-8">
[0-8]     <link rel="icon" type="image/svg+xml" href="/mcpmux.svg">
[0-8]     <meta name="viewport" content="width=device-width, initial-scale=1.0">
[0-8]     <title>McpMux</title>
[0-8]     <script type="module" crossorigin="" src="/assets/index-CiZJOwjC.js"></script>
[0-8]     <link rel="stylesheet" crossorigin="" href="/assets/index-Df7hU3Vb.css">
[0-8]   </head>
[0-8] 
[0-8]   <body>
[0-8]     <div id="root"><div class="flex h-screen flex-col overflow-hidden bg-[rgb(var(--background))]"><div class="drag-region h-8 flex-shrink-0 bg-[rgb(var(--surface))] border-b border-[rgb(var(--border-subtle))]"></div><div class="flex flex-1 overflow-hidden"><aside class="w-60 flex-shrink-0 border-r border-[rgb(var(--border-subtle))]"><nav class="flex h-full flex-col bg-[rgb(var(--surface))]"><div class="flex-shrink-0 p-4 border-b border-[rgb(var(--border-subtle))]"><div class="space-y-3"><div class="flex items-center justify-between"><div class="flex items-center gap-2"><svg xmlns="http://www.w3.org/2000/svg" width="24" height="24" viewBox="0 0 24 24" fill="none" stroke="currentColor" stroke-width="2" stroke-linecap="round" stroke-linejoin="round" class="lucide lucide-zap h-6 w-6 text-primary-500" aria-hidden="true"><path d="M4 14a1 1 0 0 1-.78-1.63l9.9-10.2a.5.5 0 0 1 .86.46l-1.92 6.02A1 1 0 0 0 13 10h7a1 1 0 0 1 .78 1.63l-9.9 10.2a.5.5 0 0 1-.86-.46l1.92-6.02A1 1 0 0 0 11 14z"></path></svg><span class="font-bold text-lg">McpMux</span></div><button class="p-1.5 rounded-lg hover:bg-surface-hover transition-colors" title="Dark mode"><svg xmlns="http://www.w3.org/2000/svg" width="24" height="24" viewBox="0 0 24 24" fill="none" stroke="currentColor" stroke-width="2" stroke-linecap="round" stroke-linejoin="round" class="lucide lucide-moon h-4 w-4" aria-hidden="true"><path d="M20.985 12.486a9 9 0 1 1-9.473-9.472c.405-.022.617.46.402.803a6 6 0 0 0 8.268 8.268c.344-.215.825-.004.803.401"></path></svg></button></div><div class="relative w-full"><button class="w-full flex items-center justify-between gap-2 px-3 py-2.5 rounded-xl border border-[rgb(var(--border))] bg-[rgb(var(--surface))] hover:bg-[rgb(var(--surface-hover))] hover:border-[rgb(var(--primary))/30] transition-all duration-150 group"><span class="flex items-center gap-3 min-w-0"><span class="text-xl">≡ƒÅá</span><span class="font-medium text-sm truncate">Personal</span></span><svg xmlns="http://www.w3.org/2000/svg" width="24" height="24" viewBox="0 0 24 24" fill="none" stroke="currentColor" stroke-width="2" stroke-linecap="round" stroke-linejoin="round" class="lucide lucide-chevron-down h-4 w-4 flex-shrink-0 text-[rgb(var(--muted))] group-hover:text-[rgb(var(--foreground))] transition-all duration-200" aria-hidden="true"><path d="m6 9 6 6 6-6"></path></svg></button></div></div></div><div class="flex-1 overflow-y-auto p-3"><div class="mb-6"><div class="space-y-0.5"><button data-testid="nav-dashboard" class="flex w-full items-center gap-3 rounded-lg px-3 py-2.5 text-sm font-medium transition-all duration-150 text-[rgb(var(--muted))] hover:text-[rgb(var(--foreground))] hover:bg-[rgb(var(--surface-hover))]"><span class="h-5 w-5 flex items-center justify-center transition-colors"><svg xmlns="http://www.w3.org/2000/svg" width="24" height="24" viewBox="0 0 24 24" fill="none" stroke="currentColor" stroke-width="2" stroke-linecap="round" stroke-linejoin="round" class="lucide lucide-house h-4 w-4" aria-hidden="true"><path d="M15 21v-8a1 1 0 0 0-1-1h-4a1 1 0 0 0-1 1v8"></path><path d="M3 10a2 2 0 0 1 .709-1.528l7-6a2 2 0 0 1 2.582 0l7 6A2 2 0 0 1 21 10v9a2 2 0 0 1-2 2H5a2 2 0 0 1-2-2z"></path></svg></span><span>Dashboard</span></button><button data-testid="nav-my-servers" class="flex w-full items-center gap-3 rounded-lg px-3 py-2.5 text-sm font-medium transition-all duration-150 text-[rgb(var(--muted))] hover:text-[rgb(var(--foreground))] hover:bg-[rgb(var(--surface-hover))]"><span class="h-5 w-5 flex items-center justify-center transition-colors"><svg xmlns="http://www.w3.org/2000/svg" width="24" height="24" viewBox="0 0 24 24" fill="none" stroke="currentColor" stroke-width="2" stroke-linecap="round" stroke-linejoin="round" class="lucide lucide-zap h-4 w-4" aria-hidden="true"><path d="M4 14a1 1 0 0 1-.78-1.63l9.9-10.2a.5.5 0 0 1 .86.46l-1.92 6.02A1 1 0 0 0 13 10h7a1 1 0 0 1 .78 1.63l-9.9 10.2a.5.5 0 0 1-.86-.46l1.92-6.02A1 1 0 0 0 11 14z"></path></svg></span><span>My Servers</span></button><button data-testid="nav-discover" class="flex w-full items-center gap-3 rounded-lg px-3 py-2.5 text-sm font-medium transition-all duration-150 text-[rgb(var(--muted))] hover:text-[rgb(var(--foreground))] hover:bg-[rgb(var(--surface-hover))]"><span class="h-5 w-5 flex items-center justify-center transition-colors"><svg xmlns="http://www.w3.org/2000/svg" width="24" height="24" viewBox="0 0 24 24" fill="none" stroke="currentColor" stroke-width="2" stroke-linecap="round" stroke-linejoin="round" class="lucide lucide-server h-4 w-4" aria-hidden="true"><rect width="20" height="8" x="2" y="2" rx="2" ry="2"></rect><rect width="20" height="8" x="2" y="14" rx="2" ry="2"></rect><line x1="6" x2="6.01" y1="6" y2="6"></line><line x1="6" x2="6.01" y1="18" y2="18"></line></svg></span><span>Discover</span></button></div></div><div class="mb-6"><h3 class="mb-2 px-3 text-[11px] font-semibold uppercase tracking-wider text-[rgb(var(--muted-foreground))]">Workspaces</h3><div class="space-y-0.5"><button data-testid="nav-spaces" class="flex w-full items-center gap-3 rounded-lg px-3 py-2.5 text-sm font-medium transition-all duration-150 hover:text-[rgb(var(--foreground))] bg-[rgb(var(--primary))/10] text-[rgb(var(--primary))] hover:bg-[rgb(var(--primary))/15]"><span class="h-5 w-5 flex items-center justify-center transition-colors text-[rgb(var(--primary))]"><svg xmlns="http://www.w3.org/2000/svg" width="24" height="24" viewBox="0 0 24 24" fill="none" stroke="currentColor" stroke-width="2" stroke-linecap="round" stroke-linejoin="round" class="lucide lucide-globe h-4 w-4" aria-hidden="true"><circle cx="12" cy="12" r="10"></circle><path d="M12 2a14.5 14.5 0 0 0 0 20 14.5 14.5 0 0 0 0-20"></path><path d="M2 12h20"></path></svg></span><span>Spaces</span></button><button data-testid="nav-featuresets" class="flex w-full items-center gap-3 rounded-lg px-3 py-2.5 text-sm font-medium transition-all duration-150 text-[rgb(var(--muted))] hover:text-[rgb(var(--foreground))] hover:bg-[rgb(var(--surface-hover))]"><span class="h-5 w-5 flex items-center justify-center transition-colors"><svg xmlns="http://www.w3.org/2000/svg" width="24" height="24" viewBox="0 0 24 24" fill="none" stroke="currentColor" stroke-width="2" stroke-linecap="round" stroke-linejoin="round" class="lucide lucide-wrench h-4 w-4" aria-hidden="true"><path d="M14.7 6.3a1 1 0 0 0 0 1.4l1.6 1.6a1 1 0 0 0 1.4 0l3.106-3.105c.32-.322.863-.22.983.218a6 6 0 0 1-8.259 7.057l-7.91 7.91a1 1 0 0 1-2.999-3l7.91-7.91a6 6 0 0 1 7.057-8.259c.438.12.54.662.219.984z"></path></svg></span><span>FeatureSets</span></button></div></div><div class="mb-6"><h3 class="mb-2 px-3 text-[11px] font-semibold uppercase tracking-wider text-[rgb(var(--muted-foreground))]">Connections</h3><div class="space-y-0.5"><button data-testid="nav-clients" class="flex w-full items-center gap-3 rounded-lg px-3 py-2.5 text-sm font-medium transition-all duration-150 text-[rgb(var(--muted))] hover:text-[rgb(var(--foreground))] hover:bg-[rgb(var(--surface-hover))]"><span class="h-5 w-5 flex items-center justify-center transition-colors"><svg xmlns="http://www.w3.org/2000/svg" width="24" height="24" viewBox="0 0 24 24" fill="none" stroke="currentColor" stroke-width="2" stroke-linecap="round" stroke-linejoin="round" class="lucide lucide-monitor h-4 w-4" aria-hidden="true"><rect width="20" height="14" x="2" y="3" rx="2"></rect><line x1="8" x2="16" y1="21" y2="21"></line><line x1="12" x2="12" y1="17" y2="21"></line></svg></span><span>Clients</span></button></div></div><div class="mb-6"><div class="space-y-0.5"><button data-testid="nav-settings" class="flex w-full items-center gap-3 rounded-lg px-3 py-2.5 text-sm font-medium transition-all duration-150 text-[rgb(var(--muted))] hover:text-[rgb(var(--foreground))] hover:bg-[rgb(var(--surface-hover))]"><span class="h-5 w-5 flex items-center justify-center transition-colors"><svg xmlns="http://www.w3.org/2000/svg" width="24" height="24" viewBox="0 0 24 24" fill="none" stroke="currentColor" stroke-width="2" stroke-linecap="round" stroke-linejoin="round" class="lucide lucide-settings h-4 w-4" aria-hidden="true"><path d="M9.671 4.136a2.34 2.34 0 0 1 4.659 0 2.34 2.34 0 0 0 3.319 1.915 2.34 2.34 0 0 1 2.33 4.033 2.34 2.34 0 0 0 0 3.831 2.34 2.34 0 0 1-2.33 4.033 2.34 2.34 0 0 0-3.319 1.915 2.34 2.34 0 0 1-4.659 0 2.34 2.34 0 0 0-3.32-1.915 2.34 2.34 0 0 1-2.33-4.033 2.34 2.34 0 0 0 0-3.831A2.34 2.34 0 0 1 6.35 6.051a2.34 2.34 0 0 0 3.319-1.915"></path><circle cx="12" cy="12" r="3"></circle></svg></span><span>Settings</span></button></div></div></div><div class="flex-shrink-0 p-4 border-t border-[rgb(var(--border-subtle))]"><div class="text-xs text-[rgb(var(--muted))]"><div>McpMux v0.1.0</div><div>Gateway: localhost:9315</div></div></div></nav></aside><main class="flex-1 overflow-auto p-6 bg-[rgb(var(--background))]"><div class="animate-fade-in"><div class="h-full flex flex-col relative"><div class="flex-shrink-0 p-8 border-b border-[rgb(var(--border-subtle))]"><div class="max-w-[2000px] mx-auto"><div class="flex items-center justify-between mb-6"><div><h1 class="text-3xl font-bold">Workspaces</h1><p class="text-base text-[rgb(var(--muted))] mt-2">Manage isolated environments with their own credentials and server configurations</p></div><button class="inline-flex items-center justify-center gap-2 rounded-lg font-medium transition-all duration-150 ease-out focus-visible:outline-none focus-visible:ring-2 focus-visible:ring-[rgb(var(--primary))] focus-visible:ring-offset-2 disabled:pointer-events-none disabled:opacity-50 active:scale-[0.98] bg-[rgb(var(--primary))] text-[rgb(var(--primary-foreground))] hover:bg-[rgb(var(--primary-hover))] shadow-sm hover:shadow h-10 px-4" data-testid="create-space-btn"><svg xmlns="http://www.w3.org/2000/svg" width="24" height="24" viewBox="0 0 24 24" fill="none" stroke="currentColor" stroke-width="2" stroke-linecap="round" stroke-linejoin="round" class="lucide lucide-plus h-4 w-4 mr-2" aria-hidden="true"><path d="M5 12h14"></path><path d="M12 5v14"></path></svg>Create Space</button></div><div class="relative max-w-3xl"><svg xmlns="http://www.w3.org/2000/svg" width="24" height="24" viewBox="0 0 24 24" fill="none" stroke="currentColor" stroke-width="2" stroke-linecap="round" stroke-linejoin="round" class="lucide lucide-search absolute left-4 top-1/2 -translate-y-1/2 h-5 w-5 text-[rgb(var(--muted))]" aria-hidden="true"><path d="m21 21-4.34-4.34"></path><circle cx="11" cy="11" r="8"></circle></svg><input placeholder="Search workspaces..." class="w-full pl-12 pr-4 py-3 text-base bg-[rgb(var(--surface))] border border-[rgb(var(--border))] rounded-xl focus:outline-none focus:ring-2 focus:ring-primary-500 focus:border-primary-500 transition-all" type="text" value=""></div></div></div><div class="flex-1 overflow-auto px-8 py-8"><div class="max-w-[2000px] mx-auto"><div class="grid gap-5 auto-fill-cards"><div class="rounded-xl border border-[rgb(var(--border-subtle))] bg-[rgb(var(--card))] p-6 shadow-[0_1px_3px_0_rgb(0_0_0/0.1),0_1px_2px_-1px_rgb(0_0_0/0.1)] dark:shadow-[0_1px_3px_0_rgb(0_0_0/0.3),0_1px_2px_-1px_rgb(0_0_0/0.2)] transition-all hover:shadow-lg hover:scale-[1.01]" data-testid="space-card-00000000-0000-0000-0000-000000000001"><div class="p-5"><div class="flex items-start gap-3 mb-4"><div class="w-11 h-11 flex items-center justify-center bg-[rgb(var(--surface))] rounded-lg text-2xl border border-[rgb(var(--border-subtle))] flex-shrink-0">≡ƒÅá</div><div class="flex-1 min-w-0"><h3 class="font-semibold text-base truncate">My Space</h3><p class="text-sm text-[rgb(var(--muted))] line-clamp-1">Default workspace for your MCP servers</p></div><div class="flex gap-1 flex-shrink-0"><button class="p-1.5 text-[rgb(var(--muted))] hover:text-red-500 hover:bg-red-50 dark:hover:bg-red-900/20 rounded-lg transition-colors disabled:opacity-50 disabled:cursor-not-allowed" title="Delete Space" data-testid="delete-space-00000000-0000-0000-0000-000000000001"><svg xmlns="http://www.w3.org/2000/svg" width="24" height="24" viewBox="0 0 24 24" fill="none" stroke="currentColor" stroke-width="2" stroke-linecap="round" stroke-linejoin="round" class="lucide lucide-trash2 lucide-trash-2 h-4 w-4" aria-hidden="true"><path d="M10 11v6"></path><path d="M14 11v6"></path><path d="M19 6v14a2 2 0 0 1-2 2H7a2 2 0 0 1-2-2V6"></path><path d="M3 6h18"></path><path d="M8 6V4a2 2 0 0 1 2-2h4a2 2 0 0 1 2 2v2"></path></svg></button></div></div><div class="flex items-center justify-end pt-3 border-t border-[rgb(var(--border-subtle))]"><button class="inline-flex items-center justify-center gap-2 rounded-lg font-medium transition-all duration-150 ease-out focus-visible:outline-none focus-visible:ring-2 focus-visible:ring-[rgb(var(--primary))] focus-visible:ring-offset-2 disabled:pointer-events-none disabled:opacity-50 active:scale-[0.98] bg-[rgb(var(--surface-active))] text-[rgb(var(--foreground))] hover:bg-[rgb(var(--surface-hover))] border border-[rgb(var(--border))] h-8 px-3 text-sm" data-testid="set-active-space-00000000-0000-0000-0000-000000000001">Set Active</button></div></div></div><div class="rounded-xl border border-[rgb(var(--border-subtle))] bg-[rgb(var(--card))] p-6 dark:shadow-[0_1px_3px_0_rgb(0_0_0/0.3),0_1px_2px_-1px_rgb(0_0_0/0.2)] transition-all hover:shadow-lg hover:scale-[1.01] ring-2 ring-primary-500 shadow-lg" data-testid="space-card-97ecb604-4b50-4fb2-962a-acb3c9cccd2f"><div class="p-5"><div class="flex items-start gap-3 mb-4"><div class="w-11 h-11 flex items-center justify-center bg-[rgb(var(--surface))] rounded-lg text-2xl border border-[rgb(var(--border-subtle))] flex-shrink-0">≡ƒÅá</div><div class="flex-1 min-w-0"><h3 class="font-semibold text-base truncate">Personal</h3><p class="text-sm text-[rgb(var(--muted))] line-clamp-1">No description</p></div><div class="flex gap-1 flex-shrink-0"><span class="inline-flex items-center gap-1 px-2 py-0.5 rounded-full text-xs font-medium bg-green-100 dark:bg-green-900/30 text-green-700 dark:text-green-400"><svg xmlns="http://www.w3.org/2000/svg" width="24" height="24" viewBox="0 0 24 24" fill="none" stroke="currentColor" stroke-width="2" stroke-linecap="round" stroke-linejoin="round" class="lucide lucide-check h-3 w-3" aria-hidden="true"><path d="M20 6 9 17l-5-5"></path></svg> Active</span></div></div><div class="flex items-center justify-end pt-3 border-t border-[rgb(var(--border-subtle))]"><span class="text-xs font-medium text-[rgb(var(--muted))]">Current Context</span></div></div></div><div class="rounded-xl border border-[rgb(var(--border-subtle))] bg-[rgb(var(--card))] p-6 shadow-[0_1px_3px_0_rgb(0_0_0/0.1),0_1px_2px_-1px_rgb(0_0_0/0.1)] dark:shadow-[0_1px_3px_0_rgb(0_0_0/0.3),0_1px_2px_-1px_rgb(0_0_0/0.2)] transition-all hover:shadow-lg hover:scale-[1.01]" data-testid="space-card-c10db5a5-cf80-41d6-8fd3-f7de8c4ef513"><div class="p-5"><div class="flex items-start gap-3 mb-4"><div class="w-11 h-11 flex items-center justify-center bg-[rgb(var(--surface))] rounded-lg text-2xl border border-[rgb(var(--border-subtle))] flex-shrink-0">≡ƒÅá</div><div class="flex-1 min-w-0"><h3 class="font-semibold text-base truncate">Personal</h3><p class="text-sm text-[rgb(var(--muted))] line-clamp-1">No description</p></div><div class="flex gap-1 flex-shrink-0"><button class="p-1.5 text-[rgb(var(--muted))] hover:text-red-500 hover:bg-red-50 dark:hover:bg-red-900/20 rounded-lg transition-colors disabled:opacity-50 disabled:cursor-not-allowed" title="Delete Space" data-testid="delete-space-c10db5a5-cf80-41d6-8fd3-f7de8c4ef513"><svg xmlns="http://www.w3.org/2000/svg" width="24" height="24" viewBox="0 0 24 24" fill="none" stroke="currentColor" stroke-width="2" stroke-linecap="round" stroke-linejoin="round" class="lucide lucide-trash2 lucide-trash-2 h-4 w-4" aria-hidden="true"><path d="M10 11v6"></path><path d="M14 11v6"></path><path d="M19 6v14a2 2 0 0 1-2 2H7a2 2 0 0 1-2-2V6"></path><path d="M3 6h18"></path><path d="M8 6V4a2 2 0 0 1 2-2h4a2 2 0 0 1 2 2v2"></path></svg></button></div></div><div class="flex items-center justify-end pt-3 border-t border-[rgb(var(--border-subtle))]"><button class="inline-flex items-center justify-center gap-2 rounded-lg font-medium transition-all duration-150 ease-out focus-visible:outline-none focus-visible:ring-2 focus-visible:ring-[rgb(var(--primary))] focus-visible:ring-offset-2 disabled:pointer-events-none disabled:opacity-50 active:scale-[0.98] bg-[rgb(var(--surface-active))] text-[rgb(var(--foreground))] hover:bg-[rgb(var(--surface-hover))] border border-[rgb(var(--border))] h-8 px-3 text-sm" data-testid="set-active-space-c10db5a5-cf80-41d6-8fd3-f7de8c4ef513">Set Active</button></div></div></div><div class="rounded-xl border border-[rgb(var(--border-subtle))] bg-[rgb(var(--card))] p-6 shadow-[0_1px_3px_0_rgb(0_0_0/0.1),0_1px_2px_-1px_rgb(0_0_0/0.1)] dark:shadow-[0_1px_3px_0_rgb(0_0_0/0.3),0_1px_2px_-1px_rgb(0_0_0/0.2)] transition-all hover:shadow-lg hover:scale-[1.01]" data-testid="space-card-403741f7-8c61-4c48-8a7d-739d529228f6"><div class="p-5"><div class="flex items-start gap-3 mb-4"><div class="w-11 h-11 flex items-center justify-center bg-[rgb(var(--surface))] rounded-lg text-2xl border border-[rgb(var(--border-subtle))] flex-shrink-0">≡ƒÅá</div><div class="flex-1 min-w-0"><h3 class="font-semibold text-base truncate">Personal</h3><p class="text-sm text-[rgb(var(--muted))] line-clamp-1">No description</p></div><div class="flex gap-1 flex-shrink-0"><button class="p-1.5 text-[rgb(var(--muted))] hover:text-red-500 hover:bg-red-50 dark:hover:bg-red-900/20 rounded-lg transition-colors disabled:opacity-50 disabled:cursor-not-allowed" title="Delete Space" data-testid="delete-space-403741f7-8c61-4c48-8a7d-739d529228f6"><svg xmlns="http://www.w3.org/2000/svg" width="24" height="24" viewBox="0 0 24 24" fill="none" stroke="currentColor" stroke-width="2" stroke-linecap="round" stroke-linejoin="round" class="lucide lucide-trash2 lucide-trash-2 h-4 w-4" aria-hidden="true"><path d="M10 11v6"></path><path d="M14 11v6"></path><path d="M19 6v14a2 2 0 0 1-2 2H7a2 2 0 0 1-2-2V6"></path><path d="M3 6h18"></path><path d="M8 6V4a2 2 0 0 1 2-2h4a2 2 0 0 1 2 2v2"></path></svg></button></div></div><div class="flex items-center justify-end pt-3 border-t border-[rgb(var(--border-subtle))]"><button class="inline-flex items-center justify-center gap-2 rounded-lg font-medium transition-all duration-150 ease-out focus-visible:outline-none focus-visible:ring-2 focus-visible:ring-[rgb(var(--primary))] focus-visible:ring-offset-2 disabled:pointer-events-none disabled:opacity-50 active:scale-[0.98] bg-[rgb(var(--surface-active))] text-[rgb(var(--foreground))] hover:bg-[rgb(var(--surface-hover))] border border-[rgb(var(--border))] h-8 px-3 text-sm" data-testid="set-active-space-403741f7-8c61-4c48-8a7d-739d529228f6">Set Active</button></div></div></div><div class="rounded-xl border border-[rgb(var(--border-subtle))] bg-[rgb(var(--card))] p-6 shadow-[0_1px_3px_0_rgb(0_0_0/0.1),0_1px_2px_-1px_rgb(0_0_0/0.1)] dark:shadow-[0_1px_3px_0_rgb(0_0_0/0.3),0_1px_2px_-1px_rgb(0_0_0/0.2)] transition-all hover:shadow-lg hover:scale-[1.01]" data-testid="space-card-6f7ea064-f7f0-4e28-b19a-2c90f2e2585f"><div class="p-5"><div class="flex items-start gap-3 mb-4"><div class="w-11 h-11 flex items-center justify-center bg-[rgb(var(--surface))] rounded-lg text-2xl border border-[rgb(var(--border-subtle))] flex-shrink-0">≡ƒÅá</div><div class="flex-1 min-w-0"><h3 class="font-semibold text-base truncate">Personal</h3><p class="text-sm text-[rgb(var(--muted))] line-clamp-1">No description</p></div><div class="flex gap-1 flex-shrink-0"><button class="p-1.5 text-[rgb(var(--muted))] hover:text-red-500 hover:bg-red-50 dark:hover:bg-red-900/20 rounded-lg transition-colors disabled:opacity-50 disabled:cursor-not-allowed" title="Delete Space" data-testid="delete-space-6f7ea064-f7f0-4e28-b19a-2c90f2e2585f"><svg xmlns="http://www.w3.org/2000/svg" width="24" height="24" viewBox="0 0 24 24" fill="none" stroke="currentColor" stroke-width="2" stroke-linecap="round" stroke-linejoin="round" class="lucide lucide-trash2 lucide-trash-2 h-4 w-4" aria-hidden="true"><path d="M10 11v6"></path><path d="M14 11v6"></path><path d="M19 6v14a2 2 0 0 1-2 2H7a2 2 0 0 1-2-2V6"></path><path d="M3 6h18"></path><path d="M8 6V4a2 2 0 0 1 2-2h4a2 2 0 0 1 2 2v2"></path></svg></button></div></div><div class="flex items-center justify-end pt-3 border-t border-[rgb(var(--border-subtle))]"><button class="inline-flex items-center justify-center gap-2 rounded-lg font-medium transition-all duration-150 ease-out focus-visible:outline-none focus-visible:ring-2 focus-visible:ring-[rgb(var(--primary))] focus-visible:ring-offset-2 disabled:pointer-events-none disabled:opacity-50 active:scale-[0.98] bg-[rgb(var(--surface-active))] text-[rgb(var(--foreground))] hover:bg-[rgb(var(--surface-hover))] border border-[rgb(var(--border))] h-8 px-3 text-sm" data-testid="set-active-space-6f7ea064-f7f0-4e28-b19a-2c90f2e2585f">Set Active</button></div></div></div><div class="rounded-xl border border-[rgb(var(--border-subtle))] bg-[rgb(var(--card))] p-6 shadow-[0_1px_3px_0_rgb(0_0_0/0.1),0_1px_2px_-1px_rgb(0_0_0/0.1)] dark:shadow-[0_1px_3px_0_rgb(0_0_0/0.3),0_1px_2px_-1px_rgb(0_0_0/0.2)] transition-all hover:shadow-lg hover:scale-[1.01]" data-testid="space-card-6bf94a6f-53c3-4b64-869b-73de2115133a"><div class="p-5"><div class="flex items-start gap-3 mb-4"><div class="w-11 h-11 flex items-center justify-center bg-[rgb(var(--surface))] rounded-lg text-2xl border border-[rgb(var(--border-subtle))] flex-shrink-0">≡ƒÅá</div><div class="flex-1 min-w-0"><h3 class="font-semibold text-base truncate">Personal</h3><p class="text-sm text-[rgb(var(--muted))] line-clamp-1">No description</p></div><div class="flex gap-1 flex-shrink-0"><button class="p-1.5 text-[rgb(var(--muted))] hover:text-red-500 hover:bg-red-50 dark:hover:bg-red-900/20 rounded-lg transition-colors disabled:opacity-50 disabled:cursor-not-allowed" title="Delete Space" data-testid="delete-space-6bf94a6f-53c3-4b64-869b-73de2115133a"><svg xmlns="http://www.w3.org/2000/svg" width="24" height="24" viewBox="0 0 24 24" fill="none" stroke="currentColor" stroke-width="2" stroke-linecap="round" stroke-linejoin="round" class="lucide lucide-trash2 lucide-trash-2 h-4 w-4" aria-hidden="true"><path d="M10 11v6"></path><path d="M14 11v6"></path><path d="M19 6v14a2 2 0 0 1-2 2H7a2 2 0 0 1-2-2V6"></path><path d="M3 6h18"></path><path d="M8 6V4a2 2 0 0 1 2-2h4a2 2 0 0 1 2 2v2"></path></svg></button></div></div><div class="flex items-center justify-end pt-3 border-t border-[rgb(var(--border-subtle))]"><button class="inline-flex items-center justify-center gap-2 rounded-lg font-medium transition-all duration-150 ease-out focus-visible:outline-none focus-visible:ring-2 focus-visible:ring-[rgb(var(--primary))] focus-visible:ring-offset-2 disabled:pointer-events-none disabled:opacity-50 active:scale-[0.98] bg-[rgb(var(--surface-active))] text-[rgb(var(--foreground))] hover:bg-[rgb(var(--surface-hover))] border border-[rgb(var(--border))] h-8 px-3 text-sm" data-testid="set-active-space-6bf94a6f-53c3-4b64-869b-73de2115133a">Set Active</button></div></div></div><div class="rounded-xl border border-[rgb(var(--border-subtle))] bg-[rgb(var(--card))] p-6 shadow-[0_1px_3px_0_rgb(0_0_0/0.1),0_1px_2px_-1px_rgb(0_0_0/0.1)] dark:shadow-[0_1px_3px_0_rgb(0_0_0/0.3),0_1px_2px_-1px_rgb(0_0_0/0.2)] transition-all hover:shadow-lg hover:scale-[1.01]" data-testid="space-card-dc285562-0000-40c5-bc6c-f7d17f237935"><div class="p-5"><div class="flex items-start gap-3 mb-4"><div class="w-11 h-11 flex items-center justify-center bg-[rgb(var(--surface))] rounded-lg text-2xl border border-[rgb(var(--border-subtle))] flex-shrink-0">≡ƒÅá</div><div class="flex-1 min-w-0"><h3 class="font-semibold text-base truncate">Personal</h3><p class="text-sm text-[rgb(var(--muted))] line-clamp-1">No description</p></div><div class="flex gap-1 flex-shrink-0"><button class="p-1.5 text-[rgb(var(--muted))] hover:text-red-500 hover:bg-red-50 dark:hover:bg-red-900/20 rounded-lg transition-colors disabled:opacity-50 disabled:cursor-not-allowed" title="Delete Space" data-testid="delete-space-dc285562-0000-40c5-bc6c-f7d17f237935"><svg xmlns="http://www.w3.org/2000/svg" width="24" height="24" viewBox="0 0 24 24" fill="none" stroke="currentColor" stroke-width="2" stroke-linecap="round" stroke-linejoin="round" class="lucide lucide-trash2 lucide-trash-2 h-4 w-4" aria-hidden="true"><path d="M10 11v6"></path><path d="M14 11v6"></path><path d="M19 6v14a2 2 0 0 1-2 2H7a2 2 0 0 1-2-2V6"></path><path d="M3 6h18"></path><path d="M8 6V4a2 2 0 0 1 2-2h4a2 2 0 0 1 2 2v2"></path></svg></button></div></div><div class="flex items-center justify-end pt-3 border-t border-[rgb(var(--border-subtle))]"><button class="inline-flex items-center justify-center gap-2 rounded-lg font-medium transition-all duration-150 ease-out focus-visible:outline-none focus-visible:ring-2 focus-visible:ring-[rgb(var(--primary))] focus-visible:ring-offset-2 disabled:pointer-events-none disabled:opacity-50 active:scale-[0.98] bg-[rgb(var(--surface-active))] text-[rgb(var(--foreground))] hover:bg-[rgb(var(--surface-hover))] border border-[rgb(var(--border))] h-8 px-3 text-sm" data-testid="set-active-space-dc285562-0000-40c5-bc6c-f7d17f237935">Set Active</button></div></div></div><div class="rounded-xl border border-[rgb(var(--border-subtle))] bg-[rgb(var(--card))] p-6 shadow-[0_1px_3px_0_rgb(0_0_0/0.1),0_1px_2px_-1px_rgb(0_0_0/0.1)] dark:shadow-[0_1px_3px_0_rgb(0_0_0/0.3),0_1px_2px_-1px_rgb(0_0_0/0.2)] transition-all hover:shadow-lg hover:scale-[1.01]" data-testid="space-card-e5f57556-d072-40df-b313-55c2a541158b"><div class="p-5"><div class="flex items-start gap-3 mb-4"><div class="w-11 h-11 flex items-center justify-center bg-[rgb(var(--surface))] rounded-lg text-2xl border border-[rgb(var(--border-subtle))] flex-shrink-0">≡ƒÅá</div><div class="flex-1 min-w-0"><h3 class="font-semibold text-base truncate">Personal</h3><p class="text-sm text-[rgb(var(--muted))] line-clamp-1">No description</p></div><div class="flex gap-1 flex-shrink-0"><button class="p-1.5 text-[rgb(var(--muted))] hover:text-red-500 hover:bg-red-50 dark:hover:bg-red-900/20 rounded-lg transition-colors disabled:opacity-50 disabled:cursor-not-allowed" title="Delete Space" data-testid="delete-space-e5f57556-d072-40df-b313-55c2a541158b"><svg xmlns="http://www.w3.org/2000/svg" width="24" height="24" viewBox="0 0 24 24" fill="none" stroke="currentColor" stroke-width="2" stroke-linecap="round" stroke-linejoin="round" class="lucide lucide-trash2 lucide-trash-2 h-4 w-4" aria-hidden="true"><path d="M10 11v6"></path><path d="M14 11v6"></path><path d="M19 6v14a2 2 0 0 1-2 2H7a2 2 0 0 1-2-2V6"></path><path d="M3 6h18"></path><path d="M8 6V4a2 2 0 0 1 2-2h4a2 2 0 0 1 2 2v2"></path></svg></button></div></div><div class="flex items-center justify-end pt-3 border-t border-[rgb(var(--border-subtle))]"><button class="inline-flex items-center justify-center gap-2 rounded-lg font-medium transition-all duration-150 ease-out focus-visible:outline-none focus-visible:ring-2 focus-visible:ring-[rgb(var(--primary))] focus-visible:ring-offset-2 disabled:pointer-events-none disabled:opacity-50 active:scale-[0.98] bg-[rgb(var(--surface-active))] text-[rgb(var(--foreground))] hover:bg-[rgb(var(--surface-hover))] border border-[rgb(var(--border))] h-8 px-3 text-sm" data-testid="set-active-space-e5f57556-d072-40df-b313-55c2a541158b">Set Active</button></div></div></div><div class="rounded-xl border border-[rgb(var(--border-subtle))] bg-[rgb(var(--card))] p-6 shadow-[0_1px_3px_0_rgb(0_0_0/0.1),0_1px_2px_-1px_rgb(0_0_0/0.1)] dark:shadow-[0_1px_3px_0_rgb(0_0_0/0.3),0_1px_2px_-1px_rgb(0_0_0/0.2)] transition-all hover:shadow-lg hover:scale-[1.01]" data-testid="space-card-0b9a4f71-5e47-4b13-920c-26dc1d1af66f"><div class="p-5"><div class="flex items-start gap-3 mb-4"><div class="w-11 h-11 flex items-center justify-center bg-[rgb(var(--surface))] rounded-lg text-2xl border border-[rgb(var(--border-subtle))] flex-shrink-0">≡ƒÅá</div><div class="flex-1 min-w-0"><h3 class="font-semibold text-base truncate">Personal</h3><p class="text-sm text-[rgb(var(--muted))] line-clamp-1">No description</p></div><div class="flex gap-1 flex-shrink-0"><button class="p-1.5 text-[rgb(var(--muted))] hover:text-red-500 hover:bg-red-50 dark:hover:bg-red-900/20 rounded-lg transition-colors disabled:opacity-50 disabled:cursor-not-allowed" title="Delete Space" data-testid="delete-space-0b9a4f71-5e47-4b13-920c-26dc1d1af66f"><svg xmlns="http://www.w3.org/2000/svg" width="24" height="24" viewBox="0 0 24 24" fill="none" stroke="currentColor" stroke-width="2" stroke-linecap="round" stroke-linejoin="round" class="lucide lucide-trash2 lucide-trash-2 h-4 w-4" aria-hidden="true"><path d="M10 11v6"></path><path d="M14 11v6"></path><path d="M19 6v14a2 2 0 0 1-2 2H7a2 2 0 0 1-2-2V6"></path><path d="M3 6h18"></path><path d="M8 6V4a2 2 0 0 1 2-2h4a2 2 0 0 1 2 2v2"></path></svg></button></div></div><div class="flex items-center justify-end pt-3 border-t border-[rgb(var(--border-subtle))]"><button class="inline-flex items-center justify-center gap-2 rounded-lg font-medium transition-all duration-150 ease-out focus-visible:outline-none focus-visible:ring-2 focus-visible:ring-[rgb(var(--primary))] focus-visible:ring-offset-2 disabled:pointer-events-none disabled:opacity-50 active:scale-[0.98] bg-[rgb(var(--surface-active))] text-[rgb(var(--foreground))] hover:bg-[rgb(var(--surface-hover))] border border-[rgb(var(--border))] h-8 px-3 text-sm" data-testid="set-active-space-0b9a4f71-5e47-4b13-920c-26dc1d1af66f">Set Active</button></div></div></div><div class="rounded-xl border border-[rgb(var(--border-subtle))] bg-[rgb(var(--card))] p-6 shadow-[0_1px_3px_0_rgb(0_0_0/0.1),0_1px_2px_-1px_rgb(0_0_0/0.1)] dark:shadow-[0_1px_3px_0_rgb(0_0_0/0.3),0_1px_2px_-1px_rgb(0_0_0/0.2)] transition-all hover:shadow-lg hover:scale-[1.01]" data-testid="space-card-99e49f8e-e4eb-496f-918a-b4148246ba50"><div class="p-5"><div class="flex items-start gap-3 mb-4"><div class="w-11 h-11 flex items-center justify-center bg-[rgb(var(--surface))] rounded-lg text-2xl border border-[rgb(var(--border-subtle))] flex-shrink-0">≡ƒÅá</div><div class="flex-1 min-w-0"><h3 class="font-semibold text-base truncate">Personal</h3><p class="text-sm text-[rgb(var(--muted))] line-clamp-1">No description</p></div><div class="flex gap-1 flex-shrink-0"><button class="p-1.5 text-[rgb(var(--muted))] hover:text-red-500 hover:bg-red-50 dark:hover:bg-red-900/20 rounded-lg transition-colors disabled:opacity-50 disabled:cursor-not-allowed" title="Delete Space" data-testid="delete-space-99e49f8e-e4eb-496f-918a-b4148246ba50"><svg xmlns="http://www.w3.org/2000/svg" width="24" height="24" viewBox="0 0 24 24" fill="none" stroke="currentColor" stroke-width="2" stroke-linecap="round" stroke-linejoin="round" class="lucide lucide-trash2 lucide-trash-2 h-4 w-4" aria-hidden="true"><path d="M10 11v6"></path><path d="M14 11v6"></path><path d="M19 6v14a2 2 0 0 1-2 2H7a2 2 0 0 1-2-2V6"></path><path d="M3 6h18"></path><path d="M8 6V4a2 2 0 0 1 2-2h4a2 2 0 0 1 2 2v2"></path></svg></button></div></div><div class="flex items-center justify-end pt-3 border-t border-[rgb(var(--border-subtle))]"><button class="inline-flex items-center justify-center gap-2 rounded-lg font-medium transition-all duration-150 ease-out focus-visible:outline-none focus-visible:ring-2 focus-visible:ring-[rgb(var(--primary))] focus-visible:ring-offset-2 disabled:pointer-events-none disabled:opacity-50 active:scale-[0.98] bg-[rgb(var(--surface-active))] text-[rgb(var(--foreground))] hover:bg-[rgb(var(--surface-hover))] border border-[rgb(var(--border))] h-8 px-3 text-sm" data-testid="set-active-space-99e49f8e-e4eb-496f-918a-b4148246ba50">Set Active</button></div></div></div><div class="rounded-xl border border-[rgb(var(--border-subtle))] bg-[rgb(var(--card))] p-6 shadow-[0_1px_3px_0_rgb(0_0_0/0.1),0_1px_2px_-1px_rgb(0_0_0/0.1)] dark:shadow-[0_1px_3px_0_rgb(0_0_0/0.3),0_1px_2px_-1px_rgb(0_0_0/0.2)] transition-all hover:shadow-lg hover:scale-[1.01]" data-testid="space-card-c29a599c-5fbe-4abe-9944-fb28216f08c2"><div class="p-5"><div class="flex items-start gap-3 mb-4"><div class="w-11 h-11 flex items-center justify-center bg-[rgb(var(--surface))] rounded-lg text-2xl border border-[rgb(var(--border-subtle))] flex-shrink-0">≡ƒÅá</div><div class="flex-1 min-w-0"><h3 class="font-semibold text-base truncate">Personal</h3><p class="text-sm text-[rgb(var(--muted))] line-clamp-1">No description</p></div><div class="flex gap-1 flex-shrink-0"><button class="p-1.5 text-[rgb(var(--muted))] hover:text-red-500 hover:bg-red-50 dark:hover:bg-red-900/20 rounded-lg transition-colors disabled:opacity-50 disabled:cursor-not-allowed" title="Delete Space" data-testid="delete-space-c29a599c-5fbe-4abe-9944-fb28216f08c2"><svg xmlns="http://www.w3.org/2000/svg" width="24" height="24" viewBox="0 0 24 24" fill="none" stroke="currentColor" stroke-width="2" stroke-linecap="round" stroke-linejoin="round" class="lucide lucide-trash2 lucide-trash-2 h-4 w-4" aria-hidden="true"><path d="M10 11v6"></path><path d="M14 11v6"></path><path d="M19 6v14a2 2 0 0 1-2 2H7a2 2 0 0 1-2-2V6"></path><path d="M3 6h18"></path><path d="M8 6V4a2 2 0 0 1 2-2h4a2 2 0 0 1 2 2v2"></path></svg></button></div></div><div class="flex items-center justify-end pt-3 border-t border-[rgb(var(--border-subtle))]"><button class="inline-flex items-center justify-center gap-2 rounded-lg font-medium transition-all duration-150 ease-out focus-visible:outline-none focus-visible:ring-2 focus-visible:ring-[rgb(var(--primary))] focus-visible:ring-offset-2 disabled:pointer-events-none disabled:opacity-50 active:scale-[0.98] bg-[rgb(var(--surface-active))] text-[rgb(var(--foreground))] hover:bg-[rgb(var(--surface-hover))] border border-[rgb(var(--border))] h-8 px-3 text-sm" data-testid="set-active-space-c29a599c-5fbe-4abe-9944-fb28216f08c2">Set Active</button></div></div></div><div class="rounded-xl border border-[rgb(var(--border-subtle))] bg-[rgb(var(--card))] p-6 shadow-[0_1px_3px_0_rgb(0_0_0/0.1),0_1px_2px_-1px_rgb(0_0_0/0.1)] dark:shadow-[0_1px_3px_0_rgb(0_0_0/0.3),0_1px_2px_-1px_rgb(0_0_0/0.2)] transition-all hover:shadow-lg hover:scale-[1.01]" data-testid="space-card-25835abe-ef94-48d5-9e7b-2dda0a499a81"><div class="p-5"><div class="flex items-start gap-3 mb-4"><div class="w-11 h-11 flex items-center justify-center bg-[rgb(var(--surface))] rounded-lg text-2xl border border-[rgb(var(--border-subtle))] flex-shrink-0">≡ƒÅá</div><div class="flex-1 min-w-0"><h3 class="font-semibold text-base truncate">Personal</h3><p class="text-sm text-[rgb(var(--muted))] line-clamp-1">No description</p></div><div class="flex gap-1 flex-shrink-0"><button class="p-1.5 text-[rgb(var(--muted))] hover:text-red-500 hover:bg-red-50 dark:hover:bg-red-900/20 rounded-lg transition-colors disabled:opacity-50 disabled:cursor-not-allowed" title="Delete Space" data-testid="delete-space-25835abe-ef94-48d5-9e7b-2dda0a499a81"><svg xmlns="http://www.w3.org/2000/svg" width="24" height="24" viewBox="0 0 24 24" fill="none" stroke="currentColor" stroke-width="2" stroke-linecap="round" stroke-linejoin="round" class="lucide lucide-trash2 lucide-trash-2 h-4 w-4" aria-hidden="true"><path d="M10 11v6"></path><path d="M14 11v6"></path><path d="M19 6v14a2 2 0 0 1-2 2H7a2 2 0 0 1-2-2V6"></path><path d="M3 6h18"></path><path d="M8 6V4a2 2 0 0 1 2-2h4a2 2 0 0 1 2 2v2"></path></svg></button></div></div><div class="flex items-center justify-end pt-3 border-t border-[rgb(var(--border-subtle))]"><button class="inline-flex items-center justify-center gap-2 rounded-lg font-medium transition-all duration-150 ease-out focus-visible:outline-none focus-visible:ring-2 focus-visible:ring-[rgb(var(--primary))] focus-visible:ring-offset-2 disabled:pointer-events-none disabled:opacity-50 active:scale-[0.98] bg-[rgb(var(--surface-active))] text-[rgb(var(--foreground))] hover:bg-[rgb(var(--surface-hover))] border border-[rgb(var(--border))] h-8 px-3 text-sm" data-testid="set-active-space-25835abe-ef94-48d5-9e7b-2dda0a499a81">Set Active</button></div></div></div><div class="rounded-xl border border-[rgb(var(--border-subtle))] bg-[rgb(var(--card))] p-6 shadow-[0_1px_3px_0_rgb(0_0_0/0.1),0_1px_2px_-1px_rgb(0_0_0/0.1)] dark:shadow-[0_1px_3px_0_rgb(0_0_0/0.3),0_1px_2px_-1px_rgb(0_0_0/0.2)] transition-all hover:shadow-lg hover:scale-[1.01]" data-testid="space-card-b02dd26b-563f-43cc-88e0-6110898e7054"><div class="p-5"><div class="flex items-start gap-3 mb-4"><div class="w-11 h-11 flex items-center justify-center bg-[rgb(var(--surface))] rounded-lg text-2xl border border-[rgb(var(--border-subtle))] flex-shrink-0">1∩╕ÅΓâú</div><div class="flex-1 min-w-0"><h3 class="font-semibold text-base truncate">Test Space 1</h3><p class="text-sm text-[rgb(var(--muted))] line-clamp-1">No description</p></div><div class="flex gap-1 flex-shrink-0"><button class="p-1.5 text-[rgb(var(--muted))] hover:text-red-500 hover:bg-red-50 dark:hover:bg-red-900/20 rounded-lg transition-colors disabled:opacity-50 disabled:cursor-not-allowed" title="Delete Space" data-testid="delete-space-b02dd26b-563f-43cc-88e0-6110898e7054"><svg xmlns="http://www.w3.org/2000/svg" width="24" height="24" viewBox="0 0 24 24" fill="none" stroke="currentColor" stroke-width="2" stroke-linecap="round" stroke-linejoin="round" class="lucide lucide-trash2 lucide-trash-2 h-4 w-4" aria-hidden="true"><path d="M10 11v6"></path><path d="M14 11v6"></path><path d="M19 6v14a2 2 0 0 1-2 2H7a2 2 0 0 1-2-2V6"></path><path d="M3 6h18"></path><path d="M8 6V4a2 2 0 0 1 2-2h4a2 2 0 0 1 2 2v2"></path></svg></button></div></div><div class="flex items-center justify-end pt-3 border-t border-[rgb(var(--border-subtle))]"><button class="inline-flex items-center justify-center gap-2 rounded-lg font-medium transition-all duration-150 ease-out focus-visible:outline-none focus-visible:ring-2 focus-visible:ring-[rgb(var(--primary))] focus-visible:ring-offset-2 disabled:pointer-events-none disabled:opacity-50 active:scale-[0.98] bg-[rgb(var(--surface-active))] text-[rgb(var(--foreground))] hover:bg-[rgb(var(--surface-hover))] border border-[rgb(var(--border))] h-8 px-3 text-sm" data-testid="set-active-space-b02dd26b-563f-43cc-88e0-6110898e7054">Set Active</button></div></div></div><div class="rounded-xl border border-[rgb(var(--border-subtle))] bg-[rgb(var(--card))] p-6 shadow-[0_1px_3px_0_rgb(0_0_0/0.1),0_1px_2px_-1px_rgb(0_0_0/0.1)] dark:shadow-[0_1px_3px_0_rgb(0_0_0/0.3),0_1px_2px_-1px_rgb(0_0_0/0.2)] transition-all hover:shadow-lg hover:scale-[1.01]" data-testid="space-card-4ef8290d-4ef9-4a6e-863f-f0f3ce75fa98"><div class="p-5"><div class="flex items-start gap-3 mb-4"><div class="w-11 h-11 flex items-center justify-center bg-[rgb(var(--surface))] rounded-lg text-2xl border border-[rgb(var(--border-subtle))] flex-shrink-0">1∩╕ÅΓâú</div><div class="flex-1 min-w-0"><h3 class="font-semibold text-base truncate">Test Space 1</h3><p class="text-sm text-[rgb(var(--muted))] line-clamp-1">No description</p></div><div class="flex gap-1 flex-shrink-0"><button class="p-1.5 text-[rgb(var(--muted))] hover:text-red-500 hover:bg-red-50 dark:hover:bg-red-900/20 rounded-lg transition-colors disabled:opacity-50 disabled:cursor-not-allowed" title="Delete Space" data-testid="delete-space-4ef8290d-4ef9-4a6e-863f-f0f3ce75fa98"><svg xmlns="http://www.w3.org/2000/svg" width="24" height="24" viewBox="0 0 24 24" fill="none" stroke="currentColor" stroke-width="2" stroke-linecap="round" stroke-linejoin="round" class="lucide lucide-trash2 lucide-trash-2 h-4 w-4" aria-hidden="true"><path d="M10 11v6"></path><path d="M14 11v6"></path><path d="M19 6v14a2 2 0 0 1-2 2H7a2 2 0 0 1-2-2V6"></path><path d="M3 6h18"></path><path d="M8 6V4a2 2 0 0 1 2-2h4a2 2 0 0 1 2 2v2"></path></svg></button></div></div><div class="flex items-center justify-end pt-3 border-t border-[rgb(var(--border-subtle))]"><button class="inline-flex items-center justify-center gap-2 rounded-lg font-medium transition-all duration-150 ease-out focus-visible:outline-none focus-visible:ring-2 focus-visible:ring-[rgb(var(--primary))] focus-visible:ring-offset-2 disabled:pointer-events-none disabled:opacity-50 active:scale-[0.98] bg-[rgb(var(--surface-active))] text-[rgb(var(--foreground))] hover:bg-[rgb(var(--surface-hover))] border border-[rgb(var(--border))] h-8 px-3 text-sm" data-testid="set-active-space-4ef8290d-4ef9-4a6e-863f-f0f3ce75fa98">Set Active</button></div></div></div><div class="rounded-xl border border-[rgb(var(--border-subtle))] bg-[rgb(var(--card))] p-6 shadow-[0_1px_3px_0_rgb(0_0_0/0.1),0_1px_2px_-1px_rgb(0_0_0/0.1)] dark:shadow-[0_1px_3px_0_rgb(0_0_0/0.3),0_1px_2px_-1px_rgb(0_0_0/0.2)] transition-all hover:shadow-lg hover:scale-[1.01]" data-testid="space-card-d9728827-beb5-4329-b651-06894787b0fb"><div class="p-5"><div class="flex items-start gap-3 mb-4"><div class="w-11 h-11 flex items-center justify-center bg-[rgb(var(--surface))] rounded-lg text-2xl border border-[rgb(var(--border-subtle))] flex-shrink-0">1∩╕ÅΓâú</div><div class="flex-1 min-w-0"><h3 class="font-semibold text-base truncate">Test Space 1</h3><p class="text-sm text-[rgb(var(--muted))] line-clamp-1">No description</p></div><div class="flex gap-1 flex-shrink-0"><button class="p-1.5 text-[rgb(var(--muted))] hover:text-red-500 hover:bg-red-50 dark:hover:bg-red-900/20 rounded-lg transition-colors disabled:opacity-50 disabled:cursor-not-allowed" title="Delete Space" data-testid="delete-space-d9728827-beb5-4329-b651-06894787b0fb"><svg xmlns="http://www.w3.org/2000/svg" width="24" height="24" viewBox="0 0 24 24" fill="none" stroke="currentColor" stroke-width="2" stroke-linecap="round" stroke-linejoin="round" class="lucide lucide-trash2 lucide-trash-2 h-4 w-4" aria-hidden="true"><path d="M10 11v6"></path><path d="M14 11v6"></path><path d="M19 6v14a2 2 0 0 1-2 2H7a2 2 0 0 1-2-2V6"></path><path d="M3 6h18"></path><path d="M8 6V4a2 2 0 0 1 2-2h4a2 2 0 0 1 2 2v2"></path></svg></button></div></div><div class="flex items-center justify-end pt-3 border-t border-[rgb(var(--border-subtle))]"><button class="inline-flex items-center justify-center gap-2 rounded-lg font-medium transition-all duration-150 ease-out focus-visible:outline-none focus-visible:ring-2 focus-visible:ring-[rgb(var(--primary))] focus-visible:ring-offset-2 disabled:pointer-events-none disabled:opacity-50 active:scale-[0.98] bg-[rgb(var(--surface-active))] text-[rgb(var(--foreground))] hover:bg-[rgb(var(--surface-hover))] border border-[rgb(var(--border))] h-8 px-3 text-sm" data-testid="set-active-space-d9728827-beb5-4329-b651-06894787b0fb">Set Active</button></div></div></div><div class="rounded-xl border border-[rgb(var(--border-subtle))] bg-[rgb(var(--card))] p-6 shadow-[0_1px_3px_0_rgb(0_0_0/0.1),0_1px_2px_-1px_rgb(0_0_0/0.1)] dark:shadow-[0_1px_3px_0_rgb(0_0_0/0.3),0_1px_2px_-1px_rgb(0_0_0/0.2)] transition-all hover:shadow-lg hover:scale-[1.01]" data-testid="space-card-0341aa79-93c8-454c-8b0f-ddd1a5d7b99f"><div class="p-5"><div class="flex items-start gap-3 mb-4"><div class="w-11 h-11 flex items-center justify-center bg-[rgb(var(--surface))] rounded-lg text-2xl border border-[rgb(var(--border-subtle))] flex-shrink-0">1∩╕ÅΓâú</div><div class="flex-1 min-w-0"><h3 class="font-semibold text-base truncate">Test Space 1</h3><p class="text-sm text-[rgb(var(--muted))] line-clamp-1">No description</p></div><div class="flex gap-1 flex-shrink-0"><button class="p-1.5 text-[rgb(var(--muted))] hover:text-red-500 hover:bg-red-50 dark:hover:bg-red-900/20 rounded-lg transition-colors disabled:opacity-50 disabled:cursor-not-allowed" title="Delete Space" data-testid="delete-space-0341aa79-93c8-454c-8b0f-ddd1a5d7b99f"><svg xmlns="http://www.w3.org/2000/svg" width="24" height="24" viewBox="0 0 24 24" fill="none" stroke="currentColor" stroke-width="2" stroke-linecap="round" stroke-linejoin="round" class="lucide lucide-trash2 lucide-trash-2 h-4 w-4" aria-hidden="true"><path d="M10 11v6"></path><path d="M14 11v6"></path><path d="M19 6v14a2 2 0 0 1-2 2H7a2 2 0 0 1-2-2V6"></path><path d="M3 6h18"></path><path d="M8 6V4a2 2 0 0 1 2-2h4a2 2 0 0 1 2 2v2"></path></svg></button></div></div><div class="flex items-center justify-end pt-3 border-t border-[rgb(var(--border-subtle))]"><button class="inline-flex items-center justify-center gap-2 rounded-lg font-medium transition-all duration-150 ease-out focus-visible:outline-none focus-visible:ring-2 focus-visible:ring-[rgb(var(--primary))] focus-visible:ring-offset-2 disabled:pointer-events-none disabled:opacity-50 active:scale-[0.98] bg-[rgb(var(--surface-active))] text-[rgb(var(--foreground))] hover:bg-[rgb(var(--surface-hover))] border border-[rgb(var(--border))] h-8 px-3 text-sm" data-testid="set-active-space-0341aa79-93c8-454c-8b0f-ddd1a5d7b99f">Set Active</button></div></div></div><div class="rounded-xl border border-[rgb(var(--border-subtle))] bg-[rgb(var(--card))] p-6 shadow-[0_1px_3px_0_rgb(0_0_0/0.1),0_1px_2px_-1px_rgb(0_0_0/0.1)] dark:shadow-[0_1px_3px_0_rgb(0_0_0/0.3),0_1px_2px_-1px_rgb(0_0_0/0.2)] transition-all hover:shadow-lg hover:scale-[1.01]" data-testid="space-card-c805c706-b6ed-492c-98a9-0fef9f78ae61"><div class="p-5"><div class="flex items-start gap-3 mb-4"><div class="w-11 h-11 flex items-center justify-center bg-[rgb(var(--surface))] rounded-lg text-2xl border border-[rgb(var(--border-subtle))] flex-shrink-0">1∩╕ÅΓâú</div><div class="flex-1 min-w-0"><h3 class="font-semibold text-base truncate">Test Space 1</h3><p class="text-sm text-[rgb(var(--muted))] line-clamp-1">No description</p></div><div class="flex gap-1 flex-shrink-0"><button class="p-1.5 text-[rgb(var(--muted))] hover:text-red-500 hover:bg-red-50 dark:hover:bg-red-900/20 rounded-lg transition-colors disabled:opacity-50 disabled:cursor-not-allowed" title="Delete Space" data-testid="delete-space-c805c706-b6ed-492c-98a9-0fef9f78ae61"><svg xmlns="http://www.w3.org/2000/svg" width="24" height="24" viewBox="0 0 24 24" fill="none" stroke="currentColor" stroke-width="2" stroke-linecap="round" stroke-linejoin="round" class="lucide lucide-trash2 lucide-trash-2 h-4 w-4" aria-hidden="true"><path d="M10 11v6"></path><path d="M14 11v6"></path><path d="M19 6v14a2 2 0 0 1-2 2H7a2 2 0 0 1-2-2V6"></path><path d="M3 6h18"></path><path d="M8 6V4a2 2 0 0 1 2-2h4a2 2 0 0 1 2 2v2"></path></svg></button></div></div><div class="flex items-center justify-end pt-3 border-t border-[rgb(var(--border-subtle))]"><button class="inline-flex items-center justify-center gap-2 rounded-lg font-medium transition-all duration-150 ease-out focus-visible:outline-none focus-visible:ring-2 focus-visible:ring-[rgb(var(--primary))] focus-visible:ring-offset-2 disabled:pointer-events-none disabled:opacity-50 active:scale-[0.98] bg-[rgb(var(--surface-active))] text-[rgb(var(--foreground))] hover:bg-[rgb(var(--surface-hover))] border border-[rgb(var(--border))] h-8 px-3 text-sm" data-testid="set-active-space-c805c706-b6ed-492c-98a9-0fef9f78ae61">Set Active</button></div></div></div><div class="rounded-xl border border-[rgb(var(--border-subtle))] bg-[rgb(var(--card))] p-6 shadow-[0_1px_3px_0_rgb(0_0_0/0.1),0_1px_2px_-1px_rgb(0_0_0/0.1)] dark:shadow-[0_1px_3px_0_rgb(0_0_0/0.3),0_1px_2px_-1px_rgb(0_0_0/0.2)] transition-all hover:shadow-lg hover:scale-[1.01]" data-testid="space-card-efa6aa33-d676-474d-9f7c-97fd139be29c"><div class="p-5"><div class="flex items-start gap-3 mb-4"><div class="w-11 h-11 flex items-center justify-center bg-[rgb(var(--surface))] rounded-lg text-2xl border border-[rgb(var(--border-subtle))] flex-shrink-0">1∩╕ÅΓâú</div><div class="flex-1 min-w-0"><h3 class="font-semibold text-base truncate">Test Space 1</h3><p class="text-sm text-[rgb(var(--muted))] line-clamp-1">No description</p></div><div class="flex gap-1 flex-shrink-0"><button class="p-1.5 text-[rgb(var(--muted))] hover:text-red-500 hover:bg-red-50 dark:hover:bg-red-900/20 rounded-lg transition-colors disabled:opacity-50 disabled:cursor-not-allowed" title="Delete Space" data-testid="delete-space-efa6aa33-d676-474d-9f7c-97fd139be29c"><svg xmlns="http://www.w3.org/2000/svg" width="24" height="24" viewBox="0 0 24 24" fill="none" stroke="currentColor" stroke-width="2" stroke-linecap="round" stroke-linejoin="round" class="lucide lucide-trash2 lucide-trash-2 h-4 w-4" aria-hidden="true"><path d="M10 11v6"></path><path d="M14 11v6"></path><path d="M19 6v14a2 2 0 0 1-2 2H7a2 2 0 0 1-2-2V6"></path><path d="M3 6h18"></path><path d="M8 6V4a2 2 0 0 1 2-2h4a2 2 0 0 1 2 2v2"></path></svg></button></div></div><div class="flex items-center justify-end pt-3 border-t border-[rgb(var(--border-subtle))]"><button class="inline-flex items-center justify-center gap-2 rounded-lg font-medium transition-all duration-150 ease-out focus-visible:outline-none focus-visible:ring-2 focus-visible:ring-[rgb(var(--primary))] focus-visible:ring-offset-2 disabled:pointer-events-none disabled:opacity-50 active:scale-[0.98] bg-[rgb(var(--surface-active))] text-[rgb(var(--foreground))] hover:bg-[rgb(var(--surface-hover))] border border-[rgb(var(--border))] h-8 px-3 text-sm" data-testid="set-active-space-efa6aa33-d676-474d-9f7c-97fd139be29c">Set Active</button></div></div></div><div class="rounded-xl border border-[rgb(var(--border-subtle))] bg-[rgb(var(--card))] p-6 shadow-[0_1px_3px_0_rgb(0_0_0/0.1),0_1px_2px_-1px_rgb(0_0_0/0.1)] dark:shadow-[0_1px_3px_0_rgb(0_0_0/0.3),0_1px_2px_-1px_rgb(0_0_0/0.2)] transition-all hover:shadow-lg hover:scale-[1.01]" data-testid="space-card-91413128-b8bf-44c0-9d61-6fe01c6668b6"><div class="p-5"><div class="flex items-start gap-3 mb-4"><div class="w-11 h-11 flex items-center justify-center bg-[rgb(var(--surface))] rounded-lg text-2xl border border-[rgb(var(--border-subtle))] flex-shrink-0">1∩╕ÅΓâú</div><div class="flex-1 min-w-0"><h3 class="font-semibold text-base truncate">Test Space 1</h3><p class="text-sm text-[rgb(var(--muted))] line-clamp-1">No description</p></div><div class="flex gap-1 flex-shrink-0"><button class="p-1.5 text-[rgb(var(--muted))] hover:text-red-500 hover:bg-red-50 dark:hover:bg-red-900/20 rounded-lg transition-colors disabled:opacity-50 disabled:cursor-not-allowed" title="Delete Space" data-testid="delete-space-91413128-b8bf-44c0-9d61-6fe01c6668b6"><svg xmlns="http://www.w3.org/2000/svg" width="24" height="24" viewBox="0 0 24 24" fill="none" stroke="currentColor" stroke-width="2" stroke-linecap="round" stroke-linejoin="round" class="lucide lucide-trash2 lucide-trash-2 h-4 w-4" aria-hidden="true"><path d="M10 11v6"></path><path d="M14 11v6"></path><path d="M19 6v14a2 2 0 0 1-2 2H7a2 2 0 0 1-2-2V6"></path><path d="M3 6h18"></path><path d="M8 6V4a2 2 0 0 1 2-2h4a2 2 0 0 1 2 2v2"></path></svg></button></div></div><div class="flex items-center justify-end pt-3 border-t border-[rgb(var(--border-subtle))]"><button class="inline-flex items-center justify-center gap-2 rounded-lg font-medium transition-all duration-150 ease-out focus-visible:outline-none focus-visible:ring-2 focus-visible:ring-[rgb(var(--primary))] focus-visible:ring-offset-2 disabled:pointer-events-none disabled:opacity-50 active:scale-[0.98] bg-[rgb(var(--surface-active))] text-[rgb(var(--foreground))] hover:bg-[rgb(var(--surface-hover))] border border-[rgb(var(--border))] h-8 px-3 text-sm" data-testid="set-active-space-91413128-b8bf-44c0-9d61-6fe01c6668b6">Set Active</button></div></div></div><div class="rounded-xl border border-[rgb(var(--border-subtle))] bg-[rgb(var(--card))] p-6 shadow-[0_1px_3px_0_rgb(0_0_0/0.1),0_1px_2px_-1px_rgb(0_0_0/0.1)] dark:shadow-[0_1px_3px_0_rgb(0_0_0/0.3),0_1px_2px_-1px_rgb(0_0_0/0.2)] transition-all hover:shadow-lg hover:scale-[1.01]" data-testid="space-card-a7ea4779-a053-4f9b-9a51-26307233ed0f"><div class="p-5"><div class="flex items-start gap-3 mb-4"><div class="w-11 h-11 flex items-center justify-center bg-[rgb(var(--surface))] rounded-lg text-2xl border border-[rgb(var(--border-subtle))] flex-shrink-0">1∩╕ÅΓâú</div><div class="flex-1 min-w-0"><h3 class="font-semibold text-base truncate">Test Space 1</h3><p class="text-sm text-[rgb(var(--muted))] line-clamp-1">No description</p></div><div class="flex gap-1 flex-shrink-0"><button class="p-1.5 text-[rgb(var(--muted))] hover:text-red-500 hover:bg-red-50 dark:hover:bg-red-900/20 rounded-lg transition-colors disabled:opacity-50 disabled:cursor-not-allowed" title="Delete Space" data-testid="delete-space-a7ea4779-a053-4f9b-9a51-26307233ed0f"><svg xmlns="http://www.w3.org/2000/svg" width="24" height="24" viewBox="0 0 24 24" fill="none" stroke="currentColor" stroke-width="2" stroke-linecap="round" stroke-linejoin="round" class="lucide lucide-trash2 lucide-trash-2 h-4 w-4" aria-hidden="true"><path d="M10 11v6"></path><path d="M14 11v6"></path><path d="M19 6v14a2 2 0 0 1-2 2H7a2 2 0 0 1-2-2V6"></path><path d="M3 6h18"></path><path d="M8 6V4a2 2 0 0 1 2-2h4a2 2 0 0 1 2 2v2"></path></svg></button></div></div><div class="flex items-center justify-end pt-3 border-t border-[rgb(var(--border-subtle))]"><button class="inline-flex items-center justify-center gap-2 rounded-lg font-medium transition-all duration-150 ease-out focus-visible:outline-none focus-visible:ring-2 focus-visible:ring-[rgb(var(--primary))] focus-visible:ring-offset-2 disabled:pointer-events-none disabled:opacity-50 active:scale-[0.98] bg-[rgb(var(--surface-active))] text-[rgb(var(--foreground))] hover:bg-[rgb(var(--surface-hover))] border border-[rgb(var(--border))] h-8 px-3 text-sm" data-testid="set-active-space-a7ea4779-a053-4f9b-9a51-26307233ed0f">Set Active</button></div></div></div><div class="rounded-xl border border-[rgb(var(--border-subtle))] bg-[rgb(var(--card))] p-6 shadow-[0_1px_3px_0_rgb(0_0_0/0.1),0_1px_2px_-1px_rgb(0_0_0/0.1)] dark:shadow-[0_1px_3px_0_rgb(0_0_0/0.3),0_1px_2px_-1px_rgb(0_0_0/0.2)] transition-all hover:shadow-lg hover:scale-[1.01]" data-testid="space-card-318e64c0-e3c6-410f-910a-ccf8e1f7a1cd"><div class="p-5"><div class="flex items-start gap-3 mb-4"><div class="w-11 h-11 flex items-center justify-center bg-[rgb(var(--surface))] rounded-lg text-2xl border border-[rgb(var(--border-subtle))] flex-shrink-0">1∩╕ÅΓâú</div><div class="flex-1 min-w-0"><h3 class="font-semibold text-base truncate">Test Space 1</h3><p class="text-sm text-[rgb(var(--muted))] line-clamp-1">No description</p></div><div class="flex gap-1 flex-shrink-0"><button class="p-1.5 text-[rgb(var(--muted))] hover:text-red-500 hover:bg-red-50 dark:hover:bg-red-900/20 rounded-lg transition-colors disabled:opacity-50 disabled:cursor-not-allowed" title="Delete Space" data-testid="delete-space-318e64c0-e3c6-410f-910a-ccf8e1f7a1cd"><svg xmlns="http://www.w3.org/2000/svg" width="24" height="24" viewBox="0 0 24 24" fill="none" stroke="currentColor" stroke-width="2" stroke-linecap="round" stroke-linejoin="round" class="lucide lucide-trash2 lucide-trash-2 h-4 w-4" aria-hidden="true"><path d="M10 11v6"></path><path d="M14 11v6"></path><path d="M19 6v14a2 2 0 0 1-2 2H7a2 2 0 0 1-2-2V6"></path><path d="M3 6h18"></path><path d="M8 6V4a2 2 0 0 1 2-2h4a2 2 0 0 1 2 2v2"></path></svg></button></div></div><div class="flex items-center justify-end pt-3 border-t border-[rgb(var(--border-subtle))]"><button class="inline-flex items-center justify-center gap-2 rounded-lg font-medium transition-all duration-150 ease-out focus-visible:outline-none focus-visible:ring-2 focus-visible:ring-[rgb(var(--primary))] focus-visible:ring-offset-2 disabled:pointer-events-none disabled:opacity-50 active:scale-[0.98] bg-[rgb(var(--surface-active))] text-[rgb(var(--foreground))] hover:bg-[rgb(var(--surface-hover))] border border-[rgb(var(--border))] h-8 px-3 text-sm" data-testid="set-active-space-318e64c0-e3c6-410f-910a-ccf8e1f7a1cd">Set Active</button></div></div></div><div class="rounded-xl border border-[rgb(var(--border-subtle))] bg-[rgb(var(--card))] p-6 shadow-[0_1px_3px_0_rgb(0_0_0/0.1),0_1px_2px_-1px_rgb(0_0_0/0.1)] dark:shadow-[0_1px_3px_0_rgb(0_0_0/0.3),0_1px_2px_-1px_rgb(0_0_0/0.2)] transition-all hover:shadow-lg hover:scale-[1.01]" data-testid="space-card-4302713f-7ee0-4c1b-9c09-a95f09fe472e"><div class="p-5"><div class="flex items-start gap-3 mb-4"><div class="w-11 h-11 flex items-center justify-center bg-[rgb(var(--surface))] rounded-lg text-2xl border border-[rgb(var(--border-subtle))] flex-shrink-0">1∩╕ÅΓâú</div><div class="flex-1 min-w-0"><h3 class="font-semibold text-base truncate">Test Space 1</h3><p class="text-sm text-[rgb(var(--muted))] line-clamp-1">No description</p></div><div class="flex gap-1 flex-shrink-0"><button class="p-1.5 text-[rgb(var(--muted))] hover:text-red-500 hover:bg-red-50 dark:hover:bg-red-900/20 rounded-lg transition-colors disabled:opacity-50 disabled:cursor-not-allowed" title="Delete Space" data-testid="delete-space-4302713f-7ee0-4c1b-9c09-a95f09fe472e"><svg xmlns="http://www.w3.org/2000/svg" width="24" height="24" viewBox="0 0 24 24" fill="none" stroke="currentColor" stroke-width="2" stroke-linecap="round" stroke-linejoin="round" class="lucide lucide-trash2 lucide-trash-2 h-4 w-4" aria-hidden="true"><path d="M10 11v6"></path><path d="M14 11v6"></path><path d="M19 6v14a2 2 0 0 1-2 2H7a2 2 0 0 1-2-2V6"></path><path d="M3 6h18"></path><path d="M8 6V4a2 2 0 0 1 2-2h4a2 2 0 0 1 2 2v2"></path></svg></button></div></div><div class="flex items-center justify-end pt-3 border-t border-[rgb(var(--border-subtle))]"><button class="inline-flex items-center justify-center gap-2 rounded-lg font-medium transition-all duration-150 ease-out focus-visible:outline-none focus-visible:ring-2 focus-visible:ring-[rgb(var(--primary))] focus-visible:ring-offset-2 disabled:pointer-events-none disabled:opacity-50 active:scale-[0.98] bg-[rgb(var(--surface-active))] text-[rgb(var(--foreground))] hover:bg-[rgb(var(--surface-hover))] border border-[rgb(var(--border))] h-8 px-3 text-sm" data-testid="set-active-space-4302713f-7ee0-4c1b-9c09-a95f09fe472e">Set Active</button></div></div></div><div class="rounded-xl border border-[rgb(var(--border-subtle))] bg-[rgb(var(--card))] p-6 shadow-[0_1px_3px_0_rgb(0_0_0/0.1),0_1px_2px_-1px_rgb(0_0_0/0.1)] dark:shadow-[0_1px_3px_0_rgb(0_0_0/0.3),0_1px_2px_-1px_rgb(0_0_0/0.2)] transition-all hover:shadow-lg hover:scale-[1.01]" data-testid="space-card-12637fbd-9d3d-4c4e-8375-87ad86834f81"><div class="p-5"><div class="flex items-start gap-3 mb-4"><div class="w-11 h-11 flex items-center justify-center bg-[rgb(var(--surface))] rounded-lg text-2xl border border-[rgb(var(--border-subtle))] flex-shrink-0">1∩╕ÅΓâú</div><div class="flex-1 min-w-0"><h3 class="font-semibold text-base truncate">Test Space 1</h3><p class="text-sm text-[rgb(var(--muted))] line-clamp-1">No description</p></div><div class="flex gap-1 flex-shrink-0"><button class="p-1.5 text-[rgb(var(--muted))] hover:text-red-500 hover:bg-red-50 dark:hover:bg-red-900/20 rounded-lg transition-colors disabled:opacity-50 disabled:cursor-not-allowed" title="Delete Space" data-testid="delete-space-12637fbd-9d3d-4c4e-8375-87ad86834f81"><svg xmlns="http://www.w3.org/2000/svg" width="24" height="24" viewBox="0 0 24 24" fill="none" stroke="currentColor" stroke-width="2" stroke-linecap="round" stroke-linejoin="round" class="lucide lucide-trash2 lucide-trash-2 h-4 w-4" aria-hidden="true"><path d="M10 11v6"></path><path d="M14 11v6"></path><path d="M19 6v14a2 2 0 0 1-2 2H7a2 2 0 0 1-2-2V6"></path><path d="M3 6h18"></path><path d="M8 6V4a2 2 0 0 1 2-2h4a2 2 0 0 1 2 2v2"></path></svg></button></div></div><div class="flex items-center justify-end pt-3 border-t border-[rgb(var(--border-subtle))]"><button class="inline-flex items-center justify-center gap-2 rounded-lg font-medium transition-all duration-150 ease-out focus-visible:outline-none focus-visible:ring-2 focus-visible:ring-[rgb(var(--primary))] focus-visible:ring-offset-2 disabled:pointer-events-none disabled:opacity-50 active:scale-[0.98] bg-[rgb(var(--surface-active))] text-[rgb(var(--foreground))] hover:bg-[rgb(var(--surface-hover))] border border-[rgb(var(--border))] h-8 px-3 text-sm" data-testid="set-active-space-12637fbd-9d3d-4c4e-8375-87ad86834f81">Set Active</button></div></div></div><div class="rounded-xl border border-[rgb(var(--border-subtle))] bg-[rgb(var(--card))] p-6 shadow-[0_1px_3px_0_rgb(0_0_0/0.1),0_1px_2px_-1px_rgb(0_0_0/0.1)] dark:shadow-[0_1px_3px_0_rgb(0_0_0/0.3),0_1px_2px_-1px_rgb(0_0_0/0.2)] transition-all hover:shadow-lg hover:scale-[1.01]" data-testid="space-card-f09c472d-41e0-4c96-bffd-384329776a8d"><div class="p-5"><div class="flex items-start gap-3 mb-4"><div class="w-11 h-11 flex items-center justify-center bg-[rgb(var(--surface))] rounded-lg text-2xl border border-[rgb(var(--border-subtle))] flex-shrink-0">≡ƒîÉ</div><div class="flex-1 min-w-0"><h3 class="font-semibold text-base truncate">Test Space E2E</h3><p class="text-sm text-[rgb(var(--muted))] line-clamp-1">No description</p></div><div class="flex gap-1 flex-shrink-0"><button class="p-1.5 text-[rgb(var(--muted))] hover:text-red-500 hover:bg-red-50 dark:hover:bg-red-900/20 rounded-lg transition-colors disabled:opacity-50 disabled:cursor-not-allowed" title="Delete Space" data-testid="delete-space-f09c472d-41e0-4c96-bffd-384329776a8d"><svg xmlns="http://www.w3.org/2000/svg" width="24" height="24" viewBox="0 0 24 24" fill="none" stroke="currentColor" stroke-width="2" stroke-linecap="round" stroke-linejoin="round" class="lucide lucide-trash2 lucide-trash-2 h-4 w-4" aria-hidden="true"><path d="M10 11v6"></path><path d="M14 11v6"></path><path d="M19 6v14a2 2 0 0 1-2 2H7a2 2 0 0 1-2-2V6"></path><path d="M3 6h18"></path><path d="M8 6V4a2 2 0 0 1 2-2h4a2 2 0 0 1 2 2v2"></path></svg></button></div></div><div class="flex items-center justify-end pt-3 border-t border-[rgb(var(--border-subtle))]"><button class="inline-flex items-center justify-center gap-2 rounded-lg font-medium transition-all duration-150 ease-out focus-visible:outline-none focus-visible:ring-2 focus-visible:ring-[rgb(var(--primary))] focus-visible:ring-offset-2 disabled:pointer-events-none disabled:opacity-50 active:scale-[0.98] bg-[rgb(var(--surface-active))] text-[rgb(var(--foreground))] hover:bg-[rgb(var(--surface-hover))] border border-[rgb(var(--border))] h-8 px-3 text-sm" data-testid="set-active-space-f09c472d-41e0-4c96-bffd-384329776a8d">Set Active</button></div></div></div><div class="rounded-xl border border-[rgb(var(--border-subtle))] bg-[rgb(var(--card))] p-6 shadow-[0_1px_3px_0_rgb(0_0_0/0.1),0_1px_2px_-1px_rgb(0_0_0/0.1)] dark:shadow-[0_1px_3px_0_rgb(0_0_0/0.3),0_1px_2px_-1px_rgb(0_0_0/0.2)] transition-all hover:shadow-lg hover:scale-[1.01]" data-testid="space-card-a2fc6f31-12a8-43a7-9b9b-5a2d38d33b7f"><div class="p-5"><div class="flex items-start gap-3 mb-4"><div class="w-11 h-11 flex items-center justify-center bg-[rgb(var(--surface))] rounded-lg text-2xl border border-[rgb(var(--border-subtle))] flex-shrink-0">≡ƒîÉ</div><div class="flex-1 min-w-0"><h3 class="font-semibold text-base truncate">Test Space E2E</h3><p class="text-sm text-[rgb(var(--muted))] line-clamp-1">No description</p></div><div class="flex gap-1 flex-shrink-0"><button class="p-1.5 text-[rgb(var(--muted))] hover:text-red-500 hover:bg-red-50 dark:hover:bg-red-900/20 rounded-lg transition-colors disabled:opacity-50 disabled:cursor-not-allowed" title="Delete Space" data-testid="delete-space-a2fc6f31-12a8-43a7-9b9b-5a2d38d33b7f"><svg xmlns="http://www.w3.org/2000/svg" width="24" height="24" viewBox="0 0 24 24" fill="none" stroke="currentColor" stroke-width="2" stroke-linecap="round" stroke-linejoin="round" class="lucide lucide-trash2 lucide-trash-2 h-4 w-4" aria-hidden="true"><path d="M10 11v6"></path><path d="M14 11v6"></path><path d="M19 6v14a2 2 0 0 1-2 2H7a2 2 0 0 1-2-2V6"></path><path d="M3 6h18"></path><path d="M8 6V4a2 2 0 0 1 2-2h4a2 2 0 0 1 2 2v2"></path></svg></button></div></div><div class="flex items-center justify-end pt-3 border-t border-[rgb(var(--border-subtle))]"><button class="inline-flex items-center justify-center gap-2 rounded-lg font-medium transition-all duration-150 ease-out focus-visible:outline-none focus-visible:ring-2 focus-visible:ring-[rgb(var(--primary))] focus-visible:ring-offset-2 disabled:pointer-events-none disabled:opacity-50 active:scale-[0.98] bg-[rgb(var(--surface-active))] text-[rgb(var(--foreground))] hover:bg-[rgb(var(--surface-hover))] border border-[rgb(var(--border))] h-8 px-3 text-sm" data-testid="set-active-space-a2fc6f31-12a8-43a7-9b9b-5a2d38d33b7f">Set Active</button></div></div></div><div class="rounded-xl border border-[rgb(var(--border-subtle))] bg-[rgb(var(--card))] p-6 shadow-[0_1px_3px_0_rgb(0_0_0/0.1),0_1px_2px_-1px_rgb(0_0_0/0.1)] dark:shadow-[0_1px_3px_0_rgb(0_0_0/0.3),0_1px_2px_-1px_rgb(0_0_0/0.2)] transition-all hover:shadow-lg hover:scale-[1.01]" data-testid="space-card-d00471cf-48e2-4f27-aa46-5a86b5bff301"><div class="p-5"><div class="flex items-start gap-3 mb-4"><div class="w-11 h-11 flex items-center justify-center bg-[rgb(var(--surface))] rounded-lg text-2xl border border-[rgb(var(--border-subtle))] flex-shrink-0">≡ƒîÉ</div><div class="flex-1 min-w-0"><h3 class="font-semibold text-base truncate">Test Space E2E</h3><p class="text-sm text-[rgb(var(--muted))] line-clamp-1">No description</p></div><div class="flex gap-1 flex-shrink-0"><button class="p-1.5 text-[rgb(var(--muted))] hover:text-red-500 hover:bg-red-50 dark:hover:bg-red-900/20 rounded-lg transition-colors disabled:opacity-50 disabled:cursor-not-allowed" title="Delete Space" data-testid="delete-space-d00471cf-48e2-4f27-aa46-5a86b5bff301"><svg xmlns="http://www.w3.org/2000/svg" width="24" height="24" viewBox="0 0 24 24" fill="none" stroke="currentColor" stroke-width="2" stroke-linecap="round" stroke-linejoin="round" class="lucide lucide-trash2 lucide-trash-2 h-4 w-4" aria-hidden="true"><path d="M10 11v6"></path><path d="M14 11v6"></path><path d="M19 6v14a2 2 0 0 1-2 2H7a2 2 0 0 1-2-2V6"></path><path d="M3 6h18"></path><path d="M8 6V4a2 2 0 0 1 2-2h4a2 2 0 0 1 2 2v2"></path></svg></button></div></div><div class="flex items-center justify-end pt-3 border-t border-[rgb(var(--border-subtle))]"><button class="inline-flex items-center justify-center gap-2 rounded-lg font-medium transition-all duration-150 ease-out focus-visible:outline-none focus-visible:ring-2 focus-visible:ring-[rgb(var(--primary))] focus-visible:ring-offset-2 disabled:pointer-events-none disabled:opacity-50 active:scale-[0.98] bg-[rgb(var(--surface-active))] text-[rgb(var(--foreground))] hover:bg-[rgb(var(--surface-hover))] border border-[rgb(var(--border))] h-8 px-3 text-sm" data-testid="set-active-space-d00471cf-48e2-4f27-aa46-5a86b5bff301">Set Active</button></div></div></div><div class="rounded-xl border border-[rgb(var(--border-subtle))] bg-[rgb(var(--card))] p-6 shadow-[0_1px_3px_0_rgb(0_0_0/0.1),0_1px_2px_-1px_rgb(0_0_0/0.1)] dark:shadow-[0_1px_3px_0_rgb(0_0_0/0.3),0_1px_2px_-1px_rgb(0_0_0/0.2)] transition-all hover:shadow-lg hover:scale-[1.01]" data-testid="space-card-c9e2dbe8-3b84-4e85-ae51-508ffad5b95a"><div class="p-5"><div class="flex items-start gap-3 mb-4"><div class="w-11 h-11 flex items-center justify-center bg-[rgb(var(--surface))] rounded-lg text-2xl border border-[rgb(var(--border-subtle))] flex-shrink-0">≡ƒîÉ</div><div class="flex-1 min-w-0"><h3 class="font-semibold text-base truncate">Test Space E2E</h3><p class="text-sm text-[rgb(var(--muted))] line-clamp-1">No description</p></div><div class="flex gap-1 flex-shrink-0"><button class="p-1.5 text-[rgb(var(--muted))] hover:text-red-500 hover:bg-red-50 dark:hover:bg-red-900/20 rounded-lg transition-colors disabled:opacity-50 disabled:cursor-not-allowed" title="Delete Space" data-testid="delete-space-c9e2dbe8-3b84-4e85-ae51-508ffad5b95a"><svg xmlns="http://www.w3.org/2000/svg" width="24" height="24" viewBox="0 0 24 24" fill="none" stroke="currentColor" stroke-width="2" stroke-linecap="round" stroke-linejoin="round" class="lucide lucide-trash2 lucide-trash-2 h-4 w-4" aria-hidden="true"><path d="M10 11v6"></path><path d="M14 11v6"></path><path d="M19 6v14a2 2 0 0 1-2 2H7a2 2 0 0 1-2-2V6"></path><path d="M3 6h18"></path><path d="M8 6V4a2 2 0 0 1 2-2h4a2 2 0 0 1 2 2v2"></path></svg></button></div></div><div class="flex items-center justify-end pt-3 border-t border-[rgb(var(--border-subtle))]"><button class="inline-flex items-center justify-center gap-2 rounded-lg font-medium transition-all duration-150 ease-out focus-visible:outline-none focus-visible:ring-2 focus-visible:ring-[rgb(var(--primary))] focus-visible:ring-offset-2 disabled:pointer-events-none disabled:opacity-50 active:scale-[0.98] bg-[rgb(var(--surface-active))] text-[rgb(var(--foreground))] hover:bg-[rgb(var(--surface-hover))] border border-[rgb(var(--border))] h-8 px-3 text-sm" data-testid="set-active-space-c9e2dbe8-3b84-4e85-ae51-508ffad5b95a">Set Active</button></div></div></div><div class="rounded-xl border border-[rgb(var(--border-subtle))] bg-[rgb(var(--card))] p-6 shadow-[0_1px_3px_0_rgb(0_0_0/0.1),0_1px_2px_-1px_rgb(0_0_0/0.1)] dark:shadow-[0_1px_3px_0_rgb(0_0_0/0.3),0_1px_2px_-1px_rgb(0_0_0/0.2)] transition-all hover:shadow-lg hover:scale-[1.01]" data-testid="space-card-f3a0a479-4d59-4be0-8a8c-f6de476b76ee"><div class="p-5"><div class="flex items-start gap-3 mb-4"><div class="w-11 h-11 flex items-center justify-center bg-[rgb(var(--surface))] rounded-lg text-2xl border border-[rgb(var(--border-subtle))] flex-shrink-0">≡ƒîÉ</div><div class="flex-1 min-w-0"><h3 class="font-semibold text-base truncate">Test Space E2E</h3><p class="text-sm text-[rgb(var(--muted))] line-clamp-1">No description</p></div><div class="flex gap-1 flex-shrink-0"><button class="p-1.5 text-[rgb(var(--muted))] hover:text-red-500 hover:bg-red-50 dark:hover:bg-red-900/20 rounded-lg transition-colors disabled:opacity-50 disabled:cursor-not-allowed" title="Delete Space" data-testid="delete-space-f3a0a479-4d59-4be0-8a8c-f6de476b76ee"><svg xmlns="http://www.w3.org/2000/svg" width="24" height="24" viewBox="0 0 24 24" fill="none" stroke="currentColor" stroke-width="2" stroke-linecap="round" stroke-linejoin="round" class="lucide lucide-trash2 lucide-trash-2 h-4 w-4" aria-hidden="true"><path d="M10 11v6"></path><path d="M14 11v6"></path><path d="M19 6v14a2 2 0 0 1-2 2H7a2 2 0 0 1-2-2V6"></path><path d="M3 6h18"></path><path d="M8 6V4a2 2 0 0 1 2-2h4a2 2 0 0 1 2 2v2"></path></svg></button></div></div><div class="flex items-center justify-end pt-3 border-t border-[rgb(var(--border-subtle))]"><button class="inline-flex items-center justify-center gap-2 rounded-lg font-medium transition-all duration-150 ease-out focus-visible:outline-none focus-visible:ring-2 focus-visible:ring-[rgb(var(--primary))] focus-visible:ring-offset-2 disabled:pointer-events-none disabled:opacity-50 active:scale-[0.98] bg-[rgb(var(--surface-active))] text-[rgb(var(--foreground))] hover:bg-[rgb(var(--surface-hover))] border border-[rgb(var(--border))] h-8 px-3 text-sm" data-testid="set-active-space-f3a0a479-4d59-4be0-8a8c-f6de476b76ee">Set Active</button></div></div></div><div class="rounded-xl border border-[rgb(var(--border-subtle))] bg-[rgb(var(--card))] p-6 shadow-[0_1px_3px_0_rgb(0_0_0/0.1),0_1px_2px_-1px_rgb(0_0_0/0.1)] dark:shadow-[0_1px_3px_0_rgb(0_0_0/0.3),0_1px_2px_-1px_rgb(0_0_0/0.2)] transition-all hover:shadow-lg hover:scale-[1.01]" data-testid="space-card-6acce590-5c28-4341-8542-3d10749cd2c9"><div class="p-5"><div class="flex items-start gap-3 mb-4"><div class="w-11 h-11 flex items-center justify-center bg-[rgb(var(--surface))] rounded-lg text-2xl border border-[rgb(var(--border-subtle))] flex-shrink-0">≡ƒîÉ</div><div class="flex-1 min-w-0"><h3 class="font-semibold text-base truncate">Test Space E2E</h3><p class="text-sm text-[rgb(var(--muted))] line-clamp-1">No description</p></div><div class="flex gap-1 flex-shrink-0"><button class="p-1.5 text-[rgb(var(--muted))] hover:text-red-500 hover:bg-red-50 dark:hover:bg-red-900/20 rounded-lg transition-colors disabled:opacity-50 disabled:cursor-not-allowed" title="Delete Space" data-testid="delete-space-6acce590-5c28-4341-8542-3d10749cd2c9"><svg xmlns="http://www.w3.org/2000/svg" width="24" height="24" viewBox="0 0 24 24" fill="none" stroke="currentColor" stroke-width="2" stroke-linecap="round" stroke-linejoin="round" class="lucide lucide-trash2 lucide-trash-2 h-4 w-4" aria-hidden="true"><path d="M10 11v6"></path><path d="M14 11v6"></path><path d="M19 6v14a2 2 0 0 1-2 2H7a2 2 0 0 1-2-2V6"></path><path d="M3 6h18"></path><path d="M8 6V4a2 2 0 0 1 2-2h4a2 2 0 0 1 2 2v2"></path></svg></button></div></div><div class="flex items-center justify-end pt-3 border-t border-[rgb(var(--border-subtle))]"><button class="inline-flex items-center justify-center gap-2 rounded-lg font-medium transition-all duration-150 ease-out focus-visible:outline-none focus-visible:ring-2 focus-visible:ring-[rgb(var(--primary))] focus-visible:ring-offset-2 disabled:pointer-events-none disabled:opacity-50 active:scale-[0.98] bg-[rgb(var(--surface-active))] text-[rgb(var(--foreground))] hover:bg-[rgb(var(--surface-hover))] border border-[rgb(var(--border))] h-8 px-3 text-sm" data-testid="set-active-space-6acce590-5c28-4341-8542-3d10749cd2c9">Set Active</button></div></div></div><div class="rounded-xl border border-[rgb(var(--border-subtle))] bg-[rgb(var(--card))] p-6 shadow-[0_1px_3px_0_rgb(0_0_0/0.1),0_1px_2px_-1px_rgb(0_0_0/0.1)] dark:shadow-[0_1px_3px_0_rgb(0_0_0/0.3),0_1px_2px_-1px_rgb(0_0_0/0.2)] transition-all hover:shadow-lg hover:scale-[1.01]" data-testid="space-card-b1739576-5740-457e-802d-6b586b364dc1"><div class="p-5"><div class="flex items-start gap-3 mb-4"><div class="w-11 h-11 flex items-center justify-center bg-[rgb(var(--surface))] rounded-lg text-2xl border border-[rgb(var(--border-subtle))] flex-shrink-0">≡ƒîÉ</div><div class="flex-1 min-w-0"><h3 class="font-semibold text-base truncate">Test Space E2E</h3><p class="text-sm text-[rgb(var(--muted))] line-clamp-1">No description</p></div><div class="flex gap-1 flex-shrink-0"><button class="p-1.5 text-[rgb(var(--muted))] hover:text-red-500 hover:bg-red-50 dark:hover:bg-red-900/20 rounded-lg transition-colors disabled:opacity-50 disabled:cursor-not-allowed" title="Delete Space" data-testid="delete-space-b1739576-5740-457e-802d-6b586b364dc1"><svg xmlns="http://www.w3.org/2000/svg" width="24" height="24" viewBox="0 0 24 24" fill="none" stroke="currentColor" stroke-width="2" stroke-linecap="round" stroke-linejoin="round" class="lucide lucide-trash2 lucide-trash-2 h-4 w-4" aria-hidden="true"><path d="M10 11v6"></path><path d="M14 11v6"></path><path d="M19 6v14a2 2 0 0 1-2 2H7a2 2 0 0 1-2-2V6"></path><path d="M3 6h18"></path><path d="M8 6V4a2 2 0 0 1 2-2h4a2 2 0 0 1 2 2v2"></path></svg></button></div></div><div class="flex items-center justify-end pt-3 border-t border-[rgb(var(--border-subtle))]"><button class="inline-flex items-center justify-center gap-2 rounded-lg font-medium transition-all duration-150 ease-out focus-visible:outline-none focus-visible:ring-2 focus-visible:ring-[rgb(var(--primary))] focus-visible:ring-offset-2 disabled:pointer-events-none disabled:opacity-50 active:scale-[0.98] bg-[rgb(var(--surface-active))] text-[rgb(var(--foreground))] hover:bg-[rgb(var(--surface-hover))] border border-[rgb(var(--border))] h-8 px-3 text-sm" data-testid="set-active-space-b1739576-5740-457e-802d-6b586b364dc1">Set Active</button></div></div></div></div></div></div></div></div></main></div><div class="h-7 flex-shrink-0 border-t border-[rgb(var(--border-subtle))] bg-[rgb(var(--surface))] px-4"><div class="flex h-full items-center justify-between text-xs text-[rgb(var(--muted))]"><div class="flex items-center gap-4"><span class="flex items-center gap-1.5"><span class="h-2 w-2 rounded-full bg-green-500"></span>Gateway Active</span><span>Active Space: Personal</span></div><div class="flex items-center gap-4"><span>5 Servers ΓÇó 97 Tools</span></div></div></div></div></div>
[0-8] 
[0-8]   
[0-8] 
[0-8] </body></html>
[0-8] [DEBUG] Has default space: true
[0-8] 2026-02-01T11:27:34.293Z INFO webdriver: COMMAND findElement("css selector", "[data-testid="nav-spaces"]")
[0-8] 2026-02-01T11:27:34.294Z INFO webdriver: [POST] http://localhost:4444/session/4a78f6bf3262ff84cd27745b65c17fcd/element
[0-8] 2026-02-01T11:27:34.294Z INFO webdriver: DATA {"using":"css selector","value":"[data-testid=\"nav-spaces\"]"}
[0-8] 2026-02-01T11:27:34.311Z INFO webdriver: RESULT {
[0-8]   'element-6066-11e4-a52e-4f735466cecf': 'f.6C390DEECE83366F2DFE7C1418093A6A.d.105F4EA5F94743C215B7D5D81A35ACAD.e.21'
[0-8] }
[0-8] 2026-02-01T11:27:34.315Z INFO webdriver: COMMAND elementClick("f.6C390DEECE83366F2DFE7C1418093A6A.d.105F4EA5F94743C215B7D5D81A35ACAD.e.21")
[0-8] 2026-02-01T11:27:34.316Z INFO webdriver: [POST] http://localhost:4444/session/4a78f6bf3262ff84cd27745b65c17fcd/element/f.6C390DEECE83366F2DFE7C1418093A6A.d.105F4EA5F94743C215B7D5D81A35ACAD.e.21/click
[0-8] 2026-02-01T11:27:34.316Z INFO webdriver: DATA {}
[0-8] 2026-02-01T11:27:34.410Z INFO webdriver: RESULT null
[0-8] 2026-02-01T11:27:34.411Z INFO webdriver: COMMAND takeScreenshot()
[0-8] 2026-02-01T11:27:34.411Z INFO webdriver: [GET] http://localhost:4444/session/4a78f6bf3262ff84cd27745b65c17fcd/screenshot
[0-8] 2026-02-01T11:27:34.570Z INFO webdriver: RESULT iVBORw0KGgoAAAANSUhEUgAACWAAAAWmCAIAAACDPgzkAAAQAElEQVR4nOzdC...
[0-8] 2026-02-01T11:27:36.419Z INFO webdriver: COMMAND findElement("css selector", "[data-testid="create-space-btn"]")
[0-8] 2026-02-01T11:27:36.419Z INFO webdriver: [POST] http://localhost:4444/session/4a78f6bf3262ff84cd27745b65c17fcd/element
[0-8] 2026-02-01T11:27:36.419Z INFO webdriver: DATA {"using":"css selector","value":"[data-testid=\"create-space-btn\"]"}
[0-8] 2026-02-01T11:27:36.441Z INFO webdriver: RESULT {
[0-8]   'element-6066-11e4-a52e-4f735466cecf': 'f.6C390DEECE83366F2DFE7C1418093A6A.d.105F4EA5F94743C215B7D5D81A35ACAD.e.34'
[0-8] }
[0-8] 2026-02-01T11:27:36.446Z INFO webdriver: COMMAND executeScript(<fn>, <object>)
[0-8] 2026-02-01T11:27:36.447Z INFO webdriver: [POST] http://localhost:4444/session/4a78f6bf3262ff84cd27745b65c17fcd/execute/sync
[0-8] 2026-02-01T11:27:36.447Z INFO webdriver: DATA {"script":"\n            function webdriverioPolyfill() {\n  var __defProp = Object.defineProperty;\n  var __name = function(target, _value) {\n    return __defProp(target, \"name\", { value: _value, configurable: true });\n  };\n  var __globalThis = typeof globalThis === \"object\" && globalThis || typeof window === \"object\" && window;\n  __globalThis.__name = __name;\n}\n            webdriverioPolyfill();\n            return (function(elem) {\n      try {\n        const style = window.getComputedStyle(elem);\n        return { value: style?.display ?? \"\" };\n      } catch {\n        if (typeof elem.isConnected === \"boolean\" && !elem.isConnected) {\n          throw new Error(\"stale element reference: element is not attached to the page document\");\n        }\n        return { value: \"\" };\n      }\n    }).apply(null, arguments)\n        ","args":[{"element-6066-11e4-a52e-4f735466cecf":"f.6C390DEECE83366F2DFE7C1418093A6A.d.105F4EA5F94743C215B7D5D81A35ACAD.e.34","ELEMENT":"f.6C390DEECE83366F2DFE7C1418093A6A.d.105F4EA5F94743C215B7D5D81A35ACAD.e.34"}]}
[0-8] 2026-02-01T11:27:36.449Z INFO webdriver: COMMAND executeScript(<fn>, <object>)
[0-8] 2026-02-01T11:27:36.450Z INFO webdriver: [POST] http://localhost:4444/session/4a78f6bf3262ff84cd27745b65c17fcd/execute/sync
[0-8] 2026-02-01T11:27:36.450Z INFO webdriver: DATA {"script":"\n            function webdriverioPolyfill() {\n  var __defProp = Object.defineProperty;\n  var __name = function(target, _value) {\n    return __defProp(target, \"name\", { value: _value, configurable: true });\n  };\n  var __globalThis = typeof globalThis === \"object\" && globalThis || typeof window === \"object\" && window;\n  __globalThis.__name = __name;\n}\n            webdriverioPolyfill();\n            return (function checkVisibility(elem, params) {\n      if (typeof elem.checkVisibility === \"function\") {\n        return elem.checkVisibility(params);\n      }\n      return null;\n    }).apply(null, arguments)\n        ","args":[{"element-6066-11e4-a52e-4f735466cecf":"f.6C390DEECE83366F2DFE7C1418093A6A.d.105F4EA5F94743C215B7D5D81A35ACAD.e.34","ELEMENT":"f.6C390DEECE83366F2DFE7C1418093A6A.d.105F4EA5F94743C215B7D5D81A35ACAD.e.34"},{"withinViewport":false,"contentVisibilityAuto":true,"opacityProperty":true,"visibilityProperty":true}]}
[0-8] 2026-02-01T11:27:36.465Z INFO webdriver: RESULT { value: 'flex' }
[0-8] 2026-02-01T11:27:36.467Z INFO webdriver: COMMAND takeScreenshot()
[0-8] 2026-02-01T11:27:36.467Z INFO webdriver: [GET] http://localhost:4444/session/4a78f6bf3262ff84cd27745b65c17fcd/screenshot
[0-8] 2026-02-01T11:27:36.476Z INFO webdriver: RESULT true
[0-8] 2026-02-01T11:27:36.477Z INFO webdriver: COMMAND elementClick("f.6C390DEECE83366F2DFE7C1418093A6A.d.105F4EA5F94743C215B7D5D81A35ACAD.e.34")
[0-8] 2026-02-01T11:27:36.477Z INFO webdriver: [POST] http://localhost:4444/session/4a78f6bf3262ff84cd27745b65c17fcd/element/f.6C390DEECE83366F2DFE7C1418093A6A.d.105F4EA5F94743C215B7D5D81A35ACAD.e.34/click
[0-8] 2026-02-01T11:27:36.477Z INFO webdriver: DATA {}
[0-8] 2026-02-01T11:27:36.479Z INFO webdriver: COMMAND takeScreenshot()
[0-8] 2026-02-01T11:27:36.480Z INFO webdriver: [GET] http://localhost:4444/session/4a78f6bf3262ff84cd27745b65c17fcd/screenshot
[0-8] 2026-02-01T11:27:36.673Z INFO webdriver: RESULT iVBORw0KGgoAAAANSUhEUgAACWAAAAWmCAIAAACDPgzkAAAQAElEQVR4nOzdC...
[0-8] 2026-02-01T11:27:36.769Z INFO webdriver: RESULT null
[0-8] 2026-02-01T11:27:36.770Z INFO webdriver: COMMAND takeScreenshot()
[0-8] 2026-02-01T11:27:36.770Z INFO webdriver: [GET] http://localhost:4444/session/4a78f6bf3262ff84cd27745b65c17fcd/screenshot
[0-8] 2026-02-01T11:27:37.103Z INFO webdriver: RESULT iVBORw0KGgoAAAANSUhEUgAACWAAAAWmCAIAAACDPgzkAAAQAElEQVR4nOz9e...
[0-8] 2026-02-01T11:27:37.249Z INFO webdriver: RESULT iVBORw0KGgoAAAANSUhEUgAACWAAAAWmCAIAAACDPgzkAAAQAElEQVR4nOz9e...
[0-8] 2026-02-01T11:27:37.773Z INFO webdriver: COMMAND takeScreenshot()
[0-8] 2026-02-01T11:27:37.773Z INFO webdriver: [GET] http://localhost:4444/session/4a78f6bf3262ff84cd27745b65c17fcd/screenshot
[0-8] 2026-02-01T11:27:37.991Z INFO webdriver: RESULT iVBORw0KGgoAAAANSUhEUgAACWAAAAWmCAIAAACDPgzkAAAQAElEQVR4nOz9e...
[0-8] 2026-02-01T11:27:37.994Z INFO webdriver: COMMAND findElement("css selector", "[data-testid="create-space-name-input"]")
[0-8] 2026-02-01T11:27:37.994Z INFO webdriver: [POST] http://localhost:4444/session/4a78f6bf3262ff84cd27745b65c17fcd/element
[0-8] 2026-02-01T11:27:37.995Z INFO webdriver: DATA {"using":"css selector","value":"[data-testid=\"create-space-name-input\"]"}
[0-8] 2026-02-01T11:27:38.016Z INFO webdriver: RESULT {
[0-8]   'element-6066-11e4-a52e-4f735466cecf': 'f.6C390DEECE83366F2DFE7C1418093A6A.d.105F4EA5F94743C215B7D5D81A35ACAD.e.161'
[0-8] }
[0-8] 2026-02-01T11:27:38.019Z INFO webdriver: COMMAND executeScript(<fn>, <object>)
[0-8] 2026-02-01T11:27:38.019Z INFO webdriver: [POST] http://localhost:4444/session/4a78f6bf3262ff84cd27745b65c17fcd/execute/sync
[0-8] 2026-02-01T11:27:38.020Z INFO webdriver: DATA {"script":"\n            function webdriverioPolyfill() {\n  var __defProp = Object.defineProperty;\n  var __name = function(target, _value) {\n    return __defProp(target, \"name\", { value: _value, configurable: true });\n  };\n  var __globalThis = typeof globalThis === \"object\" && globalThis || typeof window === \"object\" && window;\n  __globalThis.__name = __name;\n}\n            webdriverioPolyfill();\n            return (function(elem) {\n      try {\n        const style = window.getComputedStyle(elem);\n        return { value: style?.display ?? \"\" };\n      } catch {\n        if (typeof elem.isConnected === \"boolean\" && !elem.isConnected) {\n          throw new Error(\"stale element reference: element is not attached to the page document\");\n        }\n        return { value: \"\" };\n      }\n    }).apply(null, arguments)\n        ","args":[{"element-6066-11e4-a52e-4f735466cecf":"f.6C390DEECE83366F2DFE7C1418093A6A.d.105F4EA5F94743C215B7D5D81A35ACAD.e.161","ELEMENT":"f.6C390DEECE83366F2DFE7C1418093A6A.d.105F4EA5F94743C215B7D5D81A35ACAD.e.161"}]}
[0-8] 2026-02-01T11:27:38.020Z INFO webdriver: COMMAND executeScript(<fn>, <object>)
[0-8] 2026-02-01T11:27:38.021Z INFO webdriver: [POST] http://localhost:4444/session/4a78f6bf3262ff84cd27745b65c17fcd/execute/sync
[0-8] 2026-02-01T11:27:38.021Z INFO webdriver: DATA {"script":"\n            function webdriverioPolyfill() {\n  var __defProp = Object.defineProperty;\n  var __name = function(target, _value) {\n    return __defProp(target, \"name\", { value: _value, configurable: true });\n  };\n  var __globalThis = typeof globalThis === \"object\" && globalThis || typeof window === \"object\" && window;\n  __globalThis.__name = __name;\n}\n            webdriverioPolyfill();\n            return (function checkVisibility(elem, params) {\n      if (typeof elem.checkVisibility === \"function\") {\n        return elem.checkVisibility(params);\n      }\n      return null;\n    }).apply(null, arguments)\n        ","args":[{"element-6066-11e4-a52e-4f735466cecf":"f.6C390DEECE83366F2DFE7C1418093A6A.d.105F4EA5F94743C215B7D5D81A35ACAD.e.161","ELEMENT":"f.6C390DEECE83366F2DFE7C1418093A6A.d.105F4EA5F94743C215B7D5D81A35ACAD.e.161"},{"withinViewport":false,"contentVisibilityAuto":true,"opacityProperty":true,"visibilityProperty":true}]}
[0-8] 2026-02-01T11:27:38.034Z INFO webdriver: RESULT { value: 'inline-block' }
[0-8] 2026-02-01T11:27:38.034Z INFO webdriver: COMMAND takeScreenshot()
[0-8] 2026-02-01T11:27:38.035Z INFO webdriver: [GET] http://localhost:4444/session/4a78f6bf3262ff84cd27745b65c17fcd/screenshot
[0-8] 2026-02-01T11:27:38.040Z INFO webdriver: RESULT true
[0-8] 2026-02-01T11:27:38.041Z INFO webdriver: COMMAND elementClear("f.6C390DEECE83366F2DFE7C1418093A6A.d.105F4EA5F94743C215B7D5D81A35ACAD.e.161")
[0-8] 2026-02-01T11:27:38.041Z INFO webdriver: [POST] http://localhost:4444/session/4a78f6bf3262ff84cd27745b65c17fcd/element/f.6C390DEECE83366F2DFE7C1418093A6A.d.105F4EA5F94743C215B7D5D81A35ACAD.e.161/clear
[0-8] 2026-02-01T11:27:38.041Z INFO webdriver: DATA {}
[0-8] 2026-02-01T11:27:38.042Z INFO webdriver: COMMAND takeScreenshot()
[0-8] 2026-02-01T11:27:38.043Z INFO webdriver: [GET] http://localhost:4444/session/4a78f6bf3262ff84cd27745b65c17fcd/screenshot
[0-8] 2026-02-01T11:27:38.285Z INFO webdriver: RESULT iVBORw0KGgoAAAANSUhEUgAACWAAAAWmCAIAAACDPgzkAAAQAElEQVR4nOz9e...
[0-8] 2026-02-01T11:27:38.335Z INFO webdriver: RESULT null
[0-8] 2026-02-01T11:27:38.336Z INFO webdriver: COMMAND elementSendKeys("f.6C390DEECE83366F2DFE7C1418093A6A.d.105F4EA5F94743C215B7D5D81A35ACAD.e.161", "Test Space E2E")
[0-8] 2026-02-01T11:27:38.336Z INFO webdriver: [POST] http://localhost:4444/session/4a78f6bf3262ff84cd27745b65c17fcd/element/f.6C390DEECE83366F2DFE7C1418093A6A.d.105F4EA5F94743C215B7D5D81A35ACAD.e.161/value
[0-8] 2026-02-01T11:27:38.336Z INFO webdriver: DATA {"text":"Test Space E2E"}
[0-8] 2026-02-01T11:27:38.337Z INFO webdriver: COMMAND takeScreenshot()
[0-8] 2026-02-01T11:27:38.337Z INFO webdriver: [GET] http://localhost:4444/session/4a78f6bf3262ff84cd27745b65c17fcd/screenshot
[0-8] 2026-02-01T11:27:38.502Z INFO webdriver: RESULT iVBORw0KGgoAAAANSUhEUgAACWAAAAWmCAIAAACDPgzkAAAQAElEQVR4nOz9e...
[0-8] 2026-02-01T11:27:38.557Z INFO webdriver: RESULT null
[0-8] 2026-02-01T11:27:38.558Z INFO webdriver: COMMAND takeScreenshot()
[0-8] 2026-02-01T11:27:38.558Z INFO webdriver: [GET] http://localhost:4444/session/4a78f6bf3262ff84cd27745b65c17fcd/screenshot
[0-8] 2026-02-01T11:27:38.772Z INFO webdriver: RESULT iVBORw0KGgoAAAANSUhEUgAACWAAAAWmCAIAAACDPgzkAAAQAElEQVR4nOz9e...
[0-8] 2026-02-01T11:27:38.955Z INFO webdriver: RESULT iVBORw0KGgoAAAANSUhEUgAACWAAAAWmCAIAAACDPgzkAAAQAElEQVR4nOz9e...
[0-8] 2026-02-01T11:27:39.061Z INFO webdriver: COMMAND takeScreenshot()
[0-8] 2026-02-01T11:27:39.062Z INFO webdriver: [GET] http://localhost:4444/session/4a78f6bf3262ff84cd27745b65c17fcd/screenshot
[0-8] 2026-02-01T11:27:39.285Z INFO webdriver: RESULT iVBORw0KGgoAAAANSUhEUgAACWAAAAWmCAIAAACDPgzkAAAQAElEQVR4nOz9e...
[0-8] 2026-02-01T11:27:39.299Z INFO webdriver: COMMAND takeScreenshot()
[0-8] 2026-02-01T11:27:39.299Z INFO webdriver: [GET] http://localhost:4444/session/4a78f6bf3262ff84cd27745b65c17fcd/screenshot
[0-8] 2026-02-01T11:27:39.538Z INFO webdriver: RESULT iVBORw0KGgoAAAANSUhEUgAACWAAAAWmCAIAAACDPgzkAAAQAElEQVR4nOz9e...
[0-8] [e2e] Screenshot saved: ./tests/e2e/screenshots/FAIL-TC-SP-002:_Create_a_new_space-2026-02-01T11-27-39-298Z.png
[0-8] ReferenceError in "Space Management - Create and Delete.TC-SP-002: Create a new space"
ReferenceError: findElement is not defined
    at Context.<anonymous> (D:\omc\mcp-mux\tests\e2e\specs\spaces.wdio.ts:62:30)
    at async Context.executeAsync (D:\omc\mcp-mux\node_modules\.pnpm\@wdio+utils@9.23.2\node_modules\@wdio\utils\build\index.js:1108:20)
    at async Context.testFrameworkFnWrapper (D:\omc\mcp-mux\node_modules\.pnpm\@wdio+utils@9.23.2\node_modules\@wdio\utils\build\index.js:1188:14)
[0-8] 2026-02-01T11:27:39.553Z INFO webdriver: COMMAND takeScreenshot()
[0-8] 2026-02-01T11:27:39.553Z INFO webdriver: [GET] http://localhost:4444/session/4a78f6bf3262ff84cd27745b65c17fcd/screenshot
[0-8] 2026-02-01T11:27:39.557Z INFO webdriver: COMMAND findElements("css selector", "[data-testid^="set-active-space-"]")
[0-8] 2026-02-01T11:27:39.558Z INFO webdriver: [POST] http://localhost:4444/session/4a78f6bf3262ff84cd27745b65c17fcd/elements
[0-8] 2026-02-01T11:27:39.558Z INFO webdriver: DATA {"using":"css selector","value":"[data-testid^=\"set-active-space-\"]"}
[0-8] 2026-02-01T11:27:39.747Z INFO webdriver: RESULT iVBORw0KGgoAAAANSUhEUgAACWAAAAWmCAIAAACDPgzkAAAQAElEQVR4nOz9e...
[0-8] (node:17096) [DEP0190] DeprecationWarning: Passing args to a child process with shell option true can lead to 
security vulnerabilities, as the arguments are not escaped, only concatenated.
[0-8] (Use `node --trace-deprecation ...` to show where the warning was created)
[0-8] 2026-02-01T11:27:39.767Z INFO webdriver: RESULT [
[0-8]   {
[0-8]     'element-6066-11e4-a52e-4f735466cecf': 'f.6C390DEECE83366F2DFE7C1418093A6A.d.105F4EA5F94743C215B7D5D81A35ACAD.e.38'
[0-8]   },
[0-8]   {
[0-8]     'element-6066-11e4-a52e-4f735466cecf': 'f.6C390DEECE83366F2DFE7C1418093A6A.d.105F4EA5F94743C215B7D5D81A35ACAD.e.47'
[0-8]   },
[0-8]   {
[0-8]     'element-6066-11e4-a52e-4f735466cecf': 'f.6C390DEECE83366F2DFE7C1418093A6A.d.105F4EA5F94743C215B7D5D81A35ACAD.e.51'
[0-8]   },
[0-8]   {
[0-8]     'element-6066-11e4-a52e-4f735466cecf': 'f.6C390DEECE83366F2DFE7C1418093A6A.d.105F4EA5F94743C215B7D5D81A35ACAD.e.55'
[0-8]   },
[0-8]   {
[0-8]     'element-6066-11e4-a52e-4f735466cecf': 'f.6C390DEECE83366F2DFE7C1418093A6A.d.105F4EA5F94743C215B7D5D81A35ACAD.e.59'
[0-8]   },
[0-8]   {
[0-8]     'element-6066-11e4-a52e-4f735466cecf': 'f.6C390DEECE83366F2DFE7C1418093A6A.d.105F4EA5F94743C215B7D5D81A35ACAD.e.63'
[0-8]   },
[0-8]   {
[0-8]     'element-6066-11e4-a52e-4f735466cecf': 'f.6C390DEECE83366F2DFE7C1418093A6A.d.105F4EA5F94743C215B7D5D81A35ACAD.e.67'
[0-8]   },
[0-8]   {
[0-8]     'element-6066-11e4-a52e-4f735466cecf': 'f.6C390DEECE83366F2DFE7C1418093A6A.d.105F4EA5F94743C215B7D5D81A35ACAD.e.71'
[0-8]   },
[0-8]   {
[0-8]     'element-6066-11e4-a52e-4f735466cecf': 'f.6C390DEECE83366F2DFE7C1418093A6A.d.105F4EA5F94743C215B7D5D81A35ACAD.e.75'
[0-8]   },
[0-8]   {
[0-8]     'element-6066-11e4-a52e-4f735466cecf': 'f.6C390DEECE83366F2DFE7C1418093A6A.d.105F4EA5F94743C215B7D5D81A35ACAD.e.79'
[0-8]   },
[0-8]   {
[0-8]     'element-6066-11e4-a52e-4f735466cecf': 'f.6C390DEECE83366F2DFE7C1418093A6A.d.105F4EA5F94743C215B7D5D81A35ACAD.e.83'
[0-8]   },
[0-8]   {
[0-8]     'element-6066-11e4-a52e-4f735466cecf': 'f.6C390DEECE83366F2DFE7C1418093A6A.d.105F4EA5F94743C215B7D5D81A35ACAD.e.87'
[0-8]   },
[0-8]   {
[0-8]     'element-6066-11e4-a52e-4f735466cecf': 'f.6C390DEECE83366F2DFE7C1418093A6A.d.105F4EA5F94743C215B7D5D81A35ACAD.e.91'
[0-8]   },
[0-8]   {
[0-8]     'element-6066-11e4-a52e-4f735466cecf': 'f.6C390DEECE83366F2DFE7C1418093A6A.d.105F4EA5F94743C215B7D5D81A35ACAD.e.95'
[0-8]   },
[0-8]   {
[0-8]     'element-6066-11e4-a52e-4f735466cecf': 'f.6C390DEECE83366F2DFE7C1418093A6A.d.105F4EA5F94743C215B7D5D81A35ACAD.e.99'
[0-8]   },
[0-8]   {
[0-8]     'element-6066-11e4-a52e-4f735466cecf': 'f.6C390DEECE83366F2DFE7C1418093A6A.d.105F4EA5F94743C215B7D5D81A35ACAD.e.103'
[0-8]   },
[0-8]   {
[0-8]     'element-6066-11e4-a52e-4f735466cecf': 'f.6C390DEECE83366F2DFE7C1418093A6A.d.105F4EA5F94743C215B7D5D81A35ACAD.e.107'
[0-8]   },
[0-8]   {
[0-8]     'element-6066-11e4-a52e-4f735466cecf': 'f.6C390DEECE83366F2DFE7C1418093A6A.d.105F4EA5F94743C215B7D5D81A35ACAD.e.111'
[0-8]   },
[0-8]   {
[0-8]     'element-6066-11e4-a52e-4f735466cecf': 'f.6C390DEECE83366F2DFE7C1418093A6A.d.105F4EA5F94743C215B7D5D81A35ACAD.e.115'
[0-8]   },
[0-8]   {
[0-8]     'element-6066-11e4-a52e-4f735466cecf': 'f.6C390DEECE83366F2DFE7C1418093A6A.d.105F4EA5F94743C215B7D5D81A35ACAD.e.119'
[0-8]   },
[0-8]   {
[0-8]     'element-6066-11e4-a52e-4f735466cecf': 'f.6C390DEECE83366F2DFE7C1418093A6A.d.105F4EA5F94743C215B7D5D81A35ACAD.e.123'
[0-8]   },
[0-8]   {
[0-8]     'element-6066-11e4-a52e-4f735466cecf': 'f.6C390DEECE83366F2DFE7C1418093A6A.d.105F4EA5F94743C215B7D5D81A35ACAD.e.127'
[0-8]   },
[0-8]   {
[0-8]     'element-6066-11e4-a52e-4f735466cecf': 'f.6C390DEECE83366F2DFE7C1418093A6A.d.105F4EA5F94743C215B7D5D81A35ACAD.e.131'
[0-8]   },
[0-8]   {
[0-8]     'element-6066-11e4-a52e-4f735466cecf': 'f.6C390DEECE83366F2DFE7C1418093A6A.d.105F4EA5F94743C215B7D5D81A35ACAD.e.135'
[0-8]   },
[0-8]   {
[0-8]     'element-6066-11e4-a52e-4f735466cecf': 'f.6C390DEECE83366F2DFE7C1418093A6A.d.105F4EA5F94743C215B7D5D81A35ACAD.e.139'
[0-8]   },
[0-8]   {
[0-8]     'element-6066-11e4-a52e-4f735466cecf': 'f.6C390DEECE83366F2DFE7C1418093A6A.d.105F4EA5F94743C215B7D5D81A35ACAD.e.143'
[0-8]   },
[0-8]   {
[0-8]     'element-6066-11e4-a52e-4f735466cecf': 'f.6C390DEECE83366F2DFE7C1418093A6A.d.105F4EA5F94743C215B7D5D81A35ACAD.e.147'
[0-8]   },
[0-8]   {
[0-8]     'element-6066-11e4-a52e-4f735466cecf': 'f.6C390DEECE83366F2DFE7C1418093A6A.d.105F4EA5F94743C215B7D5D81A35ACAD.e.151'
[0-8]   },
[0-8]   {
[0-8]     'element-6066-11e4-a52e-4f735466cecf': 'f.6C390DEECE83366F2DFE7C1418093A6A.d.105F4EA5F94743C215B7D5D81A35ACAD.e.155'
[0-8]   }
[0-8] ]
[0-8] 2026-02-01T11:27:39.779Z INFO webdriver: COMMAND executeScript(<fn>, <object>)
[0-8] 2026-02-01T11:27:39.779Z INFO webdriver: [POST] http://localhost:4444/session/4a78f6bf3262ff84cd27745b65c17fcd/execute/sync
[0-8] 2026-02-01T11:27:39.779Z INFO webdriver: DATA {"script":"\n            function webdriverioPolyfill() {\n  var __defProp = Object.defineProperty;\n  var __name = function(target, _value) {\n    return __defProp(target, \"name\", { value: _value, configurable: true });\n  };\n  var __globalThis = typeof globalThis === \"object\" && globalThis || typeof window === \"object\" && window;\n  __globalThis.__name = __name;\n}\n            webdriverioPolyfill();\n            return (function(elem) {\n      try {\n        const style = window.getComputedStyle(elem);\n        return { value: style?.display ?? \"\" };\n      } catch {\n        if (typeof elem.isConnected === \"boolean\" && !elem.isConnected) {\n          throw new Error(\"stale element reference: element is not attached to the page document\");\n        }\n        return { value: \"\" };\n      }\n    }).apply(null, arguments)\n        ","args":[{"element-6066-11e4-a52e-4f735466cecf":"f.6C390DEECE83366F2DFE7C1418093A6A.d.105F4EA5F94743C215B7D5D81A35ACAD.e.38","ELEMENT":"f.6C390DEECE83366F2DFE7C1418093A6A.d.105F4EA5F94743C215B7D5D81A35ACAD.e.38"}]}
[0-8] 2026-02-01T11:27:39.780Z INFO webdriver: COMMAND executeScript(<fn>, <object>)
[0-8] 2026-02-01T11:27:39.780Z INFO webdriver: [POST] http://localhost:4444/session/4a78f6bf3262ff84cd27745b65c17fcd/execute/sync
[0-8] 2026-02-01T11:27:39.780Z INFO webdriver: DATA {"script":"\n            function webdriverioPolyfill() {\n  var __defProp = Object.defineProperty;\n  var __name = function(target, _value) {\n    return __defProp(target, \"name\", { value: _value, configurable: true });\n  };\n  var __globalThis = typeof globalThis === \"object\" && globalThis || typeof window === \"object\" && window;\n  __globalThis.__name = __name;\n}\n            webdriverioPolyfill();\n            return (function checkVisibility(elem, params) {\n      if (typeof elem.checkVisibility === \"function\") {\n        return elem.checkVisibility(params);\n      }\n      return null;\n    }).apply(null, arguments)\n        ","args":[{"element-6066-11e4-a52e-4f735466cecf":"f.6C390DEECE83366F2DFE7C1418093A6A.d.105F4EA5F94743C215B7D5D81A35ACAD.e.38","ELEMENT":"f.6C390DEECE83366F2DFE7C1418093A6A.d.105F4EA5F94743C215B7D5D81A35ACAD.e.38"},{"withinViewport":false,"contentVisibilityAuto":true,"opacityProperty":true,"visibilityProperty":true}]}
[0-8] 2026-02-01T11:27:39.788Z INFO webdriver: RESULT { value: 'flex' }
[0-8] 2026-02-01T11:27:39.788Z INFO webdriver: COMMAND takeScreenshot()
[0-8] 2026-02-01T11:27:39.789Z INFO webdriver: [GET] http://localhost:4444/session/4a78f6bf3262ff84cd27745b65c17fcd/screenshot
[0-8] 2026-02-01T11:27:39.793Z INFO webdriver: RESULT true
[0-8] 2026-02-01T11:27:39.793Z INFO webdriver: COMMAND takeScreenshot()
[0-8] 2026-02-01T11:27:39.793Z INFO webdriver: [GET] http://localhost:4444/session/4a78f6bf3262ff84cd27745b65c17fcd/screenshot
[0-8] 2026-02-01T11:27:39.794Z INFO webdriver: COMMAND takeScreenshot()
[0-8] 2026-02-01T11:27:39.794Z INFO webdriver: [GET] http://localhost:4444/session/4a78f6bf3262ff84cd27745b65c17fcd/screenshot
[0-8] 2026-02-01T11:27:39.973Z INFO webdriver: RESULT iVBORw0KGgoAAAANSUhEUgAACWAAAAWmCAIAAACDPgzkAAAQAElEQVR4nOz9e...
[0-8] 2026-02-01T11:27:40.140Z INFO webdriver: RESULT iVBORw0KGgoAAAANSUhEUgAACWAAAAWmCAIAAACDPgzkAAAQAElEQVR4nOz9e...
[0-8] 2026-02-01T11:27:40.307Z INFO webdriver: RESULT iVBORw0KGgoAAAANSUhEUgAACWAAAAWmCAIAAACDPgzkAAAQAElEQVR4nOz9e...
[0-8] 2026-02-01T11:27:40.309Z INFO webdriver: COMMAND elementClick("f.6C390DEECE83366F2DFE7C1418093A6A.d.105F4EA5F94743C215B7D5D81A35ACAD.e.38")
[0-8] 2026-02-01T11:27:40.309Z INFO webdriver: [POST] http://localhost:4444/session/4a78f6bf3262ff84cd27745b65c17fcd/element/f.6C390DEECE83366F2DFE7C1418093A6A.d.105F4EA5F94743C215B7D5D81A35ACAD.e.38/click
[0-8] 2026-02-01T11:27:40.309Z INFO webdriver: DATA {}
[0-8] 2026-02-01T11:27:41.381Z WARN webdriver: WebDriverError: element click intercepted: Element <button 
class="inline-flex items-center justify-center gap-2 rounded-lg font-medium transition-all duration-150 ease-out 
focus-visible:outline-none focus-visible:ring-2 focus-visible:ring-[rgb(var(--primary))] focus-visible:ring-offset-2 
disabled:pointer-events-none disabled:opacity-50 active:scale-[0.98] bg-[rgb(var(--surface-active))] 
text-[rgb(var(--foreground))] hover:bg-[rgb(var(--surface-hover))] border border-[rgb(var(--border))] h-8 px-3 
text-sm" data-testid="set-active-space-00000000-0000-0000-0000-000000000001">...</button> is not clickable at point 
(614, 429). Other element would receive the click: <input placeholder="e.g., Personal, Work, Project X" class="w-full 
px-3 py-2.5 rounded-lg border border-[rgb(var(--border))] bg-[rgb(var(--surface))] focus:outline-none focus:ring-2 
focus:ring-primary-500" data-testid="create-space-name-input" type="text" value="Test Space E2E">
[0-8]   (Session info: MicrosoftEdge=144.0.3719.93) when running 
"element/f.6C390DEECE83366F2DFE7C1418093A6A.d.105F4EA5F94743C215B7D5D81A35ACAD.e.38/click" with method "POST"
[0-8] 2026-02-01T11:27:41.381Z INFO webdriver: Retrying 1/3
[0-8] 2026-02-01T11:27:41.381Z INFO webdriver: [POST] http://localhost:4444/session/4a78f6bf3262ff84cd27745b65c17fcd/element/f.6C390DEECE83366F2DFE7C1418093A6A.d.105F4EA5F94743C215B7D5D81A35ACAD.e.38/click
[0-8] 2026-02-01T11:27:41.381Z INFO webdriver: DATA {}
